W/SurfaceFlinger(  195): HWC_FRAMEBUFFER_TARGET found in hwc list (index=0)
W/SurfaceFlinger(  195): HWC_FRAMEBUFFER_TARGET found in hwc list (index=0)
W/SurfaceFlinger(  195): HWC_FRAMEBUFFER_TARGET found in hwc list (index=0)
W/SurfaceFlinger(  195): HWC_FRAMEBUFFER_TARGET found in hwc list (index=0)
W/SurfaceFlinger(  195): HWC_FRAMEBUFFER_TARGET found in hwc list (index=0)
W/SurfaceFlinger(  195): HWC_FRAMEBUFFER_TARGET found in hwc list (index=0)
W/SurfaceFlinger(  195): HWC_FRAMEBUFFER_TARGET found in hwc list (index=0)
W/SurfaceFlinger(  195): HWC_FRAMEBUFFER_TARGET found in hwc list (index=0)
W/SurfaceFlinger(  195): HWC_FRAMEBUFFER_TARGET found in hwc list (index=0)
W/SurfaceFlinger(  195): HWC_FRAMEBUFFER_TARGET found in hwc list (index=0)
W/SurfaceFlinger(  195): HWC_FRAMEBUFFER_TARGET found in hwc list (index=0)
W/SurfaceFlinger(  195): HWC_FRAMEBUFFER_TARGET found in hwc list (index=0)
W/SurfaceFlinger(  195): HWC_FRAMEBUFFER_TARGET found in hwc list (index=0)
W/SurfaceFlinger(  195): HWC_FRAMEBUFFER_TARGET found in hwc list (index=0)
W/SurfaceFlinger(  195): HWC_FRAMEBUFFER_TARGET found in hwc list (index=0)
W/SurfaceFlinger(  195): HWC_FRAMEBUFFER_TARGET found in hwc list (index=0)
W/SurfaceFlinger(  195): HWC_FRAMEBUFFER_TARGET found in hwc list (index=0)
W/SurfaceFlinger(  195): HWC_FRAMEBUFFER_TARGET found in hwc list (index=0)
W/SurfaceFlinger(  195): HWC_FRAMEBUFFER_TARGET found in hwc list (index=0)
W/SurfaceFlinger(  195): HWC_FRAMEBUFFER_TARGET found in hwc list (index=0)
W/SurfaceFlinger(  195): HWC_FRAMEBUFFER_TARGET found in hwc list (index=0)
W/SurfaceFlinger(  195): HWC_FRAMEBUFFER_TARGET found in hwc list (index=0)
W/SurfaceFlinger(  195): HWC_FRAMEBUFFER_TARGET found in hwc list (index=0)
W/SurfaceFlinger(  195): HWC_FRAMEBUFFER_TARGET found in hwc list (index=0)
W/SurfaceFlinger(  195): HWC_FRAMEBUFFER_TARGET found in hwc list (index=0)
I/auditd  (  782): Starting up
E/auditd  (  782): Failed on audit_set_pid with error: Protocol not supported
I/auditd  (  782): Exiting
W/SurfaceFlinger(  195): HWC_FRAMEBUFFER_TARGET found in hwc list (index=0)
W/SurfaceFlinger(  195): HWC_FRAMEBUFFER_TARGET found in hwc list (index=0)
W/SurfaceFlinger(  195): HWC_FRAMEBUFFER_TARGET found in hwc list (index=0)
W/SurfaceFlinger(  195): HWC_FRAMEBUFFER_TARGET found in hwc list (index=0)
W/SurfaceFlinger(  195): HWC_FRAMEBUFFER_TARGET found in hwc list (index=0)
D/dalvikvm(  781): DexOpt: load 231ms, verify+opt 1312ms, 2911052 bytes
W/SurfaceFlinger(  195): HWC_FRAMEBUFFER_TARGET found in hwc list (index=0)
W/SurfaceFlinger(  195): HWC_FRAMEBUFFER_TARGET found in hwc list (index=0)
W/SurfaceFlinger(  195): HWC_FRAMEBUFFER_TARGET found in hwc list (index=0)
W/SurfaceFlinger(  195): HWC_FRAMEBUFFER_TARGET found in hwc list (index=0)
W/SurfaceFlinger(  195): HWC_FRAMEBUFFER_TARGET found in hwc list (index=0)
W/SurfaceFlinger(  195): HWC_FRAMEBUFFER_TARGET found in hwc list (index=0)
W/SurfaceFlinger(  195): HWC_FRAMEBUFFER_TARGET found in hwc list (index=0)
I/PackageManager(  636): Running dexopt on: com.android.certinstaller
W/SurfaceFlinger(  195): HWC_FRAMEBUFFER_TARGET found in hwc list (index=0)
W/SurfaceFlinger(  195): HWC_FRAMEBUFFER_TARGET found in hwc list (index=0)
W/SurfaceFlinger(  195): HWC_FRAMEBUFFER_TARGET found in hwc list (index=0)
W/SurfaceFlinger(  195): HWC_FRAMEBUFFER_TARGET found in hwc list (index=0)
D/dalvikvm(  785): DexOpt: load 13ms, verify+opt 64ms, 359244 bytes
W/SurfaceFlinger(  195): HWC_FRAMEBUFFER_TARGET found in hwc list (index=0)
W/SurfaceFlinger(  195): HWC_FRAMEBUFFER_TARGET found in hwc list (index=0)
I/PackageManager(  636): Running dexopt on: com.tmobile.thememanager
W/SurfaceFlinger(  195): HWC_FRAMEBUFFER_TARGET found in hwc list (index=0)
W/SurfaceFlinger(  195): HWC_FRAMEBUFFER_TARGET found in hwc list (index=0)
W/SurfaceFlinger(  195): HWC_FRAMEBUFFER_TARGET found in hwc list (index=0)
D/dalvikvm(  786): DexOpt: load 13ms, verify+opt 30ms, 259860 bytes
W/SurfaceFlinger(  195): HWC_FRAMEBUFFER_TARGET found in hwc list (index=0)
I/PackageManager(  636): Running dexopt on: com.android.stk
W/SurfaceFlinger(  195): HWC_FRAMEBUFFER_TARGET found in hwc list (index=0)
W/SurfaceFlinger(  195): HWC_FRAMEBUFFER_TARGET found in hwc list (index=0)
W/SurfaceFlinger(  195): HWC_FRAMEBUFFER_TARGET found in hwc list (index=0)
W/SurfaceFlinger(  195): HWC_FRAMEBUFFER_TARGET found in hwc list (index=0)
W/SurfaceFlinger(  195): HWC_FRAMEBUFFER_TARGET found in hwc list (index=0)
D/dalvikvm(  787): DexOpt: load 18ms, verify+opt 87ms, 432004 bytes
W/SurfaceFlinger(  195): HWC_FRAMEBUFFER_TARGET found in hwc list (index=0)
W/SurfaceFlinger(  195): HWC_FRAMEBUFFER_TARGET found in hwc list (index=0)
I/PackageManager(  636): Running dexopt on: com.android.calendar
W/SurfaceFlinger(  195): HWC_FRAMEBUFFER_TARGET found in hwc list (index=0)
W/SurfaceFlinger(  195): HWC_FRAMEBUFFER_TARGET found in hwc list (index=0)
W/SurfaceFlinger(  195): HWC_FRAMEBUFFER_TARGET found in hwc list (index=0)
W/SurfaceFlinger(  195): HWC_FRAMEBUFFER_TARGET found in hwc list (index=0)
W/SurfaceFlinger(  195): HWC_FRAMEBUFFER_TARGET found in hwc list (index=0)
W/SurfaceFlinger(  195): HWC_FRAMEBUFFER_TARGET found in hwc list (index=0)
W/SurfaceFlinger(  195): HWC_FRAMEBUFFER_TARGET found in hwc list (index=0)
W/SurfaceFlinger(  195): HWC_FRAMEBUFFER_TARGET found in hwc list (index=0)
W/SurfaceFlinger(  195): HWC_FRAMEBUFFER_TARGET found in hwc list (index=0)
W/SurfaceFlinger(  195): HWC_FRAMEBUFFER_TARGET found in hwc list (index=0)
W/SurfaceFlinger(  195): HWC_FRAMEBUFFER_TARGET found in hwc list (index=0)
W/SurfaceFlinger(  195): HWC_FRAMEBUFFER_TARGET found in hwc list (index=0)
W/SurfaceFlinger(  195): HWC_FRAMEBUFFER_TARGET found in hwc list (index=0)
W/SurfaceFlinger(  195): HWC_FRAMEBUFFER_TARGET found in hwc list (index=0)
W/SurfaceFlinger(  195): HWC_FRAMEBUFFER_TARGET found in hwc list (index=0)
W/SurfaceFlinger(  195): HWC_FRAMEBUFFER_TARGET found in hwc list (index=0)
W/SurfaceFlinger(  195): HWC_FRAMEBUFFER_TARGET found in hwc list (index=0)
W/SurfaceFlinger(  195): HWC_FRAMEBUFFER_TARGET found in hwc list (index=0)
W/SurfaceFlinger(  195): HWC_FRAMEBUFFER_TARGET found in hwc list (index=0)
W/SurfaceFlinger(  195): HWC_FRAMEBUFFER_TARGET found in hwc list (index=0)
W/SurfaceFlinger(  195): HWC_FRAMEBUFFER_TARGET found in hwc list (index=0)
W/SurfaceFlinger(  195): HWC_FRAMEBUFFER_TARGET found in hwc list (index=0)
W/SurfaceFlinger(  195): HWC_FRAMEBUFFER_TARGET found in hwc list (index=0)
W/SurfaceFlinger(  195): HWC_FRAMEBUFFER_TARGET found in hwc list (index=0)
W/SurfaceFlinger(  195): HWC_FRAMEBUFFER_TARGET found in hwc list (index=0)
W/SurfaceFlinger(  195): HWC_FRAMEBUFFER_TARGET found in hwc list (index=0)
W/SurfaceFlinger(  195): HWC_FRAMEBUFFER_TARGET found in hwc list (index=0)
W/SurfaceFlinger(  195): HWC_FRAMEBUFFER_TARGET found in hwc list (index=0)
W/SurfaceFlinger(  195): HWC_FRAMEBUFFER_TARGET found in hwc list (index=0)
W/SurfaceFlinger(  195): HWC_FRAMEBUFFER_TARGET found in hwc list (index=0)
D/dalvikvm(  788): DexOpt: load 157ms, verify+opt 612ms, 1412716 bytes
W/SurfaceFlinger(  195): HWC_FRAMEBUFFER_TARGET found in hwc list (index=0)
W/SurfaceFlinger(  195): HWC_FRAMEBUFFER_TARGET found in hwc list (index=0)
W/SurfaceFlinger(  195): HWC_FRAMEBUFFER_TARGET found in hwc list (index=0)
W/SurfaceFlinger(  195): HWC_FRAMEBUFFER_TARGET found in hwc list (index=0)
W/SurfaceFlinger(  195): HWC_FRAMEBUFFER_TARGET found in hwc list (index=0)
I/PackageManager(  636): Running dexopt on: com.cyanogenmod.filemanager
W/SurfaceFlinger(  195): HWC_FRAMEBUFFER_TARGET found in hwc list (index=0)
W/SurfaceFlinger(  195): HWC_FRAMEBUFFER_TARGET found in hwc list (index=0)
W/SurfaceFlinger(  195): HWC_FRAMEBUFFER_TARGET found in hwc list (index=0)
W/SurfaceFlinger(  195): HWC_FRAMEBUFFER_TARGET found in hwc list (index=0)
W/SurfaceFlinger(  195): HWC_FRAMEBUFFER_TARGET found in hwc list (index=0)
W/SurfaceFlinger(  195): HWC_FRAMEBUFFER_TARGET found in hwc list (index=0)
W/SurfaceFlinger(  195): HWC_FRAMEBUFFER_TARGET found in hwc list (index=0)
W/SurfaceFlinger(  195): HWC_FRAMEBUFFER_TARGET found in hwc list (index=0)
W/SurfaceFlinger(  195): HWC_FRAMEBUFFER_TARGET found in hwc list (index=0)
W/SurfaceFlinger(  195): HWC_FRAMEBUFFER_TARGET found in hwc list (index=0)
W/SurfaceFlinger(  195): HWC_FRAMEBUFFER_TARGET found in hwc list (index=0)
W/SurfaceFlinger(  195): HWC_FRAMEBUFFER_TARGET found in hwc list (index=0)
W/SurfaceFlinger(  195): HWC_FRAMEBUFFER_TARGET found in hwc list (index=0)
W/SurfaceFlinger(  195): HWC_FRAMEBUFFER_TARGET found in hwc list (index=0)
W/SurfaceFlinger(  195): HWC_FRAMEBUFFER_TARGET found in hwc list (index=0)
W/SurfaceFlinger(  195): HWC_FRAMEBUFFER_TARGET found in hwc list (index=0)
W/SurfaceFlinger(  195): HWC_FRAMEBUFFER_TARGET found in hwc list (index=0)
W/SurfaceFlinger(  195): HWC_FRAMEBUFFER_TARGET found in hwc list (index=0)
W/SurfaceFlinger(  195): HWC_FRAMEBUFFER_TARGET found in hwc list (index=0)
W/SurfaceFlinger(  195): HWC_FRAMEBUFFER_TARGET found in hwc list (index=0)
W/SurfaceFlinger(  195): HWC_FRAMEBUFFER_TARGET found in hwc list (index=0)
D/dalvikvm(  789): DexOpt: load 128ms, verify+opt 383ms, 1073076 bytes
W/SurfaceFlinger(  195): HWC_FRAMEBUFFER_TARGET found in hwc list (index=0)
W/SurfaceFlinger(  195): HWC_FRAMEBUFFER_TARGET found in hwc list (index=0)
W/SurfaceFlinger(  195): HWC_FRAMEBUFFER_TARGET found in hwc list (index=0)
I/PackageManager(  636): Running dexopt on: com.cyanogenmod.updater
W/SurfaceFlinger(  195): HWC_FRAMEBUFFER_TARGET found in hwc list (index=0)
W/SurfaceFlinger(  195): HWC_FRAMEBUFFER_TARGET found in hwc list (index=0)
W/SurfaceFlinger(  195): HWC_FRAMEBUFFER_TARGET found in hwc list (index=0)
W/SurfaceFlinger(  195): HWC_FRAMEBUFFER_TARGET found in hwc list (index=0)
W/SurfaceFlinger(  195): HWC_FRAMEBUFFER_TARGET found in hwc list (index=0)
D/dalvikvm(  790): DexOpt: load 41ms, verify+opt 69ms, 516452 bytes
W/SurfaceFlinger(  195): HWC_FRAMEBUFFER_TARGET found in hwc list (index=0)
W/SurfaceFlinger(  195): HWC_FRAMEBUFFER_TARGET found in hwc list (index=0)
I/PackageManager(  636): Running dexopt on: com.android.shell
W/SurfaceFlinger(  195): HWC_FRAMEBUFFER_TARGET found in hwc list (index=0)
W/SurfaceFlinger(  195): HWC_FRAMEBUFFER_TARGET found in hwc list (index=0)
W/SurfaceFlinger(  195): HWC_FRAMEBUFFER_TARGET found in hwc list (index=0)
W/SurfaceFlinger(  195): HWC_FRAMEBUFFER_TARGET found in hwc list (index=0)
D/dalvikvm(  791): DexOpt: load 17ms, verify+opt 43ms, 334300 bytes
W/SurfaceFlinger(  195): HWC_FRAMEBUFFER_TARGET found in hwc list (index=0)
W/SurfaceFlinger(  195): HWC_FRAMEBUFFER_TARGET found in hwc list (index=0)
I/PackageManager(  636): Running dexopt on: com.android.htmlviewer
W/SurfaceFlinger(  195): HWC_FRAMEBUFFER_TARGET found in hwc list (index=0)
W/SurfaceFlinger(  195): HWC_FRAMEBUFFER_TARGET found in hwc list (index=0)
W/SurfaceFlinger(  195): HWC_FRAMEBUFFER_TARGET found in hwc list (index=0)
D/dalvikvm(  792): DexOpt: load 16ms, verify+opt 29ms, 258828 bytes
W/SurfaceFlinger(  195): HWC_FRAMEBUFFER_TARGET found in hwc list (index=0)
I/PackageManager(  636): Running dexopt on: com.android.onetimeinitializer
W/SurfaceFlinger(  195): HWC_FRAMEBUFFER_TARGET found in hwc list (index=0)
W/SurfaceFlinger(  195): HWC_FRAMEBUFFER_TARGET found in hwc list (index=0)
D/dalvikvm(  793): DexOpt: load 14ms, verify+opt 5ms, 141396 bytes
W/SurfaceFlinger(  195): HWC_FRAMEBUFFER_TARGET found in hwc list (index=0)
I/PackageManager(  636): Running dexopt on: com.android.providers.telephony
W/SurfaceFlinger(  195): HWC_FRAMEBUFFER_TARGET found in hwc list (index=0)
W/SurfaceFlinger(  195): HWC_FRAMEBUFFER_TARGET found in hwc list (index=0)
W/SurfaceFlinger(  195): HWC_FRAMEBUFFER_TARGET found in hwc list (index=0)
W/SurfaceFlinger(  195): HWC_FRAMEBUFFER_TARGET found in hwc list (index=0)
W/SurfaceFlinger(  195): HWC_FRAMEBUFFER_TARGET found in hwc list (index=0)
D/dalvikvm(  794): DexOpt: load 8ms, verify+opt 74ms, 266276 bytes
W/SurfaceFlinger(  195): HWC_FRAMEBUFFER_TARGET found in hwc list (index=0)
W/SurfaceFlinger(  195): HWC_FRAMEBUFFER_TARGET found in hwc list (index=0)
I/PackageManager(  636): Running dexopt on: com.android.defcontainer
W/SurfaceFlinger(  195): HWC_FRAMEBUFFER_TARGET found in hwc list (index=0)
W/SurfaceFlinger(  195): HWC_FRAMEBUFFER_TARGET found in hwc list (index=0)
D/dalvikvm(  795): DexOpt: load 12ms, verify+opt 15ms, 212244 bytes
W/SurfaceFlinger(  195): HWC_FRAMEBUFFER_TARGET found in hwc list (index=0)
I/PackageManager(  636): Running dexopt on: com.android.dialer
W/SurfaceFlinger(  195): HWC_FRAMEBUFFER_TARGET found in hwc list (index=0)
W/SurfaceFlinger(  195): HWC_FRAMEBUFFER_TARGET found in hwc list (index=0)
W/SurfaceFlinger(  195): HWC_FRAMEBUFFER_TARGET found in hwc list (index=0)
W/SurfaceFlinger(  195): HWC_FRAMEBUFFER_TARGET found in hwc list (index=0)
W/SurfaceFlinger(  195): HWC_FRAMEBUFFER_TARGET found in hwc list (index=0)
W/SurfaceFlinger(  195): HWC_FRAMEBUFFER_TARGET found in hwc list (index=0)
W/SurfaceFlinger(  195): HWC_FRAMEBUFFER_TARGET found in hwc list (index=0)
W/SurfaceFlinger(  195): HWC_FRAMEBUFFER_TARGET found in hwc list (index=0)
W/SurfaceFlinger(  195): HWC_FRAMEBUFFER_TARGET found in hwc list (index=0)
W/SurfaceFlinger(  195): HWC_FRAMEBUFFER_TARGET found in hwc list (index=0)
W/SurfaceFlinger(  195): HWC_FRAMEBUFFER_TARGET found in hwc list (index=0)
W/SurfaceFlinger(  195): HWC_FRAMEBUFFER_TARGET found in hwc list (index=0)
W/SurfaceFlinger(  195): HWC_FRAMEBUFFER_TARGET found in hwc list (index=0)
W/SurfaceFlinger(  195): HWC_FRAMEBUFFER_TARGET found in hwc list (index=0)
W/SurfaceFlinger(  195): HWC_FRAMEBUFFER_TARGET found in hwc list (index=0)
W/SurfaceFlinger(  195): HWC_FRAMEBUFFER_TARGET found in hwc list (index=0)
W/SurfaceFlinger(  195): HWC_FRAMEBUFFER_TARGET found in hwc list (index=0)
W/SurfaceFlinger(  195): HWC_FRAMEBUFFER_TARGET found in hwc list (index=0)
W/SurfaceFlinger(  195): HWC_FRAMEBUFFER_TARGET found in hwc list (index=0)
W/SurfaceFlinger(  195): HWC_FRAMEBUFFER_TARGET found in hwc list (index=0)
W/SurfaceFlinger(  195): HWC_FRAMEBUFFER_TARGET found in hwc list (index=0)
W/SurfaceFlinger(  195): HWC_FRAMEBUFFER_TARGET found in hwc list (index=0)
W/SurfaceFlinger(  195): HWC_FRAMEBUFFER_TARGET found in hwc list (index=0)
W/SurfaceFlinger(  195): HWC_FRAMEBUFFER_TARGET found in hwc list (index=0)
W/SurfaceFlinger(  195): HWC_FRAMEBUFFER_TARGET found in hwc list (index=0)
W/SurfaceFlinger(  195): HWC_FRAMEBUFFER_TARGET found in hwc list (index=0)
W/SurfaceFlinger(  195): HWC_FRAMEBUFFER_TARGET found in hwc list (index=0)
W/SurfaceFlinger(  195): HWC_FRAMEBUFFER_TARGET found in hwc list (index=0)
W/SurfaceFlinger(  195): HWC_FRAMEBUFFER_TARGET found in hwc list (index=0)
W/SurfaceFlinger(  195): HWC_FRAMEBUFFER_TARGET found in hwc list (index=0)
W/SurfaceFlinger(  195): HWC_FRAMEBUFFER_TARGET found in hwc list (index=0)
W/SurfaceFlinger(  195): HWC_FRAMEBUFFER_TARGET found in hwc list (index=0)
W/SurfaceFlinger(  195): HWC_FRAMEBUFFER_TARGET found in hwc list (index=0)
W/SurfaceFlinger(  195): HWC_FRAMEBUFFER_TARGET found in hwc list (index=0)
W/SurfaceFlinger(  195): HWC_FRAMEBUFFER_TARGET found in hwc list (index=0)
D/dalvikvm(  796): DexOpt: load 163ms, verify+opt 711ms, 1673420 bytes
W/SurfaceFlinger(  195): HWC_FRAMEBUFFER_TARGET found in hwc list (index=0)
W/SurfaceFlinger(  195): HWC_FRAMEBUFFER_TARGET found in hwc list (index=0)
W/SurfaceFlinger(  195): HWC_FRAMEBUFFER_TARGET found in hwc list (index=0)
W/SurfaceFlinger(  195): HWC_FRAMEBUFFER_TARGET found in hwc list (index=0)
W/SurfaceFlinger(  195): HWC_FRAMEBUFFER_TARGET found in hwc list (index=0)
I/auditd  (  797): Starting up
E/auditd  (  797): Failed on audit_set_pid with error: Protocol not supported
I/auditd  (  797): Exiting
W/SurfaceFlinger(  195): HWC_FRAMEBUFFER_TARGET found in hwc list (index=0)
I/PackageManager(  636): Running dexopt on: com.android.proxyhandler
W/SurfaceFlinger(  195): HWC_FRAMEBUFFER_TARGET found in hwc list (index=0)
W/SurfaceFlinger(  195): HWC_FRAMEBUFFER_TARGET found in hwc list (index=0)
D/dalvikvm(  800): DexOpt: load 6ms, verify+opt 14ms, 156492 bytes
W/SurfaceFlinger(  195): HWC_FRAMEBUFFER_TARGET found in hwc list (index=0)
I/SystemServer(  636): Mount Service
D/MountService(  636): got storage path: /storage/sdcard0 description: Internal storage primary: true removable: false emulated: false mtpReserve: 0 allowMassStorage: false maxFileSize: 0
D/MountService(  636): addVolumeLocked() StorageVolume:
D/MountService(  636):     mStorageId=0 mPath=/storage/sdcard0 mDescriptionId=17040783 mPrimary=true 
D/MountService(  636):     mRemovable=false mEmulated=false mMtpReserveSpace=0 
D/MountService(  636):     mAllowMassStorage=false mMaxFileSize=0 mOwner=null mUuid=null 
D/MountService(  636):     mUserLabel=null mState=null 
D/MountService(  636): got storage path: /storage/sdcard1 description: SD card primary: false removable: true emulated: false mtpReserve: 0 allowMassStorage: false maxFileSize: 0
D/MountService(  636): addVolumeLocked() StorageVolume:
D/MountService(  636):     mStorageId=0 mPath=/storage/sdcard1 mDescriptionId=17040784 mPrimary=false 
D/MountService(  636):     mRemovable=true mEmulated=false mMtpReserveSpace=0 mAllowMassStorage=false 
D/MountService(  636):     mMaxFileSize=0 mOwner=null mUuid=null mUserLabel=null mState=null 
I/SystemServer(  636): LockSettingsService
I/SystemServer(  636): Device Policy
I/SystemServer(  636): Status Bar
W/SurfaceFlinger(  195): HWC_FRAMEBUFFER_TARGET found in hwc list (index=0)
I/SystemServer(  636): Clipboard Service
I/SystemServer(  636): NetworkManagement Service
E/MountService(  636): Error processing initial volume state
E/MountService(  636): java.lang.NullPointerException
E/MountService(  636): 	at com.android.server.MountService.updatePublicVolumeState(MountService.java:670)
E/MountService(  636): 	at com.android.server.MountService.access$1600(MountService.java:107)
E/MountService(  636): 	at com.android.server.MountService$4.run(MountService.java:764)
I/SystemServer(  636): Text Service Manager Service
D/MountService(  636): volume state changed for /storage/sdcard0 (unmounted -> removed)
W/MountService(  636): getSecureContainerList() called when storage not mounted
I/PackageManager(  636): No secure containers on sdcard
W/SurfaceFlinger(  195): HWC_FRAMEBUFFER_TARGET found in hwc list (index=0)
W/PackageManager(  636): Unknown permission com.google.android.c2dm.permission.RECEIVE in package com.cyanogenmod.account
W/PackageManager(  636): Not granting permission android.permission.GLOBAL_SEARCH to package com.android.quicksearchbox (protectionLevel=18 flags=0x8be45)
W/PackageManager(  636): Unknown permission com.google.android.gallery3d.permission.GALLERY_PROVIDER in package com.android.bluetooth
W/PackageManager(  636): Unknown permission com.google.android.googleapps.permission.GOOGLE_AUTH in package com.android.providers.calendar
W/PackageManager(  636): Unknown permission com.google.android.googleapps.permission.GOOGLE_AUTH.cl in package com.android.providers.calendar
W/SurfaceFlinger(  195): HWC_FRAMEBUFFER_TARGET found in hwc list (index=0)
W/PackageManager(  636): Unknown permission com.google.android.googleapps.permission.GOOGLE_AUTH.mail in package com.android.calendar
W/PackageManager(  636): Not granting permission android.permission.ACCESS_DOWNLOAD_MANAGER to package com.android.browser (protectionLevel=18 flags=0x49be45)
W/PackageManager(  636): Not granting permission android.permission.SEND_DOWNLOAD_COMPLETED_INTENTS to package com.android.browser (protectionLevel=2 flags=0x49be45)
W/PackageManager(  636): Unknown permission com.android.launcher.permission.READ_SETTINGS in package com.android.onetimeinitializer
W/PackageManager(  636): Unknown permission com.android.launcher.permission.WRITE_SETTINGS in package com.android.onetimeinitializer
W/PackageManager(  636): Unknown permission com.android.launcher.permission.READ_SETTINGS in package com.android.launcher3
W/PackageManager(  636): Unknown permission com.android.launcher.permission.WRITE_SETTINGS in package com.android.launcher3
W/PackageManager(  636): Not granting permission android.permission.BIND_WALLPAPER to package com.android.camera2 (protectionLevel=18 flags=0x58bc45)
W/PackageManager(  636): Unknown permission android.permission.INSTALL_DRM in package com.android.mms
W/PackageManager(  636): Unknown permission com.cyanogenmod.filemanager.permissions.READ_THEME in package com.cyanogenmod.filemanager
W/PackageManager(  636): Unknown permission android.permission.MMS_PUSH in package org.codeaurora.bluetooth
W/PackageManager(  636): Unknown permission com.google.android.googleapps.permission.GOOGLE_AUTH in package com.android.settings
W/PackageManager(  636): Unknown permission com.android.launcher.permission.READ_SETTINGS in package com.android.settings
W/PackageManager(  636): Unknown permission com.android.launcher.permission.WRITE_SETTINGS in package com.android.settings
W/PackageManager(  636): Unknown permission android.permission.CHANGE_PRIVACY_GUARD_STATE in package com.android.settings
W/SurfaceFlinger(  195): HWC_FRAMEBUFFER_TARGET found in hwc list (index=0)
W/PackageManager(  636): Unknown permission com.google.android.c2dm.permission.RECEIVE in package org.whispersystems.whisperpush
W/PackageManager(  636): Unknown permission com.google.android.googleapps.permission.ACCESS_GOOGLE_PASSWORD in package com.android.development
W/PackageManager(  636): Unknown permission com.google.android.googleapps.permission.GOOGLE_AUTH in package com.android.development
W/PackageManager(  636): Unknown permission com.google.android.googleapps.permission.GOOGLE_AUTH.ALL_SERVICES in package com.android.development
W/PackageManager(  636): Unknown permission com.google.android.googleapps.permission.GOOGLE_AUTH.YouTubeUser in package com.android.development
W/PackageManager(  636): Not granting permission android.permission.DELETE_PACKAGES to package com.svox.pico (protectionLevel=18 flags=0x8be45)
W/PackageManager(  636): Not granting permission android.permission.DEVICE_POWER to package com.android.deskclock (protectionLevel=2 flags=0x48be45)
W/PackageManager(  636): Unknown permission com.android.deskclock.worldclock.permissions.WRITE_DATABASE in package com.android.deskclock
W/SurfaceFlinger(  195): HWC_FRAMEBUFFER_TARGET found in hwc list (index=0)
I/SystemServer(  636): NetworkStats Service
W/PackageManager(  636): Unknown permission android.permission.CANCEL_NOTIFICATIONS in package org.cyanogenmod.voiceplus
I/SystemServer(  636): NetworkPolicy Service
I/SystemServer(  636): Wi-Fi P2pService
W/SurfaceFlinger(  195): HWC_FRAMEBUFFER_TARGET found in hwc list (index=0)
W/SurfaceFlinger(  195): HWC_FRAMEBUFFER_TARGET found in hwc list (index=0)
W/SurfaceFlinger(  195): HWC_FRAMEBUFFER_TARGET found in hwc list (index=0)
W/SurfaceFlinger(  195): HWC_FRAMEBUFFER_TARGET found in hwc list (index=0)
W/SurfaceFlinger(  195): HWC_FRAMEBUFFER_TARGET found in hwc list (index=0)
W/SurfaceFlinger(  195): HWC_FRAMEBUFFER_TARGET found in hwc list (index=0)
W/SurfaceFlinger(  195): HWC_FRAMEBUFFER_TARGET found in hwc list (index=0)
W/SurfaceFlinger(  195): HWC_FRAMEBUFFER_TARGET found in hwc list (index=0)
W/SurfaceFlinger(  195): HWC_FRAMEBUFFER_TARGET found in hwc list (index=0)
W/SurfaceFlinger(  195): HWC_FRAMEBUFFER_TARGET found in hwc list (index=0)
I/SystemServer(  636): Wi-Fi Service
W/SurfaceFlinger(  195): HWC_FRAMEBUFFER_TARGET found in hwc list (index=0)
W/SurfaceFlinger(  195): HWC_FRAMEBUFFER_TARGET found in hwc list (index=0)
W/SurfaceFlinger(  195): HWC_FRAMEBUFFER_TARGET found in hwc list (index=0)
W/SurfaceFlinger(  195): HWC_FRAMEBUFFER_TARGET found in hwc list (index=0)
I/SystemServer(  636): Connectivity Service
D/ConnectivityService(  636): ConnectivityService starting up
D/ConnectivityService(  636): wifiOnly=false
E/ConnectivityService(  636): Ignoring protectedNetwork 10
E/ConnectivityService(  636): Ignoring protectedNetwork 11
E/ConnectivityService(  636): Ignoring protectedNetwork 12
E/ConnectivityService(  636): Ignoring protectedNetwork 14
W/SurfaceFlinger(  195): HWC_FRAMEBUFFER_TARGET found in hwc list (index=0)
D/BluetoothTethering(  636): startMonitoring: target: Handler (com.android.server.ConnectivityService$NetworkStateTrackerHandler) {4190c1e0}
D/BluetoothTethering(  636): startMonitoring: mCsHandler: Handler (com.android.server.ConnectivityService$NetworkStateTrackerHandler) {4190c1e0}
D/BluetoothManagerService(  636): Message: 20
D/BluetoothManagerService(  636): Added callback: android.bluetooth.BluetoothAdapter$1@41ae5040:true
D/BluetoothManagerService(  636): Message: 30
W/ContextImpl(  636): Calling a method in the system process without a qualified user: android.app.ContextImpl.bindService:1582 android.bluetooth.BluetoothPan.doBind:149 android.bluetooth.BluetoothPan.<init>:141 android.bluetooth.BluetoothAdapter.getProfileProxy:1200 android.bluetooth.BluetoothTetheringDataTracker.startMonitoring:116 
E/MobileDataStateTracker(  636): default: Ignoring feature request because could not acquire PhoneService
D/Tethering(  636): Exception adding default nw to upstreamIfaceTypes: java.lang.NullPointerException
W/SurfaceFlinger(  195): HWC_FRAMEBUFFER_TARGET found in hwc list (index=0)
E/MobileDataStateTracker(  636): default: Could not enable APN type "default"
I/WifiService(  636): WifiService starting up with Wi-Fi disabled
W/SurfaceFlinger(  195): HWC_FRAMEBUFFER_TARGET found in hwc list (index=0)
W/SurfaceFlinger(  195): HWC_FRAMEBUFFER_TARGET found in hwc list (index=0)
I/SystemServer(  636): Network Service Discovery Service
D/NsdService(  636): Network service discovery enabled true
I/SystemServer(  636): UpdateLock Service
W/SurfaceFlinger(  195): HWC_FRAMEBUFFER_TARGET found in hwc list (index=0)
V/ProfileTriggerHelper(  636): Enabling
I/SystemServer(  636): Profile Manager
W/Profile (  636): Null Pointer - UUID not found for Default.  New UUID generated: 18ad9e31-1fa6-4cde-9764-4052209cfa82
W/Profile (  636): Null Pointer - UUID not found for Work.  New UUID generated: afd2d02e-ebc0-45e2-992d-626371867369
W/Profile (  636): Null Pointer - UUID not found for Home.  New UUID generated: c89d104f-4de9-4191-871b-1eccd7ec0f55
W/Profile (  636): Null Pointer - UUID not found for Silent.  New UUID generated: bb78fa87-3e4a-4f3b-9ac0-41a3bdccaa8c
W/SurfaceFlinger(  195): HWC_FRAMEBUFFER_TARGET found in hwc list (index=0)
W/Profile (  636): Null Pointer - UUID not found for Night.  New UUID generated: d30954c5-2179-45d5-b857-cffbbb3eb18c
D/ProfileService(  636): Set active profile to: 18ad9e31-1fa6-4cde-9764-4052209cfa82 - Default
D/ProfileService(  636): Saving profile data...
W/SurfaceFlinger(  195): HWC_FRAMEBUFFER_TARGET found in hwc list (index=0)
W/SurfaceFlinger(  195): HWC_FRAMEBUFFER_TARGET found in hwc list (index=0)
W/SurfaceFlinger(  195): HWC_FRAMEBUFFER_TARGET found in hwc list (index=0)
D/ProfileService(  636): Save completed.
I/SystemServer(  636): Notification Manager
I/SystemServer(  636): Device Storage Monitor
I/SystemServer(  636): Location Manager
I/SystemServer(  636): Country Detector
I/SystemServer(  636): Search Service
I/SystemServer(  636): DropBox Service
I/SystemServer(  636): Wallpaper Service
W/WallpaperService(  636): no current wallpaper -- first boot?
W/SurfaceFlinger(  195): HWC_FRAMEBUFFER_TARGET found in hwc list (index=0)
I/SystemServer(  636): Audio Service
W/SurfaceFlinger(  195): HWC_FRAMEBUFFER_TARGET found in hwc list (index=0)
W/SurfaceFlinger(  195): HWC_FRAMEBUFFER_TARGET found in hwc list (index=0)
I/VolumePanel(  636): changeOverlayStyle : 1
W/SurfaceFlinger(  195): HWC_FRAMEBUFFER_TARGET found in hwc list (index=0)
W/AudioPolicyManager7627a(  198): setForceUse() invalid usage 4
W/SurfaceFlinger(  195): HWC_FRAMEBUFFER_TARGET found in hwc list (index=0)
W/SurfaceFlinger(  195): HWC_FRAMEBUFFER_TARGET found in hwc list (index=0)
D/AudioHardwareMSM76XXA(  198): setVoiceVolume(1.200000)
I/AudioHardwareMSM76XXA(  198): Setting in-call volume to 6 (available range is 2 to 7)
D/AudioHardwareMSM76XXA(  198): rpc_snd_set_volume(2147483646, 0, 6)
W/SurfaceFlinger(  195): HWC_FRAMEBUFFER_TARGET found in hwc list (index=0)
I/SystemServer(  636): Dock Observer
W/DockObserver(  636): This kernel does not have dock station support
I/SystemServer(  636): Wired Accessory Manager
W/WiredAccessoryManager(  636): This kernel does not have usb audio support
W/WiredAccessoryManager(  636): This kernel does not have Motorola EMU audio support
W/WiredAccessoryManager(  636): This kernel does not have samsung usb dock audio support
W/WiredAccessoryManager(  636): This kernel does not have HDMI audio support
I/SystemServer(  636): USB Service
I/SystemServer(  636): Serial Service
I/SystemServer(  636): Twilight Service
I/SystemServer(  636): UI Mode Manager Service
I/SystemServer(  636): Backup Service
W/SurfaceFlinger(  195): HWC_FRAMEBUFFER_TARGET found in hwc list (index=0)
V/BackupManagerService(  636): Initializing package tracking
V/BackupManagerService(  636): No ancestral data
V/BackupManagerService(  636): addPackageParticipantsLocked: all
I/BackupManagerService(  636): Scheduling backup for new app com.android.calendar
D/BackupManagerService(  636): Now staging backup of com.android.calendar
W/SurfaceFlinger(  195): HWC_FRAMEBUFFER_TARGET found in hwc list (index=0)
I/BackupManagerService(  636): Scheduling backup for new app com.android.browser
D/BackupManagerService(  636): Now staging backup of com.android.browser
I/BackupManagerService(  636): Scheduling backup for new app com.android.providers.userdictionary
D/BackupManagerService(  636): Now staging backup of com.android.providers.userdictionary
W/SurfaceFlinger(  195): HWC_FRAMEBUFFER_TARGET found in hwc list (index=0)
I/BackupManagerService(  636): Scheduling backup for new app com.android.sharedstoragebackup
D/BackupManagerService(  636): Now staging backup of com.android.sharedstoragebackup
I/BackupManagerService(  636): Scheduling backup for new app android
D/BackupManagerService(  636): Now staging backup of android
I/BackupManagerService(  636): Scheduling backup for new app com.android.providers.telephony
D/BackupManagerService(  636): Now staging backup of com.android.providers.telephony
W/SurfaceFlinger(  195): HWC_FRAMEBUFFER_TARGET found in hwc list (index=0)
I/BackupManagerService(  636): Scheduling backup for new app com.android.dialer
D/BackupManagerService(  636): Now staging backup of com.android.dialer
I/BackupManagerService(  636): Scheduling backup for new app com.android.providers.settings
D/BackupManagerService(  636): Now staging backup of com.android.providers.settings
V/BackupManagerService(  636): Starting with transport com.google.android.backup/.BackupTransportService
V/BackupManagerService(  636): Found transports: 1
I/BackupManagerService(  636): Binding to transport host ComponentInfo{android/com.android.internal.backup.LocalTransportService}
W/SurfaceFlinger(  195): HWC_FRAMEBUFFER_TARGET found in hwc list (index=0)
I/BackupManagerService(  636): Backup enabled => false
I/BackupManagerService(  636): Opting out of backup
I/SystemServer(  636): AppWidget Service
I/SystemServer(  636): Recognition Service
I/SystemServer(  636): DiskStats Service
I/SystemServer(  636): SamplingProfiler Service
I/SystemServer(  636): NetworkTimeUpdateService
I/SystemServer(  636): CommonTimeManagementService
I/SystemServer(  636): CertBlacklister
I/SystemServer(  636): Dreams Service
I/SystemServer(  636): Assets Atlas Service
D/Atlas   (  636): Computing best atlas configuration...
D/Atlas   (  636): Running Thread-55
I/SystemServer(  636): IdleMaintenanceService
I/SystemServer(  636): Print Service
I/SystemServer(  636): Media Router Service
I/SystemServer(  636): AssetRedirectionManager Service
W/SurfaceFlinger(  195): HWC_FRAMEBUFFER_TARGET found in hwc list (index=0)
D/Atlas   (  636): Found best atlas configuration in 0.03s
D/Atlas   (  636): Loaded configuration: null
W/SurfaceFlinger(  195): HWC_FRAMEBUFFER_TARGET found in hwc list (index=0)
lozohcum@lozohcum-ubuntu:~/android-sdk/platform-tools$ 
