lozohcum@lozohcum-ubuntu:~/android-sdk/platform-tools$ adb start-server
* daemon not running. starting it now on port 5037 *
* daemon started successfully *
clearlozohcum@lozohcum-ubuntu:~/android-sdk/platform-tools$ clear
lozohcum@lozohcum-ubuntu:~/android-sdk/platform-tools$ adb logcat
- waiting for device -
--------- beginning of /dev/log/main
I/rmt_storage(  148): rmt_storage user app start.. ignoring cmd line parameters
I/rmt_storage(  148): rmt_storage open success
--------- beginning of /dev/log/system
I/ONCRPC  (  150): 
I/ONCRPC  (  150): Starting proxy task 0 0x4eef4
I/ONCRPC  (  150): Setup RPC Call for task 4eef4
I/ONCRPC  (  150): oncrpc_xdr_call_msg_start: Prog: 30eeeeee, Ver: 00010001, Proc: 00000000
I/ONCRPC  (  150): xdr_std_msg_send_call: Sent Xid: 0, Prog: 30eeeeee, Ver: 00010001, Proc: 00000000
I/ONCRPC  (  150): xdr_std_msg_send_call: Received Reply Xid: 0, Prog: 30eeeeee, Ver: 00010001, Proc: 00000000
I/ONCRPC  (  150): Setup RPC Call for task 4eef4
I/ONCRPC  (  150): oncrpc_xdr_call_msg_start: Prog: 30eeeeee, Ver: 00010001, Proc: 00000004
I/ONCRPC  (  150): xdr_std_msg_send_call: Sent Xid: 1, Prog: 30eeeeee, Ver: 00010001, Proc: 00000004
I/ONCRPC  (  150): xdr_std_msg_send_call: Received Reply Xid: 1, Prog: 30eeeeee, Ver: 00010001, Proc: 00000004
I/ONCRPC  (  150): Setup RPC Call for task 4eef4
I/ONCRPC  (  150): oncrpc_xdr_call_msg_start: Prog: 30eeeeee, Ver: 00010001, Proc: 00000005
I/ONCRPC  (  150): xdr_std_msg_send_call: Sent Xid: 2, Prog: 30eeeeee, Ver: 00010001, Proc: 00000005
I/ONCRPC  (  150): xdr_std_msg_send_call: Received Reply Xid: 2, Prog: 30eeeeee, Ver: 00010001, Proc: 00000005
I/ONCRPC  (  150): Setup RPC Call for task 4eef4
I/ONCRPC  (  150): oncrpc_xdr_call_msg_start: Prog: 30eeeeee, Ver: 00010001, Proc: 00000006
I/ONCRPC  (  150): xdr_std_msg_send_call: Sent Xid: 3, Prog: 30eeeeee, Ver: 00010001, Proc: 00000006
I/ONCRPC  (  150): xdr_std_msg_send_call: Received Reply Xid: 3, Prog: 30eeeeee, Ver: 00010001, Proc: 00000006
I/Diag_Lib(  150): rpc_handle_rpc_call: for Xid: 1, Prog: 31eeeeee, Vers: 00010001, Proc: 00000002
I/Diag_Lib(  150): rpc_handle_rpc_call: Find Status: 0 Xid: 1
I/ONCRPC  (  150): oncrpc_proxy_handle_cmd_rpc_call: Dispatching xid: 1
I/ONCRPC  (  150): oncrpc_xdr_reply_msg_start: Prog: 00000000, Ver: 00000000, Proc: 00000000 Xid: 00000001
I/ONCRPC  (  150): oncrpc_msg_reply: Prog: 00000000, Ver: 00000000, Proc: 00000000 Xid: 00000001
I/ONCRPC  (  150): oncrpc_proxy_handle_cmd_rpc_call: Dispatch returned for xid: 1
I/rmt_storage(  148): 3 supported partitions found
W/batt_chg(  160): Bootup paused - Enter power-off charging mode (ready).
I/gpu_dcvs(  158): <main:471>: gpu_dcvs starting
W/gpu_dcvs(  158): <init_config:257>: failed to open config file, using defaults
E/mm-camera(  157): qcamsvr_start: old_mode = 3f
I/gpu_dcvs(  158): <query_pwr_levels:140>: GPU is Adreno 200
I/gpu_dcvs(  158): <query_pwr_levels:179>: dcvs->num_levels:2
I/gpu_dcvs(  158): <query_pwr_levels:180>: dcvs->min_samples:50
I/gpu_dcvs(  158): <query_pwr_levels:181>: dcvs->perf_down:10000
I/gpu_dcvs(  158): <query_pwr_levels:182>: dcvs->perf_up:6000
I/gpu_dcvs(  158): <query_pwr_levels:183>: dcvs->busy_timer:40000
I/gpu_dcvs(  158): <query_pwr_levels:184>: dcvs->levels[index]:245760000
I/gpu_dcvs(  158): <query_pwr_levels:185>: dcvs->levels[index]:192000000
I/cm      (  166): ____ _   _ ____ _  _ ____ ____ ____ _  _ _  _ ____ ___ 
I/cm      (  167): |     \_/  |__| |\ | |  | | __ |___ |\ | |\/| |  | |  \ 
I/cm      (  168): |___   |   |  | | \| |__| |__] |___ | \| |  | |__| |__/ 
I/cm      (  171): Welcome to Android 4.4.2 / CyanogenMod-11-20131228-UNOFFICIAL-jlo 
E/mm-camera(  157): qcamsvr_load_gesture_lib Error opening gesture library
E/mm-camera(  157): Cannot init Gesture library
I/run-parts(  161): /system/priv-app/GoogleServicesFramework.apk: No such file or directory
W/batt_chg(  160):  Current capacity = 95.
W/batt_chg(  160): ChgSetLED(1, 0)
W/batt_chg(  160): ChgSetLED(2, 1)
W/batt_chg(  160):  Green light capacity = 95.
W/batt_chg(  160): PWR_KEY++ 0
W/batt_chg(  160): PWR_KEY++ 1
W/batt_chg(  160): PWR_KEY++ 2
W/batt_chg(  160): PWR_KEY++ 3
W/batt_chg(  160): PWR_KEY++ 4
W/batt_chg(  160): PWR_KEY++ 5
W/batt_chg(  160): PWR_KEY++ 6
W/batt_chg(  160): PWR_KEY++ 7
W/batt_chg(  160): PWR_KEY++ 8
W/batt_chg(  160): PWR_KEY++ 9
W/batt_chg(  160): PWR_KEY++ 10
W/batt_chg(  160): PWR_KEY++ 11
W/batt_chg(  160): PWR_KEY++ 12
W/batt_chg(  160): PWR_KEY++ 13
W/batt_chg(  160): PWR_KEY++ 14
W/batt_chg(  160): PWR_KEY++ 15
W/batt_chg(  160): PWR_KEY++ 16
W/batt_chg(  160): PWR_KEY++ 17
W/batt_chg(  160): PWR_KEY++ 18
W/batt_chg(  160): PWR_KEY++ 19
W/batt_chg(  160): ChgSetLED(1, 0)
W/batt_chg(  160): ChgSetLED(2, 0)
W/batt_chg(  160): Bootup was paused for battery charging - Leaving now (reboot path).
I/auditd  (  189): Starting up
E/auditd  (  189): Failed on audit_set_pid with error: Protocol not supported
I/auditd  (  189): Exiting
I/DEBUG   (  191): debuggerd: Dec 28 2013 23:35:15
E/DirectVolume(  188): Vold managed volumes must have auto mount point; ignoring /storage/sdcard0
E/DirectVolume(  188): Vold managed volumes must have auto mount point; ignoring /storage/sdcard1
I/Vold    (  188): Vold 2.1 (the revenge) firing up
D/Vold    (  188): Volume sdcard state changing -1 (Initializing) -> 0 (No-Media)
D/Vold    (  188): Volume sdcard state changing -1 (Initializing) -> 0 (No-Media)
I/installd(  200): installd firing up
E/cutils  (  200): Failed to read /data/.layout_version: No such file or directory
D/installd(  200): Upgrading /data/media for multi-user
D/Vold    (  188): Volume sdcard state changing 0 (No-Media) -> 2 (Pending)
D/DirectVolume(  188): DirectVolume::handlePartitionAdded -> MAJOR 179, MINOR 1, PARTN 1
D/DirectVolume(  188): DirectVolume::handlePartitionAdded -> MAJOR 179, MINOR 2, PARTN 2
I/Netd    (  190): Netd 1.0 starting
W/InterfaceController(  190): Warning (dlopen failed: library "/system/lib/libnetcmdiface.so" not found) while opening the net interface command library
D/DirectVolume(  188): DirectVolume::handlePartitionAdded -> MAJOR 179, MINOR 3, PARTN 3
D/DirectVolume(  188): DirectVolume::handlePartitionAdded -> MAJOR 179, MINOR 4, PARTN 4
D/DirectVolume(  188): DirectVolume::handlePartitionAdded -> MAJOR 179, MINOR 5, PARTN 5
D/DirectVolume(  188): DirectVolume::handlePartitionAdded -> MAJOR 179, MINOR 6, PARTN 6
D/DirectVolume(  188): DirectVolume::handlePartitionAdded -> MAJOR 179, MINOR 7, PARTN 7
D/installd(  200): Upgrading to shared /data/media/obb
D/DirectVolume(  188): DirectVolume::handlePartitionAdded -> MAJOR 179, MINOR 8, PARTN 8
D/DirectVolume(  188): DirectVolume::handlePartitionAdded -> MAJOR 179, MINOR 9, PARTN 9
D/DirectVolume(  188): DirectVolume::handlePartitionAdded -> MAJOR 179, MINOR 10, PARTN 10
D/DirectVolume(  188): DirectVolume::handlePartitionAdded -> MAJOR 179, MINOR 11, PARTN 11
D/DirectVolume(  188): DirectVolume::handlePartitionAdded -> MAJOR 179, MINOR 12, PARTN 12
D/DirectVolume(  188): DirectVolume::handlePartitionAdded -> MAJOR 179, MINOR 13, PARTN 13
D/DirectVolume(  188): DirectVolume::handlePartitionAdded -> MAJOR 179, MINOR 14, PARTN 14
D/DirectVolume(  188): DirectVolume::handlePartitionAdded -> MAJOR 179, MINOR 15, PARTN 15
D/DirectVolume(  188): DirectVolume::handlePartitionAdded -> MAJOR 179, MINOR 16, PARTN 16
D/Vold    (  188): Volume sdcard state changing 2 (Pending) -> 1 (Idle-Unmounted)
D/Vold    (  188): Volume sdcard state changing 0 (No-Media) -> 2 (Pending)
D/DirectVolume(  188): DirectVolume::handlePartitionAdded -> MAJOR 179, MINOR 33, PARTN 1
D/Vold    (  188): Volume sdcard state changing 2 (Pending) -> 1 (Idle-Unmounted)
W/libc    (  206): WARNING: generic atexit() called from legacy shared library
I/SurfaceFlinger(  196): SurfaceFlinger is starting
I/SurfaceFlinger(  196): SurfaceFlinger's main thread ready to run. Initializing graphics H/W...
D/libEGL  (  196): loaded /system/lib/egl/libEGL_adreno200.so
D/libEGL  (  196): loaded /system/lib/egl/libGLESv1_CM_adreno200.so
D/libEGL  (  196): loaded /system/lib/egl/libGLESv2_adreno200.so
I/Adreno200-EGL(  196): <qeglDrvAPI_eglInitialize:294>: EGL 1.4 QUALCOMM build: AU_LINUX_ANDROID_JB.04.01.01.00.036_msm8960_JB_CL2644550_release_AU (CL2644550)
I/Adreno200-EGL(  196): Build Date: 07/31/12 Tue
I/Adreno200-EGL(  196): Local Branch: 
I/Adreno200-EGL(  196): Remote Branch: quic/master
I/Adreno200-EGL(  196): Local Patches: NONE
I/Adreno200-EGL(  196): Reconstruct Branch: AU_LINUX_ANDROID_JB.04.01.01.00.036 +  NOTHING
I/gralloc (  196): using (fd=15)
I/gralloc (  196): id           = msmfb303_90301
I/gralloc (  196): xres         = 480 px
I/gralloc (  196): yres         = 854 px
I/gralloc (  196): xres_virtual = 480 px
I/gralloc (  196): yres_virtual = 2565 px
I/gralloc (  196): bpp          = 32
I/gralloc (  196): r            = 24:8
I/gralloc (  196): g            = 16:8
I/gralloc (  196): b            =  8:8
I/gralloc (  196): width        = 76 mm (160.421051 dpi)
I/gralloc (  196): height       = 136 mm (159.497055 dpi)
I/gralloc (  196): refresh rate = 63.00 Hz
D/CALCFPS (  196): DEBUG_CALC_FPS: 0
D/CALCFPS (  196): period: 10
D/CALCFPS (  196): ignorethresh_us: 500000
D/CALCFPS (  196): DEBUG_CALC_FPS: 0
D/CALCFPS (  196): period: 10
D/CALCFPS (  196): ignorethresh_us: 500000
D/overlay (  196): initoverlay:: opening the device:: /dev/graphics/fb0
E/overlay (  196): ERROR: MSMFB_MIXER_INFO ioctl failed
D/overlay (  196): initoverlay:: opening the device:: /dev/graphics/fb1
I/hwcomposer(  196): Initializing Qualcomm Hardware Composer
I/hwcomposer(  196): MDP version: 303
I/hwcomposer(  196): DYN composition threshold : 2.000000
I/hwcomposer(  196): hwc_device_open: Faking hardware VSYNC
I/SurfaceFlinger(  196): Using composer version 1.0
I/hwcomposer(  196): Initializing UEvent Listener Thread
I/hwcomposer(  196): Initializing VSYNC Thread
W/SurfaceFlinger(  196): getting VSYNC period from fb HAL: 15873015
W/Adreno200-EGL(  196): <qeglDrvAPI_eglChooseConfig:780>: EGL_BAD_ATTRIBUTE
W/Adreno200-EGL(  196): <qeglDrvAPI_eglChooseConfig:780>: EGL_BAD_ATTRIBUTE
W/SurfaceFlinger(  196): no suitable EGLConfig found, trying a simpler query
I/SurfaceFlinger(  196): EGL informations:
I/SurfaceFlinger(  196): vendor    : Android
I/SurfaceFlinger(  196): version   : 1.4 Android META-EGL
I/SurfaceFlinger(  196): extensions: EGL_KHR_get_all_proc_addresses EGL_ANDROID_presentation_time EGL_KHR_image EGL_KHR_image_base EGL_KHR_lock_surface EGL_KHR_gl_texture_2D_image EGL_KHR_gl_texture_cubemap_image EGL_KHR_gl_renderbuffer_image EGL_KHR_fence_sync EGL_EXT_create_context_robustness EGL_ANDROID_image_native_buffer EGL_ANDROID_recordable 
I/SurfaceFlinger(  196): Client API: OpenGL_ES
I/SurfaceFlinger(  196): EGLSurface: 8-8-8-0, config=0x7
E/cutils-trace(  196): Error opening trace file: No such file or directory (2)
I/mediaserver(  199): ServiceManager: 0x41ee8508
I/AudioFlinger(  199): Using default 3000 mSec as standby time.
E/MediaPlayerFactory(  199): calling dlopen on FACTORY_LIB
E/MediaPlayerFactory(  199): Failed to open FACTORY_LIB Error : dlopen failed: library "libdashplayer.so" not found 
I/CameraService(  199): CameraService started (pid=199)
E/HAL     (  199): load: module=/system/lib/hw/camera.msm7x27a.so
E/HAL     (  199): dlopen failed: cannot locate symbol "_ZN7android10VectorImpl19reservedVectorImpl1Ev" referenced by "camera.msm7x27a.so"...
E/CameraService(  199): Could not load camera HAL module
I/SurfaceFlinger(  196): OpenGL ES informations:
I/SurfaceFlinger(  196): vendor    : Qualcomm
I/SurfaceFlinger(  196): renderer  : Adreno (TM) 200
I/SurfaceFlinger(  196): version   : OpenGL ES 2.0 AU_LINUX_ANDROID_JB.04.01.01.00.036 (CL2644550)
I/SurfaceFlinger(  196): extensions: GL_EXT_debug_marker GL_AMD_compressed_ATC_texture GL_AMD_performance_monitor GL_AMD_program_binary_Z400 GL_EXT_robustness GL_EXT_texture_format_BGRA8888 GL_EXT_texture_type_2_10_10_10_REV GL_NV_fence GL_OES_compressed_ETC1_RGB8_texture GL_OES_depth_texture GL_OES_depth24 GL_OES_EGL_image GL_OES_EGL_image_external GL_OES_element_index_uint GL_OES_fbo_render_mipmap GL_OES_fragment_precision_high GL_OES_get_program_binary GL_OES_packed_depth_stencil GL_OES_rgb8_rgba8 GL_OES_standard_derivatives GL_OES_texture_3D GL_OES_texture_float GL_OES_texture_half_float GL_OES_texture_half_float_linear GL_OES_texture_npot GL_OES_vertex_half_float GL_OES_vertex_type_10_10_10_2 GL_OES_vertex_array_object GL_QCOM_alpha_test GL_QCOM_binning_control GL_QCOM_driver_control GL_QCOM_perfmon_global_mode GL_QCOM_extended_get GL_QCOM_extended_get2 GL_QCOM_tiled_rendering GL_QCOM_writeonly_rendering GL_AMD_compressed_3DC_texture GL_EXT_texture_filter_anisotropic GL_ANGLE_framebuffer_multisample GL_ANGLE_framebuffer_blit 
I/SurfaceFlinger(  196): GL_MAX_TEXTURE_SIZE = 4096
I/SurfaceFlinger(  196): GL_MAX_VIEWPORT_DIMS = 4096
I/AudioPolicyManagerBase(  199): loadAudioPolicyConfig() loaded /system/etc/audio_policy.conf
I/AudioHardwareMSM76XXA(  199): get_audpp_filter
I/AudioHardwareMSM76XXA(  199): open /system/etc/AudioFilter.csv success.
I/AudioHardwareMSM76XXA(  199): EQ flag = 00.
E/AudioHardwareMSM76XXA(  199): audioeq library open failure
I/AudioHardwareMSM76XXA(  199): failed to set audpp parameters, exiting.
E/AudioHardwareMSM76XXA(  199): failed to open AUTO_VOLUME_CONTROL /system/etc/AutoVolumeControl.txt: No such file or directory (2)
D/AudioHardwareMSM76XXA(  199): Auto Volume Enabled= 0
I/AudioHardwareMSM76XXA(  199): Set master volume to 7.
D/AudioHardwareMSM76XXA(  199): rpc_snd_set_volume(0, 0, 7)
D/AudioHardwareMSM76XXA(  199): rpc_snd_set_volume(6, 0, 7)
D/AudioHardwareMSM76XXA(  199): rpc_snd_set_volume(-1, 0, 7)
D/AudioHardwareMSM76XXA(  199): rpc_snd_set_volume(12, 0, 7)
D/AudioHardwareMSM76XXA(  199): rpc_snd_set_volume(3, 0, 7)
D/SurfaceFlinger(  196): Screen acquired, type=0 flinger=0x400b1008
D/AudioHardwareMSM76XXA(  199): rpc_snd_set_volume(16, 0, 7)
D/AudioHardwareMSM76XXA(  199): rpc_snd_set_volume(25, 0, 7)
D/AudioHardwareMSM76XXA(  199): rpc_snd_set_volume(8, 0, 1)
D/AudioHardwareMSM76XXA(  199): rpc_snd_set_volume(9, 0, 1)
I/AudioFlinger(  199): loadHwModule() Loaded primary audio interface from QCOM Audio HW HAL (audio) handle 1
I/AudioFlinger(  199): HAL output buffer size 1200 frames, normal mix buffer size 1200 frames
I/AudioMixer(  199): found effect "Multichannel Downmix To Stereo" from The Android Open Source Project
I/AudioFlinger(  199): Using module 1 has the primary audio interface
D/AudioHardwareInterface(  199): setMode(NORMAL)
I/AudioFlinger(  199): AudioFlinger's thread 0x4073f008 ready to run
W/AudioFlinger(  199): Thread AudioOut_2 cannot connect to the power manager service
I/AudioHardwareMSM76XXA(  199): Routing audio to Speakerphone
W/AudioHardwareMSM76XXA(  199): rpc_snd_set_device(6, 1, 1)
D/AudioHardwareMSM76XXA(  199): setVoiceVolume(0.400000)
I/AudioHardwareMSM76XXA(  199): Setting in-call volume to 2 (available range is 2 to 7)
D/AudioHardwareMSM76XXA(  199): rpc_snd_set_volume(2147483646, 0, 2)
W/AudioFlinger(  199): Thread AudioOut_2 cannot connect to the power manager service
W/AudioFlinger(  199): Thread AudioOut_2 cannot connect to the power manager service
E/AudioFlinger(  199): no wake lock to update!
I/audio_a2dp_hw(  199): adev_open:  adev_open in A2dp_hw module
I/AudioFlinger(  199): loadHwModule() Loaded a2dp audio interface from A2DP Audio HW HAL (audio) handle 3
I/AudioPolicyService(  199): Loaded audio policy from QCOM Audio Policy HAL (audio_policy)
D/libEGL  (  304): loaded /system/lib/egl/libEGL_adreno200.so
D/libEGL  (  304): loaded /system/lib/egl/libGLESv1_CM_adreno200.so
D/libEGL  (  304): loaded /system/lib/egl/libGLESv2_adreno200.so
I/Adreno200-EGL(  304): <qeglDrvAPI_eglInitialize:294>: EGL 1.4 QUALCOMM build: AU_LINUX_ANDROID_JB.04.01.01.00.036_msm8960_JB_CL2644550_release_AU (CL2644550)
I/Adreno200-EGL(  304): Build Date: 07/31/12 Tue
I/Adreno200-EGL(  304): Local Branch: 
I/Adreno200-EGL(  304): Remote Branch: quic/master
I/Adreno200-EGL(  304): Local Patches: NONE
I/Adreno200-EGL(  304): Reconstruct Branch: AU_LINUX_ANDROID_JB.04.01.01.00.036 +  NOTHING
E/cutils-trace(  304): Error opening trace file: No such file or directory (2)
W/SurfaceFlinger(  196): HWC_FRAMEBUFFER_TARGET found in hwc list (index=0)
W/SurfaceFlinger(  196): HWC_FRAMEBUFFER_TARGET found in hwc list (index=0)
W/SurfaceFlinger(  196): HWC_FRAMEBUFFER_TARGET found in hwc list (index=0)
D/AndroidRuntime(  197): 
D/AndroidRuntime(  197): >>>>>> AndroidRuntime START com.android.internal.os.ZygoteInit <<<<<<
D/AndroidRuntime(  197): CheckJNI is OFF
W/SurfaceFlinger(  196): HWC_FRAMEBUFFER_TARGET found in hwc list (index=0)
W/SurfaceFlinger(  196): HWC_FRAMEBUFFER_TARGET found in hwc list (index=0)
W/SurfaceFlinger(  196): HWC_FRAMEBUFFER_TARGET found in hwc list (index=0)
W/SurfaceFlinger(  196): HWC_FRAMEBUFFER_TARGET found in hwc list (index=0)
W/SurfaceFlinger(  196): HWC_FRAMEBUFFER_TARGET found in hwc list (index=0)
W/SurfaceFlinger(  196): HWC_FRAMEBUFFER_TARGET found in hwc list (index=0)
D/dalvikvm(  197): DexOpt: --- BEGIN 'core.jar' (bootstrap=1) ---
W/SurfaceFlinger(  196): HWC_FRAMEBUFFER_TARGET found in hwc list (index=0)
W/SurfaceFlinger(  196): HWC_FRAMEBUFFER_TARGET found in hwc list (index=0)
W/SurfaceFlinger(  196): HWC_FRAMEBUFFER_TARGET found in hwc list (index=0)
W/SurfaceFlinger(  196): HWC_FRAMEBUFFER_TARGET found in hwc list (index=0)
W/SurfaceFlinger(  196): HWC_FRAMEBUFFER_TARGET found in hwc list (index=0)
W/SurfaceFlinger(  196): HWC_FRAMEBUFFER_TARGET found in hwc list (index=0)
W/SurfaceFlinger(  196): HWC_FRAMEBUFFER_TARGET found in hwc list (index=0)
W/SurfaceFlinger(  196): HWC_FRAMEBUFFER_TARGET found in hwc list (index=0)
W/SurfaceFlinger(  196): HWC_FRAMEBUFFER_TARGET found in hwc list (index=0)
W/SurfaceFlinger(  196): HWC_FRAMEBUFFER_TARGET found in hwc list (index=0)
W/SurfaceFlinger(  196): HWC_FRAMEBUFFER_TARGET found in hwc list (index=0)
W/SurfaceFlinger(  196): HWC_FRAMEBUFFER_TARGET found in hwc list (index=0)
W/SurfaceFlinger(  196): HWC_FRAMEBUFFER_TARGET found in hwc list (index=0)
W/SurfaceFlinger(  196): HWC_FRAMEBUFFER_TARGET found in hwc list (index=0)
D/dalvikvm(  363): Ignoring duplicate verify attempt on Ljava/lang/Object;
W/SurfaceFlinger(  196): HWC_FRAMEBUFFER_TARGET found in hwc list (index=0)
W/SurfaceFlinger(  196): HWC_FRAMEBUFFER_TARGET found in hwc list (index=0)
W/SurfaceFlinger(  196): HWC_FRAMEBUFFER_TARGET found in hwc list (index=0)
W/SurfaceFlinger(  196): HWC_FRAMEBUFFER_TARGET found in hwc list (index=0)
W/SurfaceFlinger(  196): HWC_FRAMEBUFFER_TARGET found in hwc list (index=0)
W/SurfaceFlinger(  196): HWC_FRAMEBUFFER_TARGET found in hwc list (index=0)
W/SurfaceFlinger(  196): HWC_FRAMEBUFFER_TARGET found in hwc list (index=0)
D/dalvikvm(  363): Ignoring duplicate verify attempt on Ljava/lang/Class;
D/dalvikvm(  363): Ignoring duplicate verify attempt on Ljava/lang/ref/Reference;
W/SurfaceFlinger(  196): HWC_FRAMEBUFFER_TARGET found in hwc list (index=0)
D/dalvikvm(  363): Ignoring duplicate verify attempt on Ljava/lang/ref/ReferenceQueue;
W/SurfaceFlinger(  196): HWC_FRAMEBUFFER_TARGET found in hwc list (index=0)
D/dalvikvm(  363): Ignoring duplicate verify attempt on Ljava/lang/ref/FinalizerReference;
I/auditd  (  409): Starting up
W/SurfaceFlinger(  196): HWC_FRAMEBUFFER_TARGET found in hwc list (index=0)
E/auditd  (  409): Failed on audit_set_pid with error: Protocol not supported
I/auditd  (  409): Exiting
W/SurfaceFlinger(  196): HWC_FRAMEBUFFER_TARGET found in hwc list (index=0)
W/SurfaceFlinger(  196): HWC_FRAMEBUFFER_TARGET found in hwc list (index=0)
W/SurfaceFlinger(  196): HWC_FRAMEBUFFER_TARGET found in hwc list (index=0)
W/SurfaceFlinger(  196): HWC_FRAMEBUFFER_TARGET found in hwc list (index=0)
W/SurfaceFlinger(  196): HWC_FRAMEBUFFER_TARGET found in hwc list (index=0)
W/SurfaceFlinger(  196): HWC_FRAMEBUFFER_TARGET found in hwc list (index=0)
W/SurfaceFlinger(  196): HWC_FRAMEBUFFER_TARGET found in hwc list (index=0)
W/SurfaceFlinger(  196): HWC_FRAMEBUFFER_TARGET found in hwc list (index=0)
W/libc    (  206): WARNING: generic atexit() called from legacy shared library
W/SurfaceFlinger(  196): HWC_FRAMEBUFFER_TARGET found in hwc list (index=0)
W/SurfaceFlinger(  196): HWC_FRAMEBUFFER_TARGET found in hwc list (index=0)
W/SurfaceFlinger(  196): HWC_FRAMEBUFFER_TARGET found in hwc list (index=0)
W/SurfaceFlinger(  196): HWC_FRAMEBUFFER_TARGET found in hwc list (index=0)
W/SurfaceFlinger(  196): HWC_FRAMEBUFFER_TARGET found in hwc list (index=0)
W/SurfaceFlinger(  196): HWC_FRAMEBUFFER_TARGET found in hwc list (index=0)
W/SurfaceFlinger(  196): HWC_FRAMEBUFFER_TARGET found in hwc list (index=0)
W/SurfaceFlinger(  196): HWC_FRAMEBUFFER_TARGET found in hwc list (index=0)
W/SurfaceFlinger(  196): HWC_FRAMEBUFFER_TARGET found in hwc list (index=0)
W/libc    (  206): WARNING: generic atexit() called from legacy shared library
W/libc    (  206): WARNING: generic atexit() called from legacy shared library
W/SurfaceFlinger(  196): HWC_FRAMEBUFFER_TARGET found in hwc list (index=0)
W/SurfaceFlinger(  196): HWC_FRAMEBUFFER_TARGET found in hwc list (index=0)
W/SurfaceFlinger(  196): HWC_FRAMEBUFFER_TARGET found in hwc list (index=0)
W/SurfaceFlinger(  196): HWC_FRAMEBUFFER_TARGET found in hwc list (index=0)
W/SurfaceFlinger(  196): HWC_FRAMEBUFFER_TARGET found in hwc list (index=0)
W/SurfaceFlinger(  196): HWC_FRAMEBUFFER_TARGET found in hwc list (index=0)
W/SurfaceFlinger(  196): HWC_FRAMEBUFFER_TARGET found in hwc list (index=0)
W/SurfaceFlinger(  196): HWC_FRAMEBUFFER_TARGET found in hwc list (index=0)
V/NatController(  190): runCmd(/system/bin/iptables -F natctrl_FORWARD) res=0
V/NatController(  190): runCmd(/system/bin/iptables -A natctrl_FORWARD -j DROP) res=0
W/SurfaceFlinger(  196): HWC_FRAMEBUFFER_TARGET found in hwc list (index=0)
V/NatController(  190): runCmd(/system/bin/iptables -t nat -F natctrl_nat_POSTROUTING) res=0
V/NatController(  190): runCmd(/system/bin/ip rule flush) res=0
W/SurfaceFlinger(  196): HWC_FRAMEBUFFER_TARGET found in hwc list (index=0)
V/NatController(  190): runCmd(/system/bin/ip -6 rule flush) res=0
V/NatController(  190): runCmd(/system/bin/ip rule add from all lookup default prio 32767) res=0
W/SurfaceFlinger(  196): HWC_FRAMEBUFFER_TARGET found in hwc list (index=0)
V/NatController(  190): runCmd(/system/bin/ip rule add from all lookup main prio 32766) res=0
V/NatController(  190): runCmd(/system/bin/ip -6 rule add from all lookup default prio 32767) res=0
W/SurfaceFlinger(  196): HWC_FRAMEBUFFER_TARGET found in hwc list (index=0)
V/NatController(  190): runCmd(/system/bin/ip -6 rule add from all lookup main prio 32766) res=0
V/NatController(  190): runCmd(/system/bin/ip route flush cache) res=0
W/SurfaceFlinger(  196): HWC_FRAMEBUFFER_TARGET found in hwc list (index=0)
V/NatController(  190): runCmd(/system/bin/iptables -F natctrl_FORWARD) res=0
W/libc    (  192): WARNING: generic atexit() called from legacy shared library
V/NatController(  190): runCmd(/system/bin/iptables -t nat -F natctrl_nat_POSTROUTING) res=0
V/NatController(  190): runCmd(/system/bin/ip route flush cache) res=0
V/NatController(  190): runCmd(/system/bin/iptables -F natctrl_tether_counters) res=1
W/SurfaceFlinger(  196): HWC_FRAMEBUFFER_TARGET found in hwc list (index=0)
V/NatController(  190): runCmd(/system/bin/iptables -X natctrl_tether_counters) res=1
V/NatController(  190): runCmd(/system/bin/iptables -N natctrl_tether_counters) res=0
W/SurfaceFlinger(  196): HWC_FRAMEBUFFER_TARGET found in hwc list (index=0)
W/SurfaceFlinger(  196): HWC_FRAMEBUFFER_TARGET found in hwc list (index=0)
W/SurfaceFlinger(  196): HWC_FRAMEBUFFER_TARGET found in hwc list (index=0)
W/SurfaceFlinger(  196): HWC_FRAMEBUFFER_TARGET found in hwc list (index=0)
W/SurfaceFlinger(  196): HWC_FRAMEBUFFER_TARGET found in hwc list (index=0)
W/SurfaceFlinger(  196): HWC_FRAMEBUFFER_TARGET found in hwc list (index=0)
D/dalvikvm(  363): DexOpt: load 267ms, verify+opt 3653ms, 1510172 bytes
W/SurfaceFlinger(  196): HWC_FRAMEBUFFER_TARGET found in hwc list (index=0)
W/SurfaceFlinger(  196): HWC_FRAMEBUFFER_TARGET found in hwc list (index=0)
W/SurfaceFlinger(  196): HWC_FRAMEBUFFER_TARGET found in hwc list (index=0)
W/SurfaceFlinger(  196): HWC_FRAMEBUFFER_TARGET found in hwc list (index=0)
D/dalvikvm(  197): DexOpt: --- END 'core.jar' (success) ---
D/dalvikvm(  197): DEX prep '/system/framework/core.jar': unzip in 443ms, rewrite 4934ms
W/SurfaceFlinger(  196): HWC_FRAMEBUFFER_TARGET found in hwc list (index=0)
D/dalvikvm(  197): DexOpt: --- BEGIN 'conscrypt.jar' (bootstrap=1) ---
W/SurfaceFlinger(  196): HWC_FRAMEBUFFER_TARGET found in hwc list (index=0)
W/SurfaceFlinger(  196): HWC_FRAMEBUFFER_TARGET found in hwc list (index=0)
W/SurfaceFlinger(  196): HWC_FRAMEBUFFER_TARGET found in hwc list (index=0)
W/SurfaceFlinger(  196): HWC_FRAMEBUFFER_TARGET found in hwc list (index=0)
W/SurfaceFlinger(  196): HWC_FRAMEBUFFER_TARGET found in hwc list (index=0)
W/SurfaceFlinger(  196): HWC_FRAMEBUFFER_TARGET found in hwc list (index=0)
W/SurfaceFlinger(  196): HWC_FRAMEBUFFER_TARGET found in hwc list (index=0)
W/SurfaceFlinger(  196): HWC_FRAMEBUFFER_TARGET found in hwc list (index=0)
W/SurfaceFlinger(  196): HWC_FRAMEBUFFER_TARGET found in hwc list (index=0)
D/dalvikvm(  559): DexOpt: load 39ms, verify+opt 511ms, 420548 bytes
W/SurfaceFlinger(  196): HWC_FRAMEBUFFER_TARGET found in hwc list (index=0)
D/dalvikvm(  197): DexOpt: --- END 'conscrypt.jar' (success) ---
D/dalvikvm(  197): DEX prep '/system/framework/conscrypt.jar': unzip in 40ms, rewrite 860ms
W/SurfaceFlinger(  196): HWC_FRAMEBUFFER_TARGET found in hwc list (index=0)
D/dalvikvm(  197): DexOpt: --- BEGIN 'okhttp.jar' (bootstrap=1) ---
W/SurfaceFlinger(  196): HWC_FRAMEBUFFER_TARGET found in hwc list (index=0)
W/SurfaceFlinger(  196): HWC_FRAMEBUFFER_TARGET found in hwc list (index=0)
W/SurfaceFlinger(  196): HWC_FRAMEBUFFER_TARGET found in hwc list (index=0)
W/SurfaceFlinger(  196): HWC_FRAMEBUFFER_TARGET found in hwc list (index=0)
W/SurfaceFlinger(  196): HWC_FRAMEBUFFER_TARGET found in hwc list (index=0)
D/dalvikvm(  585): DexOpt: load 33ms, verify+opt 289ms, 344196 bytes
W/SurfaceFlinger(  196): HWC_FRAMEBUFFER_TARGET found in hwc list (index=0)
D/MDnsDS  (  190): MDnsSdListener::Hander starting up
D/MDnsDS  (  190): MDnsSdListener starting to monitor
D/MDnsDS  (  190): Going to poll with pollCount 1
W/SurfaceFlinger(  196): HWC_FRAMEBUFFER_TARGET found in hwc list (index=0)
D/dalvikvm(  197): DexOpt: --- END 'okhttp.jar' (success) ---
D/dalvikvm(  197): DEX prep '/system/framework/okhttp.jar': unzip in 20ms, rewrite 557ms
D/dalvikvm(  197): DexOpt: --- BEGIN 'core-junit.jar' (bootstrap=1) ---
W/SurfaceFlinger(  196): HWC_FRAMEBUFFER_TARGET found in hwc list (index=0)
W/SurfaceFlinger(  196): HWC_FRAMEBUFFER_TARGET found in hwc list (index=0)
D/dalvikvm(  608): DexOpt: load 4ms, verify+opt 29ms, 144188 bytes
W/SurfaceFlinger(  196): HWC_FRAMEBUFFER_TARGET found in hwc list (index=0)
D/dalvikvm(  197): DexOpt: --- END 'core-junit.jar' (success) ---
D/dalvikvm(  197): DEX prep '/system/framework/core-junit.jar': unzip in 1ms, rewrite 133ms
W/SurfaceFlinger(  196): HWC_FRAMEBUFFER_TARGET found in hwc list (index=0)
W/SurfaceFlinger(  196): HWC_FRAMEBUFFER_TARGET found in hwc list (index=0)
D/dalvikvm(  197): DexOpt: --- BEGIN 'bouncycastle.jar' (bootstrap=1) ---
W/SurfaceFlinger(  196): HWC_FRAMEBUFFER_TARGET found in hwc list (index=0)
W/SurfaceFlinger(  196): HWC_FRAMEBUFFER_TARGET found in hwc list (index=0)
W/SurfaceFlinger(  196): HWC_FRAMEBUFFER_TARGET found in hwc list (index=0)
W/SurfaceFlinger(  196): HWC_FRAMEBUFFER_TARGET found in hwc list (index=0)
W/SurfaceFlinger(  196): HWC_FRAMEBUFFER_TARGET found in hwc list (index=0)
W/SurfaceFlinger(  196): HWC_FRAMEBUFFER_TARGET found in hwc list (index=0)
W/SurfaceFlinger(  196): HWC_FRAMEBUFFER_TARGET found in hwc list (index=0)
W/SurfaceFlinger(  196): HWC_FRAMEBUFFER_TARGET found in hwc list (index=0)
W/SurfaceFlinger(  196): HWC_FRAMEBUFFER_TARGET found in hwc list (index=0)
W/SurfaceFlinger(  196): HWC_FRAMEBUFFER_TARGET found in hwc list (index=0)
W/SurfaceFlinger(  196): HWC_FRAMEBUFFER_TARGET found in hwc list (index=0)
W/SurfaceFlinger(  196): HWC_FRAMEBUFFER_TARGET found in hwc list (index=0)
W/SurfaceFlinger(  196): HWC_FRAMEBUFFER_TARGET found in hwc list (index=0)
W/SurfaceFlinger(  196): HWC_FRAMEBUFFER_TARGET found in hwc list (index=0)
W/SurfaceFlinger(  196): HWC_FRAMEBUFFER_TARGET found in hwc list (index=0)
I/auditd  (  610): Starting up
E/auditd  (  610): Failed on audit_set_pid with error: Protocol not supported
I/auditd  (  610): Exiting
W/SurfaceFlinger(  196): HWC_FRAMEBUFFER_TARGET found in hwc list (index=0)
W/SurfaceFlinger(  196): HWC_FRAMEBUFFER_TARGET found in hwc list (index=0)
W/SurfaceFlinger(  196): HWC_FRAMEBUFFER_TARGET found in hwc list (index=0)
W/SurfaceFlinger(  196): HWC_FRAMEBUFFER_TARGET found in hwc list (index=0)
W/SurfaceFlinger(  196): HWC_FRAMEBUFFER_TARGET found in hwc list (index=0)
W/SurfaceFlinger(  196): HWC_FRAMEBUFFER_TARGET found in hwc list (index=0)
W/SurfaceFlinger(  196): HWC_FRAMEBUFFER_TARGET found in hwc list (index=0)
D/dalvikvm(  609): DexOpt: load 38ms, verify+opt 523ms, 694804 bytes
W/SurfaceFlinger(  196): HWC_FRAMEBUFFER_TARGET found in hwc list (index=0)
W/SurfaceFlinger(  196): HWC_FRAMEBUFFER_TARGET found in hwc list (index=0)
W/SurfaceFlinger(  196): HWC_FRAMEBUFFER_TARGET found in hwc list (index=0)
W/SurfaceFlinger(  196): HWC_FRAMEBUFFER_TARGET found in hwc list (index=0)
W/SurfaceFlinger(  196): HWC_FRAMEBUFFER_TARGET found in hwc list (index=0)
D/dalvikvm(  197): DexOpt: --- END 'bouncycastle.jar' (success) ---
D/dalvikvm(  197): DEX prep '/system/framework/bouncycastle.jar': unzip in 56ms, rewrite 842ms
W/SurfaceFlinger(  196): HWC_FRAMEBUFFER_TARGET found in hwc list (index=0)
W/SurfaceFlinger(  196): HWC_FRAMEBUFFER_TARGET found in hwc list (index=0)
W/SurfaceFlinger(  196): HWC_FRAMEBUFFER_TARGET found in hwc list (index=0)
D/dalvikvm(  197): DexOpt: --- BEGIN 'ext.jar' (bootstrap=1) ---
W/SurfaceFlinger(  196): HWC_FRAMEBUFFER_TARGET found in hwc list (index=0)
W/SurfaceFlinger(  196): HWC_FRAMEBUFFER_TARGET found in hwc list (index=0)
W/SurfaceFlinger(  196): HWC_FRAMEBUFFER_TARGET found in hwc list (index=0)
W/SurfaceFlinger(  196): HWC_FRAMEBUFFER_TARGET found in hwc list (index=0)
W/SurfaceFlinger(  196): HWC_FRAMEBUFFER_TARGET found in hwc list (index=0)
W/SurfaceFlinger(  196): HWC_FRAMEBUFFER_TARGET found in hwc list (index=0)
W/SurfaceFlinger(  196): HWC_FRAMEBUFFER_TARGET found in hwc list (index=0)
W/SurfaceFlinger(  196): HWC_FRAMEBUFFER_TARGET found in hwc list (index=0)
W/SurfaceFlinger(  196): HWC_FRAMEBUFFER_TARGET found in hwc list (index=0)
W/SurfaceFlinger(  196): HWC_FRAMEBUFFER_TARGET found in hwc list (index=0)
W/SurfaceFlinger(  196): HWC_FRAMEBUFFER_TARGET found in hwc list (index=0)
W/SurfaceFlinger(  196): HWC_FRAMEBUFFER_TARGET found in hwc list (index=0)
W/SurfaceFlinger(  196): HWC_FRAMEBUFFER_TARGET found in hwc list (index=0)
W/SurfaceFlinger(  196): HWC_FRAMEBUFFER_TARGET found in hwc list (index=0)
W/SurfaceFlinger(  196): HWC_FRAMEBUFFER_TARGET found in hwc list (index=0)
W/SurfaceFlinger(  196): HWC_FRAMEBUFFER_TARGET found in hwc list (index=0)
W/SurfaceFlinger(  196): HWC_FRAMEBUFFER_TARGET found in hwc list (index=0)
W/SurfaceFlinger(  196): HWC_FRAMEBUFFER_TARGET found in hwc list (index=0)
W/SurfaceFlinger(  196): HWC_FRAMEBUFFER_TARGET found in hwc list (index=0)
W/SurfaceFlinger(  196): HWC_FRAMEBUFFER_TARGET found in hwc list (index=0)
W/SurfaceFlinger(  196): HWC_FRAMEBUFFER_TARGET found in hwc list (index=0)
W/SurfaceFlinger(  196): HWC_FRAMEBUFFER_TARGET found in hwc list (index=0)
W/SurfaceFlinger(  196): HWC_FRAMEBUFFER_TARGET found in hwc list (index=0)
W/SurfaceFlinger(  196): HWC_FRAMEBUFFER_TARGET found in hwc list (index=0)
W/SurfaceFlinger(  196): HWC_FRAMEBUFFER_TARGET found in hwc list (index=0)
W/SurfaceFlinger(  196): HWC_FRAMEBUFFER_TARGET found in hwc list (index=0)
W/SurfaceFlinger(  196): HWC_FRAMEBUFFER_TARGET found in hwc list (index=0)
W/SurfaceFlinger(  196): HWC_FRAMEBUFFER_TARGET found in hwc list (index=0)
W/SurfaceFlinger(  196): HWC_FRAMEBUFFER_TARGET found in hwc list (index=0)
W/SurfaceFlinger(  196): HWC_FRAMEBUFFER_TARGET found in hwc list (index=0)
D/dalvikvm(  613): DexOpt: load 59ms, verify+opt 736ms, 943100 bytes
W/SurfaceFlinger(  196): HWC_FRAMEBUFFER_TARGET found in hwc list (index=0)
W/SurfaceFlinger(  196): HWC_FRAMEBUFFER_TARGET found in hwc list (index=0)
W/SurfaceFlinger(  196): HWC_FRAMEBUFFER_TARGET found in hwc list (index=0)
W/SurfaceFlinger(  196): HWC_FRAMEBUFFER_TARGET found in hwc list (index=0)
W/SurfaceFlinger(  196): HWC_FRAMEBUFFER_TARGET found in hwc list (index=0)
D/dalvikvm(  197): DexOpt: --- END 'ext.jar' (success) ---
D/dalvikvm(  197): DEX prep '/system/framework/ext.jar': unzip in 77ms, rewrite 1125ms
W/SurfaceFlinger(  196): HWC_FRAMEBUFFER_TARGET found in hwc list (index=0)
W/SurfaceFlinger(  196): HWC_FRAMEBUFFER_TARGET found in hwc list (index=0)
W/SurfaceFlinger(  196): HWC_FRAMEBUFFER_TARGET found in hwc list (index=0)
W/SurfaceFlinger(  196): HWC_FRAMEBUFFER_TARGET found in hwc list (index=0)
W/SurfaceFlinger(  196): HWC_FRAMEBUFFER_TARGET found in hwc list (index=0)
W/SurfaceFlinger(  196): HWC_FRAMEBUFFER_TARGET found in hwc list (index=0)
W/SurfaceFlinger(  196): HWC_FRAMEBUFFER_TARGET found in hwc list (index=0)
W/SurfaceFlinger(  196): HWC_FRAMEBUFFER_TARGET found in hwc list (index=0)
W/SurfaceFlinger(  196): HWC_FRAMEBUFFER_TARGET found in hwc list (index=0)
W/SurfaceFlinger(  196): HWC_FRAMEBUFFER_TARGET found in hwc list (index=0)
W/SurfaceFlinger(  196): HWC_FRAMEBUFFER_TARGET found in hwc list (index=0)
W/SurfaceFlinger(  196): HWC_FRAMEBUFFER_TARGET found in hwc list (index=0)
W/SurfaceFlinger(  196): HWC_FRAMEBUFFER_TARGET found in hwc list (index=0)
W/SurfaceFlinger(  196): HWC_FRAMEBUFFER_TARGET found in hwc list (index=0)
W/SurfaceFlinger(  196): HWC_FRAMEBUFFER_TARGET found in hwc list (index=0)
D/dalvikvm(  197): DexOpt: --- BEGIN 'framework.jar' (bootstrap=1) ---
W/SurfaceFlinger(  196): HWC_FRAMEBUFFER_TARGET found in hwc list (index=0)
W/SurfaceFlinger(  196): HWC_FRAMEBUFFER_TARGET found in hwc list (index=0)
W/SurfaceFlinger(  196): HWC_FRAMEBUFFER_TARGET found in hwc list (index=0)
W/SurfaceFlinger(  196): HWC_FRAMEBUFFER_TARGET found in hwc list (index=0)
W/SurfaceFlinger(  196): HWC_FRAMEBUFFER_TARGET found in hwc list (index=0)
W/SurfaceFlinger(  196): HWC_FRAMEBUFFER_TARGET found in hwc list (index=0)
W/SurfaceFlinger(  196): HWC_FRAMEBUFFER_TARGET found in hwc list (index=0)
W/SurfaceFlinger(  196): HWC_FRAMEBUFFER_TARGET found in hwc list (index=0)
W/SurfaceFlinger(  196): HWC_FRAMEBUFFER_TARGET found in hwc list (index=0)
W/SurfaceFlinger(  196): HWC_FRAMEBUFFER_TARGET found in hwc list (index=0)
W/SurfaceFlinger(  196): HWC_FRAMEBUFFER_TARGET found in hwc list (index=0)
W/SurfaceFlinger(  196): HWC_FRAMEBUFFER_TARGET found in hwc list (index=0)
W/SurfaceFlinger(  196): HWC_FRAMEBUFFER_TARGET found in hwc list (index=0)
W/SurfaceFlinger(  196): HWC_FRAMEBUFFER_TARGET found in hwc list (index=0)
W/SurfaceFlinger(  196): HWC_FRAMEBUFFER_TARGET found in hwc list (index=0)
W/SurfaceFlinger(  196): HWC_FRAMEBUFFER_TARGET found in hwc list (index=0)
W/SurfaceFlinger(  196): HWC_FRAMEBUFFER_TARGET found in hwc list (index=0)
W/SurfaceFlinger(  196): HWC_FRAMEBUFFER_TARGET found in hwc list (index=0)
W/SurfaceFlinger(  196): HWC_FRAMEBUFFER_TARGET found in hwc list (index=0)
W/SurfaceFlinger(  196): HWC_FRAMEBUFFER_TARGET found in hwc list (index=0)
W/SurfaceFlinger(  196): HWC_FRAMEBUFFER_TARGET found in hwc list (index=0)
W/SurfaceFlinger(  196): HWC_FRAMEBUFFER_TARGET found in hwc list (index=0)
W/SurfaceFlinger(  196): HWC_FRAMEBUFFER_TARGET found in hwc list (index=0)
W/SurfaceFlinger(  196): HWC_FRAMEBUFFER_TARGET found in hwc list (index=0)
W/SurfaceFlinger(  196): HWC_FRAMEBUFFER_TARGET found in hwc list (index=0)
W/SurfaceFlinger(  196): HWC_FRAMEBUFFER_TARGET found in hwc list (index=0)
D/dalvikvm(  614): Note: class Landroid/app/ActivityManagerNative; has 180 unimplemented (abstract) methods
W/SurfaceFlinger(  196): HWC_FRAMEBUFFER_TARGET found in hwc list (index=0)
W/SurfaceFlinger(  196): HWC_FRAMEBUFFER_TARGET found in hwc list (index=0)
W/SurfaceFlinger(  196): HWC_FRAMEBUFFER_TARGET found in hwc list (index=0)
W/SurfaceFlinger(  196): HWC_FRAMEBUFFER_TARGET found in hwc list (index=0)
W/SurfaceFlinger(  196): HWC_FRAMEBUFFER_TARGET found in hwc list (index=0)
W/SurfaceFlinger(  196): HWC_FRAMEBUFFER_TARGET found in hwc list (index=0)
W/SurfaceFlinger(  196): HWC_FRAMEBUFFER_TARGET found in hwc list (index=0)
W/SurfaceFlinger(  196): HWC_FRAMEBUFFER_TARGET found in hwc list (index=0)
W/SurfaceFlinger(  196): HWC_FRAMEBUFFER_TARGET found in hwc list (index=0)
W/SurfaceFlinger(  196): HWC_FRAMEBUFFER_TARGET found in hwc list (index=0)
W/SurfaceFlinger(  196): HWC_FRAMEBUFFER_TARGET found in hwc list (index=0)
W/SurfaceFlinger(  196): HWC_FRAMEBUFFER_TARGET found in hwc list (index=0)
W/SurfaceFlinger(  196): HWC_FRAMEBUFFER_TARGET found in hwc list (index=0)
W/SurfaceFlinger(  196): HWC_FRAMEBUFFER_TARGET found in hwc list (index=0)
W/SurfaceFlinger(  196): HWC_FRAMEBUFFER_TARGET found in hwc list (index=0)
W/SurfaceFlinger(  196): HWC_FRAMEBUFFER_TARGET found in hwc list (index=0)
W/SurfaceFlinger(  196): HWC_FRAMEBUFFER_TARGET found in hwc list (index=0)
W/SurfaceFlinger(  196): HWC_FRAMEBUFFER_TARGET found in hwc list (index=0)
W/SurfaceFlinger(  196): HWC_FRAMEBUFFER_TARGET found in hwc list (index=0)
W/SurfaceFlinger(  196): HWC_FRAMEBUFFER_TARGET found in hwc list (index=0)
W/SurfaceFlinger(  196): HWC_FRAMEBUFFER_TARGET found in hwc list (index=0)
W/SurfaceFlinger(  196): HWC_FRAMEBUFFER_TARGET found in hwc list (index=0)
W/SurfaceFlinger(  196): HWC_FRAMEBUFFER_TARGET found in hwc list (index=0)
W/SurfaceFlinger(  196): HWC_FRAMEBUFFER_TARGET found in hwc list (index=0)
W/SurfaceFlinger(  196): HWC_FRAMEBUFFER_TARGET found in hwc list (index=0)
W/SurfaceFlinger(  196): HWC_FRAMEBUFFER_TARGET found in hwc list (index=0)
W/SurfaceFlinger(  196): HWC_FRAMEBUFFER_TARGET found in hwc list (index=0)
W/SurfaceFlinger(  196): HWC_FRAMEBUFFER_TARGET found in hwc list (index=0)
W/SurfaceFlinger(  196): HWC_FRAMEBUFFER_TARGET found in hwc list (index=0)
W/SurfaceFlinger(  196): HWC_FRAMEBUFFER_TARGET found in hwc list (index=0)
W/SurfaceFlinger(  196): HWC_FRAMEBUFFER_TARGET found in hwc list (index=0)
W/SurfaceFlinger(  196): HWC_FRAMEBUFFER_TARGET found in hwc list (index=0)
W/SurfaceFlinger(  196): HWC_FRAMEBUFFER_TARGET found in hwc list (index=0)
W/SurfaceFlinger(  196): HWC_FRAMEBUFFER_TARGET found in hwc list (index=0)
W/SurfaceFlinger(  196): HWC_FRAMEBUFFER_TARGET found in hwc list (index=0)
W/SurfaceFlinger(  196): HWC_FRAMEBUFFER_TARGET found in hwc list (index=0)
W/SurfaceFlinger(  196): HWC_FRAMEBUFFER_TARGET found in hwc list (index=0)
W/SurfaceFlinger(  196): HWC_FRAMEBUFFER_TARGET found in hwc list (index=0)
W/SurfaceFlinger(  196): HWC_FRAMEBUFFER_TARGET found in hwc list (index=0)
W/SurfaceFlinger(  196): HWC_FRAMEBUFFER_TARGET found in hwc list (index=0)
W/SurfaceFlinger(  196): HWC_FRAMEBUFFER_TARGET found in hwc list (index=0)
W/SurfaceFlinger(  196): HWC_FRAMEBUFFER_TARGET found in hwc list (index=0)
W/SurfaceFlinger(  196): HWC_FRAMEBUFFER_TARGET found in hwc list (index=0)
W/SurfaceFlinger(  196): HWC_FRAMEBUFFER_TARGET found in hwc list (index=0)
W/SurfaceFlinger(  196): HWC_FRAMEBUFFER_TARGET found in hwc list (index=0)
W/SurfaceFlinger(  196): HWC_FRAMEBUFFER_TARGET found in hwc list (index=0)
W/SurfaceFlinger(  196): HWC_FRAMEBUFFER_TARGET found in hwc list (index=0)
W/SurfaceFlinger(  196): HWC_FRAMEBUFFER_TARGET found in hwc list (index=0)
W/SurfaceFlinger(  196): HWC_FRAMEBUFFER_TARGET found in hwc list (index=0)
W/SurfaceFlinger(  196): HWC_FRAMEBUFFER_TARGET found in hwc list (index=0)
W/SurfaceFlinger(  196): HWC_FRAMEBUFFER_TARGET found in hwc list (index=0)
W/SurfaceFlinger(  196): HWC_FRAMEBUFFER_TARGET found in hwc list (index=0)
W/SurfaceFlinger(  196): HWC_FRAMEBUFFER_TARGET found in hwc list (index=0)
W/SurfaceFlinger(  196): HWC_FRAMEBUFFER_TARGET found in hwc list (index=0)
W/SurfaceFlinger(  196): HWC_FRAMEBUFFER_TARGET found in hwc list (index=0)
W/SurfaceFlinger(  196): HWC_FRAMEBUFFER_TARGET found in hwc list (index=0)
W/SurfaceFlinger(  196): HWC_FRAMEBUFFER_TARGET found in hwc list (index=0)
W/SurfaceFlinger(  196): HWC_FRAMEBUFFER_TARGET found in hwc list (index=0)
W/SurfaceFlinger(  196): HWC_FRAMEBUFFER_TARGET found in hwc list (index=0)
W/SurfaceFlinger(  196): HWC_FRAMEBUFFER_TARGET found in hwc list (index=0)
W/SurfaceFlinger(  196): HWC_FRAMEBUFFER_TARGET found in hwc list (index=0)
W/SurfaceFlinger(  196): HWC_FRAMEBUFFER_TARGET found in hwc list (index=0)
W/SurfaceFlinger(  196): HWC_FRAMEBUFFER_TARGET found in hwc list (index=0)
W/SurfaceFlinger(  196): HWC_FRAMEBUFFER_TARGET found in hwc list (index=0)
W/SurfaceFlinger(  196): HWC_FRAMEBUFFER_TARGET found in hwc list (index=0)
W/SurfaceFlinger(  196): HWC_FRAMEBUFFER_TARGET found in hwc list (index=0)
W/SurfaceFlinger(  196): HWC_FRAMEBUFFER_TARGET found in hwc list (index=0)
W/SurfaceFlinger(  196): HWC_FRAMEBUFFER_TARGET found in hwc list (index=0)
I/auditd  (  615): Starting up
W/SurfaceFlinger(  196): HWC_FRAMEBUFFER_TARGET found in hwc list (index=0)
E/auditd  (  615): Failed on audit_set_pid with error: Protocol not supported
I/auditd  (  615): Exiting
W/SurfaceFlinger(  196): HWC_FRAMEBUFFER_TARGET found in hwc list (index=0)
W/SurfaceFlinger(  196): HWC_FRAMEBUFFER_TARGET found in hwc list (index=0)
W/SurfaceFlinger(  196): HWC_FRAMEBUFFER_TARGET found in hwc list (index=0)
W/SurfaceFlinger(  196): HWC_FRAMEBUFFER_TARGET found in hwc list (index=0)
W/SurfaceFlinger(  196): HWC_FRAMEBUFFER_TARGET found in hwc list (index=0)
W/SurfaceFlinger(  196): HWC_FRAMEBUFFER_TARGET found in hwc list (index=0)
W/SurfaceFlinger(  196): HWC_FRAMEBUFFER_TARGET found in hwc list (index=0)
W/SurfaceFlinger(  196): HWC_FRAMEBUFFER_TARGET found in hwc list (index=0)
W/SurfaceFlinger(  196): HWC_FRAMEBUFFER_TARGET found in hwc list (index=0)
W/SurfaceFlinger(  196): HWC_FRAMEBUFFER_TARGET found in hwc list (index=0)
W/SurfaceFlinger(  196): HWC_FRAMEBUFFER_TARGET found in hwc list (index=0)
W/SurfaceFlinger(  196): HWC_FRAMEBUFFER_TARGET found in hwc list (index=0)
W/SurfaceFlinger(  196): HWC_FRAMEBUFFER_TARGET found in hwc list (index=0)
W/SurfaceFlinger(  196): HWC_FRAMEBUFFER_TARGET found in hwc list (index=0)
W/SurfaceFlinger(  196): HWC_FRAMEBUFFER_TARGET found in hwc list (index=0)
W/SurfaceFlinger(  196): HWC_FRAMEBUFFER_TARGET found in hwc list (index=0)
W/SurfaceFlinger(  196): HWC_FRAMEBUFFER_TARGET found in hwc list (index=0)
W/SurfaceFlinger(  196): HWC_FRAMEBUFFER_TARGET found in hwc list (index=0)
W/SurfaceFlinger(  196): HWC_FRAMEBUFFER_TARGET found in hwc list (index=0)
W/SurfaceFlinger(  196): HWC_FRAMEBUFFER_TARGET found in hwc list (index=0)
W/SurfaceFlinger(  196): HWC_FRAMEBUFFER_TARGET found in hwc list (index=0)
W/SurfaceFlinger(  196): HWC_FRAMEBUFFER_TARGET found in hwc list (index=0)
W/SurfaceFlinger(  196): HWC_FRAMEBUFFER_TARGET found in hwc list (index=0)
W/SurfaceFlinger(  196): HWC_FRAMEBUFFER_TARGET found in hwc list (index=0)
W/SurfaceFlinger(  196): HWC_FRAMEBUFFER_TARGET found in hwc list (index=0)
W/SurfaceFlinger(  196): HWC_FRAMEBUFFER_TARGET found in hwc list (index=0)
W/SurfaceFlinger(  196): HWC_FRAMEBUFFER_TARGET found in hwc list (index=0)
W/SurfaceFlinger(  196): HWC_FRAMEBUFFER_TARGET found in hwc list (index=0)
W/SurfaceFlinger(  196): HWC_FRAMEBUFFER_TARGET found in hwc list (index=0)
W/SurfaceFlinger(  196): HWC_FRAMEBUFFER_TARGET found in hwc list (index=0)
W/SurfaceFlinger(  196): HWC_FRAMEBUFFER_TARGET found in hwc list (index=0)
W/SurfaceFlinger(  196): HWC_FRAMEBUFFER_TARGET found in hwc list (index=0)
W/SurfaceFlinger(  196): HWC_FRAMEBUFFER_TARGET found in hwc list (index=0)
W/SurfaceFlinger(  196): HWC_FRAMEBUFFER_TARGET found in hwc list (index=0)
W/SurfaceFlinger(  196): HWC_FRAMEBUFFER_TARGET found in hwc list (index=0)
W/SurfaceFlinger(  196): HWC_FRAMEBUFFER_TARGET found in hwc list (index=0)
W/SurfaceFlinger(  196): HWC_FRAMEBUFFER_TARGET found in hwc list (index=0)
W/SurfaceFlinger(  196): HWC_FRAMEBUFFER_TARGET found in hwc list (index=0)
W/SurfaceFlinger(  196): HWC_FRAMEBUFFER_TARGET found in hwc list (index=0)
W/SurfaceFlinger(  196): HWC_FRAMEBUFFER_TARGET found in hwc list (index=0)
W/SurfaceFlinger(  196): HWC_FRAMEBUFFER_TARGET found in hwc list (index=0)
W/SurfaceFlinger(  196): HWC_FRAMEBUFFER_TARGET found in hwc list (index=0)
W/SurfaceFlinger(  196): HWC_FRAMEBUFFER_TARGET found in hwc list (index=0)
W/SurfaceFlinger(  196): HWC_FRAMEBUFFER_TARGET found in hwc list (index=0)
W/SurfaceFlinger(  196): HWC_FRAMEBUFFER_TARGET found in hwc list (index=0)
W/SurfaceFlinger(  196): HWC_FRAMEBUFFER_TARGET found in hwc list (index=0)
W/SurfaceFlinger(  196): HWC_FRAMEBUFFER_TARGET found in hwc list (index=0)
W/SurfaceFlinger(  196): HWC_FRAMEBUFFER_TARGET found in hwc list (index=0)
W/SurfaceFlinger(  196): HWC_FRAMEBUFFER_TARGET found in hwc list (index=0)
W/SurfaceFlinger(  196): HWC_FRAMEBUFFER_TARGET found in hwc list (index=0)
W/SurfaceFlinger(  196): HWC_FRAMEBUFFER_TARGET found in hwc list (index=0)
W/SurfaceFlinger(  196): HWC_FRAMEBUFFER_TARGET found in hwc list (index=0)
W/SurfaceFlinger(  196): HWC_FRAMEBUFFER_TARGET found in hwc list (index=0)
W/SurfaceFlinger(  196): HWC_FRAMEBUFFER_TARGET found in hwc list (index=0)
W/SurfaceFlinger(  196): HWC_FRAMEBUFFER_TARGET found in hwc list (index=0)
W/SurfaceFlinger(  196): HWC_FRAMEBUFFER_TARGET found in hwc list (index=0)
W/SurfaceFlinger(  196): HWC_FRAMEBUFFER_TARGET found in hwc list (index=0)
W/SurfaceFlinger(  196): HWC_FRAMEBUFFER_TARGET found in hwc list (index=0)
W/SurfaceFlinger(  196): HWC_FRAMEBUFFER_TARGET found in hwc list (index=0)
W/SurfaceFlinger(  196): HWC_FRAMEBUFFER_TARGET found in hwc list (index=0)
W/SurfaceFlinger(  196): HWC_FRAMEBUFFER_TARGET found in hwc list (index=0)
W/SurfaceFlinger(  196): HWC_FRAMEBUFFER_TARGET found in hwc list (index=0)
W/SurfaceFlinger(  196): HWC_FRAMEBUFFER_TARGET found in hwc list (index=0)
W/SurfaceFlinger(  196): HWC_FRAMEBUFFER_TARGET found in hwc list (index=0)
W/SurfaceFlinger(  196): HWC_FRAMEBUFFER_TARGET found in hwc list (index=0)
W/SurfaceFlinger(  196): HWC_FRAMEBUFFER_TARGET found in hwc list (index=0)
W/SurfaceFlinger(  196): HWC_FRAMEBUFFER_TARGET found in hwc list (index=0)
W/SurfaceFlinger(  196): HWC_FRAMEBUFFER_TARGET found in hwc list (index=0)
W/SurfaceFlinger(  196): HWC_FRAMEBUFFER_TARGET found in hwc list (index=0)
W/SurfaceFlinger(  196): HWC_FRAMEBUFFER_TARGET found in hwc list (index=0)
W/SurfaceFlinger(  196): HWC_FRAMEBUFFER_TARGET found in hwc list (index=0)
D/dalvikvm(  614): DexOpt: load 479ms, verify+opt 3927ms, 4892532 bytes
W/SurfaceFlinger(  196): HWC_FRAMEBUFFER_TARGET found in hwc list (index=0)
W/SurfaceFlinger(  196): HWC_FRAMEBUFFER_TARGET found in hwc list (index=0)
W/SurfaceFlinger(  196): HWC_FRAMEBUFFER_TARGET found in hwc list (index=0)
W/SurfaceFlinger(  196): HWC_FRAMEBUFFER_TARGET found in hwc list (index=0)
W/SurfaceFlinger(  196): HWC_FRAMEBUFFER_TARGET found in hwc list (index=0)
W/SurfaceFlinger(  196): HWC_FRAMEBUFFER_TARGET found in hwc list (index=0)
W/SurfaceFlinger(  196): HWC_FRAMEBUFFER_TARGET found in hwc list (index=0)
W/SurfaceFlinger(  196): HWC_FRAMEBUFFER_TARGET found in hwc list (index=0)
D/dalvikvm(  197): DexOpt: --- END 'framework.jar' (success) ---
D/dalvikvm(  197): DEX prep '/system/framework/framework.jar': unzip in 467ms, rewrite 5512ms
W/SurfaceFlinger(  196): HWC_FRAMEBUFFER_TARGET found in hwc list (index=0)
W/SurfaceFlinger(  196): HWC_FRAMEBUFFER_TARGET found in hwc list (index=0)
D/dalvikvm(  197): DexOpt: --- BEGIN 'framework2.jar' (bootstrap=1) ---
W/SurfaceFlinger(  196): HWC_FRAMEBUFFER_TARGET found in hwc list (index=0)
W/SurfaceFlinger(  196): HWC_FRAMEBUFFER_TARGET found in hwc list (index=0)
W/SurfaceFlinger(  196): HWC_FRAMEBUFFER_TARGET found in hwc list (index=0)
W/SurfaceFlinger(  196): HWC_FRAMEBUFFER_TARGET found in hwc list (index=0)
W/SurfaceFlinger(  196): HWC_FRAMEBUFFER_TARGET found in hwc list (index=0)
W/SurfaceFlinger(  196): HWC_FRAMEBUFFER_TARGET found in hwc list (index=0)
W/SurfaceFlinger(  196): HWC_FRAMEBUFFER_TARGET found in hwc list (index=0)
W/SurfaceFlinger(  196): HWC_FRAMEBUFFER_TARGET found in hwc list (index=0)
W/SurfaceFlinger(  196): HWC_FRAMEBUFFER_TARGET found in hwc list (index=0)
W/SurfaceFlinger(  196): HWC_FRAMEBUFFER_TARGET found in hwc list (index=0)
W/SurfaceFlinger(  196): HWC_FRAMEBUFFER_TARGET found in hwc list (index=0)
W/SurfaceFlinger(  196): HWC_FRAMEBUFFER_TARGET found in hwc list (index=0)
W/SurfaceFlinger(  196): HWC_FRAMEBUFFER_TARGET found in hwc list (index=0)
W/SurfaceFlinger(  196): HWC_FRAMEBUFFER_TARGET found in hwc list (index=0)
D/dalvikvm(  618): Note: class Landroid/app/ActivityManagerNative; has 180 unimplemented (abstract) methods
W/SurfaceFlinger(  196): HWC_FRAMEBUFFER_TARGET found in hwc list (index=0)
W/SurfaceFlinger(  196): HWC_FRAMEBUFFER_TARGET found in hwc list (index=0)
W/SurfaceFlinger(  196): HWC_FRAMEBUFFER_TARGET found in hwc list (index=0)
W/SurfaceFlinger(  196): HWC_FRAMEBUFFER_TARGET found in hwc list (index=0)
W/SurfaceFlinger(  196): HWC_FRAMEBUFFER_TARGET found in hwc list (index=0)
W/SurfaceFlinger(  196): HWC_FRAMEBUFFER_TARGET found in hwc list (index=0)
W/SurfaceFlinger(  196): HWC_FRAMEBUFFER_TARGET found in hwc list (index=0)
W/SurfaceFlinger(  196): HWC_FRAMEBUFFER_TARGET found in hwc list (index=0)
