W/SurfaceFlinger(  195): HWC_FRAMEBUFFER_TARGET found in hwc list (index=0)
W/SurfaceFlinger(  195): HWC_FRAMEBUFFER_TARGET found in hwc list (index=0)
W/SurfaceFlinger(  195): HWC_FRAMEBUFFER_TARGET found in hwc list (index=0)
W/SurfaceFlinger(  195): HWC_FRAMEBUFFER_TARGET found in hwc list (index=0)
W/SurfaceFlinger(  195): HWC_FRAMEBUFFER_TARGET found in hwc list (index=0)
W/SurfaceFlinger(  195): HWC_FRAMEBUFFER_TARGET found in hwc list (index=0)
W/SurfaceFlinger(  195): HWC_FRAMEBUFFER_TARGET found in hwc list (index=0)
W/SurfaceFlinger(  195): HWC_FRAMEBUFFER_TARGET found in hwc list (index=0)
W/SurfaceFlinger(  195): HWC_FRAMEBUFFER_TARGET found in hwc list (index=0)
W/SurfaceFlinger(  195): HWC_FRAMEBUFFER_TARGET found in hwc list (index=0)
W/SurfaceFlinger(  195): HWC_FRAMEBUFFER_TARGET found in hwc list (index=0)
W/SurfaceFlinger(  195): HWC_FRAMEBUFFER_TARGET found in hwc list (index=0)
W/SurfaceFlinger(  195): HWC_FRAMEBUFFER_TARGET found in hwc list (index=0)
W/SurfaceFlinger(  195): HWC_FRAMEBUFFER_TARGET found in hwc list (index=0)
W/SurfaceFlinger(  195): HWC_FRAMEBUFFER_TARGET found in hwc list (index=0)
W/SurfaceFlinger(  195): HWC_FRAMEBUFFER_TARGET found in hwc list (index=0)
D/dalvikvm(  616): DexOpt: load 194ms, verify+opt 766ms, 1897348 bytes
W/SurfaceFlinger(  195): HWC_FRAMEBUFFER_TARGET found in hwc list (index=0)
W/SurfaceFlinger(  195): HWC_FRAMEBUFFER_TARGET found in hwc list (index=0)
W/SurfaceFlinger(  195): HWC_FRAMEBUFFER_TARGET found in hwc list (index=0)
W/SurfaceFlinger(  195): HWC_FRAMEBUFFER_TARGET found in hwc list (index=0)
W/SurfaceFlinger(  195): HWC_FRAMEBUFFER_TARGET found in hwc list (index=0)
W/SurfaceFlinger(  195): HWC_FRAMEBUFFER_TARGET found in hwc list (index=0)
D/dalvikvm(  196): DexOpt: --- END 'framework2.jar' (success) ---
D/dalvikvm(  196): DEX prep '/system/framework/framework2.jar': unzip in 73ms, rewrite 1355ms
W/SurfaceFlinger(  195): HWC_FRAMEBUFFER_TARGET found in hwc list (index=0)
W/SurfaceFlinger(  195): HWC_FRAMEBUFFER_TARGET found in hwc list (index=0)
D/dalvikvm(  196): DexOpt: --- BEGIN 'telephony-common.jar' (bootstrap=1) ---
W/SurfaceFlinger(  195): HWC_FRAMEBUFFER_TARGET found in hwc list (index=0)
W/SurfaceFlinger(  195): HWC_FRAMEBUFFER_TARGET found in hwc list (index=0)
W/SurfaceFlinger(  195): HWC_FRAMEBUFFER_TARGET found in hwc list (index=0)
W/SurfaceFlinger(  195): HWC_FRAMEBUFFER_TARGET found in hwc list (index=0)
W/SurfaceFlinger(  195): HWC_FRAMEBUFFER_TARGET found in hwc list (index=0)
W/SurfaceFlinger(  195): HWC_FRAMEBUFFER_TARGET found in hwc list (index=0)
W/SurfaceFlinger(  195): HWC_FRAMEBUFFER_TARGET found in hwc list (index=0)
W/SurfaceFlinger(  195): HWC_FRAMEBUFFER_TARGET found in hwc list (index=0)
W/SurfaceFlinger(  195): HWC_FRAMEBUFFER_TARGET found in hwc list (index=0)
W/SurfaceFlinger(  195): HWC_FRAMEBUFFER_TARGET found in hwc list (index=0)
W/SurfaceFlinger(  195): HWC_FRAMEBUFFER_TARGET found in hwc list (index=0)
W/SurfaceFlinger(  195): HWC_FRAMEBUFFER_TARGET found in hwc list (index=0)
W/SurfaceFlinger(  195): HWC_FRAMEBUFFER_TARGET found in hwc list (index=0)
W/SurfaceFlinger(  195): HWC_FRAMEBUFFER_TARGET found in hwc list (index=0)
W/SurfaceFlinger(  195): HWC_FRAMEBUFFER_TARGET found in hwc list (index=0)
D/dalvikvm(  617): Note: class Landroid/app/ActivityManagerNative; has 180 unimplemented (abstract) methods
W/SurfaceFlinger(  195): HWC_FRAMEBUFFER_TARGET found in hwc list (index=0)
W/SurfaceFlinger(  195): HWC_FRAMEBUFFER_TARGET found in hwc list (index=0)
W/SurfaceFlinger(  195): HWC_FRAMEBUFFER_TARGET found in hwc list (index=0)
W/SurfaceFlinger(  195): HWC_FRAMEBUFFER_TARGET found in hwc list (index=0)
W/SurfaceFlinger(  195): HWC_FRAMEBUFFER_TARGET found in hwc list (index=0)
W/SurfaceFlinger(  195): HWC_FRAMEBUFFER_TARGET found in hwc list (index=0)
W/SurfaceFlinger(  195): HWC_FRAMEBUFFER_TARGET found in hwc list (index=0)
W/SurfaceFlinger(  195): HWC_FRAMEBUFFER_TARGET found in hwc list (index=0)
W/SurfaceFlinger(  195): HWC_FRAMEBUFFER_TARGET found in hwc list (index=0)
W/SurfaceFlinger(  195): HWC_FRAMEBUFFER_TARGET found in hwc list (index=0)
W/SurfaceFlinger(  195): HWC_FRAMEBUFFER_TARGET found in hwc list (index=0)
W/SurfaceFlinger(  195): HWC_FRAMEBUFFER_TARGET found in hwc list (index=0)
W/SurfaceFlinger(  195): HWC_FRAMEBUFFER_TARGET found in hwc list (index=0)
W/SurfaceFlinger(  195): HWC_FRAMEBUFFER_TARGET found in hwc list (index=0)
W/SurfaceFlinger(  195): HWC_FRAMEBUFFER_TARGET found in hwc list (index=0)
W/SurfaceFlinger(  195): HWC_FRAMEBUFFER_TARGET found in hwc list (index=0)
W/SurfaceFlinger(  195): HWC_FRAMEBUFFER_TARGET found in hwc list (index=0)
W/SurfaceFlinger(  195): HWC_FRAMEBUFFER_TARGET found in hwc list (index=0)
W/SurfaceFlinger(  195): HWC_FRAMEBUFFER_TARGET found in hwc list (index=0)
W/SurfaceFlinger(  195): HWC_FRAMEBUFFER_TARGET found in hwc list (index=0)
I/auditd  (  618): Starting up
E/auditd  (  618): Failed on audit_set_pid with error: Protocol not supported
I/auditd  (  618): Exiting
W/SurfaceFlinger(  195): HWC_FRAMEBUFFER_TARGET found in hwc list (index=0)
W/SurfaceFlinger(  195): HWC_FRAMEBUFFER_TARGET found in hwc list (index=0)
W/SurfaceFlinger(  195): HWC_FRAMEBUFFER_TARGET found in hwc list (index=0)
W/SurfaceFlinger(  195): HWC_FRAMEBUFFER_TARGET found in hwc list (index=0)
W/SurfaceFlinger(  195): HWC_FRAMEBUFFER_TARGET found in hwc list (index=0)
W/SurfaceFlinger(  195): HWC_FRAMEBUFFER_TARGET found in hwc list (index=0)
W/SurfaceFlinger(  195): HWC_FRAMEBUFFER_TARGET found in hwc list (index=0)
D/dalvikvm(  617): DexOpt: load 116ms, verify+opt 1041ms, 1134060 bytes
W/SurfaceFlinger(  195): HWC_FRAMEBUFFER_TARGET found in hwc list (index=0)
W/SurfaceFlinger(  195): HWC_FRAMEBUFFER_TARGET found in hwc list (index=0)
W/SurfaceFlinger(  195): HWC_FRAMEBUFFER_TARGET found in hwc list (index=0)
W/SurfaceFlinger(  195): HWC_FRAMEBUFFER_TARGET found in hwc list (index=0)
W/SurfaceFlinger(  195): HWC_FRAMEBUFFER_TARGET found in hwc list (index=0)
D/dalvikvm(  196): DexOpt: --- END 'telephony-common.jar' (success) ---
D/dalvikvm(  196): DEX prep '/system/framework/telephony-common.jar': unzip in 70ms, rewrite 1479ms
D/dalvikvm(  196): DexOpt: --- BEGIN 'voip-common.jar' (bootstrap=1) ---
W/SurfaceFlinger(  195): HWC_FRAMEBUFFER_TARGET found in hwc list (index=0)
W/SurfaceFlinger(  195): HWC_FRAMEBUFFER_TARGET found in hwc list (index=0)
W/SurfaceFlinger(  195): HWC_FRAMEBUFFER_TARGET found in hwc list (index=0)
W/SurfaceFlinger(  195): HWC_FRAMEBUFFER_TARGET found in hwc list (index=0)
W/SurfaceFlinger(  195): HWC_FRAMEBUFFER_TARGET found in hwc list (index=0)
W/SurfaceFlinger(  195): HWC_FRAMEBUFFER_TARGET found in hwc list (index=0)
D/dalvikvm(  621): DexOpt: load 17ms, verify+opt 92ms, 348204 bytes
W/SurfaceFlinger(  195): HWC_FRAMEBUFFER_TARGET found in hwc list (index=0)
W/SurfaceFlinger(  195): HWC_FRAMEBUFFER_TARGET found in hwc list (index=0)
D/dalvikvm(  196): DexOpt: --- END 'voip-common.jar' (success) ---
D/dalvikvm(  196): DEX prep '/system/framework/voip-common.jar': unzip in 6ms, rewrite 228ms
D/dalvikvm(  196): DexOpt: --- BEGIN 'mms-common.jar' (bootstrap=1) ---
W/SurfaceFlinger(  195): HWC_FRAMEBUFFER_TARGET found in hwc list (index=0)
W/SurfaceFlinger(  195): HWC_FRAMEBUFFER_TARGET found in hwc list (index=0)
W/SurfaceFlinger(  195): HWC_FRAMEBUFFER_TARGET found in hwc list (index=0)
W/SurfaceFlinger(  195): HWC_FRAMEBUFFER_TARGET found in hwc list (index=0)
W/SurfaceFlinger(  195): HWC_FRAMEBUFFER_TARGET found in hwc list (index=0)
D/dalvikvm(  622): DexOpt: load 5ms, verify+opt 91ms, 224076 bytes
W/SurfaceFlinger(  195): HWC_FRAMEBUFFER_TARGET found in hwc list (index=0)
W/SurfaceFlinger(  195): HWC_FRAMEBUFFER_TARGET found in hwc list (index=0)
D/dalvikvm(  196): DexOpt: --- END 'mms-common.jar' (success) ---
D/dalvikvm(  196): DEX prep '/system/framework/mms-common.jar': unzip in 7ms, rewrite 205ms
D/dalvikvm(  196): DexOpt: --- BEGIN 'android.policy.jar' (bootstrap=1) ---
W/SurfaceFlinger(  195): HWC_FRAMEBUFFER_TARGET found in hwc list (index=0)
W/SurfaceFlinger(  195): HWC_FRAMEBUFFER_TARGET found in hwc list (index=0)
W/SurfaceFlinger(  195): HWC_FRAMEBUFFER_TARGET found in hwc list (index=0)
W/SurfaceFlinger(  195): HWC_FRAMEBUFFER_TARGET found in hwc list (index=0)
W/SurfaceFlinger(  195): HWC_FRAMEBUFFER_TARGET found in hwc list (index=0)
D/dalvikvm(  623): Note: class Landroid/app/ActivityManagerNative; has 180 unimplemented (abstract) methods
W/SurfaceFlinger(  195): HWC_FRAMEBUFFER_TARGET found in hwc list (index=0)
W/SurfaceFlinger(  195): HWC_FRAMEBUFFER_TARGET found in hwc list (index=0)
W/SurfaceFlinger(  195): HWC_FRAMEBUFFER_TARGET found in hwc list (index=0)
W/SurfaceFlinger(  195): HWC_FRAMEBUFFER_TARGET found in hwc list (index=0)
W/SurfaceFlinger(  195): HWC_FRAMEBUFFER_TARGET found in hwc list (index=0)
W/SurfaceFlinger(  195): HWC_FRAMEBUFFER_TARGET found in hwc list (index=0)
W/SurfaceFlinger(  195): HWC_FRAMEBUFFER_TARGET found in hwc list (index=0)
D/dalvikvm(  623): DexOpt: load 39ms, verify+opt 261ms, 891620 bytes
W/SurfaceFlinger(  195): HWC_FRAMEBUFFER_TARGET found in hwc list (index=0)
W/SurfaceFlinger(  195): HWC_FRAMEBUFFER_TARGET found in hwc list (index=0)
D/dalvikvm(  196): DexOpt: --- END 'android.policy.jar' (success) ---
D/dalvikvm(  196): DEX prep '/system/framework/android.policy.jar': unzip in 13ms, rewrite 442ms
W/SurfaceFlinger(  195): HWC_FRAMEBUFFER_TARGET found in hwc list (index=0)
W/SurfaceFlinger(  195): HWC_FRAMEBUFFER_TARGET found in hwc list (index=0)
W/SurfaceFlinger(  195): HWC_FRAMEBUFFER_TARGET found in hwc list (index=0)
W/SurfaceFlinger(  195): HWC_FRAMEBUFFER_TARGET found in hwc list (index=0)
W/SurfaceFlinger(  195): HWC_FRAMEBUFFER_TARGET found in hwc list (index=0)
W/SurfaceFlinger(  195): HWC_FRAMEBUFFER_TARGET found in hwc list (index=0)
D/dalvikvm(  196): DexOpt: --- BEGIN 'services.jar' (bootstrap=1) ---
W/SurfaceFlinger(  195): HWC_FRAMEBUFFER_TARGET found in hwc list (index=0)
W/SurfaceFlinger(  195): HWC_FRAMEBUFFER_TARGET found in hwc list (index=0)
W/SurfaceFlinger(  195): HWC_FRAMEBUFFER_TARGET found in hwc list (index=0)
W/SurfaceFlinger(  195): HWC_FRAMEBUFFER_TARGET found in hwc list (index=0)
W/SurfaceFlinger(  195): HWC_FRAMEBUFFER_TARGET found in hwc list (index=0)
W/SurfaceFlinger(  195): HWC_FRAMEBUFFER_TARGET found in hwc list (index=0)
W/SurfaceFlinger(  195): HWC_FRAMEBUFFER_TARGET found in hwc list (index=0)
W/SurfaceFlinger(  195): HWC_FRAMEBUFFER_TARGET found in hwc list (index=0)
W/SurfaceFlinger(  195): HWC_FRAMEBUFFER_TARGET found in hwc list (index=0)
W/SurfaceFlinger(  195): HWC_FRAMEBUFFER_TARGET found in hwc list (index=0)
W/SurfaceFlinger(  195): HWC_FRAMEBUFFER_TARGET found in hwc list (index=0)
D/dalvikvm(  624): Note: class Landroid/app/ActivityManagerNative; has 180 unimplemented (abstract) methods
W/SurfaceFlinger(  195): HWC_FRAMEBUFFER_TARGET found in hwc list (index=0)
W/SurfaceFlinger(  195): HWC_FRAMEBUFFER_TARGET found in hwc list (index=0)
W/SurfaceFlinger(  195): HWC_FRAMEBUFFER_TARGET found in hwc list (index=0)
W/SurfaceFlinger(  195): HWC_FRAMEBUFFER_TARGET found in hwc list (index=0)
W/SurfaceFlinger(  195): HWC_FRAMEBUFFER_TARGET found in hwc list (index=0)
W/SurfaceFlinger(  195): HWC_FRAMEBUFFER_TARGET found in hwc list (index=0)
W/SurfaceFlinger(  195): HWC_FRAMEBUFFER_TARGET found in hwc list (index=0)
W/SurfaceFlinger(  195): HWC_FRAMEBUFFER_TARGET found in hwc list (index=0)
W/SurfaceFlinger(  195): HWC_FRAMEBUFFER_TARGET found in hwc list (index=0)
W/SurfaceFlinger(  195): HWC_FRAMEBUFFER_TARGET found in hwc list (index=0)
W/SurfaceFlinger(  195): HWC_FRAMEBUFFER_TARGET found in hwc list (index=0)
W/SurfaceFlinger(  195): HWC_FRAMEBUFFER_TARGET found in hwc list (index=0)
W/SurfaceFlinger(  195): HWC_FRAMEBUFFER_TARGET found in hwc list (index=0)
W/SurfaceFlinger(  195): HWC_FRAMEBUFFER_TARGET found in hwc list (index=0)
W/SurfaceFlinger(  195): HWC_FRAMEBUFFER_TARGET found in hwc list (index=0)
W/SurfaceFlinger(  195): HWC_FRAMEBUFFER_TARGET found in hwc list (index=0)
W/SurfaceFlinger(  195): HWC_FRAMEBUFFER_TARGET found in hwc list (index=0)
W/SurfaceFlinger(  195): HWC_FRAMEBUFFER_TARGET found in hwc list (index=0)
W/SurfaceFlinger(  195): HWC_FRAMEBUFFER_TARGET found in hwc list (index=0)
W/SurfaceFlinger(  195): HWC_FRAMEBUFFER_TARGET found in hwc list (index=0)
W/SurfaceFlinger(  195): HWC_FRAMEBUFFER_TARGET found in hwc list (index=0)
W/SurfaceFlinger(  195): HWC_FRAMEBUFFER_TARGET found in hwc list (index=0)
W/SurfaceFlinger(  195): HWC_FRAMEBUFFER_TARGET found in hwc list (index=0)
W/SurfaceFlinger(  195): HWC_FRAMEBUFFER_TARGET found in hwc list (index=0)
W/SurfaceFlinger(  195): HWC_FRAMEBUFFER_TARGET found in hwc list (index=0)
W/SurfaceFlinger(  195): HWC_FRAMEBUFFER_TARGET found in hwc list (index=0)
W/SurfaceFlinger(  195): HWC_FRAMEBUFFER_TARGET found in hwc list (index=0)
W/SurfaceFlinger(  195): HWC_FRAMEBUFFER_TARGET found in hwc list (index=0)
W/SurfaceFlinger(  195): HWC_FRAMEBUFFER_TARGET found in hwc list (index=0)
W/SurfaceFlinger(  195): HWC_FRAMEBUFFER_TARGET found in hwc list (index=0)
W/SurfaceFlinger(  195): HWC_FRAMEBUFFER_TARGET found in hwc list (index=0)
W/SurfaceFlinger(  195): HWC_FRAMEBUFFER_TARGET found in hwc list (index=0)
W/SurfaceFlinger(  195): HWC_FRAMEBUFFER_TARGET found in hwc list (index=0)
W/SurfaceFlinger(  195): HWC_FRAMEBUFFER_TARGET found in hwc list (index=0)
W/SurfaceFlinger(  195): HWC_FRAMEBUFFER_TARGET found in hwc list (index=0)
W/SurfaceFlinger(  195): HWC_FRAMEBUFFER_TARGET found in hwc list (index=0)
W/SurfaceFlinger(  195): HWC_FRAMEBUFFER_TARGET found in hwc list (index=0)
W/SurfaceFlinger(  195): HWC_FRAMEBUFFER_TARGET found in hwc list (index=0)
W/SurfaceFlinger(  195): HWC_FRAMEBUFFER_TARGET found in hwc list (index=0)
W/SurfaceFlinger(  195): HWC_FRAMEBUFFER_TARGET found in hwc list (index=0)
W/SurfaceFlinger(  195): HWC_FRAMEBUFFER_TARGET found in hwc list (index=0)
W/SurfaceFlinger(  195): HWC_FRAMEBUFFER_TARGET found in hwc list (index=0)
W/SurfaceFlinger(  195): HWC_FRAMEBUFFER_TARGET found in hwc list (index=0)
W/SurfaceFlinger(  195): HWC_FRAMEBUFFER_TARGET found in hwc list (index=0)
W/SurfaceFlinger(  195): HWC_FRAMEBUFFER_TARGET found in hwc list (index=0)
W/SurfaceFlinger(  195): HWC_FRAMEBUFFER_TARGET found in hwc list (index=0)
W/SurfaceFlinger(  195): HWC_FRAMEBUFFER_TARGET found in hwc list (index=0)
W/SurfaceFlinger(  195): HWC_FRAMEBUFFER_TARGET found in hwc list (index=0)
W/SurfaceFlinger(  195): HWC_FRAMEBUFFER_TARGET found in hwc list (index=0)
W/SurfaceFlinger(  195): HWC_FRAMEBUFFER_TARGET found in hwc list (index=0)
W/SurfaceFlinger(  195): HWC_FRAMEBUFFER_TARGET found in hwc list (index=0)
W/SurfaceFlinger(  195): HWC_FRAMEBUFFER_TARGET found in hwc list (index=0)
W/SurfaceFlinger(  195): HWC_FRAMEBUFFER_TARGET found in hwc list (index=0)
W/SurfaceFlinger(  195): HWC_FRAMEBUFFER_TARGET found in hwc list (index=0)
W/SurfaceFlinger(  195): HWC_FRAMEBUFFER_TARGET found in hwc list (index=0)
W/SurfaceFlinger(  195): HWC_FRAMEBUFFER_TARGET found in hwc list (index=0)
W/SurfaceFlinger(  195): HWC_FRAMEBUFFER_TARGET found in hwc list (index=0)
W/SurfaceFlinger(  195): HWC_FRAMEBUFFER_TARGET found in hwc list (index=0)
W/SurfaceFlinger(  195): HWC_FRAMEBUFFER_TARGET found in hwc list (index=0)
W/SurfaceFlinger(  195): HWC_FRAMEBUFFER_TARGET found in hwc list (index=0)
W/SurfaceFlinger(  195): HWC_FRAMEBUFFER_TARGET found in hwc list (index=0)
W/SurfaceFlinger(  195): HWC_FRAMEBUFFER_TARGET found in hwc list (index=0)
W/SurfaceFlinger(  195): HWC_FRAMEBUFFER_TARGET found in hwc list (index=0)
W/SurfaceFlinger(  195): HWC_FRAMEBUFFER_TARGET found in hwc list (index=0)
W/SurfaceFlinger(  195): HWC_FRAMEBUFFER_TARGET found in hwc list (index=0)
W/SurfaceFlinger(  195): HWC_FRAMEBUFFER_TARGET found in hwc list (index=0)
W/SurfaceFlinger(  195): HWC_FRAMEBUFFER_TARGET found in hwc list (index=0)
W/SurfaceFlinger(  195): HWC_FRAMEBUFFER_TARGET found in hwc list (index=0)
W/SurfaceFlinger(  195): HWC_FRAMEBUFFER_TARGET found in hwc list (index=0)
W/SurfaceFlinger(  195): HWC_FRAMEBUFFER_TARGET found in hwc list (index=0)
W/SurfaceFlinger(  195): HWC_FRAMEBUFFER_TARGET found in hwc list (index=0)
W/SurfaceFlinger(  195): HWC_FRAMEBUFFER_TARGET found in hwc list (index=0)
W/SurfaceFlinger(  195): HWC_FRAMEBUFFER_TARGET found in hwc list (index=0)
W/SurfaceFlinger(  195): HWC_FRAMEBUFFER_TARGET found in hwc list (index=0)
W/SurfaceFlinger(  195): HWC_FRAMEBUFFER_TARGET found in hwc list (index=0)
W/SurfaceFlinger(  195): HWC_FRAMEBUFFER_TARGET found in hwc list (index=0)
W/SurfaceFlinger(  195): HWC_FRAMEBUFFER_TARGET found in hwc list (index=0)
W/SurfaceFlinger(  195): HWC_FRAMEBUFFER_TARGET found in hwc list (index=0)
W/SurfaceFlinger(  195): HWC_FRAMEBUFFER_TARGET found in hwc list (index=0)
W/SurfaceFlinger(  195): HWC_FRAMEBUFFER_TARGET found in hwc list (index=0)
D/dalvikvm(  624): DexOpt: load 116ms, verify+opt 2456ms, 2660940 bytes
W/SurfaceFlinger(  195): HWC_FRAMEBUFFER_TARGET found in hwc list (index=0)
W/SurfaceFlinger(  195): HWC_FRAMEBUFFER_TARGET found in hwc list (index=0)
W/SurfaceFlinger(  195): HWC_FRAMEBUFFER_TARGET found in hwc list (index=0)
W/SurfaceFlinger(  195): HWC_FRAMEBUFFER_TARGET found in hwc list (index=0)
W/SurfaceFlinger(  195): HWC_FRAMEBUFFER_TARGET found in hwc list (index=0)
W/SurfaceFlinger(  195): HWC_FRAMEBUFFER_TARGET found in hwc list (index=0)
W/SurfaceFlinger(  195): HWC_FRAMEBUFFER_TARGET found in hwc list (index=0)
W/SurfaceFlinger(  195): HWC_FRAMEBUFFER_TARGET found in hwc list (index=0)
W/SurfaceFlinger(  195): HWC_FRAMEBUFFER_TARGET found in hwc list (index=0)
W/SurfaceFlinger(  195): HWC_FRAMEBUFFER_TARGET found in hwc list (index=0)
W/SurfaceFlinger(  195): HWC_FRAMEBUFFER_TARGET found in hwc list (index=0)
W/SurfaceFlinger(  195): HWC_FRAMEBUFFER_TARGET found in hwc list (index=0)
W/SurfaceFlinger(  195): HWC_FRAMEBUFFER_TARGET found in hwc list (index=0)
D/dalvikvm(  196): DexOpt: --- END 'services.jar' (success) ---
D/dalvikvm(  196): DEX prep '/system/framework/services.jar': unzip in 182ms, rewrite 3282ms
W/SurfaceFlinger(  195): HWC_FRAMEBUFFER_TARGET found in hwc list (index=0)
W/SurfaceFlinger(  195): HWC_FRAMEBUFFER_TARGET found in hwc list (index=0)
D/dalvikvm(  196): DexOpt: --- BEGIN 'apache-xml.jar' (bootstrap=1) ---
W/SurfaceFlinger(  195): HWC_FRAMEBUFFER_TARGET found in hwc list (index=0)
W/SurfaceFlinger(  195): HWC_FRAMEBUFFER_TARGET found in hwc list (index=0)
W/SurfaceFlinger(  195): HWC_FRAMEBUFFER_TARGET found in hwc list (index=0)
W/SurfaceFlinger(  195): HWC_FRAMEBUFFER_TARGET found in hwc list (index=0)
W/SurfaceFlinger(  195): HWC_FRAMEBUFFER_TARGET found in hwc list (index=0)
I/auditd  (  626): Starting up
E/auditd  (  626): Failed on audit_set_pid with error: Protocol not supported
I/auditd  (  626): Exiting
W/SurfaceFlinger(  195): HWC_FRAMEBUFFER_TARGET found in hwc list (index=0)
W/SurfaceFlinger(  195): HWC_FRAMEBUFFER_TARGET found in hwc list (index=0)
W/SurfaceFlinger(  195): HWC_FRAMEBUFFER_TARGET found in hwc list (index=0)
W/SurfaceFlinger(  195): HWC_FRAMEBUFFER_TARGET found in hwc list (index=0)
W/SurfaceFlinger(  195): HWC_FRAMEBUFFER_TARGET found in hwc list (index=0)
W/SurfaceFlinger(  195): HWC_FRAMEBUFFER_TARGET found in hwc list (index=0)
W/SurfaceFlinger(  195): HWC_FRAMEBUFFER_TARGET found in hwc list (index=0)
W/SurfaceFlinger(  195): HWC_FRAMEBUFFER_TARGET found in hwc list (index=0)
W/SurfaceFlinger(  195): HWC_FRAMEBUFFER_TARGET found in hwc list (index=0)
W/SurfaceFlinger(  195): HWC_FRAMEBUFFER_TARGET found in hwc list (index=0)
W/SurfaceFlinger(  195): HWC_FRAMEBUFFER_TARGET found in hwc list (index=0)
W/SurfaceFlinger(  195): HWC_FRAMEBUFFER_TARGET found in hwc list (index=0)
W/SurfaceFlinger(  195): HWC_FRAMEBUFFER_TARGET found in hwc list (index=0)
W/SurfaceFlinger(  195): HWC_FRAMEBUFFER_TARGET found in hwc list (index=0)
W/SurfaceFlinger(  195): HWC_FRAMEBUFFER_TARGET found in hwc list (index=0)
W/SurfaceFlinger(  195): HWC_FRAMEBUFFER_TARGET found in hwc list (index=0)
W/SurfaceFlinger(  195): HWC_FRAMEBUFFER_TARGET found in hwc list (index=0)
W/SurfaceFlinger(  195): HWC_FRAMEBUFFER_TARGET found in hwc list (index=0)
W/SurfaceFlinger(  195): HWC_FRAMEBUFFER_TARGET found in hwc list (index=0)
W/SurfaceFlinger(  195): HWC_FRAMEBUFFER_TARGET found in hwc list (index=0)
D/dalvikvm(  625): DexOpt: load 80ms, verify+opt 571ms, 837444 bytes
W/SurfaceFlinger(  195): HWC_FRAMEBUFFER_TARGET found in hwc list (index=0)
W/SurfaceFlinger(  195): HWC_FRAMEBUFFER_TARGET found in hwc list (index=0)
W/SurfaceFlinger(  195): HWC_FRAMEBUFFER_TARGET found in hwc list (index=0)
W/SurfaceFlinger(  195): HWC_FRAMEBUFFER_TARGET found in hwc list (index=0)
W/SurfaceFlinger(  195): HWC_FRAMEBUFFER_TARGET found in hwc list (index=0)
D/dalvikvm(  196): DexOpt: --- END 'apache-xml.jar' (success) ---
D/dalvikvm(  196): DEX prep '/system/framework/apache-xml.jar': unzip in 65ms, rewrite 970ms
W/SurfaceFlinger(  195): HWC_FRAMEBUFFER_TARGET found in hwc list (index=0)
D/dalvikvm(  196): DexOpt: --- BEGIN 'webviewchromium.jar' (bootstrap=1) ---
W/SurfaceFlinger(  195): HWC_FRAMEBUFFER_TARGET found in hwc list (index=0)
W/SurfaceFlinger(  195): HWC_FRAMEBUFFER_TARGET found in hwc list (index=0)
W/SurfaceFlinger(  195): HWC_FRAMEBUFFER_TARGET found in hwc list (index=0)
W/SurfaceFlinger(  195): HWC_FRAMEBUFFER_TARGET found in hwc list (index=0)
W/SurfaceFlinger(  195): HWC_FRAMEBUFFER_TARGET found in hwc list (index=0)
W/SurfaceFlinger(  195): HWC_FRAMEBUFFER_TARGET found in hwc list (index=0)
W/SurfaceFlinger(  195): HWC_FRAMEBUFFER_TARGET found in hwc list (index=0)
W/SurfaceFlinger(  195): HWC_FRAMEBUFFER_TARGET found in hwc list (index=0)
W/SurfaceFlinger(  195): HWC_FRAMEBUFFER_TARGET found in hwc list (index=0)
W/SurfaceFlinger(  195): HWC_FRAMEBUFFER_TARGET found in hwc list (index=0)
W/SurfaceFlinger(  195): HWC_FRAMEBUFFER_TARGET found in hwc list (index=0)
W/SurfaceFlinger(  195): HWC_FRAMEBUFFER_TARGET found in hwc list (index=0)
W/SurfaceFlinger(  195): HWC_FRAMEBUFFER_TARGET found in hwc list (index=0)
W/SurfaceFlinger(  195): HWC_FRAMEBUFFER_TARGET found in hwc list (index=0)
W/SurfaceFlinger(  195): HWC_FRAMEBUFFER_TARGET found in hwc list (index=0)
W/SurfaceFlinger(  195): HWC_FRAMEBUFFER_TARGET found in hwc list (index=0)
W/SurfaceFlinger(  195): HWC_FRAMEBUFFER_TARGET found in hwc list (index=0)
W/SurfaceFlinger(  195): HWC_FRAMEBUFFER_TARGET found in hwc list (index=0)
D/dalvikvm(  629): DexOpt: load 77ms, verify+opt 382ms, 1318292 bytes
W/SurfaceFlinger(  195): HWC_FRAMEBUFFER_TARGET found in hwc list (index=0)
W/SurfaceFlinger(  195): HWC_FRAMEBUFFER_TARGET found in hwc list (index=0)
W/SurfaceFlinger(  195): HWC_FRAMEBUFFER_TARGET found in hwc list (index=0)
D/dalvikvm(  196): DexOpt: --- END 'webviewchromium.jar' (success) ---
D/dalvikvm(  196): DEX prep '/system/framework/webviewchromium.jar': unzip in 32ms, rewrite 679ms
D/dalvikvm(  196): Trying to load lib libjavacore.so 0x0
D/dalvikvm(  196): Added shared lib libjavacore.so 0x0
W/SurfaceFlinger(  195): HWC_FRAMEBUFFER_TARGET found in hwc list (index=0)
D/dalvikvm(  196): Trying to load lib libnativehelper.so 0x0
W/SurfaceFlinger(  195): HWC_FRAMEBUFFER_TARGET found in hwc list (index=0)
D/dalvikvm(  196): Added shared lib libnativehelper.so 0x0
D/dalvikvm(  196): No JNI_OnLoad found in libnativehelper.so 0x0, skipping init
W/SurfaceFlinger(  195): HWC_FRAMEBUFFER_TARGET found in hwc list (index=0)
W/SurfaceFlinger(  195): HWC_FRAMEBUFFER_TARGET found in hwc list (index=0)
D/dalvikvm(  196): Note: class Landroid/app/ActivityManagerNative; has 180 unimplemented (abstract) methods
W/SurfaceFlinger(  195): HWC_FRAMEBUFFER_TARGET found in hwc list (index=0)
W/SurfaceFlinger(  195): HWC_FRAMEBUFFER_TARGET found in hwc list (index=0)
W/SurfaceFlinger(  195): HWC_FRAMEBUFFER_TARGET found in hwc list (index=0)
W/SurfaceFlinger(  195): HWC_FRAMEBUFFER_TARGET found in hwc list (index=0)
W/SurfaceFlinger(  195): HWC_FRAMEBUFFER_TARGET found in hwc list (index=0)
W/SurfaceFlinger(  195): HWC_FRAMEBUFFER_TARGET found in hwc list (index=0)
W/SurfaceFlinger(  195): HWC_FRAMEBUFFER_TARGET found in hwc list (index=0)
W/SurfaceFlinger(  195): HWC_FRAMEBUFFER_TARGET found in hwc list (index=0)
W/SurfaceFlinger(  195): HWC_FRAMEBUFFER_TARGET found in hwc list (index=0)
E/memtrack(  196): Couldn't load memtrack module (No such file or directory)
E/android.os.Debug(  196): failed to load memtrack module: -2
W/SurfaceFlinger(  195): HWC_FRAMEBUFFER_TARGET found in hwc list (index=0)
W/SurfaceFlinger(  195): HWC_FRAMEBUFFER_TARGET found in hwc list (index=0)
I/SamplingProfilerIntegration(  196): Profiling disabled.
W/SurfaceFlinger(  195): HWC_FRAMEBUFFER_TARGET found in hwc list (index=0)
I/Zygote  (  196): Preloading classes...
E/cutils-trace(  196): Error opening trace file: No such file or directory (2)
W/SurfaceFlinger(  195): HWC_FRAMEBUFFER_TARGET found in hwc list (index=0)
W/SurfaceFlinger(  195): HWC_FRAMEBUFFER_TARGET found in hwc list (index=0)
W/SurfaceFlinger(  195): HWC_FRAMEBUFFER_TARGET found in hwc list (index=0)
W/SurfaceFlinger(  195): HWC_FRAMEBUFFER_TARGET found in hwc list (index=0)
W/SurfaceFlinger(  195): HWC_FRAMEBUFFER_TARGET found in hwc list (index=0)
W/SurfaceFlinger(  195): HWC_FRAMEBUFFER_TARGET found in hwc list (index=0)
W/SurfaceFlinger(  195): HWC_FRAMEBUFFER_TARGET found in hwc list (index=0)
W/SurfaceFlinger(  195): HWC_FRAMEBUFFER_TARGET found in hwc list (index=0)
W/SurfaceFlinger(  195): HWC_FRAMEBUFFER_TARGET found in hwc list (index=0)
W/SurfaceFlinger(  195): HWC_FRAMEBUFFER_TARGET found in hwc list (index=0)
W/SurfaceFlinger(  195): HWC_FRAMEBUFFER_TARGET found in hwc list (index=0)
W/SurfaceFlinger(  195): HWC_FRAMEBUFFER_TARGET found in hwc list (index=0)
W/SurfaceFlinger(  195): HWC_FRAMEBUFFER_TARGET found in hwc list (index=0)
W/SurfaceFlinger(  195): HWC_FRAMEBUFFER_TARGET found in hwc list (index=0)
W/SurfaceFlinger(  195): HWC_FRAMEBUFFER_TARGET found in hwc list (index=0)
W/SurfaceFlinger(  195): HWC_FRAMEBUFFER_TARGET found in hwc list (index=0)
W/SurfaceFlinger(  195): HWC_FRAMEBUFFER_TARGET found in hwc list (index=0)
W/SurfaceFlinger(  195): HWC_FRAMEBUFFER_TARGET found in hwc list (index=0)
W/SurfaceFlinger(  195): HWC_FRAMEBUFFER_TARGET found in hwc list (index=0)
W/SurfaceFlinger(  195): HWC_FRAMEBUFFER_TARGET found in hwc list (index=0)
W/SurfaceFlinger(  195): HWC_FRAMEBUFFER_TARGET found in hwc list (index=0)
W/SurfaceFlinger(  195): HWC_FRAMEBUFFER_TARGET found in hwc list (index=0)
W/SurfaceFlinger(  195): HWC_FRAMEBUFFER_TARGET found in hwc list (index=0)
W/SurfaceFlinger(  195): HWC_FRAMEBUFFER_TARGET found in hwc list (index=0)
W/SurfaceFlinger(  195): HWC_FRAMEBUFFER_TARGET found in hwc list (index=0)
W/SurfaceFlinger(  195): HWC_FRAMEBUFFER_TARGET found in hwc list (index=0)
W/SurfaceFlinger(  195): HWC_FRAMEBUFFER_TARGET found in hwc list (index=0)
W/SurfaceFlinger(  195): HWC_FRAMEBUFFER_TARGET found in hwc list (index=0)
W/SurfaceFlinger(  195): HWC_FRAMEBUFFER_TARGET found in hwc list (index=0)
W/SurfaceFlinger(  195): HWC_FRAMEBUFFER_TARGET found in hwc list (index=0)
W/SurfaceFlinger(  195): HWC_FRAMEBUFFER_TARGET found in hwc list (index=0)
W/SurfaceFlinger(  195): HWC_FRAMEBUFFER_TARGET found in hwc list (index=0)
W/SurfaceFlinger(  195): HWC_FRAMEBUFFER_TARGET found in hwc list (index=0)
W/SurfaceFlinger(  195): HWC_FRAMEBUFFER_TARGET found in hwc list (index=0)
W/SurfaceFlinger(  195): HWC_FRAMEBUFFER_TARGET found in hwc list (index=0)
W/SurfaceFlinger(  195): HWC_FRAMEBUFFER_TARGET found in hwc list (index=0)
W/SurfaceFlinger(  195): HWC_FRAMEBUFFER_TARGET found in hwc list (index=0)
W/SurfaceFlinger(  195): HWC_FRAMEBUFFER_TARGET found in hwc list (index=0)
D/TextLayoutCache(  196): Using debug level = 0 - Debug Enabled = 0
W/SurfaceFlinger(  195): HWC_FRAMEBUFFER_TARGET found in hwc list (index=0)
W/SurfaceFlinger(  195): HWC_FRAMEBUFFER_TARGET found in hwc list (index=0)
W/SurfaceFlinger(  195): HWC_FRAMEBUFFER_TARGET found in hwc list (index=0)
W/SurfaceFlinger(  195): HWC_FRAMEBUFFER_TARGET found in hwc list (index=0)
I/dalvikvm(  196): threadid=1: recursive native library load attempt (/system/lib/libmedia_jni.so)
D/MtpDeviceJNI(  196): register_android_mtp_MtpDevice
I/dalvikvm(  196): threadid=1: recursive native library load attempt (/system/lib/libmedia_jni.so)
I/dalvikvm(  196): threadid=1: recursive native library load attempt (/system/lib/libmedia_jni.so)
I/dalvikvm(  196): threadid=1: recursive native library load attempt (/system/lib/libmedia_jni.so)
W/SurfaceFlinger(  195): HWC_FRAMEBUFFER_TARGET found in hwc list (index=0)
W/SurfaceFlinger(  195): HWC_FRAMEBUFFER_TARGET found in hwc list (index=0)
W/SurfaceFlinger(  195): HWC_FRAMEBUFFER_TARGET found in hwc list (index=0)
W/SurfaceFlinger(  195): HWC_FRAMEBUFFER_TARGET found in hwc list (index=0)
W/SurfaceFlinger(  195): HWC_FRAMEBUFFER_TARGET found in hwc list (index=0)
W/SurfaceFlinger(  195): HWC_FRAMEBUFFER_TARGET found in hwc list (index=0)
W/SurfaceFlinger(  195): HWC_FRAMEBUFFER_TARGET found in hwc list (index=0)
W/SurfaceFlinger(  195): HWC_FRAMEBUFFER_TARGET found in hwc list (index=0)
W/SurfaceFlinger(  195): HWC_FRAMEBUFFER_TARGET found in hwc list (index=0)
W/SurfaceFlinger(  195): HWC_FRAMEBUFFER_TARGET found in hwc list (index=0)
W/SurfaceFlinger(  195): HWC_FRAMEBUFFER_TARGET found in hwc list (index=0)
W/SurfaceFlinger(  195): HWC_FRAMEBUFFER_TARGET found in hwc list (index=0)
W/SurfaceFlinger(  195): HWC_FRAMEBUFFER_TARGET found in hwc list (index=0)
W/SurfaceFlinger(  195): HWC_FRAMEBUFFER_TARGET found in hwc list (index=0)
W/SurfaceFlinger(  195): HWC_FRAMEBUFFER_TARGET found in hwc list (index=0)
W/SurfaceFlinger(  195): HWC_FRAMEBUFFER_TARGET found in hwc list (index=0)
W/SurfaceFlinger(  195): HWC_FRAMEBUFFER_TARGET found in hwc list (index=0)
W/SurfaceFlinger(  195): HWC_FRAMEBUFFER_TARGET found in hwc list (index=0)
W/SurfaceFlinger(  195): HWC_FRAMEBUFFER_TARGET found in hwc list (index=0)
W/SurfaceFlinger(  195): HWC_FRAMEBUFFER_TARGET found in hwc list (index=0)
W/SurfaceFlinger(  195): HWC_FRAMEBUFFER_TARGET found in hwc list (index=0)
W/SurfaceFlinger(  195): HWC_FRAMEBUFFER_TARGET found in hwc list (index=0)
W/SurfaceFlinger(  195): HWC_FRAMEBUFFER_TARGET found in hwc list (index=0)
I/LibraryLoader(  196): loading: webviewchromium
W/SurfaceFlinger(  195): HWC_FRAMEBUFFER_TARGET found in hwc list (index=0)
W/SurfaceFlinger(  195): HWC_FRAMEBUFFER_TARGET found in hwc list (index=0)
W/SurfaceFlinger(  195): HWC_FRAMEBUFFER_TARGET found in hwc list (index=0)
W/SurfaceFlinger(  195): HWC_FRAMEBUFFER_TARGET found in hwc list (index=0)
W/SurfaceFlinger(  195): HWC_FRAMEBUFFER_TARGET found in hwc list (index=0)
W/SurfaceFlinger(  195): HWC_FRAMEBUFFER_TARGET found in hwc list (index=0)
W/SurfaceFlinger(  195): HWC_FRAMEBUFFER_TARGET found in hwc list (index=0)
W/SurfaceFlinger(  195): HWC_FRAMEBUFFER_TARGET found in hwc list (index=0)
W/SurfaceFlinger(  195): HWC_FRAMEBUFFER_TARGET found in hwc list (index=0)
W/SurfaceFlinger(  195): HWC_FRAMEBUFFER_TARGET found in hwc list (index=0)
I/LibraryLoader(  196): loaded: webviewchromium
W/SurfaceFlinger(  195): HWC_FRAMEBUFFER_TARGET found in hwc list (index=0)
W/SurfaceFlinger(  195): HWC_FRAMEBUFFER_TARGET found in hwc list (index=0)
W/SurfaceFlinger(  195): HWC_FRAMEBUFFER_TARGET found in hwc list (index=0)
W/SurfaceFlinger(  195): HWC_FRAMEBUFFER_TARGET found in hwc list (index=0)
W/SurfaceFlinger(  195): HWC_FRAMEBUFFER_TARGET found in hwc list (index=0)
W/SurfaceFlinger(  195): HWC_FRAMEBUFFER_TARGET found in hwc list (index=0)
W/SurfaceFlinger(  195): HWC_FRAMEBUFFER_TARGET found in hwc list (index=0)
W/SurfaceFlinger(  195): HWC_FRAMEBUFFER_TARGET found in hwc list (index=0)
W/SurfaceFlinger(  195): HWC_FRAMEBUFFER_TARGET found in hwc list (index=0)
W/SurfaceFlinger(  195): HWC_FRAMEBUFFER_TARGET found in hwc list (index=0)
W/SurfaceFlinger(  195): HWC_FRAMEBUFFER_TARGET found in hwc list (index=0)
W/SurfaceFlinger(  195): HWC_FRAMEBUFFER_TARGET found in hwc list (index=0)
W/SurfaceFlinger(  195): HWC_FRAMEBUFFER_TARGET found in hwc list (index=0)
W/SurfaceFlinger(  195): HWC_FRAMEBUFFER_TARGET found in hwc list (index=0)
W/SurfaceFlinger(  195): HWC_FRAMEBUFFER_TARGET found in hwc list (index=0)
W/SurfaceFlinger(  195): HWC_FRAMEBUFFER_TARGET found in hwc list (index=0)
W/SurfaceFlinger(  195): HWC_FRAMEBUFFER_TARGET found in hwc list (index=0)
W/SurfaceFlinger(  195): HWC_FRAMEBUFFER_TARGET found in hwc list (index=0)
W/SurfaceFlinger(  195): HWC_FRAMEBUFFER_TARGET found in hwc list (index=0)
I/auditd  (  633): Starting up
E/auditd  (  633): Failed on audit_set_pid with error: Protocol not supported
I/auditd  (  633): Exiting
W/SurfaceFlinger(  195): HWC_FRAMEBUFFER_TARGET found in hwc list (index=0)
W/SurfaceFlinger(  195): HWC_FRAMEBUFFER_TARGET found in hwc list (index=0)
W/SurfaceFlinger(  195): HWC_FRAMEBUFFER_TARGET found in hwc list (index=0)
W/SurfaceFlinger(  195): HWC_FRAMEBUFFER_TARGET found in hwc list (index=0)
W/SurfaceFlinger(  195): HWC_FRAMEBUFFER_TARGET found in hwc list (index=0)
W/SurfaceFlinger(  195): HWC_FRAMEBUFFER_TARGET found in hwc list (index=0)
W/SurfaceFlinger(  195): HWC_FRAMEBUFFER_TARGET found in hwc list (index=0)
W/SurfaceFlinger(  195): HWC_FRAMEBUFFER_TARGET found in hwc list (index=0)
W/SurfaceFlinger(  195): HWC_FRAMEBUFFER_TARGET found in hwc list (index=0)
W/SurfaceFlinger(  195): HWC_FRAMEBUFFER_TARGET found in hwc list (index=0)
W/SurfaceFlinger(  195): HWC_FRAMEBUFFER_TARGET found in hwc list (index=0)
W/Zygote  (  196): Class not found for preloading: java.lang.UnsafeByteSequence
W/SurfaceFlinger(  195): HWC_FRAMEBUFFER_TARGET found in hwc list (index=0)
W/SurfaceFlinger(  195): HWC_FRAMEBUFFER_TARGET found in hwc list (index=0)
W/SurfaceFlinger(  195): HWC_FRAMEBUFFER_TARGET found in hwc list (index=0)
W/SurfaceFlinger(  195): HWC_FRAMEBUFFER_TARGET found in hwc list (index=0)
W/SurfaceFlinger(  195): HWC_FRAMEBUFFER_TARGET found in hwc list (index=0)
W/SurfaceFlinger(  195): HWC_FRAMEBUFFER_TARGET found in hwc list (index=0)
W/SurfaceFlinger(  195): HWC_FRAMEBUFFER_TARGET found in hwc list (index=0)
W/SurfaceFlinger(  195): HWC_FRAMEBUFFER_TARGET found in hwc list (index=0)
I/System  (  196): Loaded time zone names for "" in 130ms (121ms in ICU)
W/SurfaceFlinger(  195): HWC_FRAMEBUFFER_TARGET found in hwc list (index=0)
W/SurfaceFlinger(  195): HWC_FRAMEBUFFER_TARGET found in hwc list (index=0)
W/SurfaceFlinger(  195): HWC_FRAMEBUFFER_TARGET found in hwc list (index=0)
I/System  (  196): Loaded time zone names for "en_US" in 83ms (70ms in ICU)
W/SurfaceFlinger(  195): HWC_FRAMEBUFFER_TARGET found in hwc list (index=0)
W/SurfaceFlinger(  195): HWC_FRAMEBUFFER_TARGET found in hwc list (index=0)
W/SurfaceFlinger(  195): HWC_FRAMEBUFFER_TARGET found in hwc list (index=0)
W/SurfaceFlinger(  195): HWC_FRAMEBUFFER_TARGET found in hwc list (index=0)
W/SurfaceFlinger(  195): HWC_FRAMEBUFFER_TARGET found in hwc list (index=0)
W/SurfaceFlinger(  195): HWC_FRAMEBUFFER_TARGET found in hwc list (index=0)
W/SurfaceFlinger(  195): HWC_FRAMEBUFFER_TARGET found in hwc list (index=0)
W/SurfaceFlinger(  195): HWC_FRAMEBUFFER_TARGET found in hwc list (index=0)
W/SurfaceFlinger(  195): HWC_FRAMEBUFFER_TARGET found in hwc list (index=0)
I/Zygote  (  196): ...preloaded 2777 classes in 3975ms.
W/SurfaceFlinger(  195): HWC_FRAMEBUFFER_TARGET found in hwc list (index=0)
W/SurfaceFlinger(  195): HWC_FRAMEBUFFER_TARGET found in hwc list (index=0)
W/SurfaceFlinger(  195): HWC_FRAMEBUFFER_TARGET found in hwc list (index=0)
W/SurfaceFlinger(  195): HWC_FRAMEBUFFER_TARGET found in hwc list (index=0)
W/SurfaceFlinger(  195): HWC_FRAMEBUFFER_TARGET found in hwc list (index=0)
W/SurfaceFlinger(  195): HWC_FRAMEBUFFER_TARGET found in hwc list (index=0)
W/SurfaceFlinger(  195): HWC_FRAMEBUFFER_TARGET found in hwc list (index=0)
W/SurfaceFlinger(  195): HWC_FRAMEBUFFER_TARGET found in hwc list (index=0)
W/SurfaceFlinger(  195): HWC_FRAMEBUFFER_TARGET found in hwc list (index=0)
W/SurfaceFlinger(  195): HWC_FRAMEBUFFER_TARGET found in hwc list (index=0)
W/SurfaceFlinger(  195): HWC_FRAMEBUFFER_TARGET found in hwc list (index=0)
W/SurfaceFlinger(  195): HWC_FRAMEBUFFER_TARGET found in hwc list (index=0)
W/SurfaceFlinger(  195): HWC_FRAMEBUFFER_TARGET found in hwc list (index=0)
W/SurfaceFlinger(  195): HWC_FRAMEBUFFER_TARGET found in hwc list (index=0)
W/SurfaceFlinger(  195): HWC_FRAMEBUFFER_TARGET found in hwc list (index=0)
W/SurfaceFlinger(  195): HWC_FRAMEBUFFER_TARGET found in hwc list (index=0)
W/SurfaceFlinger(  195): HWC_FRAMEBUFFER_TARGET found in hwc list (index=0)
W/SurfaceFlinger(  195): HWC_FRAMEBUFFER_TARGET found in hwc list (index=0)
I/Zygote  (  196): Preload resources disabled, skipped.
D/libEGL  (  196): loaded /system/lib/egl/libEGL_adreno200.so
D/libEGL  (  196): loaded /system/lib/egl/libGLESv1_CM_adreno200.so
D/libEGL  (  196): loaded /system/lib/egl/libGLESv2_adreno200.so
W/SurfaceFlinger(  195): HWC_FRAMEBUFFER_TARGET found in hwc list (index=0)
W/SurfaceFlinger(  195): HWC_FRAMEBUFFER_TARGET found in hwc list (index=0)
W/SurfaceFlinger(  195): HWC_FRAMEBUFFER_TARGET found in hwc list (index=0)
W/SurfaceFlinger(  195): HWC_FRAMEBUFFER_TARGET found in hwc list (index=0)
I/dalvikvm(  196): System server process 636 has been created
I/Zygote  (  196): Accepting command socket connections
W/SurfaceFlinger(  195): HWC_FRAMEBUFFER_TARGET found in hwc list (index=0)
W/SurfaceFlinger(  195): HWC_FRAMEBUFFER_TARGET found in hwc list (index=0)
W/SurfaceFlinger(  195): HWC_FRAMEBUFFER_TARGET found in hwc list (index=0)
D/SensorService(  636): nuSensorService starting...
I/SystemServer(  636): Entered the Android system server!
I/SensorService(  636): AK8975 3-axis Magnetic field sensor
I/SensorService(  636): AK8975 Orientation sensor
I/SensorService(  636): BMA250 3-axis Accelerometer
I/SensorService(  636): QPDS-S702 Proximity sensor
D/SensorService(  636): Max socket buffer size 1048576
D/SensorService(  636): nuSensorService thread starting...
I/SystemServer(  636): Waiting for installd to be ready.
I/Installer(  636): connecting...
W/SurfaceFlinger(  195): HWC_FRAMEBUFFER_TARGET found in hwc list (index=0)
I/installd(  199): new connection
I/SystemServer(  636): Power Manager
I/SystemServer(  636): Enabled StrictMode logging for WM Looper
I/SystemServer(  636): Activity Manager
I/ActivityManager(  636): Memory class: 48
W/SurfaceFlinger(  195): HWC_FRAMEBUFFER_TARGET found in hwc list (index=0)
I/AppOps  (  636): No existing app ops /data/system/appops.xml; starting empty
W/SurfaceFlinger(  195): HWC_FRAMEBUFFER_TARGET found in hwc list (index=0)
W/SurfaceFlinger(  195): HWC_FRAMEBUFFER_TARGET found in hwc list (index=0)
I/UiThread(  636): Enabled StrictMode logging for UI thread
W/SurfaceFlinger(  195): HWC_FRAMEBUFFER_TARGET found in hwc list (index=0)
I/IntentFirewall(  636): Read new rules (A:0 B:0 S:0)
I/ActivityManager(  636): Enabled StrictMode logging for AThread's Looper
I/SystemServer(  636): Display Manager
W/SurfaceFlinger(  195): HWC_FRAMEBUFFER_TARGET found in hwc list (index=0)
I/SystemServer(  636): Telephony Registry
I/DisplayManagerService(  636): Display device added: DisplayDeviceInfo{"Built-in Screen": 480 x 854, 63.000004 fps, density 240, 160.42105 x 159.49706 dpi, touch INTERNAL, rotation 0, type BUILT_IN, FLAG_DEFAULT_DISPLAY, FLAG_ROTATES_WITH_CONTENT, FLAG_SECURE, FLAG_SUPPORTS_PROTECTED_BUFFERS}
I/SystemServer(  636): Scheduling Policy
I/SystemServer(  636): Package Manager
W/FileUtils(  636): Failed to chmod(/data/system/packages.list): libcore.io.ErrnoException: chmod failed: ENOENT (No such file or directory)
W/SurfaceFlinger(  195): HWC_FRAMEBUFFER_TARGET found in hwc list (index=0)
W/SurfaceFlinger(  195): HWC_FRAMEBUFFER_TARGET found in hwc list (index=0)
W/SurfaceFlinger(  195): HWC_FRAMEBUFFER_TARGET found in hwc list (index=0)
W/SurfaceFlinger(  195): HWC_FRAMEBUFFER_TARGET found in hwc list (index=0)
W/SurfaceFlinger(  195): HWC_FRAMEBUFFER_TARGET found in hwc list (index=0)
D/SELinuxMMAC(  636): Couldn't find install policy /data/security/mac_permissions.xml
D/SELinuxMMAC(  636): Using install policy file /system/etc/security/mac_permissions.xml
W/SurfaceFlinger(  195): HWC_FRAMEBUFFER_TARGET found in hwc list (index=0)
I/PackageManager(  636): No settings file; creating initial state
W/SurfaceFlinger(  195): HWC_FRAMEBUFFER_TARGET found in hwc list (index=0)
W/SurfaceFlinger(  195): HWC_FRAMEBUFFER_TARGET found in hwc list (index=0)
W/SurfaceFlinger(  195): HWC_FRAMEBUFFER_TARGET found in hwc list (index=0)
W/SurfaceFlinger(  195): HWC_FRAMEBUFFER_TARGET found in hwc list (index=0)
W/SurfaceFlinger(  195): HWC_FRAMEBUFFER_TARGET found in hwc list (index=0)
D/dalvikvm(  661): DexOpt: load 25ms, verify+opt 97ms, 535876 bytes
W/SurfaceFlinger(  195): HWC_FRAMEBUFFER_TARGET found in hwc list (index=0)
W/SurfaceFlinger(  195): HWC_FRAMEBUFFER_TARGET found in hwc list (index=0)
W/SurfaceFlinger(  195): HWC_FRAMEBUFFER_TARGET found in hwc list (index=0)
W/SurfaceFlinger(  195): HWC_FRAMEBUFFER_TARGET found in hwc list (index=0)
W/SurfaceFlinger(  195): HWC_FRAMEBUFFER_TARGET found in hwc list (index=0)
D/dalvikvm(  662): DexOpt: load 6ms, verify+opt 29ms, 136188 bytes
W/SurfaceFlinger(  195): HWC_FRAMEBUFFER_TARGET found in hwc list (index=0)
W/SurfaceFlinger(  195): HWC_FRAMEBUFFER_TARGET found in hwc list (index=0)
W/SurfaceFlinger(  195): HWC_FRAMEBUFFER_TARGET found in hwc list (index=0)
D/dalvikvm(  663): DexOpt: load 12ms, verify+opt 5ms, 121860 bytes
W/SurfaceFlinger(  195): HWC_FRAMEBUFFER_TARGET found in hwc list (index=0)
W/SurfaceFlinger(  195): HWC_FRAMEBUFFER_TARGET found in hwc list (index=0)
W/SurfaceFlinger(  195): HWC_FRAMEBUFFER_TARGET found in hwc list (index=0)
D/dalvikvm(  664): DexOpt: load 6ms, verify+opt 8ms, 154812 bytes
W/SurfaceFlinger(  195): HWC_FRAMEBUFFER_TARGET found in hwc list (index=0)
W/SurfaceFlinger(  195): HWC_FRAMEBUFFER_TARGET found in hwc list (index=0)
W/SurfaceFlinger(  195): HWC_FRAMEBUFFER_TARGET found in hwc list (index=0)
D/dalvikvm(  665): DexOpt: load 10ms, verify+opt 8ms, 144204 bytes
W/SurfaceFlinger(  195): HWC_FRAMEBUFFER_TARGET found in hwc list (index=0)
W/SurfaceFlinger(  195): HWC_FRAMEBUFFER_TARGET found in hwc list (index=0)
W/SurfaceFlinger(  195): HWC_FRAMEBUFFER_TARGET found in hwc list (index=0)
D/dalvikvm(  666): DexOpt: load 4ms, verify+opt 2ms, 105644 bytes
W/SurfaceFlinger(  195): HWC_FRAMEBUFFER_TARGET found in hwc list (index=0)
W/SurfaceFlinger(  195): HWC_FRAMEBUFFER_TARGET found in hwc list (index=0)
W/SurfaceFlinger(  195): HWC_FRAMEBUFFER_TARGET found in hwc list (index=0)
W/SurfaceFlinger(  195): HWC_FRAMEBUFFER_TARGET found in hwc list (index=0)
D/dalvikvm(  667): Note: class Landroid/app/ActivityManagerNative; has 180 unimplemented (abstract) methods
D/dalvikvm(  667): DexOpt: load 11ms, verify+opt 39ms, 225100 bytes
W/SurfaceFlinger(  195): HWC_FRAMEBUFFER_TARGET found in hwc list (index=0)
W/SurfaceFlinger(  195): HWC_FRAMEBUFFER_TARGET found in hwc list (index=0)
W/SurfaceFlinger(  195): HWC_FRAMEBUFFER_TARGET found in hwc list (index=0)
W/SurfaceFlinger(  195): HWC_FRAMEBUFFER_TARGET found in hwc list (index=0)
D/dalvikvm(  668): DexOpt: load 4ms, verify+opt 12ms, 113684 bytes
W/SurfaceFlinger(  195): HWC_FRAMEBUFFER_TARGET found in hwc list (index=0)
W/SurfaceFlinger(  195): HWC_FRAMEBUFFER_TARGET found in hwc list (index=0)
W/SurfaceFlinger(  195): HWC_FRAMEBUFFER_TARGET found in hwc list (index=0)
D/dalvikvm(  669): DexOpt: load 9ms, verify+opt 6ms, 111452 bytes
W/SurfaceFlinger(  195): HWC_FRAMEBUFFER_TARGET found in hwc list (index=0)
W/SurfaceFlinger(  195): HWC_FRAMEBUFFER_TARGET found in hwc list (index=0)
W/SurfaceFlinger(  195): HWC_FRAMEBUFFER_TARGET found in hwc list (index=0)
D/dalvikvm(  670): Note: class Landroid/app/ActivityManagerNative; has 180 unimplemented (abstract) methods
W/SurfaceFlinger(  195): HWC_FRAMEBUFFER_TARGET found in hwc list (index=0)
D/dalvikvm(  670): DexOpt: load 5ms, verify+opt 16ms, 160244 bytes
W/SurfaceFlinger(  195): HWC_FRAMEBUFFER_TARGET found in hwc list (index=0)
W/SurfaceFlinger(  195): HWC_FRAMEBUFFER_TARGET found in hwc list (index=0)
W/SurfaceFlinger(  195): HWC_FRAMEBUFFER_TARGET found in hwc list (index=0)
D/dalvikvm(  671): DexOpt: load 10ms, verify+opt 5ms, 107900 bytes
W/SurfaceFlinger(  195): HWC_FRAMEBUFFER_TARGET found in hwc list (index=0)
W/SurfaceFlinger(  195): HWC_FRAMEBUFFER_TARGET found in hwc list (index=0)
W/SurfaceFlinger(  195): HWC_FRAMEBUFFER_TARGET found in hwc list (index=0)
D/dalvikvm(  672): DexOpt: load 7ms, verify+opt 6ms, 131188 bytes
W/SurfaceFlinger(  195): HWC_FRAMEBUFFER_TARGET found in hwc list (index=0)
W/SurfaceFlinger(  195): HWC_FRAMEBUFFER_TARGET found in hwc list (index=0)
W/SurfaceFlinger(  195): HWC_FRAMEBUFFER_TARGET found in hwc list (index=0)
W/SurfaceFlinger(  195): HWC_FRAMEBUFFER_TARGET found in hwc list (index=0)
D/dalvikvm(  673): DexOpt: load 7ms, verify+opt 6ms, 142268 bytes
W/SurfaceFlinger(  195): HWC_FRAMEBUFFER_TARGET found in hwc list (index=0)
W/SurfaceFlinger(  195): HWC_FRAMEBUFFER_TARGET found in hwc list (index=0)
W/SurfaceFlinger(  195): HWC_FRAMEBUFFER_TARGET found in hwc list (index=0)
W/SurfaceFlinger(  195): HWC_FRAMEBUFFER_TARGET found in hwc list (index=0)
D/dalvikvm(  674): Note: class Landroid/app/ActivityManagerNative; has 180 unimplemented (abstract) methods
W/SurfaceFlinger(  195): HWC_FRAMEBUFFER_TARGET found in hwc list (index=0)
W/SurfaceFlinger(  195): HWC_FRAMEBUFFER_TARGET found in hwc list (index=0)
D/dalvikvm(  674): DexOpt: load 8ms, verify+opt 90ms, 378780 bytes
W/SurfaceFlinger(  195): HWC_FRAMEBUFFER_TARGET found in hwc list (index=0)
W/SurfaceFlinger(  195): HWC_FRAMEBUFFER_TARGET found in hwc list (index=0)
W/SurfaceFlinger(  195): HWC_FRAMEBUFFER_TARGET found in hwc list (index=0)
W/SurfaceFlinger(  195): HWC_FRAMEBUFFER_TARGET found in hwc list (index=0)
D/dalvikvm(  675): Note: class Landroid/app/ActivityManagerNative; has 180 unimplemented (abstract) methods
W/SurfaceFlinger(  195): HWC_FRAMEBUFFER_TARGET found in hwc list (index=0)
D/dalvikvm(  675): DexOpt: load 6ms, verify+opt 41ms, 230740 bytes
W/SurfaceFlinger(  195): HWC_FRAMEBUFFER_TARGET found in hwc list (index=0)
W/SurfaceFlinger(  195): HWC_FRAMEBUFFER_TARGET found in hwc list (index=0)
W/SurfaceFlinger(  195): HWC_FRAMEBUFFER_TARGET found in hwc list (index=0)
D/dalvikvm(  676): DexOpt: load 4ms, verify+opt 6ms, 115092 bytes
W/SurfaceFlinger(  195): HWC_FRAMEBUFFER_TARGET found in hwc list (index=0)
W/SurfaceFlinger(  195): HWC_FRAMEBUFFER_TARGET found in hwc list (index=0)
W/SurfaceFlinger(  195): HWC_FRAMEBUFFER_TARGET found in hwc list (index=0)
D/dalvikvm(  677): Note: class Landroid/app/ActivityManagerNative; has 180 unimplemented (abstract) methods
D/dalvikvm(  677): DexOpt: load 4ms, verify+opt 8ms, 141556 bytes
W/SurfaceFlinger(  195): HWC_FRAMEBUFFER_TARGET found in hwc list (index=0)
W/SurfaceFlinger(  195): HWC_FRAMEBUFFER_TARGET found in hwc list (index=0)
W/SurfaceFlinger(  195): HWC_FRAMEBUFFER_TARGET found in hwc list (index=0)
D/dalvikvm(  678): DexOpt: load 4ms, verify+opt 7ms, 132748 bytes
W/SurfaceFlinger(  195): HWC_FRAMEBUFFER_TARGET found in hwc list (index=0)
W/SurfaceFlinger(  195): HWC_FRAMEBUFFER_TARGET found in hwc list (index=0)
W/SurfaceFlinger(  195): HWC_FRAMEBUFFER_TARGET found in hwc list (index=0)
W/SurfaceFlinger(  195): HWC_FRAMEBUFFER_TARGET found in hwc list (index=0)
W/SurfaceFlinger(  195): HWC_FRAMEBUFFER_TARGET found in hwc list (index=0)
W/SurfaceFlinger(  195): HWC_FRAMEBUFFER_TARGET found in hwc list (index=0)
D/dalvikvm(  679): Note: class Landroid/app/ActivityManagerNative; has 180 unimplemented (abstract) methods
W/SurfaceFlinger(  195): HWC_FRAMEBUFFER_TARGET found in hwc list (index=0)
D/dalvikvm(  679): DexOpt: load 9ms, verify+opt 109ms, 482740 bytes
W/SurfaceFlinger(  195): HWC_FRAMEBUFFER_TARGET found in hwc list (index=0)
W/SurfaceFlinger(  195): HWC_FRAMEBUFFER_TARGET found in hwc list (index=0)
W/SurfaceFlinger(  195): HWC_FRAMEBUFFER_TARGET found in hwc list (index=0)
W/SurfaceFlinger(  195): HWC_FRAMEBUFFER_TARGET found in hwc list (index=0)
I/auditd  (  681): Starting up
E/auditd  (  681): Failed on audit_set_pid with error: Protocol not supported
I/auditd  (  681): Exiting
D/dalvikvm(  680): DexOpt: load 10ms, verify+opt 6ms, 121852 bytes
W/SurfaceFlinger(  195): HWC_FRAMEBUFFER_TARGET found in hwc list (index=0)
W/SurfaceFlinger(  195): HWC_FRAMEBUFFER_TARGET found in hwc list (index=0)
W/SurfaceFlinger(  195): HWC_FRAMEBUFFER_TARGET found in hwc list (index=0)
W/SurfaceFlinger(  195): HWC_FRAMEBUFFER_TARGET found in hwc list (index=0)
W/SurfaceFlinger(  195): HWC_FRAMEBUFFER_TARGET found in hwc list (index=0)
I/PackageManager(  636): /system/framework/framework-res.apk changed; collecting certs
W/SurfaceFlinger(  195): HWC_FRAMEBUFFER_TARGET found in hwc list (index=0)
W/SurfaceFlinger(  195): HWC_FRAMEBUFFER_TARGET found in hwc list (index=0)
W/SurfaceFlinger(  195): HWC_FRAMEBUFFER_TARGET found in hwc list (index=0)
W/SurfaceFlinger(  195): HWC_FRAMEBUFFER_TARGET found in hwc list (index=0)
W/SurfaceFlinger(  195): HWC_FRAMEBUFFER_TARGET found in hwc list (index=0)
W/SurfaceFlinger(  195): HWC_FRAMEBUFFER_TARGET found in hwc list (index=0)
W/SurfaceFlinger(  195): HWC_FRAMEBUFFER_TARGET found in hwc list (index=0)
W/SurfaceFlinger(  195): HWC_FRAMEBUFFER_TARGET found in hwc list (index=0)
W/SurfaceFlinger(  195): HWC_FRAMEBUFFER_TARGET found in hwc list (index=0)
W/SurfaceFlinger(  195): HWC_FRAMEBUFFER_TARGET found in hwc list (index=0)
W/SurfaceFlinger(  195): HWC_FRAMEBUFFER_TARGET found in hwc list (index=0)
W/SurfaceFlinger(  195): HWC_FRAMEBUFFER_TARGET found in hwc list (index=0)
