W/SurfaceFlinger(  196): HWC_FRAMEBUFFER_TARGET found in hwc list (index=0)
W/SurfaceFlinger(  196): HWC_FRAMEBUFFER_TARGET found in hwc list (index=0)
W/SurfaceFlinger(  196): HWC_FRAMEBUFFER_TARGET found in hwc list (index=0)
W/SurfaceFlinger(  196): HWC_FRAMEBUFFER_TARGET found in hwc list (index=0)
W/SurfaceFlinger(  196): HWC_FRAMEBUFFER_TARGET found in hwc list (index=0)
W/SurfaceFlinger(  196): HWC_FRAMEBUFFER_TARGET found in hwc list (index=0)
W/SurfaceFlinger(  196): HWC_FRAMEBUFFER_TARGET found in hwc list (index=0)
W/SurfaceFlinger(  196): HWC_FRAMEBUFFER_TARGET found in hwc list (index=0)
W/SurfaceFlinger(  196): HWC_FRAMEBUFFER_TARGET found in hwc list (index=0)
W/SurfaceFlinger(  196): HWC_FRAMEBUFFER_TARGET found in hwc list (index=0)
W/SurfaceFlinger(  196): HWC_FRAMEBUFFER_TARGET found in hwc list (index=0)
W/SurfaceFlinger(  196): HWC_FRAMEBUFFER_TARGET found in hwc list (index=0)
W/SurfaceFlinger(  196): HWC_FRAMEBUFFER_TARGET found in hwc list (index=0)
W/SurfaceFlinger(  196): HWC_FRAMEBUFFER_TARGET found in hwc list (index=0)
W/SurfaceFlinger(  196): HWC_FRAMEBUFFER_TARGET found in hwc list (index=0)
W/SurfaceFlinger(  196): HWC_FRAMEBUFFER_TARGET found in hwc list (index=0)
W/SurfaceFlinger(  196): HWC_FRAMEBUFFER_TARGET found in hwc list (index=0)
W/SurfaceFlinger(  196): HWC_FRAMEBUFFER_TARGET found in hwc list (index=0)
W/SurfaceFlinger(  196): HWC_FRAMEBUFFER_TARGET found in hwc list (index=0)
W/SurfaceFlinger(  196): HWC_FRAMEBUFFER_TARGET found in hwc list (index=0)
D/dalvikvm(  786): DexOpt: load 125ms, verify+opt 376ms, 1073076 bytes
W/SurfaceFlinger(  196): HWC_FRAMEBUFFER_TARGET found in hwc list (index=0)
W/SurfaceFlinger(  196): HWC_FRAMEBUFFER_TARGET found in hwc list (index=0)
W/SurfaceFlinger(  196): HWC_FRAMEBUFFER_TARGET found in hwc list (index=0)
I/PackageManager(  638): Running dexopt on: com.android.cellbroadcastreceiver
W/SurfaceFlinger(  196): HWC_FRAMEBUFFER_TARGET found in hwc list (index=0)
W/SurfaceFlinger(  196): HWC_FRAMEBUFFER_TARGET found in hwc list (index=0)
W/SurfaceFlinger(  196): HWC_FRAMEBUFFER_TARGET found in hwc list (index=0)
W/SurfaceFlinger(  196): HWC_FRAMEBUFFER_TARGET found in hwc list (index=0)
W/SurfaceFlinger(  196): HWC_FRAMEBUFFER_TARGET found in hwc list (index=0)
W/SurfaceFlinger(  196): HWC_FRAMEBUFFER_TARGET found in hwc list (index=0)
D/dalvikvm(  787): DexOpt: load 36ms, verify+opt 92ms, 558484 bytes
W/SurfaceFlinger(  196): HWC_FRAMEBUFFER_TARGET found in hwc list (index=0)
W/SurfaceFlinger(  196): HWC_FRAMEBUFFER_TARGET found in hwc list (index=0)
I/PackageManager(  638): Running dexopt on: com.cyanogenmod.account
W/SurfaceFlinger(  196): HWC_FRAMEBUFFER_TARGET found in hwc list (index=0)
W/SurfaceFlinger(  196): HWC_FRAMEBUFFER_TARGET found in hwc list (index=0)
I/auditd  (  789): Starting up
E/auditd  (  789): Failed on audit_set_pid with error: Protocol not supported
I/auditd  (  789): Exiting
W/SurfaceFlinger(  196): HWC_FRAMEBUFFER_TARGET found in hwc list (index=0)
W/SurfaceFlinger(  196): HWC_FRAMEBUFFER_TARGET found in hwc list (index=0)
W/SurfaceFlinger(  196): HWC_FRAMEBUFFER_TARGET found in hwc list (index=0)
W/SurfaceFlinger(  196): HWC_FRAMEBUFFER_TARGET found in hwc list (index=0)
W/SurfaceFlinger(  196): HWC_FRAMEBUFFER_TARGET found in hwc list (index=0)
W/SurfaceFlinger(  196): HWC_FRAMEBUFFER_TARGET found in hwc list (index=0)
W/SurfaceFlinger(  196): HWC_FRAMEBUFFER_TARGET found in hwc list (index=0)
W/SurfaceFlinger(  196): HWC_FRAMEBUFFER_TARGET found in hwc list (index=0)
W/SurfaceFlinger(  196): HWC_FRAMEBUFFER_TARGET found in hwc list (index=0)
W/SurfaceFlinger(  196): HWC_FRAMEBUFFER_TARGET found in hwc list (index=0)
W/SurfaceFlinger(  196): HWC_FRAMEBUFFER_TARGET found in hwc list (index=0)
W/SurfaceFlinger(  196): HWC_FRAMEBUFFER_TARGET found in hwc list (index=0)
W/SurfaceFlinger(  196): HWC_FRAMEBUFFER_TARGET found in hwc list (index=0)
W/SurfaceFlinger(  196): HWC_FRAMEBUFFER_TARGET found in hwc list (index=0)
W/SurfaceFlinger(  196): HWC_FRAMEBUFFER_TARGET found in hwc list (index=0)
D/dalvikvm(  788): DexOpt: load 63ms, verify+opt 330ms, 1118060 bytes
W/SurfaceFlinger(  196): HWC_FRAMEBUFFER_TARGET found in hwc list (index=0)
W/SurfaceFlinger(  196): HWC_FRAMEBUFFER_TARGET found in hwc list (index=0)
I/PackageManager(  638): Running dexopt on: com.android.systemui
W/SurfaceFlinger(  196): HWC_FRAMEBUFFER_TARGET found in hwc list (index=0)
W/SurfaceFlinger(  196): HWC_FRAMEBUFFER_TARGET found in hwc list (index=0)
W/SurfaceFlinger(  196): HWC_FRAMEBUFFER_TARGET found in hwc list (index=0)
W/SurfaceFlinger(  196): HWC_FRAMEBUFFER_TARGET found in hwc list (index=0)
W/SurfaceFlinger(  196): HWC_FRAMEBUFFER_TARGET found in hwc list (index=0)
W/SurfaceFlinger(  196): HWC_FRAMEBUFFER_TARGET found in hwc list (index=0)
W/SurfaceFlinger(  196): HWC_FRAMEBUFFER_TARGET found in hwc list (index=0)
W/SurfaceFlinger(  196): HWC_FRAMEBUFFER_TARGET found in hwc list (index=0)
W/SurfaceFlinger(  196): HWC_FRAMEBUFFER_TARGET found in hwc list (index=0)
W/SurfaceFlinger(  196): HWC_FRAMEBUFFER_TARGET found in hwc list (index=0)
D/dalvikvm(  792): Note: class Landroid/app/ActivityManagerNative; has 180 unimplemented (abstract) methods
W/SurfaceFlinger(  196): HWC_FRAMEBUFFER_TARGET found in hwc list (index=0)
W/SurfaceFlinger(  196): HWC_FRAMEBUFFER_TARGET found in hwc list (index=0)
W/SurfaceFlinger(  196): HWC_FRAMEBUFFER_TARGET found in hwc list (index=0)
W/SurfaceFlinger(  196): HWC_FRAMEBUFFER_TARGET found in hwc list (index=0)
W/SurfaceFlinger(  196): HWC_FRAMEBUFFER_TARGET found in hwc list (index=0)
W/SurfaceFlinger(  196): HWC_FRAMEBUFFER_TARGET found in hwc list (index=0)
W/SurfaceFlinger(  196): HWC_FRAMEBUFFER_TARGET found in hwc list (index=0)
W/SurfaceFlinger(  196): HWC_FRAMEBUFFER_TARGET found in hwc list (index=0)
W/SurfaceFlinger(  196): HWC_FRAMEBUFFER_TARGET found in hwc list (index=0)
W/SurfaceFlinger(  196): HWC_FRAMEBUFFER_TARGET found in hwc list (index=0)
W/SurfaceFlinger(  196): HWC_FRAMEBUFFER_TARGET found in hwc list (index=0)
D/dalvikvm(  792): DexOpt: load 114ms, verify+opt 410ms, 1346684 bytes
W/SurfaceFlinger(  196): HWC_FRAMEBUFFER_TARGET found in hwc list (index=0)
W/SurfaceFlinger(  196): HWC_FRAMEBUFFER_TARGET found in hwc list (index=0)
W/SurfaceFlinger(  196): HWC_FRAMEBUFFER_TARGET found in hwc list (index=0)
I/PackageManager(  638): Running dexopt on: com.android.deskclock
W/SurfaceFlinger(  196): HWC_FRAMEBUFFER_TARGET found in hwc list (index=0)
W/SurfaceFlinger(  196): HWC_FRAMEBUFFER_TARGET found in hwc list (index=0)
W/SurfaceFlinger(  196): HWC_FRAMEBUFFER_TARGET found in hwc list (index=0)
W/SurfaceFlinger(  196): HWC_FRAMEBUFFER_TARGET found in hwc list (index=0)
W/SurfaceFlinger(  196): HWC_FRAMEBUFFER_TARGET found in hwc list (index=0)
W/SurfaceFlinger(  196): HWC_FRAMEBUFFER_TARGET found in hwc list (index=0)
W/SurfaceFlinger(  196): HWC_FRAMEBUFFER_TARGET found in hwc list (index=0)
W/SurfaceFlinger(  196): HWC_FRAMEBUFFER_TARGET found in hwc list (index=0)
W/SurfaceFlinger(  196): HWC_FRAMEBUFFER_TARGET found in hwc list (index=0)
W/SurfaceFlinger(  196): HWC_FRAMEBUFFER_TARGET found in hwc list (index=0)
W/SurfaceFlinger(  196): HWC_FRAMEBUFFER_TARGET found in hwc list (index=0)
W/SurfaceFlinger(  196): HWC_FRAMEBUFFER_TARGET found in hwc list (index=0)
W/SurfaceFlinger(  196): HWC_FRAMEBUFFER_TARGET found in hwc list (index=0)
W/SurfaceFlinger(  196): HWC_FRAMEBUFFER_TARGET found in hwc list (index=0)
W/SurfaceFlinger(  196): HWC_FRAMEBUFFER_TARGET found in hwc list (index=0)
W/SurfaceFlinger(  196): HWC_FRAMEBUFFER_TARGET found in hwc list (index=0)
W/SurfaceFlinger(  196): HWC_FRAMEBUFFER_TARGET found in hwc list (index=0)
W/SurfaceFlinger(  196): HWC_FRAMEBUFFER_TARGET found in hwc list (index=0)
W/SurfaceFlinger(  196): HWC_FRAMEBUFFER_TARGET found in hwc list (index=0)
D/dalvikvm(  793): DexOpt: load 97ms, verify+opt 398ms, 1196180 bytes
W/SurfaceFlinger(  196): HWC_FRAMEBUFFER_TARGET found in hwc list (index=0)
W/SurfaceFlinger(  196): HWC_FRAMEBUFFER_TARGET found in hwc list (index=0)
W/SurfaceFlinger(  196): HWC_FRAMEBUFFER_TARGET found in hwc list (index=0)
W/SurfaceFlinger(  196): HWC_FRAMEBUFFER_TARGET found in hwc list (index=0)
I/PackageManager(  638): Running dexopt on: com.android.proxyhandler
W/SurfaceFlinger(  196): HWC_FRAMEBUFFER_TARGET found in hwc list (index=0)
W/SurfaceFlinger(  196): HWC_FRAMEBUFFER_TARGET found in hwc list (index=0)
D/dalvikvm(  794): DexOpt: load 9ms, verify+opt 7ms, 156492 bytes
W/SurfaceFlinger(  196): HWC_FRAMEBUFFER_TARGET found in hwc list (index=0)
I/PackageManager(  638): Running dexopt on: com.android.browser
W/SurfaceFlinger(  196): HWC_FRAMEBUFFER_TARGET found in hwc list (index=0)
W/SurfaceFlinger(  196): HWC_FRAMEBUFFER_TARGET found in hwc list (index=0)
W/SurfaceFlinger(  196): HWC_FRAMEBUFFER_TARGET found in hwc list (index=0)
W/SurfaceFlinger(  196): HWC_FRAMEBUFFER_TARGET found in hwc list (index=0)
W/SurfaceFlinger(  196): HWC_FRAMEBUFFER_TARGET found in hwc list (index=0)
W/SurfaceFlinger(  196): HWC_FRAMEBUFFER_TARGET found in hwc list (index=0)
W/SurfaceFlinger(  196): HWC_FRAMEBUFFER_TARGET found in hwc list (index=0)
W/SurfaceFlinger(  196): HWC_FRAMEBUFFER_TARGET found in hwc list (index=0)
W/SurfaceFlinger(  196): HWC_FRAMEBUFFER_TARGET found in hwc list (index=0)
W/SurfaceFlinger(  196): HWC_FRAMEBUFFER_TARGET found in hwc list (index=0)
W/SurfaceFlinger(  196): HWC_FRAMEBUFFER_TARGET found in hwc list (index=0)
W/SurfaceFlinger(  196): HWC_FRAMEBUFFER_TARGET found in hwc list (index=0)
W/SurfaceFlinger(  196): HWC_FRAMEBUFFER_TARGET found in hwc list (index=0)
W/SurfaceFlinger(  196): HWC_FRAMEBUFFER_TARGET found in hwc list (index=0)
W/SurfaceFlinger(  196): HWC_FRAMEBUFFER_TARGET found in hwc list (index=0)
W/SurfaceFlinger(  196): HWC_FRAMEBUFFER_TARGET found in hwc list (index=0)
W/SurfaceFlinger(  196): HWC_FRAMEBUFFER_TARGET found in hwc list (index=0)
W/SurfaceFlinger(  196): HWC_FRAMEBUFFER_TARGET found in hwc list (index=0)
W/SurfaceFlinger(  196): HWC_FRAMEBUFFER_TARGET found in hwc list (index=0)
W/SurfaceFlinger(  196): HWC_FRAMEBUFFER_TARGET found in hwc list (index=0)
W/SurfaceFlinger(  196): HWC_FRAMEBUFFER_TARGET found in hwc list (index=0)
W/SurfaceFlinger(  196): HWC_FRAMEBUFFER_TARGET found in hwc list (index=0)
W/SurfaceFlinger(  196): HWC_FRAMEBUFFER_TARGET found in hwc list (index=0)
W/SurfaceFlinger(  196): HWC_FRAMEBUFFER_TARGET found in hwc list (index=0)
W/SurfaceFlinger(  196): HWC_FRAMEBUFFER_TARGET found in hwc list (index=0)
W/SurfaceFlinger(  196): HWC_FRAMEBUFFER_TARGET found in hwc list (index=0)
D/dalvikvm(  795): DexOpt: load 193ms, verify+opt 470ms, 1521820 bytes
W/SurfaceFlinger(  196): HWC_FRAMEBUFFER_TARGET found in hwc list (index=0)
W/SurfaceFlinger(  196): HWC_FRAMEBUFFER_TARGET found in hwc list (index=0)
W/SurfaceFlinger(  196): HWC_FRAMEBUFFER_TARGET found in hwc list (index=0)
W/SurfaceFlinger(  196): HWC_FRAMEBUFFER_TARGET found in hwc list (index=0)
I/PackageManager(  638): Running dexopt on: com.tmobile.thememanager
W/SurfaceFlinger(  196): HWC_FRAMEBUFFER_TARGET found in hwc list (index=0)
W/SurfaceFlinger(  196): HWC_FRAMEBUFFER_TARGET found in hwc list (index=0)
W/SurfaceFlinger(  196): HWC_FRAMEBUFFER_TARGET found in hwc list (index=0)
D/dalvikvm(  796): DexOpt: load 6ms, verify+opt 33ms, 259860 bytes
W/SurfaceFlinger(  196): HWC_FRAMEBUFFER_TARGET found in hwc list (index=0)
W/SurfaceFlinger(  196): HWC_FRAMEBUFFER_TARGET found in hwc list (index=0)
I/PackageManager(  638): Running dexopt on: com.android.camera2
W/SurfaceFlinger(  196): HWC_FRAMEBUFFER_TARGET found in hwc list (index=0)
W/SurfaceFlinger(  196): HWC_FRAMEBUFFER_TARGET found in hwc list (index=0)
W/SurfaceFlinger(  196): HWC_FRAMEBUFFER_TARGET found in hwc list (index=0)
W/SurfaceFlinger(  196): HWC_FRAMEBUFFER_TARGET found in hwc list (index=0)
W/SurfaceFlinger(  196): HWC_FRAMEBUFFER_TARGET found in hwc list (index=0)
W/SurfaceFlinger(  196): HWC_FRAMEBUFFER_TARGET found in hwc list (index=0)
W/SurfaceFlinger(  196): HWC_FRAMEBUFFER_TARGET found in hwc list (index=0)
W/SurfaceFlinger(  196): HWC_FRAMEBUFFER_TARGET found in hwc list (index=0)
W/SurfaceFlinger(  196): HWC_FRAMEBUFFER_TARGET found in hwc list (index=0)
W/SurfaceFlinger(  196): HWC_FRAMEBUFFER_TARGET found in hwc list (index=0)
W/SurfaceFlinger(  196): HWC_FRAMEBUFFER_TARGET found in hwc list (index=0)
W/SurfaceFlinger(  196): HWC_FRAMEBUFFER_TARGET found in hwc list (index=0)
W/SurfaceFlinger(  196): HWC_FRAMEBUFFER_TARGET found in hwc list (index=0)
W/SurfaceFlinger(  196): HWC_FRAMEBUFFER_TARGET found in hwc list (index=0)
W/SurfaceFlinger(  196): HWC_FRAMEBUFFER_TARGET found in hwc list (index=0)
W/SurfaceFlinger(  196): HWC_FRAMEBUFFER_TARGET found in hwc list (index=0)
W/SurfaceFlinger(  196): HWC_FRAMEBUFFER_TARGET found in hwc list (index=0)
W/SurfaceFlinger(  196): HWC_FRAMEBUFFER_TARGET found in hwc list (index=0)
W/SurfaceFlinger(  196): HWC_FRAMEBUFFER_TARGET found in hwc list (index=0)
W/SurfaceFlinger(  196): HWC_FRAMEBUFFER_TARGET found in hwc list (index=0)
W/SurfaceFlinger(  196): HWC_FRAMEBUFFER_TARGET found in hwc list (index=0)
W/SurfaceFlinger(  196): HWC_FRAMEBUFFER_TARGET found in hwc list (index=0)
W/SurfaceFlinger(  196): HWC_FRAMEBUFFER_TARGET found in hwc list (index=0)
W/SurfaceFlinger(  196): HWC_FRAMEBUFFER_TARGET found in hwc list (index=0)
W/SurfaceFlinger(  196): HWC_FRAMEBUFFER_TARGET found in hwc list (index=0)
D/dalvikvm(  797): DexOpt: load 107ms, verify+opt 502ms, 1294820 bytes
W/SurfaceFlinger(  196): HWC_FRAMEBUFFER_TARGET found in hwc list (index=0)
W/SurfaceFlinger(  196): HWC_FRAMEBUFFER_TARGET found in hwc list (index=0)
W/SurfaceFlinger(  196): HWC_FRAMEBUFFER_TARGET found in hwc list (index=0)
W/SurfaceFlinger(  196): HWC_FRAMEBUFFER_TARGET found in hwc list (index=0)
I/PackageManager(  638): Running dexopt on: com.svox.pico
W/SurfaceFlinger(  196): HWC_FRAMEBUFFER_TARGET found in hwc list (index=0)
W/SurfaceFlinger(  196): HWC_FRAMEBUFFER_TARGET found in hwc list (index=0)
W/SurfaceFlinger(  196): HWC_FRAMEBUFFER_TARGET found in hwc list (index=0)
D/dalvikvm(  798): DexOpt: load 13ms, verify+opt 18ms, 225564 bytes
W/SurfaceFlinger(  196): HWC_FRAMEBUFFER_TARGET found in hwc list (index=0)
I/SystemServer(  638): Mount Service
D/MountService(  638): got storage path: /storage/sdcard0 description: Internal storage primary: true removable: false emulated: false mtpReserve: 0 allowMassStorage: false maxFileSize: 0
D/MountService(  638): addVolumeLocked() StorageVolume:
D/MountService(  638):     mStorageId=0 mPath=/storage/sdcard0 mDescriptionId=17040783 mPrimary=true 
D/MountService(  638):     mRemovable=false mEmulated=false mMtpReserveSpace=0 
D/MountService(  638):     mAllowMassStorage=false mMaxFileSize=0 mOwner=null mUuid=null 
D/MountService(  638):     mUserLabel=null mState=null 
D/MountService(  638): got storage path: /storage/sdcard1 description: SD card primary: false removable: true emulated: false mtpReserve: 0 allowMassStorage: false maxFileSize: 0
D/MountService(  638): addVolumeLocked() StorageVolume:
D/MountService(  638):     mStorageId=0 mPath=/storage/sdcard1 mDescriptionId=17040784 mPrimary=false 
D/MountService(  638):     mRemovable=true mEmulated=false mMtpReserveSpace=0 mAllowMassStorage=false 
D/MountService(  638):     mMaxFileSize=0 mOwner=null mUuid=null mUserLabel=null mState=null 
W/SurfaceFlinger(  196): HWC_FRAMEBUFFER_TARGET found in hwc list (index=0)
I/SystemServer(  638): LockSettingsService
I/SystemServer(  638): Device Policy
I/SystemServer(  638): Status Bar
I/SystemServer(  638): Clipboard Service
I/SystemServer(  638): NetworkManagement Service
E/MountService(  638): Error processing initial volume state
E/MountService(  638): java.lang.NullPointerException
E/MountService(  638): 	at com.android.server.MountService.updatePublicVolumeState(MountService.java:670)
E/MountService(  638): 	at com.android.server.MountService.access$1600(MountService.java:107)
E/MountService(  638): 	at com.android.server.MountService$4.run(MountService.java:764)
I/SystemServer(  638): Text Service Manager Service
D/MountService(  638): volume state changed for /storage/sdcard0 (unmounted -> removed)
W/MountService(  638): getSecureContainerList() called when storage not mounted
W/SurfaceFlinger(  196): HWC_FRAMEBUFFER_TARGET found in hwc list (index=0)
I/PackageManager(  638): No secure containers on sdcard
W/PackageManager(  638): Unknown permission com.google.android.c2dm.permission.RECEIVE in package com.cyanogenmod.account
W/PackageManager(  638): Not granting permission android.permission.GLOBAL_SEARCH to package com.android.quicksearchbox (protectionLevel=18 flags=0x8be45)
W/SurfaceFlinger(  196): HWC_FRAMEBUFFER_TARGET found in hwc list (index=0)
W/PackageManager(  638): Unknown permission com.google.android.gallery3d.permission.GALLERY_PROVIDER in package com.android.bluetooth
W/PackageManager(  638): Unknown permission com.google.android.googleapps.permission.GOOGLE_AUTH in package com.android.providers.calendar
W/PackageManager(  638): Unknown permission com.google.android.googleapps.permission.GOOGLE_AUTH.cl in package com.android.providers.calendar
W/PackageManager(  638): Unknown permission com.google.android.googleapps.permission.GOOGLE_AUTH.mail in package com.android.calendar
W/PackageManager(  638): Not granting permission android.permission.ACCESS_DOWNLOAD_MANAGER to package com.android.browser (protectionLevel=18 flags=0x49be45)
W/SurfaceFlinger(  196): HWC_FRAMEBUFFER_TARGET found in hwc list (index=0)
W/PackageManager(  638): Not granting permission android.permission.SEND_DOWNLOAD_COMPLETED_INTENTS to package com.android.browser (protectionLevel=2 flags=0x49be45)
W/PackageManager(  638): Unknown permission com.android.launcher.permission.READ_SETTINGS in package com.android.onetimeinitializer
W/PackageManager(  638): Unknown permission com.android.launcher.permission.WRITE_SETTINGS in package com.android.onetimeinitializer
W/PackageManager(  638): Unknown permission com.android.launcher.permission.READ_SETTINGS in package com.android.launcher3
W/PackageManager(  638): Unknown permission com.android.launcher.permission.WRITE_SETTINGS in package com.android.launcher3
W/PackageManager(  638): Not granting permission android.permission.BIND_WALLPAPER to package com.android.camera2 (protectionLevel=18 flags=0x58bc45)
W/PackageManager(  638): Unknown permission android.permission.INSTALL_DRM in package com.android.mms
W/PackageManager(  638): Unknown permission com.cyanogenmod.filemanager.permissions.READ_THEME in package com.cyanogenmod.filemanager
W/SurfaceFlinger(  196): HWC_FRAMEBUFFER_TARGET found in hwc list (index=0)
W/PackageManager(  638): Unknown permission android.permission.MMS_PUSH in package org.codeaurora.bluetooth
W/PackageManager(  638): Unknown permission com.google.android.googleapps.permission.GOOGLE_AUTH in package com.android.settings
I/SystemServer(  638): NetworkStats Service
I/SystemServer(  638): NetworkPolicy Service
W/PackageManager(  638): Unknown permission com.android.launcher.permission.READ_SETTINGS in package com.android.settings
W/PackageManager(  638): Unknown permission com.android.launcher.permission.WRITE_SETTINGS in package com.android.settings
W/SurfaceFlinger(  196): HWC_FRAMEBUFFER_TARGET found in hwc list (index=0)
I/SystemServer(  638): Wi-Fi P2pService
W/PackageManager(  638): Unknown permission android.permission.CHANGE_PRIVACY_GUARD_STATE in package com.android.settings
W/PackageManager(  638): Unknown permission com.google.android.c2dm.permission.RECEIVE in package org.whispersystems.whisperpush
W/PackageManager(  638): Unknown permission com.google.android.googleapps.permission.ACCESS_GOOGLE_PASSWORD in package com.android.development
W/PackageManager(  638): Unknown permission com.google.android.googleapps.permission.GOOGLE_AUTH in package com.android.development
W/PackageManager(  638): Unknown permission com.google.android.googleapps.permission.GOOGLE_AUTH.ALL_SERVICES in package com.android.development
W/PackageManager(  638): Unknown permission com.google.android.googleapps.permission.GOOGLE_AUTH.YouTubeUser in package com.android.development
W/PackageManager(  638): Not granting permission android.permission.DELETE_PACKAGES to package com.svox.pico (protectionLevel=18 flags=0x8be45)
W/PackageManager(  638): Not granting permission android.permission.DEVICE_POWER to package com.android.deskclock (protectionLevel=2 flags=0x48be45)
W/SurfaceFlinger(  196): HWC_FRAMEBUFFER_TARGET found in hwc list (index=0)
W/PackageManager(  638): Unknown permission com.android.deskclock.worldclock.permissions.WRITE_DATABASE in package com.android.deskclock
W/PackageManager(  638): Unknown permission android.permission.CANCEL_NOTIFICATIONS in package org.cyanogenmod.voiceplus
W/SurfaceFlinger(  196): HWC_FRAMEBUFFER_TARGET found in hwc list (index=0)
W/SurfaceFlinger(  196): HWC_FRAMEBUFFER_TARGET found in hwc list (index=0)
W/SurfaceFlinger(  196): HWC_FRAMEBUFFER_TARGET found in hwc list (index=0)
W/SurfaceFlinger(  196): HWC_FRAMEBUFFER_TARGET found in hwc list (index=0)
W/SurfaceFlinger(  196): HWC_FRAMEBUFFER_TARGET found in hwc list (index=0)
W/SurfaceFlinger(  196): HWC_FRAMEBUFFER_TARGET found in hwc list (index=0)
W/SurfaceFlinger(  196): HWC_FRAMEBUFFER_TARGET found in hwc list (index=0)
W/SurfaceFlinger(  196): HWC_FRAMEBUFFER_TARGET found in hwc list (index=0)
I/SystemServer(  638): Wi-Fi Service
W/SurfaceFlinger(  196): HWC_FRAMEBUFFER_TARGET found in hwc list (index=0)
W/SurfaceFlinger(  196): HWC_FRAMEBUFFER_TARGET found in hwc list (index=0)
W/SurfaceFlinger(  196): HWC_FRAMEBUFFER_TARGET found in hwc list (index=0)
W/SurfaceFlinger(  196): HWC_FRAMEBUFFER_TARGET found in hwc list (index=0)
I/SystemServer(  638): Connectivity Service
D/ConnectivityService(  638): ConnectivityService starting up
D/ConnectivityService(  638): wifiOnly=false
E/ConnectivityService(  638): Ignoring protectedNetwork 10
E/ConnectivityService(  638): Ignoring protectedNetwork 11
E/ConnectivityService(  638): Ignoring protectedNetwork 12
E/ConnectivityService(  638): Ignoring protectedNetwork 14
W/SurfaceFlinger(  196): HWC_FRAMEBUFFER_TARGET found in hwc list (index=0)
I/auditd  (  809): Starting up
E/auditd  (  809): Failed on audit_set_pid with error: Protocol not supported
I/auditd  (  809): Exiting
D/BluetoothTethering(  638): startMonitoring: target: Handler (com.android.server.ConnectivityService$NetworkStateTrackerHandler) {419f2dc8}
D/BluetoothTethering(  638): startMonitoring: mCsHandler: Handler (com.android.server.ConnectivityService$NetworkStateTrackerHandler) {419f2dc8}
D/BluetoothManagerService(  638): Message: 20
D/BluetoothManagerService(  638): Added callback: android.bluetooth.BluetoothAdapter$1@419f0858:true
D/BluetoothManagerService(  638): Message: 30
W/ContextImpl(  638): Calling a method in the system process without a qualified user: android.app.ContextImpl.bindService:1582 android.bluetooth.BluetoothPan.doBind:149 android.bluetooth.BluetoothPan.<init>:141 android.bluetooth.BluetoothAdapter.getProfileProxy:1200 android.bluetooth.BluetoothTetheringDataTracker.startMonitoring:116 
W/SurfaceFlinger(  196): HWC_FRAMEBUFFER_TARGET found in hwc list (index=0)
E/MobileDataStateTracker(  638): default: Ignoring feature request because could not acquire PhoneService
E/MobileDataStateTracker(  638): default: Could not enable APN type "default"
D/Tethering(  638): Exception adding default nw to upstreamIfaceTypes: java.lang.NullPointerException
I/WifiService(  638): WifiService starting up with Wi-Fi disabled
W/SurfaceFlinger(  196): HWC_FRAMEBUFFER_TARGET found in hwc list (index=0)
W/SurfaceFlinger(  196): HWC_FRAMEBUFFER_TARGET found in hwc list (index=0)
I/SystemServer(  638): Network Service Discovery Service
D/NsdService(  638): Network service discovery enabled true
I/SystemServer(  638): UpdateLock Service
V/ProfileTriggerHelper(  638): Enabling
I/SystemServer(  638): Profile Manager
W/SurfaceFlinger(  196): HWC_FRAMEBUFFER_TARGET found in hwc list (index=0)
W/Profile (  638): Null Pointer - UUID not found for Default.  New UUID generated: 1389d1ff-48cf-444e-818e-f82cd68b4803
W/Profile (  638): Null Pointer - UUID not found for Work.  New UUID generated: fc21ffae-4b22-42c3-9c38-c33eca7b0e84
W/Profile (  638): Null Pointer - UUID not found for Home.  New UUID generated: 84df88bc-4fbd-4a98-b216-a9e5c55675fb
W/Profile (  638): Null Pointer - UUID not found for Silent.  New UUID generated: 80a1d731-39dd-45f0-8a90-913b17456dab
W/SurfaceFlinger(  196): HWC_FRAMEBUFFER_TARGET found in hwc list (index=0)
W/Profile (  638): Null Pointer - UUID not found for Night.  New UUID generated: a9677f5a-8467-4e1a-b98b-ed76d00c672d
D/ProfileService(  638): Set active profile to: 1389d1ff-48cf-444e-818e-f82cd68b4803 - Default
D/ProfileService(  638): Saving profile data...
W/SurfaceFlinger(  196): HWC_FRAMEBUFFER_TARGET found in hwc list (index=0)
D/ProfileService(  638): Save completed.
I/SystemServer(  638): Notification Manager
I/SystemServer(  638): Device Storage Monitor
W/SurfaceFlinger(  196): HWC_FRAMEBUFFER_TARGET found in hwc list (index=0)
I/SystemServer(  638): Location Manager
I/SystemServer(  638): Country Detector
I/SystemServer(  638): Search Service
I/SystemServer(  638): DropBox Service
I/SystemServer(  638): Wallpaper Service
W/WallpaperService(  638): no current wallpaper -- first boot?
I/SystemServer(  638): Audio Service
W/SurfaceFlinger(  196): HWC_FRAMEBUFFER_TARGET found in hwc list (index=0)
W/SurfaceFlinger(  196): HWC_FRAMEBUFFER_TARGET found in hwc list (index=0)
W/SurfaceFlinger(  196): HWC_FRAMEBUFFER_TARGET found in hwc list (index=0)
W/SurfaceFlinger(  196): HWC_FRAMEBUFFER_TARGET found in hwc list (index=0)
I/VolumePanel(  638): changeOverlayStyle : 1
W/AudioPolicyManager7627a(  199): setForceUse() invalid usage 4
W/SurfaceFlinger(  196): HWC_FRAMEBUFFER_TARGET found in hwc list (index=0)
W/SurfaceFlinger(  196): HWC_FRAMEBUFFER_TARGET found in hwc list (index=0)
D/AudioHardwareMSM76XXA(  199): setVoiceVolume(1.200000)
I/AudioHardwareMSM76XXA(  199): Setting in-call volume to 6 (available range is 2 to 7)
D/AudioHardwareMSM76XXA(  199): rpc_snd_set_volume(2147483646, 0, 6)
I/SystemServer(  638): Dock Observer
W/DockObserver(  638): This kernel does not have dock station support
I/SystemServer(  638): Wired Accessory Manager
W/WiredAccessoryManager(  638): This kernel does not have usb audio support
W/WiredAccessoryManager(  638): This kernel does not have Motorola EMU audio support
W/WiredAccessoryManager(  638): This kernel does not have samsung usb dock audio support
W/WiredAccessoryManager(  638): This kernel does not have HDMI audio support
W/SurfaceFlinger(  196): HWC_FRAMEBUFFER_TARGET found in hwc list (index=0)
I/SystemServer(  638): USB Service
I/SystemServer(  638): Serial Service
I/SystemServer(  638): Twilight Service
I/SystemServer(  638): UI Mode Manager Service
I/SystemServer(  638): Backup Service
V/BackupManagerService(  638): Initializing package tracking
V/BackupManagerService(  638): No ancestral data
V/BackupManagerService(  638): addPackageParticipantsLocked: all
I/BackupManagerService(  638): Scheduling backup for new app com.android.calendar
W/SurfaceFlinger(  196): HWC_FRAMEBUFFER_TARGET found in hwc list (index=0)
D/BackupManagerService(  638): Now staging backup of com.android.calendar
I/BackupManagerService(  638): Scheduling backup for new app com.android.browser
W/SurfaceFlinger(  196): HWC_FRAMEBUFFER_TARGET found in hwc list (index=0)
D/BackupManagerService(  638): Now staging backup of com.android.browser
I/BackupManagerService(  638): Scheduling backup for new app com.android.providers.userdictionary
D/BackupManagerService(  638): Now staging backup of com.android.providers.userdictionary
W/SurfaceFlinger(  196): HWC_FRAMEBUFFER_TARGET found in hwc list (index=0)
I/BackupManagerService(  638): Scheduling backup for new app com.android.sharedstoragebackup
D/BackupManagerService(  638): Now staging backup of com.android.sharedstoragebackup
I/BackupManagerService(  638): Scheduling backup for new app android
D/BackupManagerService(  638): Now staging backup of android
I/BackupManagerService(  638): Scheduling backup for new app com.android.providers.telephony
D/BackupManagerService(  638): Now staging backup of com.android.providers.telephony
W/SurfaceFlinger(  196): HWC_FRAMEBUFFER_TARGET found in hwc list (index=0)
I/BackupManagerService(  638): Scheduling backup for new app com.android.dialer
D/BackupManagerService(  638): Now staging backup of com.android.dialer
I/BackupManagerService(  638): Scheduling backup for new app com.android.providers.settings
D/BackupManagerService(  638): Now staging backup of com.android.providers.settings
W/SurfaceFlinger(  196): HWC_FRAMEBUFFER_TARGET found in hwc list (index=0)
V/BackupManagerService(  638): Starting with transport com.google.android.backup/.BackupTransportService
V/BackupManagerService(  638): Found transports: 1
I/BackupManagerService(  638): Binding to transport host ComponentInfo{android/com.android.internal.backup.LocalTransportService}
I/BackupManagerService(  638): Backup enabled => false
I/BackupManagerService(  638): Opting out of backup
I/SystemServer(  638): AppWidget Service
I/SystemServer(  638): Recognition Service
I/SystemServer(  638): DiskStats Service
I/SystemServer(  638): SamplingProfiler Service
I/SystemServer(  638): NetworkTimeUpdateService
I/SystemServer(  638): CommonTimeManagementService
I/SystemServer(  638): CertBlacklister
I/SystemServer(  638): Dreams Service
I/SystemServer(  638): Assets Atlas Service
I/SystemServer(  638): IdleMaintenanceService
I/SystemServer(  638): Print Service
I/SystemServer(  638): Media Router Service
D/Atlas   (  638): Computing best atlas configuration...
D/Atlas   (  638): Running Thread-55
W/SurfaceFlinger(  196): HWC_FRAMEBUFFER_TARGET found in hwc list (index=0)
I/SystemServer(  638): AssetRedirectionManager Service
W/SurfaceFlinger(  196): HWC_FRAMEBUFFER_TARGET found in hwc list (index=0)
W/SurfaceFlinger(  196): HWC_FRAMEBUFFER_TARGET found in hwc list (index=0)
lozohcum@lozohcum-ubuntu:~/android-sdk/platform-tools$ 
