W/SurfaceFlinger(  195): HWC_FRAMEBUFFER_TARGET found in hwc list (index=0)
W/SurfaceFlinger(  195): HWC_FRAMEBUFFER_TARGET found in hwc list (index=0)
I/SyncManager(  636): No initial accounts
I/SyncManager(  636): No initial status
W/SyncManagerFile(  636): Error reading pending data.
W/SyncManagerFile(  636): java.io.FileNotFoundException: /data/system/sync/pending.xml: open failed: ENOENT (No such file or directory)
W/SyncManagerFile(  636): 	at libcore.io.IoBridge.open(IoBridge.java:409)
W/SyncManagerFile(  636): 	at java.io.FileInputStream.<init>(FileInputStream.java:78)
W/SyncManagerFile(  636): 	at android.util.AtomicFile.openRead(AtomicFile.java:199)
W/SyncManagerFile(  636): 	at com.android.server.content.SyncStorageEngine.readPendingOperationsLocked(SyncStorageEngine.java:2286)
W/SyncManagerFile(  636): 	at com.android.server.content.SyncStorageEngine.<init>(SyncStorageEngine.java:434)
W/SyncManagerFile(  636): 	at com.android.server.content.SyncStorageEngine.init(SyncStorageEngine.java:454)
W/SyncManagerFile(  636): 	at com.android.server.content.SyncManager.<init>(SyncManager.java:391)
W/SyncManagerFile(  636): 	at com.android.server.content.ContentService.getSyncManager(ContentService.java:75)
W/SyncManagerFile(  636): 	at com.android.server.content.ContentService.notifyChange(ContentService.java:283)
W/SyncManagerFile(  636): 	at android.content.ContentResolver.notifyChange(ContentResolver.java:1621)
W/SyncManagerFile(  636): 	at com.android.providers.settings.SettingsProvider.sendNotify(SettingsProvider.java:263)
W/SyncManagerFile(  636): 	at com.android.providers.settings.SettingsProvider.insertForUser(SettingsProvider.java:942)
W/SyncManagerFile(  636): 	at com.android.providers.settings.SettingsProvider.ensureAndroidIdIsSet(SettingsProvider.java:497)
W/SyncManagerFile(  636): 	at com.android.providers.settings.SettingsProvider.establishDbTracking(SettingsProvider.java:410)
W/SyncManagerFile(  636): 	at com.android.providers.settings.SettingsProvider.onCreate(SettingsProvider.java:336)
W/SyncManagerFile(  636): 	at android.content.ContentProvider.attachInfo(ContentProvider.java:1591)
W/SyncManagerFile(  636): 	at android.content.ContentProvider.attachInfo(ContentProvider.java:1562)
W/SyncManagerFile(  636): 	at android.app.ActivityThread.installProvider(ActivityThread.java:4854)
W/SyncManagerFile(  636): 	at android.app.ActivityThread.installContentProviders(ActivityThread.java:4449)
W/SyncManagerFile(  636): 	at android.app.ActivityThread.installSystemProviders(ActivityThread.java:5009)
W/SyncManagerFile(  636): 	at com.android.server.am.ActivityManagerService.installSystemProviders(ActivityManagerService.java:8205)
W/SyncManagerFile(  636): 	at com.android.server.ServerThread.initAndLoop(SystemServer.java:322)
W/SyncManagerFile(  636): 	at com.android.server.SystemServer.main(SystemServer.java:1309)
W/SyncManagerFile(  636): 	at java.lang.reflect.Method.invokeNative(Native Method)
W/SyncManagerFile(  636): 	at java.lang.reflect.Method.invoke(Method.java:515)
W/SyncManagerFile(  636): 	at com.android.internal.os.ZygoteInit$MethodAndArgsCaller.run(ZygoteInit.java:781)
W/SyncManagerFile(  636): 	at com.android.internal.os.ZygoteInit.main(ZygoteInit.java:597)
W/SyncManagerFile(  636): 	at dalvik.system.NativeStart.main(Native Method)
W/SyncManagerFile(  636): Caused by: libcore.io.ErrnoException: open failed: ENOENT (No such file or directory)
W/SyncManagerFile(  636): 	at libcore.io.Posix.open(Native Method)
W/SyncManagerFile(  636): 	at libcore.io.BlockGuardOs.open(BlockGuardOs.java:110)
W/SyncManagerFile(  636): 	at libcore.io.IoBridge.open(IoBridge.java:393)
W/SyncManagerFile(  636): 	... 27 more
I/SyncManager(  636): No initial statistics
W/SurfaceFlinger(  195): HWC_FRAMEBUFFER_TARGET found in hwc list (index=0)
W/SurfaceFlinger(  195): HWC_FRAMEBUFFER_TARGET found in hwc list (index=0)
W/SurfaceFlinger(  195): HWC_FRAMEBUFFER_TARGET found in hwc list (index=0)
D/SettingsProvider(  636): Generated and saved new ANDROID_ID [37688f91adf250cd] for user 0
I/SystemServer(  636): Lights Service
I/SystemServer(  636): Battery Service
W/SurfaceFlinger(  195): HWC_FRAMEBUFFER_TARGET found in hwc list (index=0)
E/lights  (  636): write_int failed to open /sys/class/leds/red/brightness
I/SystemServer(  636): Vibrator Service
E/ConsumerIrService(  636): Can't open consumer IR HW Module, error: -2
I/SystemServer(  636): Consumer IR Service
I/libsuspend(  636): Selected early suspend
I/libsuspend(  636): Starting early suspend unblocker thread
W/SurfaceFlinger(  195): HWC_FRAMEBUFFER_TARGET found in hwc list (index=0)
D/PermissionCache(  195): checking android.permission.ACCESS_SURFACE_FLINGER for uid=1000 => granted (3971 us)
D/SurfaceFlinger(  195): Screen acquired, type=0 flinger=0x40097008
D/SurfaceFlinger(  195):  screen was previously acquired
W/SurfaceFlinger(  195): HWC_FRAMEBUFFER_TARGET found in hwc list (index=0)
I/SystemServer(  636): Alarm Manager
I/SystemServer(  636): Init Watchdog
I/SystemServer(  636): Input Manager
I/InputManager(  636): Initializing input manager, mUseDevInputEventForAudioJack=false
I/SystemServer(  636): Window Manager
I/WindowManager(  636): No existing display settings /data/system/display_settings.xml; starting empty
W/SurfaceFlinger(  195): HWC_FRAMEBUFFER_TARGET found in hwc list (index=0)
W/SurfaceFlinger(  195): HWC_FRAMEBUFFER_TARGET found in hwc list (index=0)
W/SurfaceFlinger(  195): HWC_FRAMEBUFFER_TARGET found in hwc list (index=0)
I/WindowManager(  636): No keyguard interface!
I/InputManager(  636): Starting input manager
W/SurfaceFlinger(  195): HWC_FRAMEBUFFER_TARGET found in hwc list (index=0)
D/BluetoothManagerService(  636): Loading stored name and address
D/BluetoothManagerService(  636): Stored bluetooth Name=null,Address=null
I/SystemServer(  636): Bluetooth Manager Service
D/EventHub(  636): No input device configuration file found for device 'fih_gpio-keys'.
I/SystemServer(  636): Input Method Service
W/SurfaceFlinger(  195): HWC_FRAMEBUFFER_TARGET found in hwc list (index=0)
W/EventHub(  636): Unable to disable kernel key repeat for /dev/input/event2: Function not implemented
I/EventHub(  636): New device: id=1, fd=98, path='/dev/input/event2', name='fih_gpio-keys', classes=0x1, configuration='', keyLayout='/system/usr/keylayout/fih_gpio-keys.kl', keyCharacterMap='/system/usr/keychars/fih_gpio-keys.kcm', builtinKeyboard=false, usingSuspendBlockIoctl=true, usingClockIoctl=true
D/EventHub(  636): No input device configuration file found for device '7k_handset'.
W/EventHub(  636): Unable to disable kernel key repeat for /dev/input/event7: Function not implemented
I/EventHub(  636): New device: id=2, fd=99, path='/dev/input/event7', name='7k_handset', classes=0x81, configuration='', keyLayout='/system/usr/keylayout/7k_handset.kl', keyCharacterMap='/system/usr/keychars/Generic.kcm', builtinKeyboard=false, usingSuspendBlockIoctl=true, usingClockIoctl=true
D/EventHub(  636): No input device configuration file found for device 'proximity'.
D/EventHub(  636): No input device configuration file found for device 'accelerometer'.
D/EventHub(  636): No input device configuration file found for device 'compass'.
D/EventHub(  636): No input device configuration file found for device 'simple_remote_appkey'.
W/SurfaceFlinger(  195): HWC_FRAMEBUFFER_TARGET found in hwc list (index=0)
W/EventHub(  636): Unable to disable kernel key repeat for /dev/input/event1: Function not implemented
I/EventHub(  636): New device: id=6, fd=101, path='/dev/input/event1', name='simple_remote_appkey', classes=0x1, configuration='', keyLayout='/system/usr/keylayout/simple_remote_appkey.kl', keyCharacterMap='/system/usr/keychars/simple_remote_appkey.kcm', builtinKeyboard=false, usingSuspendBlockIoctl=true, usingClockIoctl=true
D/EventHub(  636): No input device configuration file found for device 'fih_ringswitch'.
E/filemap (  636): mmap(0,4096) failed: No such device
W/EventHub(  636): Unable to disable kernel key repeat for /dev/input/event3: Function not implemented
I/EventHub(  636): New device: id=8, fd=100, path='/dev/input/event3', name='cyttsp_i2c_tma340', classes=0x15, configuration='/system/usr/idc/cyttsp_i2c_tma340.idc', keyLayout='/system/usr/keylayout/cyttsp_i2c_tma340.kl', keyCharacterMap='/system/usr/keychars/cyttsp_i2c_tma340.kcm', builtinKeyboard=false, usingSuspendBlockIoctl=true, usingClockIoctl=true
W/SurfaceFlinger(  195): HWC_FRAMEBUFFER_TARGET found in hwc list (index=0)
I/InputReader(  636): Device added: id=-1, name='Virtual', sources=0x00000301
I/InputReader(  636):   Touch device 'cyttsp_i2c_tma340' could not query the properties of its associated display.  The device will be inoperable until the display size becomes available.
I/InputReader(  636): Device added: id=8, name='cyttsp_i2c_tma340', sources=0x00001103
I/InputReader(  636): Device added: id=6, name='simple_remote_appkey', sources=0x00000101
I/InputReader(  636): Device added: id=2, name='7k_handset', sources=0x80000101
I/InputReader(  636): Device added: id=1, name='fih_gpio-keys', sources=0x00000101
W/SurfaceFlinger(  195): HWC_FRAMEBUFFER_TARGET found in hwc list (index=0)
W/SurfaceFlinger(  195): HWC_FRAMEBUFFER_TARGET found in hwc list (index=0)
W/InputMethodManagerService(  636): No IME selected. Choose the most applicable IME.
I/InputMethodManagerService(  636): No default found, using com.android.inputmethod.latin/.LatinIME
W/SurfaceFlinger(  195): HWC_FRAMEBUFFER_TARGET found in hwc list (index=0)
W/SurfaceFlinger(  195): HWC_FRAMEBUFFER_TARGET found in hwc list (index=0)
W/SurfaceFlinger(  195): HWC_FRAMEBUFFER_TARGET found in hwc list (index=0)
I/SystemServer(  636): Accessibility Manager
I/InputReader(  636): Reconfiguring input devices.  changes=0x00000004
I/InputReader(  636): Device reconfigured: id=8, name='cyttsp_i2c_tma340', size 480x854, orientation 0, mode 1, display id 0
I/ActivityManager(  636): Config changes=1df8 {1.0 ?mcc?mnc en_US ldltr sw320dp w320dp h569dp 240dpi nrml long port ?uimode ?night -touch -keyb/h/h -nav/h s.2 themeResource=null}
W/SurfaceFlinger(  195): HWC_FRAMEBUFFER_TARGET found in hwc list (index=0)
I/PackageManager(  636): Running dexopt on: org.codeaurora.bluetooth
I/ActivityManager(  636): Config changes=408 {1.0 ?mcc?mnc en_US ldltr sw320dp w320dp h544dp 240dpi nrml long port ?uimode ?night finger -keyb/h/h -nav/h s.3 themeResource=null}
W/SurfaceFlinger(  195): HWC_FRAMEBUFFER_TARGET found in hwc list (index=0)
W/SurfaceFlinger(  195): HWC_FRAMEBUFFER_TARGET found in hwc list (index=0)
W/SurfaceFlinger(  195): HWC_FRAMEBUFFER_TARGET found in hwc list (index=0)
W/SurfaceFlinger(  195): HWC_FRAMEBUFFER_TARGET found in hwc list (index=0)
W/SurfaceFlinger(  195): HWC_FRAMEBUFFER_TARGET found in hwc list (index=0)
W/SurfaceFlinger(  195): HWC_FRAMEBUFFER_TARGET found in hwc list (index=0)
W/SurfaceFlinger(  195): HWC_FRAMEBUFFER_TARGET found in hwc list (index=0)
W/SurfaceFlinger(  195): HWC_FRAMEBUFFER_TARGET found in hwc list (index=0)
W/SurfaceFlinger(  195): HWC_FRAMEBUFFER_TARGET found in hwc list (index=0)
W/SurfaceFlinger(  195): HWC_FRAMEBUFFER_TARGET found in hwc list (index=0)
W/SurfaceFlinger(  195): HWC_FRAMEBUFFER_TARGET found in hwc list (index=0)
W/SurfaceFlinger(  195): HWC_FRAMEBUFFER_TARGET found in hwc list (index=0)
D/dalvikvm(  704): DexOpt: load 27ms, verify+opt 291ms, 589916 bytes
W/SurfaceFlinger(  195): HWC_FRAMEBUFFER_TARGET found in hwc list (index=0)
W/SurfaceFlinger(  195): HWC_FRAMEBUFFER_TARGET found in hwc list (index=0)
W/SurfaceFlinger(  195): HWC_FRAMEBUFFER_TARGET found in hwc list (index=0)
I/PackageManager(  636): Running dexopt on: com.cyanogenmod.account
W/SurfaceFlinger(  195): HWC_FRAMEBUFFER_TARGET found in hwc list (index=0)
W/SurfaceFlinger(  195): HWC_FRAMEBUFFER_TARGET found in hwc list (index=0)
W/SurfaceFlinger(  195): HWC_FRAMEBUFFER_TARGET found in hwc list (index=0)
W/SurfaceFlinger(  195): HWC_FRAMEBUFFER_TARGET found in hwc list (index=0)
W/SurfaceFlinger(  195): HWC_FRAMEBUFFER_TARGET found in hwc list (index=0)
W/SurfaceFlinger(  195): HWC_FRAMEBUFFER_TARGET found in hwc list (index=0)
W/SurfaceFlinger(  195): HWC_FRAMEBUFFER_TARGET found in hwc list (index=0)
W/SurfaceFlinger(  195): HWC_FRAMEBUFFER_TARGET found in hwc list (index=0)
W/SurfaceFlinger(  195): HWC_FRAMEBUFFER_TARGET found in hwc list (index=0)
W/SurfaceFlinger(  195): HWC_FRAMEBUFFER_TARGET found in hwc list (index=0)
W/SurfaceFlinger(  195): HWC_FRAMEBUFFER_TARGET found in hwc list (index=0)
W/SurfaceFlinger(  195): HWC_FRAMEBUFFER_TARGET found in hwc list (index=0)
W/SurfaceFlinger(  195): HWC_FRAMEBUFFER_TARGET found in hwc list (index=0)
W/SurfaceFlinger(  195): HWC_FRAMEBUFFER_TARGET found in hwc list (index=0)
W/SurfaceFlinger(  195): HWC_FRAMEBUFFER_TARGET found in hwc list (index=0)
W/SurfaceFlinger(  195): HWC_FRAMEBUFFER_TARGET found in hwc list (index=0)
W/SurfaceFlinger(  195): HWC_FRAMEBUFFER_TARGET found in hwc list (index=0)
D/dalvikvm(  705): DexOpt: load 61ms, verify+opt 342ms, 1118060 bytes
W/SurfaceFlinger(  195): HWC_FRAMEBUFFER_TARGET found in hwc list (index=0)
W/SurfaceFlinger(  195): HWC_FRAMEBUFFER_TARGET found in hwc list (index=0)
W/SurfaceFlinger(  195): HWC_FRAMEBUFFER_TARGET found in hwc list (index=0)
I/PackageManager(  636): Running dexopt on: com.android.dreams.basic
W/SurfaceFlinger(  195): HWC_FRAMEBUFFER_TARGET found in hwc list (index=0)
W/SurfaceFlinger(  195): HWC_FRAMEBUFFER_TARGET found in hwc list (index=0)
W/SurfaceFlinger(  195): HWC_FRAMEBUFFER_TARGET found in hwc list (index=0)
D/dalvikvm(  706): DexOpt: load 7ms, verify+opt 18ms, 195748 bytes
W/SurfaceFlinger(  195): HWC_FRAMEBUFFER_TARGET found in hwc list (index=0)
W/SurfaceFlinger(  195): HWC_FRAMEBUFFER_TARGET found in hwc list (index=0)
W/SurfaceFlinger(  195): HWC_FRAMEBUFFER_TARGET found in hwc list (index=0)
I/PackageManager(  636): Running dexopt on: com.bel.android.dspmanager
W/SurfaceFlinger(  195): HWC_FRAMEBUFFER_TARGET found in hwc list (index=0)
W/SurfaceFlinger(  195): HWC_FRAMEBUFFER_TARGET found in hwc list (index=0)
W/SurfaceFlinger(  195): HWC_FRAMEBUFFER_TARGET found in hwc list (index=0)
W/SurfaceFlinger(  195): HWC_FRAMEBUFFER_TARGET found in hwc list (index=0)
W/SurfaceFlinger(  195): HWC_FRAMEBUFFER_TARGET found in hwc list (index=0)
W/SurfaceFlinger(  195): HWC_FRAMEBUFFER_TARGET found in hwc list (index=0)
W/SurfaceFlinger(  195): HWC_FRAMEBUFFER_TARGET found in hwc list (index=0)
W/SurfaceFlinger(  195): HWC_FRAMEBUFFER_TARGET found in hwc list (index=0)
W/SurfaceFlinger(  195): HWC_FRAMEBUFFER_TARGET found in hwc list (index=0)
W/SurfaceFlinger(  195): HWC_FRAMEBUFFER_TARGET found in hwc list (index=0)
W/SurfaceFlinger(  195): HWC_FRAMEBUFFER_TARGET found in hwc list (index=0)
W/SurfaceFlinger(  195): HWC_FRAMEBUFFER_TARGET found in hwc list (index=0)
W/SurfaceFlinger(  195): HWC_FRAMEBUFFER_TARGET found in hwc list (index=0)
W/SurfaceFlinger(  195): HWC_FRAMEBUFFER_TARGET found in hwc list (index=0)
W/SurfaceFlinger(  195): HWC_FRAMEBUFFER_TARGET found in hwc list (index=0)
W/SurfaceFlinger(  195): HWC_FRAMEBUFFER_TARGET found in hwc list (index=0)
W/SurfaceFlinger(  195): HWC_FRAMEBUFFER_TARGET found in hwc list (index=0)
W/SurfaceFlinger(  195): HWC_FRAMEBUFFER_TARGET found in hwc list (index=0)
W/SurfaceFlinger(  195): HWC_FRAMEBUFFER_TARGET found in hwc list (index=0)
D/dalvikvm(  707): DexOpt: load 90ms, verify+opt 354ms, 1131180 bytes
W/SurfaceFlinger(  195): HWC_FRAMEBUFFER_TARGET found in hwc list (index=0)
W/SurfaceFlinger(  195): HWC_FRAMEBUFFER_TARGET found in hwc list (index=0)
W/SurfaceFlinger(  195): HWC_FRAMEBUFFER_TARGET found in hwc list (index=0)
W/SurfaceFlinger(  195): HWC_FRAMEBUFFER_TARGET found in hwc list (index=0)
I/PackageManager(  636): Running dexopt on: com.android.launcher3
W/SurfaceFlinger(  195): HWC_FRAMEBUFFER_TARGET found in hwc list (index=0)
W/SurfaceFlinger(  195): HWC_FRAMEBUFFER_TARGET found in hwc list (index=0)
W/SurfaceFlinger(  195): HWC_FRAMEBUFFER_TARGET found in hwc list (index=0)
W/SurfaceFlinger(  195): HWC_FRAMEBUFFER_TARGET found in hwc list (index=0)
W/SurfaceFlinger(  195): HWC_FRAMEBUFFER_TARGET found in hwc list (index=0)
D/dalvikvm(  708): DexOpt: 'Landroid/util/Pools$Pool;' has an earlier definition; blocking out
D/dalvikvm(  708): DexOpt: 'Landroid/util/Pools$SimplePool;' has an earlier definition; blocking out
D/dalvikvm(  708): DexOpt: 'Landroid/util/Pools$SynchronizedPool;' has an earlier definition; blocking out
D/dalvikvm(  708): DexOpt: 'Landroid/util/Pools;' has an earlier definition; blocking out
W/SurfaceFlinger(  195): HWC_FRAMEBUFFER_TARGET found in hwc list (index=0)
W/SurfaceFlinger(  195): HWC_FRAMEBUFFER_TARGET found in hwc list (index=0)
W/SurfaceFlinger(  195): HWC_FRAMEBUFFER_TARGET found in hwc list (index=0)
W/SurfaceFlinger(  195): HWC_FRAMEBUFFER_TARGET found in hwc list (index=0)
W/SurfaceFlinger(  195): HWC_FRAMEBUFFER_TARGET found in hwc list (index=0)
D/dalvikvm(  708): DexOpt: not verifying/optimizing 'Landroid/util/Pools$Pool;': multiple definitions
D/dalvikvm(  708): DexOpt: not verifying/optimizing 'Landroid/util/Pools$SimplePool;': multiple definitions
D/dalvikvm(  708): DexOpt: not verifying/optimizing 'Landroid/util/Pools$SynchronizedPool;': multiple definitions
D/dalvikvm(  708): DexOpt: not verifying/optimizing 'Landroid/util/Pools;': multiple definitions
W/SurfaceFlinger(  195): HWC_FRAMEBUFFER_TARGET found in hwc list (index=0)
W/SurfaceFlinger(  195): HWC_FRAMEBUFFER_TARGET found in hwc list (index=0)
W/SurfaceFlinger(  195): HWC_FRAMEBUFFER_TARGET found in hwc list (index=0)
W/SurfaceFlinger(  195): HWC_FRAMEBUFFER_TARGET found in hwc list (index=0)
W/SurfaceFlinger(  195): HWC_FRAMEBUFFER_TARGET found in hwc list (index=0)
W/SurfaceFlinger(  195): HWC_FRAMEBUFFER_TARGET found in hwc list (index=0)
W/SurfaceFlinger(  195): HWC_FRAMEBUFFER_TARGET found in hwc list (index=0)
W/SurfaceFlinger(  195): HWC_FRAMEBUFFER_TARGET found in hwc list (index=0)
W/SurfaceFlinger(  195): HWC_FRAMEBUFFER_TARGET found in hwc list (index=0)
W/SurfaceFlinger(  195): HWC_FRAMEBUFFER_TARGET found in hwc list (index=0)
W/SurfaceFlinger(  195): HWC_FRAMEBUFFER_TARGET found in hwc list (index=0)
W/SurfaceFlinger(  195): HWC_FRAMEBUFFER_TARGET found in hwc list (index=0)
W/SurfaceFlinger(  195): HWC_FRAMEBUFFER_TARGET found in hwc list (index=0)
W/SurfaceFlinger(  195): HWC_FRAMEBUFFER_TARGET found in hwc list (index=0)
W/SurfaceFlinger(  195): HWC_FRAMEBUFFER_TARGET found in hwc list (index=0)
W/SurfaceFlinger(  195): HWC_FRAMEBUFFER_TARGET found in hwc list (index=0)
W/SurfaceFlinger(  195): HWC_FRAMEBUFFER_TARGET found in hwc list (index=0)
W/SurfaceFlinger(  195): HWC_FRAMEBUFFER_TARGET found in hwc list (index=0)
I/dalvikvm(  708): DexOpt: not resolving ambiguous class 'Landroid/util/Pools$Pool;'
I/dalvikvm(  708): DexOpt: not resolving ambiguous class 'Landroid/util/Pools$SynchronizedPool;'
W/SurfaceFlinger(  195): HWC_FRAMEBUFFER_TARGET found in hwc list (index=0)
D/dalvikvm(  708): DexOpt: load 170ms, verify+opt 592ms, 1271548 bytes
W/SurfaceFlinger(  195): HWC_FRAMEBUFFER_TARGET found in hwc list (index=0)
W/SurfaceFlinger(  195): HWC_FRAMEBUFFER_TARGET found in hwc list (index=0)
W/SurfaceFlinger(  195): HWC_FRAMEBUFFER_TARGET found in hwc list (index=0)
W/SurfaceFlinger(  195): HWC_FRAMEBUFFER_TARGET found in hwc list (index=0)
I/PackageManager(  636): Running dexopt on: com.tmobile.themechooser
W/SurfaceFlinger(  195): HWC_FRAMEBUFFER_TARGET found in hwc list (index=0)
W/SurfaceFlinger(  195): HWC_FRAMEBUFFER_TARGET found in hwc list (index=0)
W/SurfaceFlinger(  195): HWC_FRAMEBUFFER_TARGET found in hwc list (index=0)
W/SurfaceFlinger(  195): HWC_FRAMEBUFFER_TARGET found in hwc list (index=0)
D/dalvikvm(  709): DexOpt: load 22ms, verify+opt 53ms, 375444 bytes
W/SurfaceFlinger(  195): HWC_FRAMEBUFFER_TARGET found in hwc list (index=0)
W/SurfaceFlinger(  195): HWC_FRAMEBUFFER_TARGET found in hwc list (index=0)
I/PackageManager(  636): Running dexopt on: com.android.gallery3d
W/SurfaceFlinger(  195): HWC_FRAMEBUFFER_TARGET found in hwc list (index=0)
W/SurfaceFlinger(  195): HWC_FRAMEBUFFER_TARGET found in hwc list (index=0)
W/SurfaceFlinger(  195): HWC_FRAMEBUFFER_TARGET found in hwc list (index=0)
W/SurfaceFlinger(  195): HWC_FRAMEBUFFER_TARGET found in hwc list (index=0)
W/SurfaceFlinger(  195): HWC_FRAMEBUFFER_TARGET found in hwc list (index=0)
W/SurfaceFlinger(  195): HWC_FRAMEBUFFER_TARGET found in hwc list (index=0)
W/SurfaceFlinger(  195): HWC_FRAMEBUFFER_TARGET found in hwc list (index=0)
W/SurfaceFlinger(  195): HWC_FRAMEBUFFER_TARGET found in hwc list (index=0)
W/SurfaceFlinger(  195): HWC_FRAMEBUFFER_TARGET found in hwc list (index=0)
W/SurfaceFlinger(  195): HWC_FRAMEBUFFER_TARGET found in hwc list (index=0)
W/SurfaceFlinger(  195): HWC_FRAMEBUFFER_TARGET found in hwc list (index=0)
W/SurfaceFlinger(  195): HWC_FRAMEBUFFER_TARGET found in hwc list (index=0)
W/SurfaceFlinger(  195): HWC_FRAMEBUFFER_TARGET found in hwc list (index=0)
D/dalvikvm(  710): DexOpt: 'Landroid/util/Pools$Pool;' has an earlier definition; blocking out
D/dalvikvm(  710): DexOpt: 'Landroid/util/Pools$SimplePool;' has an earlier definition; blocking out
D/dalvikvm(  710): DexOpt: 'Landroid/util/Pools$SynchronizedPool;' has an earlier definition; blocking out
D/dalvikvm(  710): DexOpt: 'Landroid/util/Pools;' has an earlier definition; blocking out
W/SurfaceFlinger(  195): HWC_FRAMEBUFFER_TARGET found in hwc list (index=0)
W/SurfaceFlinger(  195): HWC_FRAMEBUFFER_TARGET found in hwc list (index=0)
W/SurfaceFlinger(  195): HWC_FRAMEBUFFER_TARGET found in hwc list (index=0)
W/SurfaceFlinger(  195): HWC_FRAMEBUFFER_TARGET found in hwc list (index=0)
W/SurfaceFlinger(  195): HWC_FRAMEBUFFER_TARGET found in hwc list (index=0)
W/SurfaceFlinger(  195): HWC_FRAMEBUFFER_TARGET found in hwc list (index=0)
W/SurfaceFlinger(  195): HWC_FRAMEBUFFER_TARGET found in hwc list (index=0)
W/SurfaceFlinger(  195): HWC_FRAMEBUFFER_TARGET found in hwc list (index=0)
W/SurfaceFlinger(  195): HWC_FRAMEBUFFER_TARGET found in hwc list (index=0)
I/auditd  (  711): Starting up
E/auditd  (  711): Failed on audit_set_pid with error: Protocol not supported
I/auditd  (  711): Exiting
W/SurfaceFlinger(  195): HWC_FRAMEBUFFER_TARGET found in hwc list (index=0)
W/SurfaceFlinger(  195): HWC_FRAMEBUFFER_TARGET found in hwc list (index=0)
W/SurfaceFlinger(  195): HWC_FRAMEBUFFER_TARGET found in hwc list (index=0)
W/SurfaceFlinger(  195): HWC_FRAMEBUFFER_TARGET found in hwc list (index=0)
W/SurfaceFlinger(  195): HWC_FRAMEBUFFER_TARGET found in hwc list (index=0)
W/SurfaceFlinger(  195): HWC_FRAMEBUFFER_TARGET found in hwc list (index=0)
D/dalvikvm(  710): DexOpt: not verifying/optimizing 'Landroid/util/Pools$Pool;': multiple definitions
D/dalvikvm(  710): DexOpt: not verifying/optimizing 'Landroid/util/Pools$SimplePool;': multiple definitions
D/dalvikvm(  710): DexOpt: not verifying/optimizing 'Landroid/util/Pools$SynchronizedPool;': multiple definitions
D/dalvikvm(  710): DexOpt: not verifying/optimizing 'Landroid/util/Pools;': multiple definitions
W/SurfaceFlinger(  195): HWC_FRAMEBUFFER_TARGET found in hwc list (index=0)
W/SurfaceFlinger(  195): HWC_FRAMEBUFFER_TARGET found in hwc list (index=0)
W/SurfaceFlinger(  195): HWC_FRAMEBUFFER_TARGET found in hwc list (index=0)
W/SurfaceFlinger(  195): HWC_FRAMEBUFFER_TARGET found in hwc list (index=0)
W/SurfaceFlinger(  195): HWC_FRAMEBUFFER_TARGET found in hwc list (index=0)
W/SurfaceFlinger(  195): HWC_FRAMEBUFFER_TARGET found in hwc list (index=0)
W/SurfaceFlinger(  195): HWC_FRAMEBUFFER_TARGET found in hwc list (index=0)
W/SurfaceFlinger(  195): HWC_FRAMEBUFFER_TARGET found in hwc list (index=0)
W/SurfaceFlinger(  195): HWC_FRAMEBUFFER_TARGET found in hwc list (index=0)
W/SurfaceFlinger(  195): HWC_FRAMEBUFFER_TARGET found in hwc list (index=0)
W/SurfaceFlinger(  195): HWC_FRAMEBUFFER_TARGET found in hwc list (index=0)
W/SurfaceFlinger(  195): HWC_FRAMEBUFFER_TARGET found in hwc list (index=0)
W/SurfaceFlinger(  195): HWC_FRAMEBUFFER_TARGET found in hwc list (index=0)
W/SurfaceFlinger(  195): HWC_FRAMEBUFFER_TARGET found in hwc list (index=0)
W/SurfaceFlinger(  195): HWC_FRAMEBUFFER_TARGET found in hwc list (index=0)
W/SurfaceFlinger(  195): HWC_FRAMEBUFFER_TARGET found in hwc list (index=0)
W/SurfaceFlinger(  195): HWC_FRAMEBUFFER_TARGET found in hwc list (index=0)
W/SurfaceFlinger(  195): HWC_FRAMEBUFFER_TARGET found in hwc list (index=0)
W/SurfaceFlinger(  195): HWC_FRAMEBUFFER_TARGET found in hwc list (index=0)
W/SurfaceFlinger(  195): HWC_FRAMEBUFFER_TARGET found in hwc list (index=0)
W/SurfaceFlinger(  195): HWC_FRAMEBUFFER_TARGET found in hwc list (index=0)
I/dalvikvm(  710): DexOpt: not resolving ambiguous class 'Landroid/util/Pools$SynchronizedPool;'
I/dalvikvm(  710): DexOpt: not resolving ambiguous class 'Landroid/util/Pools$SimplePool;'
I/dalvikvm(  710): DexOpt: not resolving ambiguous class 'Landroid/util/Pools$Pool;'
I/dalvikvm(  710): DexOpt: not resolving ambiguous class 'Landroid/util/Pools$SynchronizedPool;'
W/SurfaceFlinger(  195): HWC_FRAMEBUFFER_TARGET found in hwc list (index=0)
W/SurfaceFlinger(  195): HWC_FRAMEBUFFER_TARGET found in hwc list (index=0)
W/SurfaceFlinger(  195): HWC_FRAMEBUFFER_TARGET found in hwc list (index=0)
W/SurfaceFlinger(  195): HWC_FRAMEBUFFER_TARGET found in hwc list (index=0)
D/dalvikvm(  710): DexOpt: load 217ms, verify+opt 1177ms, 2334044 bytes
W/SurfaceFlinger(  195): HWC_FRAMEBUFFER_TARGET found in hwc list (index=0)
W/SurfaceFlinger(  195): HWC_FRAMEBUFFER_TARGET found in hwc list (index=0)
W/SurfaceFlinger(  195): HWC_FRAMEBUFFER_TARGET found in hwc list (index=0)
W/SurfaceFlinger(  195): HWC_FRAMEBUFFER_TARGET found in hwc list (index=0)
W/SurfaceFlinger(  195): HWC_FRAMEBUFFER_TARGET found in hwc list (index=0)
W/SurfaceFlinger(  195): HWC_FRAMEBUFFER_TARGET found in hwc list (index=0)
W/SurfaceFlinger(  195): HWC_FRAMEBUFFER_TARGET found in hwc list (index=0)
W/SurfaceFlinger(  195): HWC_FRAMEBUFFER_TARGET found in hwc list (index=0)
I/PackageManager(  636): Running dexopt on: com.android.providers.downloads
W/SurfaceFlinger(  195): HWC_FRAMEBUFFER_TARGET found in hwc list (index=0)
W/SurfaceFlinger(  195): HWC_FRAMEBUFFER_TARGET found in hwc list (index=0)
W/SurfaceFlinger(  195): HWC_FRAMEBUFFER_TARGET found in hwc list (index=0)
W/SurfaceFlinger(  195): HWC_FRAMEBUFFER_TARGET found in hwc list (index=0)
W/SurfaceFlinger(  195): HWC_FRAMEBUFFER_TARGET found in hwc list (index=0)
W/SurfaceFlinger(  195): HWC_FRAMEBUFFER_TARGET found in hwc list (index=0)
W/SurfaceFlinger(  195): HWC_FRAMEBUFFER_TARGET found in hwc list (index=0)
W/SurfaceFlinger(  195): HWC_FRAMEBUFFER_TARGET found in hwc list (index=0)
D/dalvikvm(  714): DexOpt: load 30ms, verify+opt 137ms, 573932 bytes
W/SurfaceFlinger(  195): HWC_FRAMEBUFFER_TARGET found in hwc list (index=0)
W/SurfaceFlinger(  195): HWC_FRAMEBUFFER_TARGET found in hwc list (index=0)
W/SurfaceFlinger(  195): HWC_FRAMEBUFFER_TARGET found in hwc list (index=0)
I/PackageManager(  636): Running dexopt on: com.android.providers.calendar
W/SurfaceFlinger(  195): HWC_FRAMEBUFFER_TARGET found in hwc list (index=0)
W/SurfaceFlinger(  195): HWC_FRAMEBUFFER_TARGET found in hwc list (index=0)
W/SurfaceFlinger(  195): HWC_FRAMEBUFFER_TARGET found in hwc list (index=0)
W/SurfaceFlinger(  195): HWC_FRAMEBUFFER_TARGET found in hwc list (index=0)
W/SurfaceFlinger(  195): HWC_FRAMEBUFFER_TARGET found in hwc list (index=0)
W/SurfaceFlinger(  195): HWC_FRAMEBUFFER_TARGET found in hwc list (index=0)
W/SurfaceFlinger(  195): HWC_FRAMEBUFFER_TARGET found in hwc list (index=0)
W/SurfaceFlinger(  195): HWC_FRAMEBUFFER_TARGET found in hwc list (index=0)
W/SurfaceFlinger(  195): HWC_FRAMEBUFFER_TARGET found in hwc list (index=0)
W/SurfaceFlinger(  195): HWC_FRAMEBUFFER_TARGET found in hwc list (index=0)
D/dalvikvm(  715): Note: class Landroid/app/ActivityManagerNative; has 180 unimplemented (abstract) methods
W/SurfaceFlinger(  195): HWC_FRAMEBUFFER_TARGET found in hwc list (index=0)
D/dalvikvm(  715): DexOpt: load 27ms, verify+opt 228ms, 623756 bytes
W/SurfaceFlinger(  195): HWC_FRAMEBUFFER_TARGET found in hwc list (index=0)
W/SurfaceFlinger(  195): HWC_FRAMEBUFFER_TARGET found in hwc list (index=0)
W/SurfaceFlinger(  195): HWC_FRAMEBUFFER_TARGET found in hwc list (index=0)
I/PackageManager(  636): Running dexopt on: com.android.providers.media
W/SurfaceFlinger(  195): HWC_FRAMEBUFFER_TARGET found in hwc list (index=0)
W/SurfaceFlinger(  195): HWC_FRAMEBUFFER_TARGET found in hwc list (index=0)
W/SurfaceFlinger(  195): HWC_FRAMEBUFFER_TARGET found in hwc list (index=0)
W/SurfaceFlinger(  195): HWC_FRAMEBUFFER_TARGET found in hwc list (index=0)
W/SurfaceFlinger(  195): HWC_FRAMEBUFFER_TARGET found in hwc list (index=0)
D/dalvikvm(  716): Note: class Landroid/app/ActivityManagerNative; has 180 unimplemented (abstract) methods
W/SurfaceFlinger(  195): HWC_FRAMEBUFFER_TARGET found in hwc list (index=0)
W/SurfaceFlinger(  195): HWC_FRAMEBUFFER_TARGET found in hwc list (index=0)
D/dalvikvm(  716): DexOpt: load 20ms, verify+opt 158ms, 540476 bytes
W/SurfaceFlinger(  195): HWC_FRAMEBUFFER_TARGET found in hwc list (index=0)
W/SurfaceFlinger(  195): HWC_FRAMEBUFFER_TARGET found in hwc list (index=0)
I/PackageManager(  636): Running dexopt on: com.svox.pico
W/SurfaceFlinger(  195): HWC_FRAMEBUFFER_TARGET found in hwc list (index=0)
W/SurfaceFlinger(  195): HWC_FRAMEBUFFER_TARGET found in hwc list (index=0)
D/dalvikvm(  717): DexOpt: load 20ms, verify+opt 9ms, 225564 bytes
W/SurfaceFlinger(  195): HWC_FRAMEBUFFER_TARGET found in hwc list (index=0)
W/SurfaceFlinger(  195): HWC_FRAMEBUFFER_TARGET found in hwc list (index=0)
I/PackageManager(  636): Running dexopt on: com.android.camera2
W/SurfaceFlinger(  195): HWC_FRAMEBUFFER_TARGET found in hwc list (index=0)
W/SurfaceFlinger(  195): HWC_FRAMEBUFFER_TARGET found in hwc list (index=0)
W/SurfaceFlinger(  195): HWC_FRAMEBUFFER_TARGET found in hwc list (index=0)
W/SurfaceFlinger(  195): HWC_FRAMEBUFFER_TARGET found in hwc list (index=0)
W/SurfaceFlinger(  195): HWC_FRAMEBUFFER_TARGET found in hwc list (index=0)
W/SurfaceFlinger(  195): HWC_FRAMEBUFFER_TARGET found in hwc list (index=0)
W/SurfaceFlinger(  195): HWC_FRAMEBUFFER_TARGET found in hwc list (index=0)
W/SurfaceFlinger(  195): HWC_FRAMEBUFFER_TARGET found in hwc list (index=0)
W/SurfaceFlinger(  195): HWC_FRAMEBUFFER_TARGET found in hwc list (index=0)
W/SurfaceFlinger(  195): HWC_FRAMEBUFFER_TARGET found in hwc list (index=0)
W/SurfaceFlinger(  195): HWC_FRAMEBUFFER_TARGET found in hwc list (index=0)
W/SurfaceFlinger(  195): HWC_FRAMEBUFFER_TARGET found in hwc list (index=0)
I/rmt_storage(  148): rmt_storage open event: handle=1
I/rmt_storage(  148): Opened /boot/modem_fs1
I/rmt_storage(  148): rmt_storage events processing done
I/rmt_storage(  148): rmt_storage send user data event
I/rmt_storage(  148): rmt_storage events processing done
I/rmt_storage(  148): rmt_storage open event: handle=2
I/rmt_storage(  148): Opened /boot/modem_fs2
I/rmt_storage(  148): rmt_storage events processing done
I/rmt_storage(  148): rmt_storage send user data event
I/rmt_storage(  148): rmt_storage events processing done
I/rmt_storage(  148): rmt_storage write event
I/rmt_storage(  148): rmt_storage events processing done
I/rmt_storage(  148): rmt_storage client thread started 
I/rmt_storage(  148): rmt_storage client thread started 
W/SurfaceFlinger(  195): HWC_FRAMEBUFFER_TARGET found in hwc list (index=0)
W/SurfaceFlinger(  195): HWC_FRAMEBUFFER_TARGET found in hwc list (index=0)
W/SurfaceFlinger(  195): HWC_FRAMEBUFFER_TARGET found in hwc list (index=0)
W/SurfaceFlinger(  195): HWC_FRAMEBUFFER_TARGET found in hwc list (index=0)
W/SurfaceFlinger(  195): HWC_FRAMEBUFFER_TARGET found in hwc list (index=0)
W/SurfaceFlinger(  195): HWC_FRAMEBUFFER_TARGET found in hwc list (index=0)
W/SurfaceFlinger(  195): HWC_FRAMEBUFFER_TARGET found in hwc list (index=0)
W/SurfaceFlinger(  195): HWC_FRAMEBUFFER_TARGET found in hwc list (index=0)
W/SurfaceFlinger(  195): HWC_FRAMEBUFFER_TARGET found in hwc list (index=0)
W/SurfaceFlinger(  195): HWC_FRAMEBUFFER_TARGET found in hwc list (index=0)
W/SurfaceFlinger(  195): HWC_FRAMEBUFFER_TARGET found in hwc list (index=0)
W/SurfaceFlinger(  195): HWC_FRAMEBUFFER_TARGET found in hwc list (index=0)
W/SurfaceFlinger(  195): HWC_FRAMEBUFFER_TARGET found in hwc list (index=0)
W/SurfaceFlinger(  195): HWC_FRAMEBUFFER_TARGET found in hwc list (index=0)
W/SurfaceFlinger(  195): HWC_FRAMEBUFFER_TARGET found in hwc list (index=0)
W/SurfaceFlinger(  195): HWC_FRAMEBUFFER_TARGET found in hwc list (index=0)
W/SurfaceFlinger(  195): HWC_FRAMEBUFFER_TARGET found in hwc list (index=0)
W/SurfaceFlinger(  195): HWC_FRAMEBUFFER_TARGET found in hwc list (index=0)
D/dalvikvm(  718): DexOpt: load 104ms, verify+opt 708ms, 1294820 bytes
W/SurfaceFlinger(  195): HWC_FRAMEBUFFER_TARGET found in hwc list (index=0)
W/SurfaceFlinger(  195): HWC_FRAMEBUFFER_TARGET found in hwc list (index=0)
I/rmt_storage(  148): rmt_storage fop(1): bytes transferred = 3145216
W/SurfaceFlinger(  195): HWC_FRAMEBUFFER_TARGET found in hwc list (index=0)
W/SurfaceFlinger(  195): HWC_FRAMEBUFFER_TARGET found in hwc list (index=0)
W/SurfaceFlinger(  195): HWC_FRAMEBUFFER_TARGET found in hwc list (index=0)
I/rmt_storage(  148): rmt_storage fop(1): bytes transferred = 512
W/SurfaceFlinger(  195): HWC_FRAMEBUFFER_TARGET found in hwc list (index=0)
W/SurfaceFlinger(  195): HWC_FRAMEBUFFER_TARGET found in hwc list (index=0)
W/SurfaceFlinger(  195): HWC_FRAMEBUFFER_TARGET found in hwc list (index=0)
W/SurfaceFlinger(  195): HWC_FRAMEBUFFER_TARGET found in hwc list (index=0)
W/SurfaceFlinger(  195): HWC_FRAMEBUFFER_TARGET found in hwc list (index=0)
W/SurfaceFlinger(  195): HWC_FRAMEBUFFER_TARGET found in hwc list (index=0)
W/SurfaceFlinger(  195): HWC_FRAMEBUFFER_TARGET found in hwc list (index=0)
W/SurfaceFlinger(  195): HWC_FRAMEBUFFER_TARGET found in hwc list (index=0)
W/SurfaceFlinger(  195): HWC_FRAMEBUFFER_TARGET found in hwc list (index=0)
W/SurfaceFlinger(  195): HWC_FRAMEBUFFER_TARGET found in hwc list (index=0)
W/SurfaceFlinger(  195): HWC_FRAMEBUFFER_TARGET found in hwc list (index=0)
W/SurfaceFlinger(  195): HWC_FRAMEBUFFER_TARGET found in hwc list (index=0)
W/SurfaceFlinger(  195): HWC_FRAMEBUFFER_TARGET found in hwc list (index=0)
W/SurfaceFlinger(  195): HWC_FRAMEBUFFER_TARGET found in hwc list (index=0)
W/SurfaceFlinger(  195): HWC_FRAMEBUFFER_TARGET found in hwc list (index=0)
W/SurfaceFlinger(  195): HWC_FRAMEBUFFER_TARGET found in hwc list (index=0)
W/SurfaceFlinger(  195): HWC_FRAMEBUFFER_TARGET found in hwc list (index=0)
W/SurfaceFlinger(  195): HWC_FRAMEBUFFER_TARGET found in hwc list (index=0)
W/SurfaceFlinger(  195): HWC_FRAMEBUFFER_TARGET found in hwc list (index=0)
I/PackageManager(  636): Running dexopt on: org.cyanogenmod.voiceplus
W/SurfaceFlinger(  195): HWC_FRAMEBUFFER_TARGET found in hwc list (index=0)
W/SurfaceFlinger(  195): HWC_FRAMEBUFFER_TARGET found in hwc list (index=0)
W/SurfaceFlinger(  195): HWC_FRAMEBUFFER_TARGET found in hwc list (index=0)
W/SurfaceFlinger(  195): HWC_FRAMEBUFFER_TARGET found in hwc list (index=0)
W/SurfaceFlinger(  195): HWC_FRAMEBUFFER_TARGET found in hwc list (index=0)
W/SurfaceFlinger(  195): HWC_FRAMEBUFFER_TARGET found in hwc list (index=0)
W/SurfaceFlinger(  195): HWC_FRAMEBUFFER_TARGET found in hwc list (index=0)
W/SurfaceFlinger(  195): HWC_FRAMEBUFFER_TARGET found in hwc list (index=0)
W/SurfaceFlinger(  195): HWC_FRAMEBUFFER_TARGET found in hwc list (index=0)
W/SurfaceFlinger(  195): HWC_FRAMEBUFFER_TARGET found in hwc list (index=0)
W/SurfaceFlinger(  195): HWC_FRAMEBUFFER_TARGET found in hwc list (index=0)
W/SurfaceFlinger(  195): HWC_FRAMEBUFFER_TARGET found in hwc list (index=0)
D/dalvikvm(  721): DexOpt: load 31ms, verify+opt 246ms, 822220 bytes
W/SurfaceFlinger(  195): HWC_FRAMEBUFFER_TARGET found in hwc list (index=0)
W/SurfaceFlinger(  195): HWC_FRAMEBUFFER_TARGET found in hwc list (index=0)
W/SurfaceFlinger(  195): HWC_FRAMEBUFFER_TARGET found in hwc list (index=0)
I/PackageManager(  636): Running dexopt on: com.android.wallpaper.livepicker
W/SurfaceFlinger(  195): HWC_FRAMEBUFFER_TARGET found in hwc list (index=0)
W/SurfaceFlinger(  195): HWC_FRAMEBUFFER_TARGET found in hwc list (index=0)
W/SurfaceFlinger(  195): HWC_FRAMEBUFFER_TARGET found in hwc list (index=0)
D/dalvikvm(  722): DexOpt: load 11ms, verify+opt 55ms, 370820 bytes
W/SurfaceFlinger(  195): HWC_FRAMEBUFFER_TARGET found in hwc list (index=0)
I/PackageManager(  636): Running dexopt on: com.android.documentsui
W/SurfaceFlinger(  195): HWC_FRAMEBUFFER_TARGET found in hwc list (index=0)
W/SurfaceFlinger(  195): HWC_FRAMEBUFFER_TARGET found in hwc list (index=0)
W/SurfaceFlinger(  195): HWC_FRAMEBUFFER_TARGET found in hwc list (index=0)
W/SurfaceFlinger(  195): HWC_FRAMEBUFFER_TARGET found in hwc list (index=0)
I/auditd  (  724): Starting up
E/auditd  (  724): Failed on audit_set_pid with error: Protocol not supported
I/auditd  (  724): Exiting
W/SurfaceFlinger(  195): HWC_FRAMEBUFFER_TARGET found in hwc list (index=0)
W/SurfaceFlinger(  195): HWC_FRAMEBUFFER_TARGET found in hwc list (index=0)
W/SurfaceFlinger(  195): HWC_FRAMEBUFFER_TARGET found in hwc list (index=0)
W/SurfaceFlinger(  195): HWC_FRAMEBUFFER_TARGET found in hwc list (index=0)
W/SurfaceFlinger(  195): HWC_FRAMEBUFFER_TARGET found in hwc list (index=0)
W/SurfaceFlinger(  195): HWC_FRAMEBUFFER_TARGET found in hwc list (index=0)
W/SurfaceFlinger(  195): HWC_FRAMEBUFFER_TARGET found in hwc list (index=0)
W/SurfaceFlinger(  195): HWC_FRAMEBUFFER_TARGET found in hwc list (index=0)
W/SurfaceFlinger(  195): HWC_FRAMEBUFFER_TARGET found in hwc list (index=0)
W/SurfaceFlinger(  195): HWC_FRAMEBUFFER_TARGET found in hwc list (index=0)
D/dalvikvm(  723): DexOpt: load 72ms, verify+opt 258ms, 925996 bytes
W/SurfaceFlinger(  195): HWC_FRAMEBUFFER_TARGET found in hwc list (index=0)
W/SurfaceFlinger(  195): HWC_FRAMEBUFFER_TARGET found in hwc list (index=0)
W/SurfaceFlinger(  195): HWC_FRAMEBUFFER_TARGET found in hwc list (index=0)
I/PackageManager(  636): Running dexopt on: com.android.phone
W/SurfaceFlinger(  195): HWC_FRAMEBUFFER_TARGET found in hwc list (index=0)
W/SurfaceFlinger(  195): HWC_FRAMEBUFFER_TARGET found in hwc list (index=0)
W/SurfaceFlinger(  195): HWC_FRAMEBUFFER_TARGET found in hwc list (index=0)
W/SurfaceFlinger(  195): HWC_FRAMEBUFFER_TARGET found in hwc list (index=0)
W/SurfaceFlinger(  195): HWC_FRAMEBUFFER_TARGET found in hwc list (index=0)
W/SurfaceFlinger(  195): HWC_FRAMEBUFFER_TARGET found in hwc list (index=0)
W/SurfaceFlinger(  195): HWC_FRAMEBUFFER_TARGET found in hwc list (index=0)
W/SurfaceFlinger(  195): HWC_FRAMEBUFFER_TARGET found in hwc list (index=0)
W/SurfaceFlinger(  195): HWC_FRAMEBUFFER_TARGET found in hwc list (index=0)
W/SurfaceFlinger(  195): HWC_FRAMEBUFFER_TARGET found in hwc list (index=0)
W/SurfaceFlinger(  195): HWC_FRAMEBUFFER_TARGET found in hwc list (index=0)
W/SurfaceFlinger(  195): HWC_FRAMEBUFFER_TARGET found in hwc list (index=0)
W/SurfaceFlinger(  195): HWC_FRAMEBUFFER_TARGET found in hwc list (index=0)
W/SurfaceFlinger(  195): HWC_FRAMEBUFFER_TARGET found in hwc list (index=0)
W/SurfaceFlinger(  195): HWC_FRAMEBUFFER_TARGET found in hwc list (index=0)
D/dalvikvm(  727): Note: class Landroid/app/ActivityManagerNative; has 180 unimplemented (abstract) methods
W/SurfaceFlinger(  195): HWC_FRAMEBUFFER_TARGET found in hwc list (index=0)
W/SurfaceFlinger(  195): HWC_FRAMEBUFFER_TARGET found in hwc list (index=0)
W/SurfaceFlinger(  195): HWC_FRAMEBUFFER_TARGET found in hwc list (index=0)
W/SurfaceFlinger(  195): HWC_FRAMEBUFFER_TARGET found in hwc list (index=0)
W/SurfaceFlinger(  195): HWC_FRAMEBUFFER_TARGET found in hwc list (index=0)
D/dalvikvm(  727): DexOpt: load 55ms, verify+opt 433ms, 1203740 bytes
W/SurfaceFlinger(  195): HWC_FRAMEBUFFER_TARGET found in hwc list (index=0)
W/SurfaceFlinger(  195): HWC_FRAMEBUFFER_TARGET found in hwc list (index=0)
W/SurfaceFlinger(  195): HWC_FRAMEBUFFER_TARGET found in hwc list (index=0)
I/PackageManager(  636): Running dexopt on: com.andrew.apollo
W/SurfaceFlinger(  195): HWC_FRAMEBUFFER_TARGET found in hwc list (index=0)
W/SurfaceFlinger(  195): HWC_FRAMEBUFFER_TARGET found in hwc list (index=0)
W/SurfaceFlinger(  195): HWC_FRAMEBUFFER_TARGET found in hwc list (index=0)
W/SurfaceFlinger(  195): HWC_FRAMEBUFFER_TARGET found in hwc list (index=0)
W/SurfaceFlinger(  195): HWC_FRAMEBUFFER_TARGET found in hwc list (index=0)
W/SurfaceFlinger(  195): HWC_FRAMEBUFFER_TARGET found in hwc list (index=0)
W/SurfaceFlinger(  195): HWC_FRAMEBUFFER_TARGET found in hwc list (index=0)
W/SurfaceFlinger(  195): HWC_FRAMEBUFFER_TARGET found in hwc list (index=0)
W/SurfaceFlinger(  195): HWC_FRAMEBUFFER_TARGET found in hwc list (index=0)
W/SurfaceFlinger(  195): HWC_FRAMEBUFFER_TARGET found in hwc list (index=0)
W/SurfaceFlinger(  195): HWC_FRAMEBUFFER_TARGET found in hwc list (index=0)
W/SurfaceFlinger(  195): HWC_FRAMEBUFFER_TARGET found in hwc list (index=0)
W/SurfaceFlinger(  195): HWC_FRAMEBUFFER_TARGET found in hwc list (index=0)
W/SurfaceFlinger(  195): HWC_FRAMEBUFFER_TARGET found in hwc list (index=0)
W/SurfaceFlinger(  195): HWC_FRAMEBUFFER_TARGET found in hwc list (index=0)
W/SurfaceFlinger(  195): HWC_FRAMEBUFFER_TARGET found in hwc list (index=0)
W/SurfaceFlinger(  195): HWC_FRAMEBUFFER_TARGET found in hwc list (index=0)
W/SurfaceFlinger(  195): HWC_FRAMEBUFFER_TARGET found in hwc list (index=0)
W/SurfaceFlinger(  195): HWC_FRAMEBUFFER_TARGET found in hwc list (index=0)
W/SurfaceFlinger(  195): HWC_FRAMEBUFFER_TARGET found in hwc list (index=0)
W/SurfaceFlinger(  195): HWC_FRAMEBUFFER_TARGET found in hwc list (index=0)
D/dalvikvm(  728): DexOpt: load 146ms, verify+opt 380ms, 1175900 bytes
W/SurfaceFlinger(  195): HWC_FRAMEBUFFER_TARGET found in hwc list (index=0)
W/SurfaceFlinger(  195): HWC_FRAMEBUFFER_TARGET found in hwc list (index=0)
W/SurfaceFlinger(  195): HWC_FRAMEBUFFER_TARGET found in hwc list (index=0)
W/SurfaceFlinger(  195): HWC_FRAMEBUFFER_TARGET found in hwc list (index=0)
I/PackageManager(  636): Running dexopt on: com.android.calculator2
W/SurfaceFlinger(  195): HWC_FRAMEBUFFER_TARGET found in hwc list (index=0)
W/SurfaceFlinger(  195): HWC_FRAMEBUFFER_TARGET found in hwc list (index=0)
W/SurfaceFlinger(  195): HWC_FRAMEBUFFER_TARGET found in hwc list (index=0)
W/SurfaceFlinger(  195): HWC_FRAMEBUFFER_TARGET found in hwc list (index=0)
W/SurfaceFlinger(  195): HWC_FRAMEBUFFER_TARGET found in hwc list (index=0)
W/SurfaceFlinger(  195): HWC_FRAMEBUFFER_TARGET found in hwc list (index=0)
W/SurfaceFlinger(  195): HWC_FRAMEBUFFER_TARGET found in hwc list (index=0)
W/SurfaceFlinger(  195): HWC_FRAMEBUFFER_TARGET found in hwc list (index=0)
W/SurfaceFlinger(  195): HWC_FRAMEBUFFER_TARGET found in hwc list (index=0)
W/SurfaceFlinger(  195): HWC_FRAMEBUFFER_TARGET found in hwc list (index=0)
W/SurfaceFlinger(  195): HWC_FRAMEBUFFER_TARGET found in hwc list (index=0)
W/SurfaceFlinger(  195): HWC_FRAMEBUFFER_TARGET found in hwc list (index=0)
W/SurfaceFlinger(  195): HWC_FRAMEBUFFER_TARGET found in hwc list (index=0)
W/SurfaceFlinger(  195): HWC_FRAMEBUFFER_TARGET found in hwc list (index=0)
W/SurfaceFlinger(  195): HWC_FRAMEBUFFER_TARGET found in hwc list (index=0)
W/SurfaceFlinger(  195): HWC_FRAMEBUFFER_TARGET found in hwc list (index=0)
W/SurfaceFlinger(  195): HWC_FRAMEBUFFER_TARGET found in hwc list (index=0)
W/SurfaceFlinger(  195): HWC_FRAMEBUFFER_TARGET found in hwc list (index=0)
W/SurfaceFlinger(  195): HWC_FRAMEBUFFER_TARGET found in hwc list (index=0)
W/SurfaceFlinger(  195): HWC_FRAMEBUFFER_TARGET found in hwc list (index=0)
D/dalvikvm(  729): DexOpt: load 97ms, verify+opt 386ms, 1010204 bytes
W/SurfaceFlinger(  195): HWC_FRAMEBUFFER_TARGET found in hwc list (index=0)
W/SurfaceFlinger(  195): HWC_FRAMEBUFFER_TARGET found in hwc list (index=0)
W/SurfaceFlinger(  195): HWC_FRAMEBUFFER_TARGET found in hwc list (index=0)
I/PackageManager(  636): Running dexopt on: com.android.backupconfirm
W/SurfaceFlinger(  195): HWC_FRAMEBUFFER_TARGET found in hwc list (index=0)
W/SurfaceFlinger(  195): HWC_FRAMEBUFFER_TARGET found in hwc list (index=0)
W/SurfaceFlinger(  195): HWC_FRAMEBUFFER_TARGET found in hwc list (index=0)
D/dalvikvm(  730): DexOpt: load 10ms, verify+opt 27ms, 234476 bytes
W/SurfaceFlinger(  195): HWC_FRAMEBUFFER_TARGET found in hwc list (index=0)
I/PackageManager(  636): Running dexopt on: com.android.location.fused
W/SurfaceFlinger(  195): HWC_FRAMEBUFFER_TARGET found in hwc list (index=0)
W/SurfaceFlinger(  195): HWC_FRAMEBUFFER_TARGET found in hwc list (index=0)
D/dalvikvm(  731): DexOpt: load 14ms, verify+opt 6ms, 150596 bytes
W/SurfaceFlinger(  195): HWC_FRAMEBUFFER_TARGET found in hwc list (index=0)
I/PackageManager(  636): Running dexopt on: com.android.soundrecorder
W/SurfaceFlinger(  195): HWC_FRAMEBUFFER_TARGET found in hwc list (index=0)
W/SurfaceFlinger(  195): HWC_FRAMEBUFFER_TARGET found in hwc list (index=0)
W/SurfaceFlinger(  195): HWC_FRAMEBUFFER_TARGET found in hwc list (index=0)
W/SurfaceFlinger(  195): HWC_FRAMEBUFFER_TARGET found in hwc list (index=0)
W/SurfaceFlinger(  195): HWC_FRAMEBUFFER_TARGET found in hwc list (index=0)
D/dalvikvm(  732): DexOpt: load 24ms, verify+opt 62ms, 374388 bytes
W/SurfaceFlinger(  195): HWC_FRAMEBUFFER_TARGET found in hwc list (index=0)
W/SurfaceFlinger(  195): HWC_FRAMEBUFFER_TARGET found in hwc list (index=0)
I/PackageManager(  636): Running dexopt on: com.android.wallpapercropper
W/SurfaceFlinger(  195): HWC_FRAMEBUFFER_TARGET found in hwc list (index=0)
W/SurfaceFlinger(  195): HWC_FRAMEBUFFER_TARGET found in hwc list (index=0)
W/SurfaceFlinger(  195): HWC_FRAMEBUFFER_TARGET found in hwc list (index=0)
W/SurfaceFlinger(  195): HWC_FRAMEBUFFER_TARGET found in hwc list (index=0)
W/SurfaceFlinger(  195): HWC_FRAMEBUFFER_TARGET found in hwc list (index=0)
D/dalvikvm(  733): DexOpt: load 32ms, verify+opt 69ms, 438068 bytes
W/SurfaceFlinger(  195): HWC_FRAMEBUFFER_TARGET found in hwc list (index=0)
W/SurfaceFlinger(  195): HWC_FRAMEBUFFER_TARGET found in hwc list (index=0)
I/PackageManager(  636): Running dexopt on: com.android.mms
W/SurfaceFlinger(  195): HWC_FRAMEBUFFER_TARGET found in hwc list (index=0)
W/SurfaceFlinger(  195): HWC_FRAMEBUFFER_TARGET found in hwc list (index=0)
W/SurfaceFlinger(  195): HWC_FRAMEBUFFER_TARGET found in hwc list (index=0)
W/SurfaceFlinger(  195): HWC_FRAMEBUFFER_TARGET found in hwc list (index=0)
W/SurfaceFlinger(  195): HWC_FRAMEBUFFER_TARGET found in hwc list (index=0)
W/SurfaceFlinger(  195): HWC_FRAMEBUFFER_TARGET found in hwc list (index=0)
W/SurfaceFlinger(  195): HWC_FRAMEBUFFER_TARGET found in hwc list (index=0)
W/SurfaceFlinger(  195): HWC_FRAMEBUFFER_TARGET found in hwc list (index=0)
W/SurfaceFlinger(  195): HWC_FRAMEBUFFER_TARGET found in hwc list (index=0)
W/SurfaceFlinger(  195): HWC_FRAMEBUFFER_TARGET found in hwc list (index=0)
W/SurfaceFlinger(  195): HWC_FRAMEBUFFER_TARGET found in hwc list (index=0)
W/SurfaceFlinger(  195): HWC_FRAMEBUFFER_TARGET found in hwc list (index=0)
W/SurfaceFlinger(  195): HWC_FRAMEBUFFER_TARGET found in hwc list (index=0)
W/SurfaceFlinger(  195): HWC_FRAMEBUFFER_TARGET found in hwc list (index=0)
W/SurfaceFlinger(  195): HWC_FRAMEBUFFER_TARGET found in hwc list (index=0)
W/SurfaceFlinger(  195): HWC_FRAMEBUFFER_TARGET found in hwc list (index=0)
W/SurfaceFlinger(  195): HWC_FRAMEBUFFER_TARGET found in hwc list (index=0)
W/SurfaceFlinger(  195): HWC_FRAMEBUFFER_TARGET found in hwc list (index=0)
W/SurfaceFlinger(  195): HWC_FRAMEBUFFER_TARGET found in hwc list (index=0)
W/SurfaceFlinger(  195): HWC_FRAMEBUFFER_TARGET found in hwc list (index=0)
W/SurfaceFlinger(  195): HWC_FRAMEBUFFER_TARGET found in hwc list (index=0)
W/SurfaceFlinger(  195): HWC_FRAMEBUFFER_TARGET found in hwc list (index=0)
W/SurfaceFlinger(  195): HWC_FRAMEBUFFER_TARGET found in hwc list (index=0)
W/SurfaceFlinger(  195): HWC_FRAMEBUFFER_TARGET found in hwc list (index=0)
W/SurfaceFlinger(  195): HWC_FRAMEBUFFER_TARGET found in hwc list (index=0)
W/SurfaceFlinger(  195): HWC_FRAMEBUFFER_TARGET found in hwc list (index=0)
W/SurfaceFlinger(  195): HWC_FRAMEBUFFER_TARGET found in hwc list (index=0)
W/SurfaceFlinger(  195): HWC_FRAMEBUFFER_TARGET found in hwc list (index=0)
W/SurfaceFlinger(  195): HWC_FRAMEBUFFER_TARGET found in hwc list (index=0)
D/dalvikvm(  734): DexOpt: load 160ms, verify+opt 589ms, 1525292 bytes
W/SurfaceFlinger(  195): HWC_FRAMEBUFFER_TARGET found in hwc list (index=0)
W/SurfaceFlinger(  195): HWC_FRAMEBUFFER_TARGET found in hwc list (index=0)
W/SurfaceFlinger(  195): HWC_FRAMEBUFFER_TARGET found in hwc list (index=0)
W/SurfaceFlinger(  195): HWC_FRAMEBUFFER_TARGET found in hwc list (index=0)
I/PackageManager(  636): Running dexopt on: com.android.printspooler
W/SurfaceFlinger(  195): HWC_FRAMEBUFFER_TARGET found in hwc list (index=0)
W/SurfaceFlinger(  195): HWC_FRAMEBUFFER_TARGET found in hwc list (index=0)
W/SurfaceFlinger(  195): HWC_FRAMEBUFFER_TARGET found in hwc list (index=0)
W/SurfaceFlinger(  195): HWC_FRAMEBUFFER_TARGET found in hwc list (index=0)
W/SurfaceFlinger(  195): HWC_FRAMEBUFFER_TARGET found in hwc list (index=0)
W/SurfaceFlinger(  195): HWC_FRAMEBUFFER_TARGET found in hwc list (index=0)
D/dalvikvm(  735): DexOpt: load 56ms, verify+opt 127ms, 611164 bytes
W/SurfaceFlinger(  195): HWC_FRAMEBUFFER_TARGET found in hwc list (index=0)
W/SurfaceFlinger(  195): HWC_FRAMEBUFFER_TARGET found in hwc list (index=0)
I/PackageManager(  636): Running dexopt on: com.android.voicedialer
W/SurfaceFlinger(  195): HWC_FRAMEBUFFER_TARGET found in hwc list (index=0)
W/SurfaceFlinger(  195): HWC_FRAMEBUFFER_TARGET found in hwc list (index=0)
D/dalvikvm(  736): DexOpt: load 10ms, verify+opt 63ms, 378292 bytes
W/SurfaceFlinger(  195): HWC_FRAMEBUFFER_TARGET found in hwc list (index=0)
