W/SurfaceFlinger(  196): HWC_FRAMEBUFFER_TARGET found in hwc list (index=0)
I/SyncManager(  638): No initial status
W/SyncManagerFile(  638): Error reading pending data.
W/SyncManagerFile(  638): java.io.FileNotFoundException: /data/system/sync/pending.xml: open failed: ENOENT (No such file or directory)
W/SyncManagerFile(  638): 	at libcore.io.IoBridge.open(IoBridge.java:409)
W/SyncManagerFile(  638): 	at java.io.FileInputStream.<init>(FileInputStream.java:78)
W/SyncManagerFile(  638): 	at android.util.AtomicFile.openRead(AtomicFile.java:199)
W/SyncManagerFile(  638): 	at com.android.server.content.SyncStorageEngine.readPendingOperationsLocked(SyncStorageEngine.java:2286)
W/SyncManagerFile(  638): 	at com.android.server.content.SyncStorageEngine.<init>(SyncStorageEngine.java:434)
W/SyncManagerFile(  638): 	at com.android.server.content.SyncStorageEngine.init(SyncStorageEngine.java:454)
W/SyncManagerFile(  638): 	at com.android.server.content.SyncManager.<init>(SyncManager.java:391)
W/SyncManagerFile(  638): 	at com.android.server.content.ContentService.getSyncManager(ContentService.java:75)
W/SyncManagerFile(  638): 	at com.android.server.content.ContentService.notifyChange(ContentService.java:283)
W/SyncManagerFile(  638): 	at android.content.ContentResolver.notifyChange(ContentResolver.java:1621)
W/SyncManagerFile(  638): 	at com.android.providers.settings.SettingsProvider.sendNotify(SettingsProvider.java:263)
W/SyncManagerFile(  638): 	at com.android.providers.settings.SettingsProvider.insertForUser(SettingsProvider.java:942)
W/SyncManagerFile(  638): 	at com.android.providers.settings.SettingsProvider.ensureAndroidIdIsSet(SettingsProvider.java:497)
W/SyncManagerFile(  638): 	at com.android.providers.settings.SettingsProvider.establishDbTracking(SettingsProvider.java:410)
W/SyncManagerFile(  638): 	at com.android.providers.settings.SettingsProvider.onCreate(SettingsProvider.java:336)
W/SyncManagerFile(  638): 	at android.content.ContentProvider.attachInfo(ContentProvider.java:1591)
W/SyncManagerFile(  638): 	at android.content.ContentProvider.attachInfo(ContentProvider.java:1562)
W/SyncManagerFile(  638): 	at android.app.ActivityThread.installProvider(ActivityThread.java:4854)
W/SyncManagerFile(  638): 	at android.app.ActivityThread.installContentProviders(ActivityThread.java:4449)
W/SyncManagerFile(  638): 	at android.app.ActivityThread.installSystemProviders(ActivityThread.java:5009)
W/SyncManagerFile(  638): 	at com.android.server.am.ActivityManagerService.installSystemProviders(ActivityManagerService.java:8205)
W/SyncManagerFile(  638): 	at com.android.server.ServerThread.initAndLoop(SystemServer.java:322)
W/SyncManagerFile(  638): 	at com.android.server.SystemServer.main(SystemServer.java:1309)
W/SyncManagerFile(  638): 	at java.lang.reflect.Method.invokeNative(Native Method)
W/SyncManagerFile(  638): 	at java.lang.reflect.Method.invoke(Method.java:515)
W/SyncManagerFile(  638): 	at com.android.internal.os.ZygoteInit$MethodAndArgsCaller.run(ZygoteInit.java:781)
W/SyncManagerFile(  638): 	at com.android.internal.os.ZygoteInit.main(ZygoteInit.java:597)
W/SyncManagerFile(  638): 	at dalvik.system.NativeStart.main(Native Method)
W/SyncManagerFile(  638): Caused by: libcore.io.ErrnoException: open failed: ENOENT (No such file or directory)
W/SyncManagerFile(  638): 	at libcore.io.Posix.open(Native Method)
W/SyncManagerFile(  638): 	at libcore.io.BlockGuardOs.open(BlockGuardOs.java:110)
W/SyncManagerFile(  638): 	at libcore.io.IoBridge.open(IoBridge.java:393)
W/SyncManagerFile(  638): 	... 27 more
I/SyncManager(  638): No initial statistics
W/SurfaceFlinger(  196): HWC_FRAMEBUFFER_TARGET found in hwc list (index=0)
W/SurfaceFlinger(  196): HWC_FRAMEBUFFER_TARGET found in hwc list (index=0)
D/SettingsProvider(  638): Generated and saved new ANDROID_ID [dfc8bc2003923c26] for user 0
W/SurfaceFlinger(  196): HWC_FRAMEBUFFER_TARGET found in hwc list (index=0)
I/SystemServer(  638): Lights Service
I/SystemServer(  638): Battery Service
W/SurfaceFlinger(  196): HWC_FRAMEBUFFER_TARGET found in hwc list (index=0)
E/lights  (  638): write_int failed to open /sys/class/leds/red/brightness
I/SystemServer(  638): Vibrator Service
E/ConsumerIrService(  638): Can't open consumer IR HW Module, error: -2
I/libsuspend(  638): Selected early suspend
W/SurfaceFlinger(  196): HWC_FRAMEBUFFER_TARGET found in hwc list (index=0)
I/libsuspend(  638): Starting early suspend unblocker thread
I/SystemServer(  638): Consumer IR Service
D/PermissionCache(  196): checking android.permission.ACCESS_SURFACE_FLINGER for uid=1000 => granted (741 us)
D/SurfaceFlinger(  196): Screen acquired, type=0 flinger=0x400b1008
D/SurfaceFlinger(  196):  screen was previously acquired
W/SurfaceFlinger(  196): HWC_FRAMEBUFFER_TARGET found in hwc list (index=0)
I/SystemServer(  638): Alarm Manager
I/SystemServer(  638): Init Watchdog
I/SystemServer(  638): Input Manager
I/InputManager(  638): Initializing input manager, mUseDevInputEventForAudioJack=false
I/SystemServer(  638): Window Manager
W/SurfaceFlinger(  196): HWC_FRAMEBUFFER_TARGET found in hwc list (index=0)
I/WindowManager(  638): No existing display settings /data/system/display_settings.xml; starting empty
W/SurfaceFlinger(  196): HWC_FRAMEBUFFER_TARGET found in hwc list (index=0)
W/SurfaceFlinger(  196): HWC_FRAMEBUFFER_TARGET found in hwc list (index=0)
W/SurfaceFlinger(  196): HWC_FRAMEBUFFER_TARGET found in hwc list (index=0)
W/SurfaceFlinger(  196): HWC_FRAMEBUFFER_TARGET found in hwc list (index=0)
W/SurfaceFlinger(  196): HWC_FRAMEBUFFER_TARGET found in hwc list (index=0)
I/WindowManager(  638): No keyguard interface!
W/SurfaceFlinger(  196): HWC_FRAMEBUFFER_TARGET found in hwc list (index=0)
I/InputManager(  638): Starting input manager
D/BluetoothManagerService(  638): Loading stored name and address
D/BluetoothManagerService(  638): Stored bluetooth Name=null,Address=null
D/EventHub(  638): No input device configuration file found for device 'fih_gpio-keys'.
I/SystemServer(  638): Bluetooth Manager Service
I/SystemServer(  638): Input Method Service
W/EventHub(  638): Unable to disable kernel key repeat for /dev/input/event2: Function not implemented
I/EventHub(  638): New device: id=1, fd=98, path='/dev/input/event2', name='fih_gpio-keys', classes=0x1, configuration='', keyLayout='/system/usr/keylayout/fih_gpio-keys.kl', keyCharacterMap='/system/usr/keychars/fih_gpio-keys.kcm', builtinKeyboard=false, usingSuspendBlockIoctl=true, usingClockIoctl=true
W/SurfaceFlinger(  196): HWC_FRAMEBUFFER_TARGET found in hwc list (index=0)
D/EventHub(  638): No input device configuration file found for device '7k_handset'.
W/EventHub(  638): Unable to disable kernel key repeat for /dev/input/event7: Function not implemented
I/EventHub(  638): New device: id=2, fd=99, path='/dev/input/event7', name='7k_handset', classes=0x81, configuration='', keyLayout='/system/usr/keylayout/7k_handset.kl', keyCharacterMap='/system/usr/keychars/Generic.kcm', builtinKeyboard=false, usingSuspendBlockIoctl=true, usingClockIoctl=true
D/EventHub(  638): No input device configuration file found for device 'proximity'.
D/EventHub(  638): No input device configuration file found for device 'accelerometer'.
D/EventHub(  638): No input device configuration file found for device 'compass'.
D/EventHub(  638): No input device configuration file found for device 'simple_remote_appkey'.
W/SurfaceFlinger(  196): HWC_FRAMEBUFFER_TARGET found in hwc list (index=0)
W/EventHub(  638): Unable to disable kernel key repeat for /dev/input/event1: Function not implemented
I/EventHub(  638): New device: id=6, fd=101, path='/dev/input/event1', name='simple_remote_appkey', classes=0x1, configuration='', keyLayout='/system/usr/keylayout/simple_remote_appkey.kl', keyCharacterMap='/system/usr/keychars/simple_remote_appkey.kcm', builtinKeyboard=false, usingSuspendBlockIoctl=true, usingClockIoctl=true
D/EventHub(  638): No input device configuration file found for device 'fih_ringswitch'.
E/filemap (  638): mmap(0,4096) failed: No such device
W/EventHub(  638): Unable to disable kernel key repeat for /dev/input/event3: Function not implemented
I/EventHub(  638): New device: id=8, fd=100, path='/dev/input/event3', name='cyttsp_i2c_tma340', classes=0x15, configuration='/system/usr/idc/cyttsp_i2c_tma340.idc', keyLayout='/system/usr/keylayout/cyttsp_i2c_tma340.kl', keyCharacterMap='/system/usr/keychars/cyttsp_i2c_tma340.kcm', builtinKeyboard=false, usingSuspendBlockIoctl=true, usingClockIoctl=true
W/SurfaceFlinger(  196): HWC_FRAMEBUFFER_TARGET found in hwc list (index=0)
I/InputReader(  638): Device added: id=-1, name='Virtual', sources=0x00000301
I/InputReader(  638):   Touch device 'cyttsp_i2c_tma340' could not query the properties of its associated display.  The device will be inoperable until the display size becomes available.
I/InputReader(  638): Device added: id=8, name='cyttsp_i2c_tma340', sources=0x00001103
I/InputReader(  638): Device added: id=6, name='simple_remote_appkey', sources=0x00000101
I/InputReader(  638): Device added: id=2, name='7k_handset', sources=0x80000101
I/InputReader(  638): Device added: id=1, name='fih_gpio-keys', sources=0x00000101
W/SurfaceFlinger(  196): HWC_FRAMEBUFFER_TARGET found in hwc list (index=0)
W/SurfaceFlinger(  196): HWC_FRAMEBUFFER_TARGET found in hwc list (index=0)
W/InputMethodManagerService(  638): No IME selected. Choose the most applicable IME.
I/InputMethodManagerService(  638): No default found, using com.android.inputmethod.latin/.LatinIME
W/SurfaceFlinger(  196): HWC_FRAMEBUFFER_TARGET found in hwc list (index=0)
W/SurfaceFlinger(  196): HWC_FRAMEBUFFER_TARGET found in hwc list (index=0)
W/SurfaceFlinger(  196): HWC_FRAMEBUFFER_TARGET found in hwc list (index=0)
I/SystemServer(  638): Accessibility Manager
I/InputReader(  638): Reconfiguring input devices.  changes=0x00000004
I/InputReader(  638): Device reconfigured: id=8, name='cyttsp_i2c_tma340', size 480x854, orientation 0, mode 1, display id 0
I/ActivityManager(  638): Config changes=1df8 {1.0 ?mcc?mnc en_US ldltr sw320dp w320dp h569dp 240dpi nrml long port ?uimode ?night -touch -keyb/h/h -nav/h s.2 themeResource=null}
W/SurfaceFlinger(  196): HWC_FRAMEBUFFER_TARGET found in hwc list (index=0)
I/PackageManager(  638): Running dexopt on: com.android.htmlviewer
I/ActivityManager(  638): Config changes=408 {1.0 ?mcc?mnc en_US ldltr sw320dp w320dp h544dp 240dpi nrml long port ?uimode ?night finger -keyb/h/h -nav/h s.3 themeResource=null}
W/SurfaceFlinger(  196): HWC_FRAMEBUFFER_TARGET found in hwc list (index=0)
W/SurfaceFlinger(  196): HWC_FRAMEBUFFER_TARGET found in hwc list (index=0)
D/dalvikvm(  706): DexOpt: load 11ms, verify+opt 27ms, 258828 bytes
I/PackageManager(  638): Running dexopt on: org.cyanogenmod.voiceplus
W/SurfaceFlinger(  196): HWC_FRAMEBUFFER_TARGET found in hwc list (index=0)
W/SurfaceFlinger(  196): HWC_FRAMEBUFFER_TARGET found in hwc list (index=0)
W/SurfaceFlinger(  196): HWC_FRAMEBUFFER_TARGET found in hwc list (index=0)
W/SurfaceFlinger(  196): HWC_FRAMEBUFFER_TARGET found in hwc list (index=0)
W/SurfaceFlinger(  196): HWC_FRAMEBUFFER_TARGET found in hwc list (index=0)
W/SurfaceFlinger(  196): HWC_FRAMEBUFFER_TARGET found in hwc list (index=0)
W/SurfaceFlinger(  196): HWC_FRAMEBUFFER_TARGET found in hwc list (index=0)
W/SurfaceFlinger(  196): HWC_FRAMEBUFFER_TARGET found in hwc list (index=0)
W/SurfaceFlinger(  196): HWC_FRAMEBUFFER_TARGET found in hwc list (index=0)
W/SurfaceFlinger(  196): HWC_FRAMEBUFFER_TARGET found in hwc list (index=0)
D/dalvikvm(  707): DexOpt: load 32ms, verify+opt 237ms, 822220 bytes
W/SurfaceFlinger(  196): HWC_FRAMEBUFFER_TARGET found in hwc list (index=0)
W/SurfaceFlinger(  196): HWC_FRAMEBUFFER_TARGET found in hwc list (index=0)
W/SurfaceFlinger(  196): HWC_FRAMEBUFFER_TARGET found in hwc list (index=0)
I/PackageManager(  638): Running dexopt on: com.android.contacts
W/SurfaceFlinger(  196): HWC_FRAMEBUFFER_TARGET found in hwc list (index=0)
W/SurfaceFlinger(  196): HWC_FRAMEBUFFER_TARGET found in hwc list (index=0)
W/SurfaceFlinger(  196): HWC_FRAMEBUFFER_TARGET found in hwc list (index=0)
W/SurfaceFlinger(  196): HWC_FRAMEBUFFER_TARGET found in hwc list (index=0)
W/SurfaceFlinger(  196): HWC_FRAMEBUFFER_TARGET found in hwc list (index=0)
W/SurfaceFlinger(  196): HWC_FRAMEBUFFER_TARGET found in hwc list (index=0)
W/SurfaceFlinger(  196): HWC_FRAMEBUFFER_TARGET found in hwc list (index=0)
W/SurfaceFlinger(  196): HWC_FRAMEBUFFER_TARGET found in hwc list (index=0)
W/SurfaceFlinger(  196): HWC_FRAMEBUFFER_TARGET found in hwc list (index=0)
W/SurfaceFlinger(  196): HWC_FRAMEBUFFER_TARGET found in hwc list (index=0)
W/SurfaceFlinger(  196): HWC_FRAMEBUFFER_TARGET found in hwc list (index=0)
W/SurfaceFlinger(  196): HWC_FRAMEBUFFER_TARGET found in hwc list (index=0)
W/SurfaceFlinger(  196): HWC_FRAMEBUFFER_TARGET found in hwc list (index=0)
W/SurfaceFlinger(  196): HWC_FRAMEBUFFER_TARGET found in hwc list (index=0)
W/SurfaceFlinger(  196): HWC_FRAMEBUFFER_TARGET found in hwc list (index=0)
W/SurfaceFlinger(  196): HWC_FRAMEBUFFER_TARGET found in hwc list (index=0)
W/SurfaceFlinger(  196): HWC_FRAMEBUFFER_TARGET found in hwc list (index=0)
W/SurfaceFlinger(  196): HWC_FRAMEBUFFER_TARGET found in hwc list (index=0)
W/SurfaceFlinger(  196): HWC_FRAMEBUFFER_TARGET found in hwc list (index=0)
W/SurfaceFlinger(  196): HWC_FRAMEBUFFER_TARGET found in hwc list (index=0)
W/SurfaceFlinger(  196): HWC_FRAMEBUFFER_TARGET found in hwc list (index=0)
W/SurfaceFlinger(  196): HWC_FRAMEBUFFER_TARGET found in hwc list (index=0)
W/SurfaceFlinger(  196): HWC_FRAMEBUFFER_TARGET found in hwc list (index=0)
W/SurfaceFlinger(  196): HWC_FRAMEBUFFER_TARGET found in hwc list (index=0)
W/SurfaceFlinger(  196): HWC_FRAMEBUFFER_TARGET found in hwc list (index=0)
W/SurfaceFlinger(  196): HWC_FRAMEBUFFER_TARGET found in hwc list (index=0)
W/SurfaceFlinger(  196): HWC_FRAMEBUFFER_TARGET found in hwc list (index=0)
W/SurfaceFlinger(  196): HWC_FRAMEBUFFER_TARGET found in hwc list (index=0)
W/SurfaceFlinger(  196): HWC_FRAMEBUFFER_TARGET found in hwc list (index=0)
W/SurfaceFlinger(  196): HWC_FRAMEBUFFER_TARGET found in hwc list (index=0)
W/SurfaceFlinger(  196): HWC_FRAMEBUFFER_TARGET found in hwc list (index=0)
W/SurfaceFlinger(  196): HWC_FRAMEBUFFER_TARGET found in hwc list (index=0)
W/SurfaceFlinger(  196): HWC_FRAMEBUFFER_TARGET found in hwc list (index=0)
W/SurfaceFlinger(  196): HWC_FRAMEBUFFER_TARGET found in hwc list (index=0)
W/SurfaceFlinger(  196): HWC_FRAMEBUFFER_TARGET found in hwc list (index=0)
W/SurfaceFlinger(  196): HWC_FRAMEBUFFER_TARGET found in hwc list (index=0)
W/SurfaceFlinger(  196): HWC_FRAMEBUFFER_TARGET found in hwc list (index=0)
D/dalvikvm(  708): DexOpt: load 166ms, verify+opt 783ms, 1754428 bytes
W/SurfaceFlinger(  196): HWC_FRAMEBUFFER_TARGET found in hwc list (index=0)
W/SurfaceFlinger(  196): HWC_FRAMEBUFFER_TARGET found in hwc list (index=0)
W/SurfaceFlinger(  196): HWC_FRAMEBUFFER_TARGET found in hwc list (index=0)
W/SurfaceFlinger(  196): HWC_FRAMEBUFFER_TARGET found in hwc list (index=0)
W/SurfaceFlinger(  196): HWC_FRAMEBUFFER_TARGET found in hwc list (index=0)
W/SurfaceFlinger(  196): HWC_FRAMEBUFFER_TARGET found in hwc list (index=0)
W/SurfaceFlinger(  196): HWC_FRAMEBUFFER_TARGET found in hwc list (index=0)
I/PackageManager(  638): Running dexopt on: com.android.dialer
W/SurfaceFlinger(  196): HWC_FRAMEBUFFER_TARGET found in hwc list (index=0)
W/SurfaceFlinger(  196): HWC_FRAMEBUFFER_TARGET found in hwc list (index=0)
W/SurfaceFlinger(  196): HWC_FRAMEBUFFER_TARGET found in hwc list (index=0)
W/SurfaceFlinger(  196): HWC_FRAMEBUFFER_TARGET found in hwc list (index=0)
W/SurfaceFlinger(  196): HWC_FRAMEBUFFER_TARGET found in hwc list (index=0)
W/SurfaceFlinger(  196): HWC_FRAMEBUFFER_TARGET found in hwc list (index=0)
W/SurfaceFlinger(  196): HWC_FRAMEBUFFER_TARGET found in hwc list (index=0)
W/SurfaceFlinger(  196): HWC_FRAMEBUFFER_TARGET found in hwc list (index=0)
W/SurfaceFlinger(  196): HWC_FRAMEBUFFER_TARGET found in hwc list (index=0)
W/SurfaceFlinger(  196): HWC_FRAMEBUFFER_TARGET found in hwc list (index=0)
W/SurfaceFlinger(  196): HWC_FRAMEBUFFER_TARGET found in hwc list (index=0)
W/SurfaceFlinger(  196): HWC_FRAMEBUFFER_TARGET found in hwc list (index=0)
W/SurfaceFlinger(  196): HWC_FRAMEBUFFER_TARGET found in hwc list (index=0)
W/SurfaceFlinger(  196): HWC_FRAMEBUFFER_TARGET found in hwc list (index=0)
W/SurfaceFlinger(  196): HWC_FRAMEBUFFER_TARGET found in hwc list (index=0)
W/SurfaceFlinger(  196): HWC_FRAMEBUFFER_TARGET found in hwc list (index=0)
W/SurfaceFlinger(  196): HWC_FRAMEBUFFER_TARGET found in hwc list (index=0)
W/SurfaceFlinger(  196): HWC_FRAMEBUFFER_TARGET found in hwc list (index=0)
W/SurfaceFlinger(  196): HWC_FRAMEBUFFER_TARGET found in hwc list (index=0)
W/SurfaceFlinger(  196): HWC_FRAMEBUFFER_TARGET found in hwc list (index=0)
W/SurfaceFlinger(  196): HWC_FRAMEBUFFER_TARGET found in hwc list (index=0)
W/SurfaceFlinger(  196): HWC_FRAMEBUFFER_TARGET found in hwc list (index=0)
W/SurfaceFlinger(  196): HWC_FRAMEBUFFER_TARGET found in hwc list (index=0)
W/SurfaceFlinger(  196): HWC_FRAMEBUFFER_TARGET found in hwc list (index=0)
W/SurfaceFlinger(  196): HWC_FRAMEBUFFER_TARGET found in hwc list (index=0)
W/SurfaceFlinger(  196): HWC_FRAMEBUFFER_TARGET found in hwc list (index=0)
W/SurfaceFlinger(  196): HWC_FRAMEBUFFER_TARGET found in hwc list (index=0)
W/SurfaceFlinger(  196): HWC_FRAMEBUFFER_TARGET found in hwc list (index=0)
W/SurfaceFlinger(  196): HWC_FRAMEBUFFER_TARGET found in hwc list (index=0)
W/SurfaceFlinger(  196): HWC_FRAMEBUFFER_TARGET found in hwc list (index=0)
W/SurfaceFlinger(  196): HWC_FRAMEBUFFER_TARGET found in hwc list (index=0)
W/SurfaceFlinger(  196): HWC_FRAMEBUFFER_TARGET found in hwc list (index=0)
I/auditd  (  710): Starting up
E/auditd  (  710): Failed on audit_set_pid with error: Protocol not supported
I/auditd  (  710): Exiting
W/SurfaceFlinger(  196): HWC_FRAMEBUFFER_TARGET found in hwc list (index=0)
W/SurfaceFlinger(  196): HWC_FRAMEBUFFER_TARGET found in hwc list (index=0)
D/dalvikvm(  709): DexOpt: load 165ms, verify+opt 685ms, 1673420 bytes
W/SurfaceFlinger(  196): HWC_FRAMEBUFFER_TARGET found in hwc list (index=0)
W/SurfaceFlinger(  196): HWC_FRAMEBUFFER_TARGET found in hwc list (index=0)
W/SurfaceFlinger(  196): HWC_FRAMEBUFFER_TARGET found in hwc list (index=0)
W/SurfaceFlinger(  196): HWC_FRAMEBUFFER_TARGET found in hwc list (index=0)
W/SurfaceFlinger(  196): HWC_FRAMEBUFFER_TARGET found in hwc list (index=0)
I/PackageManager(  638): Running dexopt on: com.android.exchange
W/SurfaceFlinger(  196): HWC_FRAMEBUFFER_TARGET found in hwc list (index=0)
W/SurfaceFlinger(  196): HWC_FRAMEBUFFER_TARGET found in hwc list (index=0)
W/SurfaceFlinger(  196): HWC_FRAMEBUFFER_TARGET found in hwc list (index=0)
W/SurfaceFlinger(  196): HWC_FRAMEBUFFER_TARGET found in hwc list (index=0)
W/SurfaceFlinger(  196): HWC_FRAMEBUFFER_TARGET found in hwc list (index=0)
W/SurfaceFlinger(  196): HWC_FRAMEBUFFER_TARGET found in hwc list (index=0)
W/SurfaceFlinger(  196): HWC_FRAMEBUFFER_TARGET found in hwc list (index=0)
W/SurfaceFlinger(  196): HWC_FRAMEBUFFER_TARGET found in hwc list (index=0)
W/SurfaceFlinger(  196): HWC_FRAMEBUFFER_TARGET found in hwc list (index=0)
W/SurfaceFlinger(  196): HWC_FRAMEBUFFER_TARGET found in hwc list (index=0)
W/SurfaceFlinger(  196): HWC_FRAMEBUFFER_TARGET found in hwc list (index=0)
W/SurfaceFlinger(  196): HWC_FRAMEBUFFER_TARGET found in hwc list (index=0)
W/SurfaceFlinger(  196): HWC_FRAMEBUFFER_TARGET found in hwc list (index=0)
W/SurfaceFlinger(  196): HWC_FRAMEBUFFER_TARGET found in hwc list (index=0)
W/SurfaceFlinger(  196): HWC_FRAMEBUFFER_TARGET found in hwc list (index=0)
W/SurfaceFlinger(  196): HWC_FRAMEBUFFER_TARGET found in hwc list (index=0)
W/SurfaceFlinger(  196): HWC_FRAMEBUFFER_TARGET found in hwc list (index=0)
W/SurfaceFlinger(  196): HWC_FRAMEBUFFER_TARGET found in hwc list (index=0)
W/SurfaceFlinger(  196): HWC_FRAMEBUFFER_TARGET found in hwc list (index=0)
W/SurfaceFlinger(  196): HWC_FRAMEBUFFER_TARGET found in hwc list (index=0)
W/SurfaceFlinger(  196): HWC_FRAMEBUFFER_TARGET found in hwc list (index=0)
W/SurfaceFlinger(  196): HWC_FRAMEBUFFER_TARGET found in hwc list (index=0)
W/SurfaceFlinger(  196): HWC_FRAMEBUFFER_TARGET found in hwc list (index=0)
W/SurfaceFlinger(  196): HWC_FRAMEBUFFER_TARGET found in hwc list (index=0)
W/SurfaceFlinger(  196): HWC_FRAMEBUFFER_TARGET found in hwc list (index=0)
W/SurfaceFlinger(  196): HWC_FRAMEBUFFER_TARGET found in hwc list (index=0)
W/SurfaceFlinger(  196): HWC_FRAMEBUFFER_TARGET found in hwc list (index=0)
W/SurfaceFlinger(  196): HWC_FRAMEBUFFER_TARGET found in hwc list (index=0)
W/SurfaceFlinger(  196): HWC_FRAMEBUFFER_TARGET found in hwc list (index=0)
W/SurfaceFlinger(  196): HWC_FRAMEBUFFER_TARGET found in hwc list (index=0)
W/SurfaceFlinger(  196): HWC_FRAMEBUFFER_TARGET found in hwc list (index=0)
W/SurfaceFlinger(  196): HWC_FRAMEBUFFER_TARGET found in hwc list (index=0)
W/SurfaceFlinger(  196): HWC_FRAMEBUFFER_TARGET found in hwc list (index=0)
W/SurfaceFlinger(  196): HWC_FRAMEBUFFER_TARGET found in hwc list (index=0)
W/SurfaceFlinger(  196): HWC_FRAMEBUFFER_TARGET found in hwc list (index=0)
W/SurfaceFlinger(  196): HWC_FRAMEBUFFER_TARGET found in hwc list (index=0)
W/SurfaceFlinger(  196): HWC_FRAMEBUFFER_TARGET found in hwc list (index=0)
W/SurfaceFlinger(  196): HWC_FRAMEBUFFER_TARGET found in hwc list (index=0)
W/SurfaceFlinger(  196): HWC_FRAMEBUFFER_TARGET found in hwc list (index=0)
W/SurfaceFlinger(  196): HWC_FRAMEBUFFER_TARGET found in hwc list (index=0)
W/SurfaceFlinger(  196): HWC_FRAMEBUFFER_TARGET found in hwc list (index=0)
W/SurfaceFlinger(  196): HWC_FRAMEBUFFER_TARGET found in hwc list (index=0)
W/SurfaceFlinger(  196): HWC_FRAMEBUFFER_TARGET found in hwc list (index=0)
W/SurfaceFlinger(  196): HWC_FRAMEBUFFER_TARGET found in hwc list (index=0)
W/SurfaceFlinger(  196): HWC_FRAMEBUFFER_TARGET found in hwc list (index=0)
W/SurfaceFlinger(  196): HWC_FRAMEBUFFER_TARGET found in hwc list (index=0)
W/SurfaceFlinger(  196): HWC_FRAMEBUFFER_TARGET found in hwc list (index=0)
W/SurfaceFlinger(  196): HWC_FRAMEBUFFER_TARGET found in hwc list (index=0)
W/SurfaceFlinger(  196): HWC_FRAMEBUFFER_TARGET found in hwc list (index=0)
W/SurfaceFlinger(  196): HWC_FRAMEBUFFER_TARGET found in hwc list (index=0)
W/SurfaceFlinger(  196): HWC_FRAMEBUFFER_TARGET found in hwc list (index=0)
W/SurfaceFlinger(  196): HWC_FRAMEBUFFER_TARGET found in hwc list (index=0)
W/SurfaceFlinger(  196): HWC_FRAMEBUFFER_TARGET found in hwc list (index=0)
W/SurfaceFlinger(  196): HWC_FRAMEBUFFER_TARGET found in hwc list (index=0)
D/dalvikvm(  713): DexOpt: load 200ms, verify+opt 1120ms, 2149068 bytes
W/SurfaceFlinger(  196): HWC_FRAMEBUFFER_TARGET found in hwc list (index=0)
W/SurfaceFlinger(  196): HWC_FRAMEBUFFER_TARGET found in hwc list (index=0)
W/SurfaceFlinger(  196): HWC_FRAMEBUFFER_TARGET found in hwc list (index=0)
W/SurfaceFlinger(  196): HWC_FRAMEBUFFER_TARGET found in hwc list (index=0)
W/SurfaceFlinger(  196): HWC_FRAMEBUFFER_TARGET found in hwc list (index=0)
W/SurfaceFlinger(  196): HWC_FRAMEBUFFER_TARGET found in hwc list (index=0)
W/SurfaceFlinger(  196): HWC_FRAMEBUFFER_TARGET found in hwc list (index=0)
W/SurfaceFlinger(  196): HWC_FRAMEBUFFER_TARGET found in hwc list (index=0)
W/SurfaceFlinger(  196): HWC_FRAMEBUFFER_TARGET found in hwc list (index=0)
I/PackageManager(  638): Running dexopt on: com.android.inputdevices
W/SurfaceFlinger(  196): HWC_FRAMEBUFFER_TARGET found in hwc list (index=0)
W/SurfaceFlinger(  196): HWC_FRAMEBUFFER_TARGET found in hwc list (index=0)
D/dalvikvm(  714): DexOpt: load 12ms, verify+opt 1ms, 101444 bytes
W/SurfaceFlinger(  196): HWC_FRAMEBUFFER_TARGET found in hwc list (index=0)
I/PackageManager(  638): Running dexopt on: com.android.sharedstoragebackup
W/SurfaceFlinger(  196): HWC_FRAMEBUFFER_TARGET found in hwc list (index=0)
W/SurfaceFlinger(  196): HWC_FRAMEBUFFER_TARGET found in hwc list (index=0)
D/dalvikvm(  715): DexOpt: load 7ms, verify+opt 5ms, 154860 bytes
W/SurfaceFlinger(  196): HWC_FRAMEBUFFER_TARGET found in hwc list (index=0)
I/PackageManager(  638): Running dexopt on: jackpal.androidterm
W/SurfaceFlinger(  196): HWC_FRAMEBUFFER_TARGET found in hwc list (index=0)
W/SurfaceFlinger(  196): HWC_FRAMEBUFFER_TARGET found in hwc list (index=0)
D/dalvikvm(  716): DexOpt: 'Landroid/annotation/SuppressLint;' has an earlier definition; blocking out
D/dalvikvm(  716): DexOpt: 'Landroid/annotation/TargetApi;' has an earlier definition; blocking out
W/SurfaceFlinger(  196): HWC_FRAMEBUFFER_TARGET found in hwc list (index=0)
D/dalvikvm(  716): DexOpt: not verifying/optimizing 'Landroid/annotation/SuppressLint;': multiple definitions
D/dalvikvm(  716): DexOpt: not verifying/optimizing 'Landroid/annotation/TargetApi;': multiple definitions
W/SurfaceFlinger(  196): HWC_FRAMEBUFFER_TARGET found in hwc list (index=0)
W/SurfaceFlinger(  196): HWC_FRAMEBUFFER_TARGET found in hwc list (index=0)
W/SurfaceFlinger(  196): HWC_FRAMEBUFFER_TARGET found in hwc list (index=0)
W/SurfaceFlinger(  196): HWC_FRAMEBUFFER_TARGET found in hwc list (index=0)
W/SurfaceFlinger(  196): HWC_FRAMEBUFFER_TARGET found in hwc list (index=0)
D/dalvikvm(  716): DexOpt: load 44ms, verify+opt 141ms, 627036 bytes
W/SurfaceFlinger(  196): HWC_FRAMEBUFFER_TARGET found in hwc list (index=0)
W/SurfaceFlinger(  196): HWC_FRAMEBUFFER_TARGET found in hwc list (index=0)
I/PackageManager(  638): Running dexopt on: com.android.mms
W/SurfaceFlinger(  196): HWC_FRAMEBUFFER_TARGET found in hwc list (index=0)
W/SurfaceFlinger(  196): HWC_FRAMEBUFFER_TARGET found in hwc list (index=0)
W/SurfaceFlinger(  196): HWC_FRAMEBUFFER_TARGET found in hwc list (index=0)
W/SurfaceFlinger(  196): HWC_FRAMEBUFFER_TARGET found in hwc list (index=0)
W/SurfaceFlinger(  196): HWC_FRAMEBUFFER_TARGET found in hwc list (index=0)
W/SurfaceFlinger(  196): HWC_FRAMEBUFFER_TARGET found in hwc list (index=0)
W/SurfaceFlinger(  196): HWC_FRAMEBUFFER_TARGET found in hwc list (index=0)
W/SurfaceFlinger(  196): HWC_FRAMEBUFFER_TARGET found in hwc list (index=0)
W/SurfaceFlinger(  196): HWC_FRAMEBUFFER_TARGET found in hwc list (index=0)
W/SurfaceFlinger(  196): HWC_FRAMEBUFFER_TARGET found in hwc list (index=0)
W/SurfaceFlinger(  196): HWC_FRAMEBUFFER_TARGET found in hwc list (index=0)
W/SurfaceFlinger(  196): HWC_FRAMEBUFFER_TARGET found in hwc list (index=0)
W/SurfaceFlinger(  196): HWC_FRAMEBUFFER_TARGET found in hwc list (index=0)
W/SurfaceFlinger(  196): HWC_FRAMEBUFFER_TARGET found in hwc list (index=0)
W/SurfaceFlinger(  196): HWC_FRAMEBUFFER_TARGET found in hwc list (index=0)
W/SurfaceFlinger(  196): HWC_FRAMEBUFFER_TARGET found in hwc list (index=0)
W/SurfaceFlinger(  196): HWC_FRAMEBUFFER_TARGET found in hwc list (index=0)
W/SurfaceFlinger(  196): HWC_FRAMEBUFFER_TARGET found in hwc list (index=0)
W/SurfaceFlinger(  196): HWC_FRAMEBUFFER_TARGET found in hwc list (index=0)
W/SurfaceFlinger(  196): HWC_FRAMEBUFFER_TARGET found in hwc list (index=0)
W/SurfaceFlinger(  196): HWC_FRAMEBUFFER_TARGET found in hwc list (index=0)
W/SurfaceFlinger(  196): HWC_FRAMEBUFFER_TARGET found in hwc list (index=0)
W/SurfaceFlinger(  196): HWC_FRAMEBUFFER_TARGET found in hwc list (index=0)
W/SurfaceFlinger(  196): HWC_FRAMEBUFFER_TARGET found in hwc list (index=0)
W/SurfaceFlinger(  196): HWC_FRAMEBUFFER_TARGET found in hwc list (index=0)
W/SurfaceFlinger(  196): HWC_FRAMEBUFFER_TARGET found in hwc list (index=0)
W/SurfaceFlinger(  196): HWC_FRAMEBUFFER_TARGET found in hwc list (index=0)
W/SurfaceFlinger(  196): HWC_FRAMEBUFFER_TARGET found in hwc list (index=0)
W/SurfaceFlinger(  196): HWC_FRAMEBUFFER_TARGET found in hwc list (index=0)
D/dalvikvm(  717): DexOpt: load 165ms, verify+opt 600ms, 1525292 bytes
W/SurfaceFlinger(  196): HWC_FRAMEBUFFER_TARGET found in hwc list (index=0)
W/SurfaceFlinger(  196): HWC_FRAMEBUFFER_TARGET found in hwc list (index=0)
W/SurfaceFlinger(  196): HWC_FRAMEBUFFER_TARGET found in hwc list (index=0)
W/SurfaceFlinger(  196): HWC_FRAMEBUFFER_TARGET found in hwc list (index=0)
W/SurfaceFlinger(  196): HWC_FRAMEBUFFER_TARGET found in hwc list (index=0)
W/SurfaceFlinger(  196): HWC_FRAMEBUFFER_TARGET found in hwc list (index=0)
W/SurfaceFlinger(  196): HWC_FRAMEBUFFER_TARGET found in hwc list (index=0)
I/PackageManager(  638): Running dexopt on: com.cyanogenmod.updater
W/SurfaceFlinger(  196): HWC_FRAMEBUFFER_TARGET found in hwc list (index=0)
W/SurfaceFlinger(  196): HWC_FRAMEBUFFER_TARGET found in hwc list (index=0)
W/SurfaceFlinger(  196): HWC_FRAMEBUFFER_TARGET found in hwc list (index=0)
W/SurfaceFlinger(  196): HWC_FRAMEBUFFER_TARGET found in hwc list (index=0)
W/SurfaceFlinger(  196): HWC_FRAMEBUFFER_TARGET found in hwc list (index=0)
D/dalvikvm(  718): DexOpt: load 38ms, verify+opt 69ms, 516452 bytes
W/SurfaceFlinger(  196): HWC_FRAMEBUFFER_TARGET found in hwc list (index=0)
W/SurfaceFlinger(  196): HWC_FRAMEBUFFER_TARGET found in hwc list (index=0)
I/PackageManager(  638): Running dexopt on: com.cyanogenmod.lockclock
W/SurfaceFlinger(  196): HWC_FRAMEBUFFER_TARGET found in hwc list (index=0)
W/SurfaceFlinger(  196): HWC_FRAMEBUFFER_TARGET found in hwc list (index=0)
W/SurfaceFlinger(  196): HWC_FRAMEBUFFER_TARGET found in hwc list (index=0)
W/SurfaceFlinger(  196): HWC_FRAMEBUFFER_TARGET found in hwc list (index=0)
W/SurfaceFlinger(  196): HWC_FRAMEBUFFER_TARGET found in hwc list (index=0)
D/dalvikvm(  719): DexOpt: load 20ms, verify+opt 74ms, 489812 bytes
W/SurfaceFlinger(  196): HWC_FRAMEBUFFER_TARGET found in hwc list (index=0)
W/SurfaceFlinger(  196): HWC_FRAMEBUFFER_TARGET found in hwc list (index=0)
I/PackageManager(  638): Running dexopt on: com.android.development
W/SurfaceFlinger(  196): HWC_FRAMEBUFFER_TARGET found in hwc list (index=0)
W/SurfaceFlinger(  196): HWC_FRAMEBUFFER_TARGET found in hwc list (index=0)
W/SurfaceFlinger(  196): HWC_FRAMEBUFFER_TARGET found in hwc list (index=0)
W/SurfaceFlinger(  196): HWC_FRAMEBUFFER_TARGET found in hwc list (index=0)
W/SurfaceFlinger(  196): HWC_FRAMEBUFFER_TARGET found in hwc list (index=0)
W/SurfaceFlinger(  196): HWC_FRAMEBUFFER_TARGET found in hwc list (index=0)
D/dalvikvm(  720): Note: class Landroid/app/ActivityManagerNative; has 180 unimplemented (abstract) methods
W/SurfaceFlinger(  196): HWC_FRAMEBUFFER_TARGET found in hwc list (index=0)
W/SurfaceFlinger(  196): HWC_FRAMEBUFFER_TARGET found in hwc list (index=0)
D/dalvikvm(  720): DexOpt: load 40ms, verify+opt 135ms, 679236 bytes
W/SurfaceFlinger(  196): HWC_FRAMEBUFFER_TARGET found in hwc list (index=0)
W/SurfaceFlinger(  196): HWC_FRAMEBUFFER_TARGET found in hwc list (index=0)
I/PackageManager(  638): Running dexopt on: com.tmobile.themechooser
W/SurfaceFlinger(  196): HWC_FRAMEBUFFER_TARGET found in hwc list (index=0)
W/SurfaceFlinger(  196): HWC_FRAMEBUFFER_TARGET found in hwc list (index=0)
W/SurfaceFlinger(  196): HWC_FRAMEBUFFER_TARGET found in hwc list (index=0)
W/SurfaceFlinger(  196): HWC_FRAMEBUFFER_TARGET found in hwc list (index=0)
D/dalvikvm(  721): DexOpt: load 23ms, verify+opt 52ms, 375444 bytes
W/SurfaceFlinger(  196): HWC_FRAMEBUFFER_TARGET found in hwc list (index=0)
I/PackageManager(  638): Running dexopt on: com.android.bluetooth
W/SurfaceFlinger(  196): HWC_FRAMEBUFFER_TARGET found in hwc list (index=0)
W/SurfaceFlinger(  196): HWC_FRAMEBUFFER_TARGET found in hwc list (index=0)
W/SurfaceFlinger(  196): HWC_FRAMEBUFFER_TARGET found in hwc list (index=0)
I/auditd  (  723): Starting up
E/auditd  (  723): Failed on audit_set_pid with error: Protocol not supported
I/auditd  (  723): Exiting
W/SurfaceFlinger(  196): HWC_FRAMEBUFFER_TARGET found in hwc list (index=0)
W/SurfaceFlinger(  196): HWC_FRAMEBUFFER_TARGET found in hwc list (index=0)
W/SurfaceFlinger(  196): HWC_FRAMEBUFFER_TARGET found in hwc list (index=0)
W/SurfaceFlinger(  196): HWC_FRAMEBUFFER_TARGET found in hwc list (index=0)
W/SurfaceFlinger(  196): HWC_FRAMEBUFFER_TARGET found in hwc list (index=0)
W/SurfaceFlinger(  196): HWC_FRAMEBUFFER_TARGET found in hwc list (index=0)
W/SurfaceFlinger(  196): HWC_FRAMEBUFFER_TARGET found in hwc list (index=0)
W/SurfaceFlinger(  196): HWC_FRAMEBUFFER_TARGET found in hwc list (index=0)
W/SurfaceFlinger(  196): HWC_FRAMEBUFFER_TARGET found in hwc list (index=0)
W/SurfaceFlinger(  196): HWC_FRAMEBUFFER_TARGET found in hwc list (index=0)
W/SurfaceFlinger(  196): HWC_FRAMEBUFFER_TARGET found in hwc list (index=0)
W/SurfaceFlinger(  196): HWC_FRAMEBUFFER_TARGET found in hwc list (index=0)
W/SurfaceFlinger(  196): HWC_FRAMEBUFFER_TARGET found in hwc list (index=0)
W/SurfaceFlinger(  196): HWC_FRAMEBUFFER_TARGET found in hwc list (index=0)
W/SurfaceFlinger(  196): HWC_FRAMEBUFFER_TARGET found in hwc list (index=0)
W/SurfaceFlinger(  196): HWC_FRAMEBUFFER_TARGET found in hwc list (index=0)
W/SurfaceFlinger(  196): HWC_FRAMEBUFFER_TARGET found in hwc list (index=0)
W/SurfaceFlinger(  196): HWC_FRAMEBUFFER_TARGET found in hwc list (index=0)
W/SurfaceFlinger(  196): HWC_FRAMEBUFFER_TARGET found in hwc list (index=0)
W/SurfaceFlinger(  196): HWC_FRAMEBUFFER_TARGET found in hwc list (index=0)
W/SurfaceFlinger(  196): HWC_FRAMEBUFFER_TARGET found in hwc list (index=0)
D/dalvikvm(  722): DexOpt: load 50ms, verify+opt 517ms, 968708 bytes
W/SurfaceFlinger(  196): HWC_FRAMEBUFFER_TARGET found in hwc list (index=0)
W/SurfaceFlinger(  196): HWC_FRAMEBUFFER_TARGET found in hwc list (index=0)
W/SurfaceFlinger(  196): HWC_FRAMEBUFFER_TARGET found in hwc list (index=0)
W/SurfaceFlinger(  196): HWC_FRAMEBUFFER_TARGET found in hwc list (index=0)
I/PackageManager(  638): Running dexopt on: com.android.providers.downloads
W/SurfaceFlinger(  196): HWC_FRAMEBUFFER_TARGET found in hwc list (index=0)
W/SurfaceFlinger(  196): HWC_FRAMEBUFFER_TARGET found in hwc list (index=0)
W/SurfaceFlinger(  196): HWC_FRAMEBUFFER_TARGET found in hwc list (index=0)
W/SurfaceFlinger(  196): HWC_FRAMEBUFFER_TARGET found in hwc list (index=0)
W/SurfaceFlinger(  196): HWC_FRAMEBUFFER_TARGET found in hwc list (index=0)
W/SurfaceFlinger(  196): HWC_FRAMEBUFFER_TARGET found in hwc list (index=0)
W/SurfaceFlinger(  196): HWC_FRAMEBUFFER_TARGET found in hwc list (index=0)
W/SurfaceFlinger(  196): HWC_FRAMEBUFFER_TARGET found in hwc list (index=0)
W/SurfaceFlinger(  196): HWC_FRAMEBUFFER_TARGET found in hwc list (index=0)
D/dalvikvm(  726): DexOpt: load 27ms, verify+opt 144ms, 573932 bytes
W/SurfaceFlinger(  196): HWC_FRAMEBUFFER_TARGET found in hwc list (index=0)
W/SurfaceFlinger(  196): HWC_FRAMEBUFFER_TARGET found in hwc list (index=0)
I/PackageManager(  638): Running dexopt on: org.codeaurora.bluetooth
W/SurfaceFlinger(  196): HWC_FRAMEBUFFER_TARGET found in hwc list (index=0)
W/SurfaceFlinger(  196): HWC_FRAMEBUFFER_TARGET found in hwc list (index=0)
W/SurfaceFlinger(  196): HWC_FRAMEBUFFER_TARGET found in hwc list (index=0)
W/SurfaceFlinger(  196): HWC_FRAMEBUFFER_TARGET found in hwc list (index=0)
W/SurfaceFlinger(  196): HWC_FRAMEBUFFER_TARGET found in hwc list (index=0)
W/SurfaceFlinger(  196): HWC_FRAMEBUFFER_TARGET found in hwc list (index=0)
W/SurfaceFlinger(  196): HWC_FRAMEBUFFER_TARGET found in hwc list (index=0)
W/SurfaceFlinger(  196): HWC_FRAMEBUFFER_TARGET found in hwc list (index=0)
W/SurfaceFlinger(  196): HWC_FRAMEBUFFER_TARGET found in hwc list (index=0)
W/SurfaceFlinger(  196): HWC_FRAMEBUFFER_TARGET found in hwc list (index=0)
W/SurfaceFlinger(  196): HWC_FRAMEBUFFER_TARGET found in hwc list (index=0)
W/SurfaceFlinger(  196): HWC_FRAMEBUFFER_TARGET found in hwc list (index=0)
W/SurfaceFlinger(  196): HWC_FRAMEBUFFER_TARGET found in hwc list (index=0)
W/SurfaceFlinger(  196): HWC_FRAMEBUFFER_TARGET found in hwc list (index=0)
D/dalvikvm(  727): DexOpt: load 25ms, verify+opt 293ms, 589916 bytes
W/SurfaceFlinger(  196): HWC_FRAMEBUFFER_TARGET found in hwc list (index=0)
W/SurfaceFlinger(  196): HWC_FRAMEBUFFER_TARGET found in hwc list (index=0)
W/SurfaceFlinger(  196): HWC_FRAMEBUFFER_TARGET found in hwc list (index=0)
I/PackageManager(  638): Running dexopt on: com.android.wallpapercropper
W/SurfaceFlinger(  196): HWC_FRAMEBUFFER_TARGET found in hwc list (index=0)
W/SurfaceFlinger(  196): HWC_FRAMEBUFFER_TARGET found in hwc list (index=0)
W/SurfaceFlinger(  196): HWC_FRAMEBUFFER_TARGET found in hwc list (index=0)
W/SurfaceFlinger(  196): HWC_FRAMEBUFFER_TARGET found in hwc list (index=0)
W/SurfaceFlinger(  196): HWC_FRAMEBUFFER_TARGET found in hwc list (index=0)
W/SurfaceFlinger(  196): HWC_FRAMEBUFFER_TARGET found in hwc list (index=0)
D/dalvikvm(  728): DexOpt: load 45ms, verify+opt 75ms, 438068 bytes
W/SurfaceFlinger(  196): HWC_FRAMEBUFFER_TARGET found in hwc list (index=0)
W/SurfaceFlinger(  196): HWC_FRAMEBUFFER_TARGET found in hwc list (index=0)
I/PackageManager(  638): Running dexopt on: com.android.settings
W/SurfaceFlinger(  196): HWC_FRAMEBUFFER_TARGET found in hwc list (index=0)
W/SurfaceFlinger(  196): HWC_FRAMEBUFFER_TARGET found in hwc list (index=0)
W/SurfaceFlinger(  196): HWC_FRAMEBUFFER_TARGET found in hwc list (index=0)
W/SurfaceFlinger(  196): HWC_FRAMEBUFFER_TARGET found in hwc list (index=0)
W/SurfaceFlinger(  196): HWC_FRAMEBUFFER_TARGET found in hwc list (index=0)
W/SurfaceFlinger(  196): HWC_FRAMEBUFFER_TARGET found in hwc list (index=0)
W/SurfaceFlinger(  196): HWC_FRAMEBUFFER_TARGET found in hwc list (index=0)
W/SurfaceFlinger(  196): HWC_FRAMEBUFFER_TARGET found in hwc list (index=0)
W/SurfaceFlinger(  196): HWC_FRAMEBUFFER_TARGET found in hwc list (index=0)
W/SurfaceFlinger(  196): HWC_FRAMEBUFFER_TARGET found in hwc list (index=0)
W/SurfaceFlinger(  196): HWC_FRAMEBUFFER_TARGET found in hwc list (index=0)
W/SurfaceFlinger(  196): HWC_FRAMEBUFFER_TARGET found in hwc list (index=0)
W/SurfaceFlinger(  196): HWC_FRAMEBUFFER_TARGET found in hwc list (index=0)
W/SurfaceFlinger(  196): HWC_FRAMEBUFFER_TARGET found in hwc list (index=0)
W/SurfaceFlinger(  196): HWC_FRAMEBUFFER_TARGET found in hwc list (index=0)
W/SurfaceFlinger(  196): HWC_FRAMEBUFFER_TARGET found in hwc list (index=0)
W/SurfaceFlinger(  196): HWC_FRAMEBUFFER_TARGET found in hwc list (index=0)
W/SurfaceFlinger(  196): HWC_FRAMEBUFFER_TARGET found in hwc list (index=0)
W/SurfaceFlinger(  196): HWC_FRAMEBUFFER_TARGET found in hwc list (index=0)
W/SurfaceFlinger(  196): HWC_FRAMEBUFFER_TARGET found in hwc list (index=0)
W/SurfaceFlinger(  196): HWC_FRAMEBUFFER_TARGET found in hwc list (index=0)
W/SurfaceFlinger(  196): HWC_FRAMEBUFFER_TARGET found in hwc list (index=0)
W/SurfaceFlinger(  196): HWC_FRAMEBUFFER_TARGET found in hwc list (index=0)
W/SurfaceFlinger(  196): HWC_FRAMEBUFFER_TARGET found in hwc list (index=0)
W/SurfaceFlinger(  196): HWC_FRAMEBUFFER_TARGET found in hwc list (index=0)
W/SurfaceFlinger(  196): HWC_FRAMEBUFFER_TARGET found in hwc list (index=0)
W/SurfaceFlinger(  196): HWC_FRAMEBUFFER_TARGET found in hwc list (index=0)
W/SurfaceFlinger(  196): HWC_FRAMEBUFFER_TARGET found in hwc list (index=0)
D/dalvikvm(  729): Note: class Landroid/app/ActivityManagerNative; has 180 unimplemented (abstract) methods
W/SurfaceFlinger(  196): HWC_FRAMEBUFFER_TARGET found in hwc list (index=0)
W/SurfaceFlinger(  196): HWC_FRAMEBUFFER_TARGET found in hwc list (index=0)
W/SurfaceFlinger(  196): HWC_FRAMEBUFFER_TARGET found in hwc list (index=0)
W/SurfaceFlinger(  196): HWC_FRAMEBUFFER_TARGET found in hwc list (index=0)
W/SurfaceFlinger(  196): HWC_FRAMEBUFFER_TARGET found in hwc list (index=0)
W/SurfaceFlinger(  196): HWC_FRAMEBUFFER_TARGET found in hwc list (index=0)
W/SurfaceFlinger(  196): HWC_FRAMEBUFFER_TARGET found in hwc list (index=0)
W/SurfaceFlinger(  196): HWC_FRAMEBUFFER_TARGET found in hwc list (index=0)
W/SurfaceFlinger(  196): HWC_FRAMEBUFFER_TARGET found in hwc list (index=0)
W/SurfaceFlinger(  196): HWC_FRAMEBUFFER_TARGET found in hwc list (index=0)
W/SurfaceFlinger(  196): HWC_FRAMEBUFFER_TARGET found in hwc list (index=0)
W/SurfaceFlinger(  196): HWC_FRAMEBUFFER_TARGET found in hwc list (index=0)
W/SurfaceFlinger(  196): HWC_FRAMEBUFFER_TARGET found in hwc list (index=0)
W/SurfaceFlinger(  196): HWC_FRAMEBUFFER_TARGET found in hwc list (index=0)
W/SurfaceFlinger(  196): HWC_FRAMEBUFFER_TARGET found in hwc list (index=0)
W/SurfaceFlinger(  196): HWC_FRAMEBUFFER_TARGET found in hwc list (index=0)
W/SurfaceFlinger(  196): HWC_FRAMEBUFFER_TARGET found in hwc list (index=0)
W/SurfaceFlinger(  196): HWC_FRAMEBUFFER_TARGET found in hwc list (index=0)
W/SurfaceFlinger(  196): HWC_FRAMEBUFFER_TARGET found in hwc list (index=0)
W/SurfaceFlinger(  196): HWC_FRAMEBUFFER_TARGET found in hwc list (index=0)
W/SurfaceFlinger(  196): HWC_FRAMEBUFFER_TARGET found in hwc list (index=0)
W/SurfaceFlinger(  196): HWC_FRAMEBUFFER_TARGET found in hwc list (index=0)
W/SurfaceFlinger(  196): HWC_FRAMEBUFFER_TARGET found in hwc list (index=0)
W/SurfaceFlinger(  196): HWC_FRAMEBUFFER_TARGET found in hwc list (index=0)
W/SurfaceFlinger(  196): HWC_FRAMEBUFFER_TARGET found in hwc list (index=0)
W/SurfaceFlinger(  196): HWC_FRAMEBUFFER_TARGET found in hwc list (index=0)
W/SurfaceFlinger(  196): HWC_FRAMEBUFFER_TARGET found in hwc list (index=0)
W/SurfaceFlinger(  196): HWC_FRAMEBUFFER_TARGET found in hwc list (index=0)
W/SurfaceFlinger(  196): HWC_FRAMEBUFFER_TARGET found in hwc list (index=0)
W/SurfaceFlinger(  196): HWC_FRAMEBUFFER_TARGET found in hwc list (index=0)
W/SurfaceFlinger(  196): HWC_FRAMEBUFFER_TARGET found in hwc list (index=0)
W/SurfaceFlinger(  196): HWC_FRAMEBUFFER_TARGET found in hwc list (index=0)
D/dalvikvm(  729): DexOpt: load 223ms, verify+opt 1312ms, 2911052 bytes
W/SurfaceFlinger(  196): HWC_FRAMEBUFFER_TARGET found in hwc list (index=0)
W/SurfaceFlinger(  196): HWC_FRAMEBUFFER_TARGET found in hwc list (index=0)
W/SurfaceFlinger(  196): HWC_FRAMEBUFFER_TARGET found in hwc list (index=0)
W/SurfaceFlinger(  196): HWC_FRAMEBUFFER_TARGET found in hwc list (index=0)
W/SurfaceFlinger(  196): HWC_FRAMEBUFFER_TARGET found in hwc list (index=0)
W/SurfaceFlinger(  196): HWC_FRAMEBUFFER_TARGET found in hwc list (index=0)
W/SurfaceFlinger(  196): HWC_FRAMEBUFFER_TARGET found in hwc list (index=0)
W/SurfaceFlinger(  196): HWC_FRAMEBUFFER_TARGET found in hwc list (index=0)
W/SurfaceFlinger(  196): HWC_FRAMEBUFFER_TARGET found in hwc list (index=0)
I/PackageManager(  638): Running dexopt on: com.cyanogenmod.CMWallpapers
W/SurfaceFlinger(  196): HWC_FRAMEBUFFER_TARGET found in hwc list (index=0)
W/SurfaceFlinger(  196): HWC_FRAMEBUFFER_TARGET found in hwc list (index=0)
D/dalvikvm(  730): DexOpt: load 10ms, verify+opt 46ms, 294684 bytes
W/SurfaceFlinger(  196): HWC_FRAMEBUFFER_TARGET found in hwc list (index=0)
I/PackageManager(  638): Running dexopt on: com.android.dreams.basic
W/SurfaceFlinger(  196): HWC_FRAMEBUFFER_TARGET found in hwc list (index=0)
W/SurfaceFlinger(  196): HWC_FRAMEBUFFER_TARGET found in hwc list (index=0)
D/dalvikvm(  731): DexOpt: load 13ms, verify+opt 10ms, 195748 bytes
W/SurfaceFlinger(  196): HWC_FRAMEBUFFER_TARGET found in hwc list (index=0)
W/SurfaceFlinger(  196): HWC_FRAMEBUFFER_TARGET found in hwc list (index=0)
I/PackageManager(  638): Running dexopt on: com.android.wallpaper
W/SurfaceFlinger(  196): HWC_FRAMEBUFFER_TARGET found in hwc list (index=0)
W/SurfaceFlinger(  196): HWC_FRAMEBUFFER_TARGET found in hwc list (index=0)
W/SurfaceFlinger(  196): HWC_FRAMEBUFFER_TARGET found in hwc list (index=0)
W/SurfaceFlinger(  196): HWC_FRAMEBUFFER_TARGET found in hwc list (index=0)
D/dalvikvm(  732): DexOpt: load 23ms, verify+opt 41ms, 418516 bytes
W/SurfaceFlinger(  196): HWC_FRAMEBUFFER_TARGET found in hwc list (index=0)
W/SurfaceFlinger(  196): HWC_FRAMEBUFFER_TARGET found in hwc list (index=0)
I/PackageManager(  638): Running dexopt on: com.android.shell
W/SurfaceFlinger(  196): HWC_FRAMEBUFFER_TARGET found in hwc list (index=0)
W/SurfaceFlinger(  196): HWC_FRAMEBUFFER_TARGET found in hwc list (index=0)
W/SurfaceFlinger(  196): HWC_FRAMEBUFFER_TARGET found in hwc list (index=0)
D/dalvikvm(  733): DexOpt: load 17ms, verify+opt 42ms, 334300 bytes
W/SurfaceFlinger(  196): HWC_FRAMEBUFFER_TARGET found in hwc list (index=0)
I/PackageManager(  638): Running dexopt on: com.android.keychain
W/SurfaceFlinger(  196): HWC_FRAMEBUFFER_TARGET found in hwc list (index=0)
W/SurfaceFlinger(  196): HWC_FRAMEBUFFER_TARGET found in hwc list (index=0)
W/SurfaceFlinger(  196): HWC_FRAMEBUFFER_TARGET found in hwc list (index=0)
W/SurfaceFlinger(  196): HWC_FRAMEBUFFER_TARGET found in hwc list (index=0)
W/SurfaceFlinger(  196): HWC_FRAMEBUFFER_TARGET found in hwc list (index=0)
D/dalvikvm(  734): DexOpt: load 16ms, verify+opt 76ms, 392956 bytes
W/SurfaceFlinger(  196): HWC_FRAMEBUFFER_TARGET found in hwc list (index=0)
W/SurfaceFlinger(  196): HWC_FRAMEBUFFER_TARGET found in hwc list (index=0)
I/PackageManager(  638): Running dexopt on: com.android.email
W/SurfaceFlinger(  196): HWC_FRAMEBUFFER_TARGET found in hwc list (index=0)
W/SurfaceFlinger(  196): HWC_FRAMEBUFFER_TARGET found in hwc list (index=0)
W/SurfaceFlinger(  196): HWC_FRAMEBUFFER_TARGET found in hwc list (index=0)
W/SurfaceFlinger(  196): HWC_FRAMEBUFFER_TARGET found in hwc list (index=0)
I/auditd  (  736): Starting up
W/SurfaceFlinger(  196): HWC_FRAMEBUFFER_TARGET found in hwc list (index=0)
E/auditd  (  736): Failed on audit_set_pid with error: Protocol not supported
I/auditd  (  736): Exiting
W/SurfaceFlinger(  196): HWC_FRAMEBUFFER_TARGET found in hwc list (index=0)
W/SurfaceFlinger(  196): HWC_FRAMEBUFFER_TARGET found in hwc list (index=0)
W/SurfaceFlinger(  196): HWC_FRAMEBUFFER_TARGET found in hwc list (index=0)
W/SurfaceFlinger(  196): HWC_FRAMEBUFFER_TARGET found in hwc list (index=0)
W/SurfaceFlinger(  196): HWC_FRAMEBUFFER_TARGET found in hwc list (index=0)
W/SurfaceFlinger(  196): HWC_FRAMEBUFFER_TARGET found in hwc list (index=0)
W/SurfaceFlinger(  196): HWC_FRAMEBUFFER_TARGET found in hwc list (index=0)
W/SurfaceFlinger(  196): HWC_FRAMEBUFFER_TARGET found in hwc list (index=0)
W/SurfaceFlinger(  196): HWC_FRAMEBUFFER_TARGET found in hwc list (index=0)
W/SurfaceFlinger(  196): HWC_FRAMEBUFFER_TARGET found in hwc list (index=0)
W/SurfaceFlinger(  196): HWC_FRAMEBUFFER_TARGET found in hwc list (index=0)
W/SurfaceFlinger(  196): HWC_FRAMEBUFFER_TARGET found in hwc list (index=0)
W/SurfaceFlinger(  196): HWC_FRAMEBUFFER_TARGET found in hwc list (index=0)
W/SurfaceFlinger(  196): HWC_FRAMEBUFFER_TARGET found in hwc list (index=0)
W/SurfaceFlinger(  196): HWC_FRAMEBUFFER_TARGET found in hwc list (index=0)
W/SurfaceFlinger(  196): HWC_FRAMEBUFFER_TARGET found in hwc list (index=0)
W/SurfaceFlinger(  196): HWC_FRAMEBUFFER_TARGET found in hwc list (index=0)
W/SurfaceFlinger(  196): HWC_FRAMEBUFFER_TARGET found in hwc list (index=0)
W/SurfaceFlinger(  196): HWC_FRAMEBUFFER_TARGET found in hwc list (index=0)
W/SurfaceFlinger(  196): HWC_FRAMEBUFFER_TARGET found in hwc list (index=0)
W/SurfaceFlinger(  196): HWC_FRAMEBUFFER_TARGET found in hwc list (index=0)
W/SurfaceFlinger(  196): HWC_FRAMEBUFFER_TARGET found in hwc list (index=0)
W/SurfaceFlinger(  196): HWC_FRAMEBUFFER_TARGET found in hwc list (index=0)
W/SurfaceFlinger(  196): HWC_FRAMEBUFFER_TARGET found in hwc list (index=0)
W/SurfaceFlinger(  196): HWC_FRAMEBUFFER_TARGET found in hwc list (index=0)
W/SurfaceFlinger(  196): HWC_FRAMEBUFFER_TARGET found in hwc list (index=0)
W/SurfaceFlinger(  196): HWC_FRAMEBUFFER_TARGET found in hwc list (index=0)
W/SurfaceFlinger(  196): HWC_FRAMEBUFFER_TARGET found in hwc list (index=0)
W/SurfaceFlinger(  196): HWC_FRAMEBUFFER_TARGET found in hwc list (index=0)
I/rmt_storage(  148): rmt_storage open event: handle=1
I/rmt_storage(  148): Opened /boot/modem_fs1
I/rmt_storage(  148): rmt_storage events processing done
I/rmt_storage(  148): rmt_storage send user data event
I/rmt_storage(  148): rmt_storage events processing done
I/rmt_storage(  148): rmt_storage open event: handle=2
I/rmt_storage(  148): Opened /boot/modem_fs2
I/rmt_storage(  148): rmt_storage events processing done
I/rmt_storage(  148): rmt_storage send user data event
I/rmt_storage(  148): rmt_storage events processing done
I/rmt_storage(  148): rmt_storage write event
I/rmt_storage(  148): rmt_storage events processing done
I/rmt_storage(  148): rmt_storage client thread started 
I/rmt_storage(  148): rmt_storage client thread started 
W/SurfaceFlinger(  196): HWC_FRAMEBUFFER_TARGET found in hwc list (index=0)
W/SurfaceFlinger(  196): HWC_FRAMEBUFFER_TARGET found in hwc list (index=0)
W/SurfaceFlinger(  196): HWC_FRAMEBUFFER_TARGET found in hwc list (index=0)
W/SurfaceFlinger(  196): HWC_FRAMEBUFFER_TARGET found in hwc list (index=0)
W/SurfaceFlinger(  196): HWC_FRAMEBUFFER_TARGET found in hwc list (index=0)
W/SurfaceFlinger(  196): HWC_FRAMEBUFFER_TARGET found in hwc list (index=0)
W/SurfaceFlinger(  196): HWC_FRAMEBUFFER_TARGET found in hwc list (index=0)
W/SurfaceFlinger(  196): HWC_FRAMEBUFFER_TARGET found in hwc list (index=0)
W/SurfaceFlinger(  196): HWC_FRAMEBUFFER_TARGET found in hwc list (index=0)
W/SurfaceFlinger(  196): HWC_FRAMEBUFFER_TARGET found in hwc list (index=0)
W/SurfaceFlinger(  196): HWC_FRAMEBUFFER_TARGET found in hwc list (index=0)
W/SurfaceFlinger(  196): HWC_FRAMEBUFFER_TARGET found in hwc list (index=0)
W/SurfaceFlinger(  196): HWC_FRAMEBUFFER_TARGET found in hwc list (index=0)
W/SurfaceFlinger(  196): HWC_FRAMEBUFFER_TARGET found in hwc list (index=0)
W/SurfaceFlinger(  196): HWC_FRAMEBUFFER_TARGET found in hwc list (index=0)
W/SurfaceFlinger(  196): HWC_FRAMEBUFFER_TARGET found in hwc list (index=0)
W/SurfaceFlinger(  196): HWC_FRAMEBUFFER_TARGET found in hwc list (index=0)
W/SurfaceFlinger(  196): HWC_FRAMEBUFFER_TARGET found in hwc list (index=0)
W/SurfaceFlinger(  196): HWC_FRAMEBUFFER_TARGET found in hwc list (index=0)
I/rmt_storage(  148): rmt_storage fop(1): bytes transferred = 3145216
I/rmt_storage(  148): rmt_storage fop(1): bytes transferred = 512
