E/auditd  ( 3449): Failed on audit_set_pid with error: Protocol not supported
I/auditd  ( 3449): Exiting
W/InputMethodManagerService(  641): Window already focused, ignoring focus gain of: com.android.internal.view.IInputMethodClient$Stub$Proxy@425646f8 attribute=null, token = android.os.BinderProxy@42348580
I/auditd  ( 3454): Starting up
E/auditd  ( 3454): Failed on audit_set_pid with error: Protocol not supported
I/auditd  ( 3454): Exiting
W/InputMethodManagerService(  641): Window already focused, ignoring focus gain of: com.android.internal.view.IInputMethodClient$Stub$Proxy@422c78f0 attribute=null, token = android.os.BinderProxy@42348580
I/auditd  ( 3460): Starting up
E/auditd  ( 3460): Failed on audit_set_pid with error: Protocol not supported
I/auditd  ( 3460): Exiting
D/WifiService(  641): setWifiEnabled: true pid=2075, uid=1000
D/WifiService(  641): setWifiEnabled: true pid=2075, uid=1000
W/WindowManager(  641): Screenshot failure taking screenshot for (246x437) to layer 21015
I/ActivityManager(  641): Killing 2356:com.cyanogenmod.updater/u0a1 (adj 15): empty #17
I/auditd  ( 3464): Starting up
E/auditd  ( 3464): Failed on audit_set_pid with error: Protocol not supported
I/auditd  ( 3464): Exiting
I/ActivityManager(  641): START u0 {act=android.intent.action.MAIN cat=[android.intent.category.LAUNCHER] flg=0x10200000 cmp=com.android.settings/.Settings bnds=[240,542][357,704]} from pid 2413
W/WindowManager(  641): Screenshot failure taking screenshot for (246x437) to layer 21010
W/BroadcastQueue(  641): Permission Denial: receiving Intent { act=com.android.launcher3.action.LAUNCH flg=0x10 (has extras) } to com.google.android.googlequicksearchbox/com.google.android.search.core.summons.icing.InternalIcingCorporaProvider$ApplicationLaunchReceiver requires com.android.launcher3.permission.RECEIVE_LAUNCH_BROADCASTS due to sender com.android.launcher3 (uid 10009)
D/WifiService(  641): setWifiEnabled: true pid=2075, uid=1000
I/auditd  ( 3468): Starting up
E/auditd  ( 3468): Failed on audit_set_pid with error: Protocol not supported
I/auditd  ( 3468): Exiting
I/auditd  ( 3471): Starting up
E/auditd  ( 3471): Failed on audit_set_pid with error: Protocol not supported
I/auditd  ( 3471): Exiting
I/auditd  ( 3474): Starting up
E/auditd  ( 3474): Failed on audit_set_pid with error: Protocol not supported
I/auditd  ( 3474): Exiting
I/auditd  ( 3477): Starting up
E/auditd  ( 3477): Failed on audit_set_pid with error: Protocol not supported
I/auditd  ( 3477): Exiting
I/auditd  ( 3480): Starting up
E/auditd  ( 3480): Failed on audit_set_pid with error: Protocol not supported
I/auditd  ( 3480): Exiting
I/auditd  ( 3483): Starting up
E/auditd  ( 3483): Failed on audit_set_pid with error: Protocol not supported
I/auditd  ( 3483): Exiting
I/auditd  ( 3486): Starting up
E/auditd  ( 3486): Failed on audit_set_pid with error: Protocol not supported
I/auditd  ( 3486): Exiting
I/ActivityManager(  641): START u0 {act=android.intent.action.MAIN cmp=com.android.settings/.SubSettings (has extras)} from pid 2075
E/Cryptfs (  188): not running with encryption, aborting
E/Cryptfs (  188): not running with encryption, aborting
I/ActivityManager(  641): START u0 {act=android.settings.development.LAUNCH_TOOLS cmp=com.android.development/.Development} from pid 2075
I/ActivityManager(  641): Start proc com.android.development for activity com.android.development/.Development: pid=3492 uid=10030 gids={50030, 3003, 1028, 1015}
I/auditd  ( 3506): Starting up
E/auditd  ( 3506): Failed on audit_set_pid with error: Protocol not supported
I/auditd  ( 3506): Exiting
E/Cryptfs (  188): not running with encryption, aborting
I/auditd  ( 3510): Starting up
E/auditd  ( 3510): Failed on audit_set_pid with error: Protocol not supported
I/auditd  ( 3510): Exiting
I/auditd  ( 3514): Starting up
E/auditd  ( 3514): Failed on audit_set_pid with error: Protocol not supported
I/auditd  ( 3514): Exiting
I/ActivityManager(  641): START u0 {act=android.intent.action.MAIN cmp=com.android.settings/.SubSettings (has extras)} from pid 2075
I/ProcessStatsService(  641): Added stats: 2014-01-08-21-59-07, over +2m10s814ms
I/ProcessStatsService(  641): Added stats: 2014-01-08-21-33-42, over +24m46s716ms
I/ProcessStatsService(  641): Added stats: 2014-01-08-20-54-03, over +24m2s785ms
I/ProcessStatsService(  641): Added stats: 2014-01-08-20-16-26, over +36m58s520ms
I/auditd  ( 3520): Starting up
E/auditd  ( 3520): Failed on audit_set_pid with error: Protocol not supported
I/auditd  ( 3520): Exiting
I/auditd  ( 3523): Starting up
E/auditd  ( 3523): Failed on audit_set_pid with error: Protocol not supported
I/auditd  ( 3523): Exiting
I/ActivityManager(  641): START u0 {act=android.intent.action.MAIN cmp=com.android.settings/.SubSettings (has extras)} from pid 2075
I/auditd  ( 3527): Starting up
E/auditd  ( 3527): Failed on audit_set_pid with error: Protocol not supported
I/auditd  ( 3527): Exiting
E/Cryptfs (  188): not running with encryption, aborting
I/auditd  ( 3532): Starting up
E/auditd  ( 3532): Failed on audit_set_pid with error: Protocol not supported
I/auditd  ( 3532): Exiting
I/auditd  ( 3538): Starting up
E/auditd  ( 3538): Failed on audit_set_pid with error: Protocol not supported
I/auditd  ( 3538): Exiting
W/InputMethodManagerService(  641): Window already focused, ignoring focus gain of: com.android.internal.view.IInputMethodClient$Stub$Proxy@422026d8 attribute=null, token = android.os.BinderProxy@422bfbb8
I/auditd  ( 3547): Starting up
E/auditd  ( 3547): Failed on audit_set_pid with error: Protocol not supported
I/auditd  ( 3547): Exiting
I/auditd  ( 3550): Starting up
E/auditd  ( 3550): Failed on audit_set_pid with error: Protocol not supported
I/auditd  ( 3550): Exiting
I/auditd  ( 3553): Starting up
E/auditd  ( 3553): Failed on audit_set_pid with error: Protocol not supported
I/auditd  ( 3553): Exiting
I/auditd  ( 3556): Starting up
E/auditd  ( 3556): Failed on audit_set_pid with error: Protocol not supported
I/auditd  ( 3556): Exiting
W/WindowManager(  641): Screenshot failure taking screenshot for (246x437) to layer 21020
W/WindowManager(  641): Screenshot failure taking screenshot for (246x437) to layer 21020
W/WindowManager(  641): Screenshot failure taking screenshot for (246x437) to layer 21020
I/ActivityManager(  641): START u0 {act=com.android.systemui.recent.action.TOGGLE_RECENTS flg=0x10800000 cmp=com.android.systemui/.recent.RecentsActivity (has extras)} from pid 887
W/WindowManager(  641): Screenshot failure taking screenshot for (246x437) to layer 21020
I/auditd  ( 3564): Starting up
E/auditd  ( 3564): Failed on audit_set_pid with error: Protocol not supported
I/auditd  ( 3564): Exiting
W/InputMethodManagerService(  641): Window already focused, ignoring focus gain of: com.android.internal.view.IInputMethodClient$Stub$Proxy@41fa5880 attribute=null, token = android.os.BinderProxy@42379ad8
I/auditd  ( 3567): Starting up
E/auditd  ( 3567): Failed on audit_set_pid with error: Protocol not supported
I/auditd  ( 3567): Exiting
I/ActivityManager(  641): Killing 1844:com.cyanogenmod.lockclock/u0a39 (adj 15): empty #17
I/ActivityManager(  641): Killing 2009:com.android.mms/u0a10 (adj 9): remove task
D/CountryDetector(  641): No listener is left
I/WindowState(  641): WIN DEATH: Window{4224c398 u0 com.android.mms/com.android.mms.ui.ComposeMessageActivity}
W/WindowManager(  641): Screenshot failure taking screenshot for (246x437) to layer 21020
I/ActivityManager(  641): Killing 2075:com.android.settings/1000 (adj 9): remove task
I/WindowState(  641): WIN DEATH: Window{4226a058 u0 com.android.settings/com.android.settings.Settings}
I/WindowState(  641): WIN DEATH: Window{423a8438 u0 com.android.settings/com.android.settings.SubSettings}
I/ActivityManager(  641): START u0 {act=android.intent.action.MAIN cat=[android.intent.category.LAUNCHER] flg=0x10200000 cmp=com.android.settings/.Settings bnds=[240,542][357,704]} from pid 2413
W/WindowManager(  641): Screenshot failure taking screenshot for (246x437) to layer 21005
W/BroadcastQueue(  641): Permission Denial: receiving Intent { act=com.android.launcher3.action.LAUNCH flg=0x10 (has extras) } to com.google.android.googlequicksearchbox/com.google.android.search.core.summons.icing.InternalIcingCorporaProvider$ApplicationLaunchReceiver requires com.android.launcher3.permission.RECEIVE_LAUNCH_BROADCASTS due to sender com.android.launcher3 (uid 10009)
I/ActivityManager(  641): Start proc com.android.settings for activity com.android.settings/.Settings: pid=3571 uid=1000 gids={41000, 1028, 1015, 3002, 3001, 3003}
W/ContextImpl( 3571): Calling a method in the system process without a qualified user: android.app.ContextImpl.bindService:1582 android.content.ContextWrapper.bindService:517 android.bluetooth.BluetoothInputDevice.doBind:256 android.bluetooth.BluetoothInputDevice.<init>:249 android.bluetooth.BluetoothAdapter.getProfileProxy:1197 
W/ContextImpl( 3571): Calling a method in the system process without a qualified user: android.app.ContextImpl.bindService:1582 android.content.ContextWrapper.bindService:517 android.bluetooth.BluetoothPan.doBind:149 android.bluetooth.BluetoothPan.<init>:141 android.bluetooth.BluetoothAdapter.getProfileProxy:1200 
W/ContextImpl( 3571): Calling a method in the system process without a qualified user: android.app.ContextImpl.bindService:1582 android.content.ContextWrapper.bindService:517 android.bluetooth.BluetoothMap.doBind:109 android.bluetooth.BluetoothMap.<init>:102 android.bluetooth.BluetoothAdapter.getProfileProxy:1212 
W/ContextImpl( 3571): Calling a method in the system process without a qualified user: android.app.ContextImpl.bindService:1582 android.content.ContextWrapper.bindService:517 android.bluetooth.BluetoothPbap.doBind:164 android.bluetooth.BluetoothPbap.<init>:157 com.android.settings.bluetooth.PbapServerProfile.<init>:68 
D/WifiService(  641): setWifiEnabled: true pid=3571, uid=1000
I/ActivityManager(  641): START u0 {act=android.intent.action.MAIN cmp=com.android.settings/.SubSettings (has extras)} from pid 3571
I/auditd  ( 3590): Starting up
E/auditd  ( 3590): Failed on audit_set_pid with error: Protocol not supported
I/auditd  ( 3590): Exiting
E/Cryptfs (  188): not running with encryption, aborting
I/auditd  ( 3596): Starting up
E/auditd  ( 3596): Failed on audit_set_pid with error: Protocol not supported
I/auditd  ( 3596): Exiting
I/auditd  ( 3600): Starting up
E/auditd  ( 3600): Failed on audit_set_pid with error: Protocol not supported
I/auditd  ( 3600): Exiting
I/auditd  ( 3603): Starting up
E/auditd  ( 3603): Failed on audit_set_pid with error: Protocol not supported
I/auditd  ( 3603): Exiting
I/auditd  ( 3607): Starting up
E/auditd  ( 3607): Failed on audit_set_pid with error: Protocol not supported
I/auditd  ( 3607): Exiting
W/InputMethodManagerService(  641): Window already focused, ignoring focus gain of: com.android.internal.view.IInputMethodClient$Stub$Proxy@41fc0988 attribute=null, token = android.os.BinderProxy@41e35d30
W/InputMethodManagerService(  641): Window already focused, ignoring focus gain of: com.android.internal.view.IInputMethodClient$Stub$Proxy@41f80310 attribute=null, token = android.os.BinderProxy@41e35d30
W/InputMethodManagerService(  641): Window already focused, ignoring focus gain of: com.android.internal.view.IInputMethodClient$Stub$Proxy@41f3df00 attribute=null, token = android.os.BinderProxy@41e35d30
I/auditd  ( 3620): Starting up
E/auditd  ( 3620): Failed on audit_set_pid with error: Protocol not supported
I/auditd  ( 3620): Exiting
W/InputMethodManagerService(  641): Window already focused, ignoring focus gain of: com.android.internal.view.IInputMethodClient$Stub$Proxy@41ef2900 attribute=null, token = android.os.BinderProxy@41e35d30
D/ConnectivityService(  641): handleInetConditionHoldEnd: net=1, condition=100, published condition=100
I/auditd  ( 3625): Starting up
E/auditd  ( 3625): Failed on audit_set_pid with error: Protocol not supported
I/auditd  ( 3625): Exiting
W/InputMethodManagerService(  641): Window already focused, ignoring focus gain of: com.android.internal.view.IInputMethodClient$Stub$Proxy@41ec8178 attribute=null, token = android.os.BinderProxy@41e35d30
I/auditd  ( 3628): Starting up
E/auditd  ( 3628): Failed on audit_set_pid with error: Protocol not supported
I/auditd  ( 3628): Exiting
I/auditd  ( 3631): Starting up
E/auditd  ( 3631): Failed on audit_set_pid with error: Protocol not supported
I/auditd  ( 3631): Exiting
I/auditd  ( 3634): Starting up
E/auditd  ( 3634): Failed on audit_set_pid with error: Protocol not supported
I/auditd  ( 3634): Exiting
I/auditd  ( 3637): Starting up
E/auditd  ( 3637): Failed on audit_set_pid with error: Protocol not supported
I/auditd  ( 3637): Exiting
I/auditd  ( 3641): Starting up
E/auditd  ( 3641): Failed on audit_set_pid with error: Protocol not supported
I/auditd  ( 3641): Exiting
W/InputMethodManagerService(  641): Window already focused, ignoring focus gain of: com.android.internal.view.IInputMethodClient$Stub$Proxy@41e19df8 attribute=null, token = android.os.BinderProxy@41e35d30
I/auditd  ( 3644): Starting up
E/auditd  ( 3644): Failed on audit_set_pid with error: Protocol not supported
I/auditd  ( 3644): Exiting
W/InputMethodManagerService(  641): Window already focused, ignoring focus gain of: com.android.internal.view.IInputMethodClient$Stub$Proxy@41eaa0b0 attribute=null, token = android.os.BinderProxy@41e35d30
I/auditd  ( 3648): Starting up
E/auditd  ( 3648): Failed on audit_set_pid with error: Protocol not supported
I/auditd  ( 3648): Exiting
W/InputMethodManagerService(  641): Window already focused, ignoring focus gain of: com.android.internal.view.IInputMethodClient$Stub$Proxy@42232b30 attribute=null, token = android.os.BinderProxy@41e35d30
I/auditd  ( 3652): Starting up
E/auditd  ( 3652): Failed on audit_set_pid with error: Protocol not supported
I/auditd  ( 3652): Exiting
W/WindowManager(  641): Screenshot failure taking screenshot for (246x437) to layer 21010
I/auditd  ( 3658): Starting up
E/auditd  ( 3658): Failed on audit_set_pid with error: Protocol not supported
I/auditd  ( 3658): Exiting
W/InputMethodManagerService(  641): Window already focused, ignoring focus gain of: com.android.internal.view.IInputMethodClient$Stub$Proxy@42457ec8 attribute=null, token = android.os.BinderProxy@422f4a90
I/auditd  ( 3663): Starting up
E/auditd  ( 3663): Failed on audit_set_pid with error: Protocol not supported
I/auditd  ( 3663): Exiting
I/ActivityManager(  641): START u0 {act=android.intent.action.MAIN cat=[android.intent.category.LAUNCHER] flg=0x10200000 cmp=com.android.vending/.AssetBrowserActivity} from pid 2413
W/WindowManager(  641): Screenshot failure taking screenshot for (246x437) to layer 21005
W/BroadcastQueue(  641): Permission Denial: receiving Intent { act=com.android.launcher3.action.LAUNCH flg=0x10 (has extras) } to com.google.android.googlequicksearchbox/com.google.android.search.core.summons.icing.InternalIcingCorporaProvider$ApplicationLaunchReceiver requires com.android.launcher3.permission.RECEIVE_LAUNCH_BROADCASTS due to sender com.android.launcher3 (uid 10009)
I/auditd  ( 3678): Starting up
E/auditd  ( 3678): Failed on audit_set_pid with error: Protocol not supported
I/auditd  ( 3678): Exiting
I/auditd  ( 3686): Starting up
E/auditd  ( 3686): Failed on audit_set_pid with error: Protocol not supported
I/auditd  ( 3686): Exiting
I/auditd  ( 3691): Starting up
E/auditd  ( 3691): Failed on audit_set_pid with error: Protocol not supported
I/auditd  ( 3691): Exiting
I/auditd  ( 3694): Starting up
E/auditd  ( 3694): Failed on audit_set_pid with error: Protocol not supported
I/auditd  ( 3694): Exiting
I/auditd  ( 3697): Starting up
E/auditd  ( 3697): Failed on audit_set_pid with error: Protocol not supported
I/auditd  ( 3697): Exiting
I/auditd  ( 3700): Starting up
E/auditd  ( 3700): Failed on audit_set_pid with error: Protocol not supported
I/auditd  ( 3700): Exiting
I/auditd  ( 3703): Starting up
E/auditd  ( 3703): Failed on audit_set_pid with error: Protocol not supported
I/auditd  ( 3703): Exiting
I/auditd  ( 3706): Starting up
E/auditd  ( 3706): Failed on audit_set_pid with error: Protocol not supported
I/auditd  ( 3706): Exiting
I/auditd  ( 3709): Starting up
E/auditd  ( 3709): Failed on audit_set_pid with error: Protocol not supported
I/auditd  ( 3709): Exiting
I/auditd  ( 3712): Starting up
E/auditd  ( 3712): Failed on audit_set_pid with error: Protocol not supported
I/auditd  ( 3712): Exiting
I/auditd  ( 3720): Starting up
E/auditd  ( 3720): Failed on audit_set_pid with error: Protocol not supported
I/auditd  ( 3720): Exiting
I/ActivityManager(  641): START u0 {act=android.intent.action.SEARCH flg=0x10000000 cmp=com.android.vending/.AssetBrowserActivity (has extras)} from pid 3249
I/auditd  ( 3725): Starting up
E/auditd  ( 3725): Failed on audit_set_pid with error: Protocol not supported
I/auditd  ( 3725): Exiting
I/ActivityManager(  641): START u0 {cmp=com.android.vending/com.google.android.finsky.billing.lightpurchase.LightPurchaseFlowActivity (has extras)} from pid 3249
I/auditd  ( 3736): Starting up
E/auditd  ( 3736): Failed on audit_set_pid with error: Protocol not supported
I/auditd  ( 3736): Exiting
I/ActivityManager(  641): START u0 {cmp=com.android.vending/com.google.android.finsky.activities.AppsPermissionsActivity (has extras)} from pid 3249
W/ActivityManager(  641): Activity pause timeout for ActivityRecord{420bbd28 u0 com.android.vending/com.google.android.finsky.billing.lightpurchase.LightPurchaseFlowActivity t11 f}
W/ActivityThread( 3303): ClassLoader.loadClass: The class loader returned by Thread.getContextClassLoader() may fail for processes that host multiple applications. You should explicitly specify a context class loader. For example: Thread.setContextClassLoader(getClass().getClassLoader());
I/auditd  ( 3750): Starting up
E/auditd  ( 3750): Failed on audit_set_pid with error: Protocol not supported
I/auditd  ( 3750): Exiting
D/MobileDataStateTracker(  641): default: setPolicyDataEnable(enabled=true)
I/auditd  ( 3757): Starting up
E/auditd  ( 3757): Failed on audit_set_pid with error: Protocol not supported
I/auditd  ( 3757): Exiting
D/MobileDataStateTracker(  641): default: setPolicyDataEnable(enabled=true)
I/auditd  ( 3761): Starting up
E/auditd  ( 3761): Failed on audit_set_pid with error: Protocol not supported
I/auditd  ( 3761): Exiting
D/MobileDataStateTracker(  641): default: setPolicyDataEnable(enabled=true)
I/auditd  ( 3765): Starting up
E/auditd  ( 3765): Failed on audit_set_pid with error: Protocol not supported
I/auditd  ( 3765): Exiting
D/MobileDataStateTracker(  641): default: setPolicyDataEnable(enabled=true)
I/auditd  ( 3769): Starting up
E/auditd  ( 3769): Failed on audit_set_pid with error: Protocol not supported
I/auditd  ( 3769): Exiting
D/MobileDataStateTracker(  641): default: setPolicyDataEnable(enabled=true)
I/auditd  ( 3773): Starting up
E/auditd  ( 3773): Failed on audit_set_pid with error: Protocol not supported
I/auditd  ( 3773): Exiting
I/ActivityManager(  641): Start proc com.android.defcontainer for service com.android.defcontainer/.DefaultContainerService: pid=3776 uid=10004 gids={50004, 1028, 1015, 1023, 2001, 1035}
W/ActivityManager(  641): No content provider found for permission revoke: file:///data/user/0/com.android.providers.downloads/cache/downloadfile.apk
W/ActivityManager(  641): No content provider found for permission revoke: file:///data/user/0/com.android.providers.downloads/cache/downloadfile.apk
I/PackageManager(  641): Copying native libraries to /data/app-lib/vmdl1174746305
I/auditd  ( 3791): Starting up
E/auditd  ( 3791): Failed on audit_set_pid with error: Protocol not supported
I/auditd  ( 3791): Exiting
I/ActivityManager(  641): Force stopping com.antutu.ABenchMark appid=10044 user=-1: update pkg
D/BackupManagerService(  641): Received broadcast Intent { act=android.intent.action.PACKAGE_ADDED dat=package:com.antutu.ABenchMark flg=0x4000010 (has extras) }
V/BackupManagerService(  641): addPackageParticipantsLocked: #1
I/PackageManager(  641): Adding preferred activity ComponentInfo{com.android.mms/com.android.mms.ui.ComposeMessageActivity} for user 0 :
I/PackageManager(  641): Adding preferred activity ComponentInfo{com.android.mms/com.android.mms.ui.ComposeMessageActivity} for user 0 :
I/PackageManager(  641): Adding preferred activity ComponentInfo{com.android.mms/com.android.mms.ui.ComposeMessageActivity} for user 0 :
I/PackageManager(  641): Adding preferred activity ComponentInfo{com.android.mms/com.android.mms.ui.ComposeMessageActivity} for user 0 :
I/PackageManager(  641): Adding preferred activity ComponentInfo{com.android.mms/com.android.mms.ui.ComposeMessageActivity} for user 0 :
I/PackageManager(  641): Adding preferred activity ComponentInfo{com.android.mms/com.android.mms.ui.ComposeMessageActivity} for user 0 :
I/PackageManager(  641): Adding preferred activity ComponentInfo{com.android.mms/com.android.mms.ui.ComposeMessageActivity} for user 0 :
W/BackupManagerService(  641): dataChanged but no participant pkg='com.android.launcher3' uid=10009
I/PackageManager(  641): Adding preferred activity ComponentInfo{com.android.mms/com.android.mms.ui.ComposeMessageActivity} for user 0 :
W/BackupManagerService(  641): dataChanged but no participant pkg='com.android.launcher3' uid=10009
I/ActivityManager(  641): Start proc com.svox.pico for broadcast com.svox.pico/.VoiceDataInstallerReceiver: pid=3801 uid=10042 gids={50042, 1028, 1015}
I/auditd  ( 3847): Starting up
E/auditd  ( 3847): Failed on audit_set_pid with error: Protocol not supported
I/auditd  ( 3847): Exiting
I/ActivityManager(  641): Killing 2955:com.android.deskclock/u0a29 (adj 15): empty #17
I/auditd  ( 3873): Starting up
E/auditd  ( 3873): Failed on audit_set_pid with error: Protocol not supported
I/auditd  ( 3873): Exiting
I/auditd  ( 3876): Starting up
E/auditd  ( 3876): Failed on audit_set_pid with error: Protocol not supported
I/auditd  ( 3876): Exiting
I/auditd  ( 3879): Starting up
E/auditd  ( 3879): Failed on audit_set_pid with error: Protocol not supported
I/auditd  ( 3879): Exiting
I/auditd  ( 3882): Starting up
E/auditd  ( 3882): Failed on audit_set_pid with error: Protocol not supported
I/auditd  ( 3882): Exiting
I/PowerManagerService(  641): Going to sleep due to screen timeout...
I/auditd  ( 3891): Starting up
E/auditd  ( 3891): Failed on audit_set_pid with error: Protocol not supported
I/auditd  ( 3891): Exiting
I/PowerManagerService(  641): Waking up from sleep...
I/ActivityManager(  641): Start proc com.android.deskclock for broadcast com.android.deskclock/com.android.alarmclock.DigitalAppWidgetProvider: pid=3897 uid=10029 gids={50029, 1028, 3003}
I/WindowManager(  641): Lock screen displayed!
W/InputMethodManagerService(  641): Window already focused, ignoring focus gain of: com.android.internal.view.IInputMethodClient$Stub$Proxy@42406bf8 attribute=android.view.inputmethod.EditorInfo@4263afe8, token = android.os.BinderProxy@422ce448
I/auditd  ( 3910): Starting up
E/auditd  ( 3910): Failed on audit_set_pid with error: Protocol not supported
I/auditd  ( 3910): Exiting
I/ActivityManager(  641): Killing 1892:org.whispersystems.whisperpush/u0a52 (adj 15): empty #17
I/ActivityManager(  641): START u0 {act=android.speech.action.RECOGNIZE_SPEECH flg=0x10000000 cmp=com.google.android.googlequicksearchbox/com.google.android.voicesearch.intentapi.IntentApiActivity (has extras)} from pid 3249
W/WindowManager(  641): Screenshot failure taking screenshot for (246x437) to layer 21010
I/auditd  ( 3919): Starting up
E/auditd  ( 3919): Failed on audit_set_pid with error: Protocol not supported
I/auditd  ( 3919): Exiting
I/auditd  ( 3933): Starting up
E/auditd  ( 3933): Failed on audit_set_pid with error: Protocol not supported
I/auditd  ( 3933): Exiting
W/WindowManager(  641): Screenshot failure taking screenshot for (246x437) to layer 21015
I/ActivityManager(  641): START u0 {act=android.speech.action.RECOGNIZE_SPEECH flg=0x10000000 cmp=com.google.android.googlequicksearchbox/com.google.android.voicesearch.intentapi.IntentApiActivity (has extras)} from pid 3249
W/WindowManager(  641): Screenshot failure taking screenshot for (246x437) to layer 21015
I/auditd  ( 3953): Starting up
E/auditd  ( 3953): Failed on audit_set_pid with error: Protocol not supported
I/auditd  ( 3953): Exiting
I/auditd  ( 3965): Starting up
E/auditd  ( 3965): Failed on audit_set_pid with error: Protocol not supported
I/auditd  ( 3965): Exiting
W/WindowManager(  641): Screenshot failure taking screenshot for (246x437) to layer 21015
I/auditd  ( 4002): Starting up
E/auditd  ( 4002): Failed on audit_set_pid with error: Protocol not supported
I/auditd  ( 4002): Exiting
I/ActivityManager(  641): START u0 {act=android.speech.action.RECOGNIZE_SPEECH flg=0x10000000 cmp=com.google.android.googlequicksearchbox/com.google.android.voicesearch.intentapi.IntentApiActivity (has extras)} from pid 3249
W/WindowManager(  641): Screenshot failure taking screenshot for (246x437) to layer 21015
W/WindowManager(  641): Screenshot failure taking screenshot for (246x437) to layer 21015
I/auditd  ( 4018): Starting up
E/auditd  ( 4018): Failed on audit_set_pid with error: Protocol not supported
I/auditd  ( 4018): Exiting
I/ActivityManager(  641): START u0 {act=android.intent.action.SEARCH flg=0x10000000 cmp=com.android.vending/.AssetBrowserActivity (has extras)} from pid 3249
I/auditd  ( 4025): Starting up
E/auditd  ( 4025): Failed on audit_set_pid with error: Protocol not supported
I/auditd  ( 4025): Exiting
I/auditd  ( 4033): Starting up
E/auditd  ( 4033): Failed on audit_set_pid with error: Protocol not supported
I/auditd  ( 4033): Exiting
I/auditd  ( 4036): Starting up
E/auditd  ( 4036): Failed on audit_set_pid with error: Protocol not supported
I/auditd  ( 4036): Exiting
I/auditd  ( 4039): Starting up
E/auditd  ( 4039): Failed on audit_set_pid with error: Protocol not supported
I/auditd  ( 4039): Exiting
I/auditd  ( 4042): Starting up
E/auditd  ( 4042): Failed on audit_set_pid with error: Protocol not supported
I/auditd  ( 4042): Exiting
I/auditd  ( 4045): Starting up
E/auditd  ( 4045): Failed on audit_set_pid with error: Protocol not supported
I/auditd  ( 4045): Exiting
I/auditd  ( 4048): Starting up
E/auditd  ( 4048): Failed on audit_set_pid with error: Protocol not supported
I/auditd  ( 4048): Exiting
W/InputMethodManagerService(  641): Window already focused, ignoring focus gain of: com.android.internal.view.IInputMethodClient$Stub$Proxy@41ebbca0 attribute=null, token = android.os.BinderProxy@422ce448
I/auditd  ( 4053): Starting up
E/auditd  ( 4053): Failed on audit_set_pid with error: Protocol not supported
I/auditd  ( 4053): Exiting
I/auditd  ( 4058): Starting up
E/auditd  ( 4058): Failed on audit_set_pid with error: Protocol not supported
I/auditd  ( 4058): Exiting
I/auditd  ( 4065): Starting up
E/auditd  ( 4065): Failed on audit_set_pid with error: Protocol not supported
I/auditd  ( 4065): Exiting
I/auditd  ( 4068): Starting up
E/auditd  ( 4068): Failed on audit_set_pid with error: Protocol not supported
I/auditd  ( 4068): Exiting
I/auditd  ( 4071): Starting up
E/auditd  ( 4071): Failed on audit_set_pid with error: Protocol not supported
I/auditd  ( 4071): Exiting
I/auditd  ( 4074): Starting up
E/auditd  ( 4074): Failed on audit_set_pid with error: Protocol not supported
I/auditd  ( 4074): Exiting
I/auditd  ( 4077): Starting up
E/auditd  ( 4077): Failed on audit_set_pid with error: Protocol not supported
I/auditd  ( 4077): Exiting
I/auditd  ( 4080): Starting up
E/auditd  ( 4080): Failed on audit_set_pid with error: Protocol not supported
I/auditd  ( 4080): Exiting
I/auditd  ( 4083): Starting up
E/auditd  ( 4083): Failed on audit_set_pid with error: Protocol not supported
I/auditd  ( 4083): Exiting
D/ConnectivityService(  641): Sampling interval elapsed, updating statistics ..
D/ConnectivityService(  641): Done.
D/ConnectivityService(  641): Setting timer for 720seconds
W/ActivityThread( 1256): ClassLoader.loadClass: The class loader returned by Thread.getContextClassLoader() may fail for processes that host multiple applications. You should explicitly specify a context class loader. For example: Thread.setContextClassLoader(getClass().getClassLoader());
I/auditd  ( 4089): Starting up
E/auditd  ( 4089): Failed on audit_set_pid with error: Protocol not supported
I/auditd  ( 4089): Exiting
I/auditd  ( 4092): Starting up
E/auditd  ( 4092): Failed on audit_set_pid with error: Protocol not supported
I/auditd  ( 4092): Exiting
I/auditd  ( 4095): Starting up
E/auditd  ( 4095): Failed on audit_set_pid with error: Protocol not supported
I/auditd  ( 4095): Exiting
I/auditd  ( 4098): Starting up
E/auditd  ( 4098): Failed on audit_set_pid with error: Protocol not supported
I/auditd  ( 4098): Exiting
I/PowerManagerService(  641): Going to sleep due to screen timeout...
I/PowerManagerService(  641): Waking up from sleep...
I/WindowManager(  641): No lock screen! windowToken=null
I/auditd  ( 4102): Starting up
E/auditd  ( 4102): Failed on audit_set_pid with error: Protocol not supported
I/auditd  ( 4102): Exiting
I/auditd  ( 4105): Starting up
E/auditd  ( 4105): Failed on audit_set_pid with error: Protocol not supported
I/auditd  ( 4105): Exiting
I/ActivityManager(  641): START u0 {flg=0x20000000 cmp=com.android.vending/com.google.android.finsky.activities.ReviewsActivity (has extras)} from pid 3249
I/auditd  ( 4110): Starting up
E/auditd  ( 4110): Failed on audit_set_pid with error: Protocol not supported
I/auditd  ( 4110): Exiting
I/ActivityManager(  641): START u0 {cmp=com.android.vending/com.google.android.finsky.billing.lightpurchase.LightPurchaseFlowActivity (has extras)} from pid 3249
I/auditd  ( 4114): Starting up
E/auditd  ( 4114): Failed on audit_set_pid with error: Protocol not supported
I/auditd  ( 4114): Exiting
I/ActivityManager(  641): START u0 {cmp=com.android.vending/com.google.android.finsky.activities.AppsPermissionsActivity (has extras)} from pid 3249
W/ActivityManager(  641): Activity pause timeout for ActivityRecord{4244a9e8 u0 com.android.vending/com.google.android.finsky.billing.lightpurchase.LightPurchaseFlowActivity t11 f}
I/auditd  ( 4122): Starting up
E/auditd  ( 4122): Failed on audit_set_pid with error: Protocol not supported
I/auditd  ( 4122): Exiting
D/MobileDataStateTracker(  641): default: setPolicyDataEnable(enabled=true)
I/auditd  ( 4133): Starting up
E/auditd  ( 4133): Failed on audit_set_pid with error: Protocol not supported
I/auditd  ( 4133): Exiting
D/MobileDataStateTracker(  641): default: setPolicyDataEnable(enabled=true)
I/auditd  ( 4137): Starting up
E/auditd  ( 4137): Failed on audit_set_pid with error: Protocol not supported
I/auditd  ( 4137): Exiting
D/MobileDataStateTracker(  641): default: setPolicyDataEnable(enabled=true)
I/auditd  ( 4141): Starting up
E/auditd  ( 4141): Failed on audit_set_pid with error: Protocol not supported
I/auditd  ( 4141): Exiting
D/MobileDataStateTracker(  641): default: setPolicyDataEnable(enabled=true)
D/MobileDataStateTracker(  641): default: setPolicyDataEnable(enabled=true)
I/auditd  ( 4146): Starting up
E/auditd  ( 4146): Failed on audit_set_pid with error: Protocol not supported
I/auditd  ( 4146): Exiting
--------- beginning of /dev/log/main
W/SurfaceFlinger(  193): HWC_FRAMEBUFFER_TARGET found in hwc list (index=1)
W/SurfaceFlinger(  193): HWC_FRAMEBUFFER_TARGET found in hwc list (index=0)
W/SurfaceFlinger(  193): HWC_FRAMEBUFFER_TARGET found in hwc list (index=1)
W/SurfaceFlinger(  193): HWC_FRAMEBUFFER_TARGET found in hwc list (index=0)
W/SurfaceFlinger(  193): HWC_FRAMEBUFFER_TARGET found in hwc list (index=1)
W/SurfaceFlinger(  193): HWC_FRAMEBUFFER_TARGET found in hwc list (index=0)
W/SurfaceFlinger(  193): HWC_FRAMEBUFFER_TARGET found in hwc list (index=1)
W/SurfaceFlinger(  193): HWC_FRAMEBUFFER_TARGET found in hwc list (index=0)
W/SurfaceFlinger(  193): HWC_FRAMEBUFFER_TARGET found in hwc list (index=1)
W/SurfaceFlinger(  193): HWC_FRAMEBUFFER_TARGET found in hwc list (index=0)
W/SurfaceFlinger(  193): HWC_FRAMEBUFFER_TARGET found in hwc list (index=1)
W/SurfaceFlinger(  193): HWC_FRAMEBUFFER_TARGET found in hwc list (index=0)
W/SurfaceFlinger(  193): HWC_FRAMEBUFFER_TARGET found in hwc list (index=1)
W/SurfaceFlinger(  193): HWC_FRAMEBUFFER_TARGET found in hwc list (index=0)
W/SurfaceFlinger(  193): HWC_FRAMEBUFFER_TARGET found in hwc list (index=1)
W/SurfaceFlinger(  193): HWC_FRAMEBUFFER_TARGET found in hwc list (index=0)
W/SurfaceFlinger(  193): HWC_FRAMEBUFFER_TARGET found in hwc list (index=1)
W/SurfaceFlinger(  193): HWC_FRAMEBUFFER_TARGET found in hwc list (index=0)
W/SurfaceFlinger(  193): HWC_FRAMEBUFFER_TARGET found in hwc list (index=1)
W/SurfaceFlinger(  193): HWC_FRAMEBUFFER_TARGET found in hwc list (index=0)
W/SurfaceFlinger(  193): HWC_FRAMEBUFFER_TARGET found in hwc list (index=1)
W/SurfaceFlinger(  193): HWC_FRAMEBUFFER_TARGET found in hwc list (index=0)
W/SurfaceFlinger(  193): HWC_FRAMEBUFFER_TARGET found in hwc list (index=1)
W/SurfaceFlinger(  193): HWC_FRAMEBUFFER_TARGET found in hwc list (index=0)
W/SurfaceFlinger(  193): HWC_FRAMEBUFFER_TARGET found in hwc list (index=1)
W/SurfaceFlinger(  193): HWC_FRAMEBUFFER_TARGET found in hwc list (index=0)
W/SurfaceFlinger(  193): HWC_FRAMEBUFFER_TARGET found in hwc list (index=1)
W/SurfaceFlinger(  193): HWC_FRAMEBUFFER_TARGET found in hwc list (index=0)
W/SurfaceFlinger(  193): HWC_FRAMEBUFFER_TARGET found in hwc list (index=1)
W/SurfaceFlinger(  193): HWC_FRAMEBUFFER_TARGET found in hwc list (index=0)
W/SurfaceFlinger(  193): HWC_FRAMEBUFFER_TARGET found in hwc list (index=1)
W/SurfaceFlinger(  193): HWC_FRAMEBUFFER_TARGET found in hwc list (index=0)
W/SurfaceFlinger(  193): HWC_FRAMEBUFFER_TARGET found in hwc list (index=1)
W/ActivityManager(  641): No content provider found for permission revoke: file:///data/user/0/com.android.providers.downloads/cache/downloadfile.apk
W/SurfaceFlinger(  193): HWC_FRAMEBUFFER_TARGET found in hwc list (index=0)
W/SurfaceFlinger(  193): HWC_FRAMEBUFFER_TARGET found in hwc list (index=1)
D/Finsky  ( 3249): [1] PackageVerificationReceiver.checkPrerequisites: Skipping verification because own installation
D/Finsky  ( 3249): [1] PackageVerificationReceiver.onReceive: Verification requested, id = 1
W/SurfaceFlinger(  193): HWC_FRAMEBUFFER_TARGET found in hwc list (index=0)
W/SurfaceFlinger(  193): HWC_FRAMEBUFFER_TARGET found in hwc list (index=1)
W/SurfaceFlinger(  193): HWC_FRAMEBUFFER_TARGET found in hwc list (index=0)
W/SurfaceFlinger(  193): HWC_FRAMEBUFFER_TARGET found in hwc list (index=1)
W/SurfaceFlinger(  193): HWC_FRAMEBUFFER_TARGET found in hwc list (index=0)
W/SurfaceFlinger(  193): HWC_FRAMEBUFFER_TARGET found in hwc list (index=1)
W/SurfaceFlinger(  193): HWC_FRAMEBUFFER_TARGET found in hwc list (index=0)
W/SurfaceFlinger(  193): HWC_FRAMEBUFFER_TARGET found in hwc list (index=1)
W/SurfaceFlinger(  193): HWC_FRAMEBUFFER_TARGET found in hwc list (index=0)
W/SurfaceFlinger(  193): HWC_FRAMEBUFFER_TARGET found in hwc list (index=1)
W/SurfaceFlinger(  193): HWC_FRAMEBUFFER_TARGET found in hwc list (index=0)
W/SurfaceFlinger(  193): HWC_FRAMEBUFFER_TARGET found in hwc list (index=1)
W/SurfaceFlinger(  193): HWC_FRAMEBUFFER_TARGET found in hwc list (index=0)
W/SurfaceFlinger(  193): HWC_FRAMEBUFFER_TARGET found in hwc list (index=1)
W/SurfaceFlinger(  193): HWC_FRAMEBUFFER_TARGET found in hwc list (index=0)
W/SurfaceFlinger(  193): HWC_FRAMEBUFFER_TARGET found in hwc list (index=1)
W/SurfaceFlinger(  193): HWC_FRAMEBUFFER_TARGET found in hwc list (index=0)
W/SurfaceFlinger(  193): HWC_FRAMEBUFFER_TARGET found in hwc list (index=1)
W/SurfaceFlinger(  193): HWC_FRAMEBUFFER_TARGET found in hwc list (index=0)
W/SurfaceFlinger(  193): HWC_FRAMEBUFFER_TARGET found in hwc list (index=1)
W/SurfaceFlinger(  193): HWC_FRAMEBUFFER_TARGET found in hwc list (index=0)
W/SurfaceFlinger(  193): HWC_FRAMEBUFFER_TARGET found in hwc list (index=1)
W/SurfaceFlinger(  193): HWC_FRAMEBUFFER_TARGET found in hwc list (index=0)
W/SurfaceFlinger(  193): HWC_FRAMEBUFFER_TARGET found in hwc list (index=1)
W/SurfaceFlinger(  193): HWC_FRAMEBUFFER_TARGET found in hwc list (index=0)
W/SurfaceFlinger(  193): HWC_FRAMEBUFFER_TARGET found in hwc list (index=1)
W/ActivityManager(  641): No content provider found for permission revoke: file:///data/user/0/com.android.providers.downloads/cache/downloadfile.apk
I/PackageManager(  641): Copying native libraries to /data/app-lib/vmdl-357102495
W/SurfaceFlinger(  193): HWC_FRAMEBUFFER_TARGET found in hwc list (index=0)
W/SurfaceFlinger(  193): HWC_FRAMEBUFFER_TARGET found in hwc list (index=1)
W/SurfaceFlinger(  193): HWC_FRAMEBUFFER_TARGET found in hwc list (index=0)
W/SurfaceFlinger(  193): HWC_FRAMEBUFFER_TARGET found in hwc list (index=1)
W/SurfaceFlinger(  193): HWC_FRAMEBUFFER_TARGET found in hwc list (index=0)
W/SurfaceFlinger(  193): HWC_FRAMEBUFFER_TARGET found in hwc list (index=1)
W/SurfaceFlinger(  193): HWC_FRAMEBUFFER_TARGET found in hwc list (index=0)
W/SurfaceFlinger(  193): HWC_FRAMEBUFFER_TARGET found in hwc list (index=1)
W/SurfaceFlinger(  193): HWC_FRAMEBUFFER_TARGET found in hwc list (index=0)
W/SurfaceFlinger(  193): HWC_FRAMEBUFFER_TARGET found in hwc list (index=1)
W/SurfaceFlinger(  193): HWC_FRAMEBUFFER_TARGET found in hwc list (index=0)
W/SurfaceFlinger(  193): HWC_FRAMEBUFFER_TARGET found in hwc list (index=1)
W/SurfaceFlinger(  193): HWC_FRAMEBUFFER_TARGET found in hwc list (index=0)
W/SurfaceFlinger(  193): HWC_FRAMEBUFFER_TARGET found in hwc list (index=1)
W/SurfaceFlinger(  193): HWC_FRAMEBUFFER_TARGET found in hwc list (index=0)
W/SurfaceFlinger(  193): HWC_FRAMEBUFFER_TARGET found in hwc list (index=1)
W/SurfaceFlinger(  193): HWC_FRAMEBUFFER_TARGET found in hwc list (index=0)
W/SurfaceFlinger(  193): HWC_FRAMEBUFFER_TARGET found in hwc list (index=1)
W/SurfaceFlinger(  193): HWC_FRAMEBUFFER_TARGET found in hwc list (index=0)
W/SurfaceFlinger(  193): HWC_FRAMEBUFFER_TARGET found in hwc list (index=1)
W/SurfaceFlinger(  193): HWC_FRAMEBUFFER_TARGET found in hwc list (index=0)
W/SurfaceFlinger(  193): HWC_FRAMEBUFFER_TARGET found in hwc list (index=1)
W/SurfaceFlinger(  193): HWC_FRAMEBUFFER_TARGET found in hwc list (index=0)
W/SurfaceFlinger(  193): HWC_FRAMEBUFFER_TARGET found in hwc list (index=1)
W/SurfaceFlinger(  193): HWC_FRAMEBUFFER_TARGET found in hwc list (index=0)
W/SurfaceFlinger(  193): HWC_FRAMEBUFFER_TARGET found in hwc list (index=1)
W/SurfaceFlinger(  193): HWC_FRAMEBUFFER_TARGET found in hwc list (index=0)
W/SurfaceFlinger(  193): HWC_FRAMEBUFFER_TARGET found in hwc list (index=1)
W/SurfaceFlinger(  193): HWC_FRAMEBUFFER_TARGET found in hwc list (index=0)
W/SurfaceFlinger(  193): HWC_FRAMEBUFFER_TARGET found in hwc list (index=1)
W/SurfaceFlinger(  193): HWC_FRAMEBUFFER_TARGET found in hwc list (index=0)
W/SurfaceFlinger(  193): HWC_FRAMEBUFFER_TARGET found in hwc list (index=1)
W/SurfaceFlinger(  193): HWC_FRAMEBUFFER_TARGET found in hwc list (index=0)
W/SurfaceFlinger(  193): HWC_FRAMEBUFFER_TARGET found in hwc list (index=1)
W/SurfaceFlinger(  193): HWC_FRAMEBUFFER_TARGET found in hwc list (index=0)
W/SurfaceFlinger(  193): HWC_FRAMEBUFFER_TARGET found in hwc list (index=1)
W/SurfaceFlinger(  193): HWC_FRAMEBUFFER_TARGET found in hwc list (index=0)
W/SurfaceFlinger(  193): HWC_FRAMEBUFFER_TARGET found in hwc list (index=1)
W/SurfaceFlinger(  193): HWC_FRAMEBUFFER_TARGET found in hwc list (index=0)
W/SurfaceFlinger(  193): HWC_FRAMEBUFFER_TARGET found in hwc list (index=1)
I/auditd  ( 4150): Starting up
W/SurfaceFlinger(  193): HWC_FRAMEBUFFER_TARGET found in hwc list (index=0)
W/SurfaceFlinger(  193): HWC_FRAMEBUFFER_TARGET found in hwc list (index=1)
E/auditd  ( 4150): Failed on audit_set_pid with error: Protocol not supported
I/auditd  ( 4150): Exiting
W/SurfaceFlinger(  193): HWC_FRAMEBUFFER_TARGET found in hwc list (index=0)
W/SurfaceFlinger(  193): HWC_FRAMEBUFFER_TARGET found in hwc list (index=1)
W/SurfaceFlinger(  193): HWC_FRAMEBUFFER_TARGET found in hwc list (index=0)
W/SurfaceFlinger(  193): HWC_FRAMEBUFFER_TARGET found in hwc list (index=1)
W/SurfaceFlinger(  193): HWC_FRAMEBUFFER_TARGET found in hwc list (index=0)
W/SurfaceFlinger(  193): HWC_FRAMEBUFFER_TARGET found in hwc list (index=1)
W/SurfaceFlinger(  193): HWC_FRAMEBUFFER_TARGET found in hwc list (index=0)
W/SurfaceFlinger(  193): HWC_FRAMEBUFFER_TARGET found in hwc list (index=1)
W/SurfaceFlinger(  193): HWC_FRAMEBUFFER_TARGET found in hwc list (index=0)
W/SurfaceFlinger(  193): HWC_FRAMEBUFFER_TARGET found in hwc list (index=1)
W/SurfaceFlinger(  193): HWC_FRAMEBUFFER_TARGET found in hwc list (index=0)
W/SurfaceFlinger(  193): HWC_FRAMEBUFFER_TARGET found in hwc list (index=1)
W/SurfaceFlinger(  193): HWC_FRAMEBUFFER_TARGET found in hwc list (index=0)
W/SurfaceFlinger(  193): HWC_FRAMEBUFFER_TARGET found in hwc list (index=1)
D/wpa_supplicant( 2605): RX ctrl_iface - hexdump(len=11): 53 49 47 4e 41 4c 5f 50 4f 4c 4c
D/wpa_supplicant( 2605): wlan0: Control interface command 'SIGNAL_POLL'
D/wpa_supplicant( 2605): nl80211: survey data missing!
W/SurfaceFlinger(  193): HWC_FRAMEBUFFER_TARGET found in hwc list (index=0)
W/SurfaceFlinger(  193): HWC_FRAMEBUFFER_TARGET found in hwc list (index=1)
W/SurfaceFlinger(  193): HWC_FRAMEBUFFER_TARGET found in hwc list (index=0)
W/SurfaceFlinger(  193): HWC_FRAMEBUFFER_TARGET found in hwc list (index=1)
W/SurfaceFlinger(  193): HWC_FRAMEBUFFER_TARGET found in hwc list (index=0)
W/SurfaceFlinger(  193): HWC_FRAMEBUFFER_TARGET found in hwc list (index=1)
W/SurfaceFlinger(  193): HWC_FRAMEBUFFER_TARGET found in hwc list (index=0)
W/SurfaceFlinger(  193): HWC_FRAMEBUFFER_TARGET found in hwc list (index=1)
W/SurfaceFlinger(  193): HWC_FRAMEBUFFER_TARGET found in hwc list (index=0)
W/SurfaceFlinger(  193): HWC_FRAMEBUFFER_TARGET found in hwc list (index=1)
W/SurfaceFlinger(  193): HWC_FRAMEBUFFER_TARGET found in hwc list (index=0)
W/SurfaceFlinger(  193): HWC_FRAMEBUFFER_TARGET found in hwc list (index=1)
W/SurfaceFlinger(  193): HWC_FRAMEBUFFER_TARGET found in hwc list (index=0)
W/SurfaceFlinger(  193): HWC_FRAMEBUFFER_TARGET found in hwc list (index=1)
W/SurfaceFlinger(  193): HWC_FRAMEBUFFER_TARGET found in hwc list (index=0)
W/SurfaceFlinger(  193): HWC_FRAMEBUFFER_TARGET found in hwc list (index=1)
W/SurfaceFlinger(  193): HWC_FRAMEBUFFER_TARGET found in hwc list (index=0)
W/SurfaceFlinger(  193): HWC_FRAMEBUFFER_TARGET found in hwc list (index=1)
W/SurfaceFlinger(  193): HWC_FRAMEBUFFER_TARGET found in hwc list (index=0)
W/SurfaceFlinger(  193): HWC_FRAMEBUFFER_TARGET found in hwc list (index=1)
W/SurfaceFlinger(  193): HWC_FRAMEBUFFER_TARGET found in hwc list (index=0)
W/SurfaceFlinger(  193): HWC_FRAMEBUFFER_TARGET found in hwc list (index=1)
W/SurfaceFlinger(  193): HWC_FRAMEBUFFER_TARGET found in hwc list (index=0)
W/SurfaceFlinger(  193): HWC_FRAMEBUFFER_TARGET found in hwc list (index=1)
W/SurfaceFlinger(  193): HWC_FRAMEBUFFER_TARGET found in hwc list (index=0)
W/SurfaceFlinger(  193): HWC_FRAMEBUFFER_TARGET found in hwc list (index=1)
W/SurfaceFlinger(  193): HWC_FRAMEBUFFER_TARGET found in hwc list (index=0)
W/SurfaceFlinger(  193): HWC_FRAMEBUFFER_TARGET found in hwc list (index=1)
W/SurfaceFlinger(  193): HWC_FRAMEBUFFER_TARGET found in hwc list (index=0)
W/SurfaceFlinger(  193): HWC_FRAMEBUFFER_TARGET found in hwc list (index=1)
W/SurfaceFlinger(  193): HWC_FRAMEBUFFER_TARGET found in hwc list (index=0)
W/SurfaceFlinger(  193): HWC_FRAMEBUFFER_TARGET found in hwc list (index=1)
W/SurfaceFlinger(  193): HWC_FRAMEBUFFER_TARGET found in hwc list (index=0)
W/SurfaceFlinger(  193): HWC_FRAMEBUFFER_TARGET found in hwc list (index=1)
W/SurfaceFlinger(  193): HWC_FRAMEBUFFER_TARGET found in hwc list (index=0)
W/SurfaceFlinger(  193): HWC_FRAMEBUFFER_TARGET found in hwc list (index=1)
W/SurfaceFlinger(  193): HWC_FRAMEBUFFER_TARGET found in hwc list (index=0)
W/SurfaceFlinger(  193): HWC_FRAMEBUFFER_TARGET found in hwc list (index=1)
W/SurfaceFlinger(  193): HWC_FRAMEBUFFER_TARGET found in hwc list (index=0)
W/SurfaceFlinger(  193): HWC_FRAMEBUFFER_TARGET found in hwc list (index=1)
W/SurfaceFlinger(  193): HWC_FRAMEBUFFER_TARGET found in hwc list (index=0)
W/SurfaceFlinger(  193): HWC_FRAMEBUFFER_TARGET found in hwc list (index=1)
W/SurfaceFlinger(  193): HWC_FRAMEBUFFER_TARGET found in hwc list (index=0)
W/SurfaceFlinger(  193): HWC_FRAMEBUFFER_TARGET found in hwc list (index=1)
W/SurfaceFlinger(  193): HWC_FRAMEBUFFER_TARGET found in hwc list (index=0)
W/SurfaceFlinger(  193): HWC_FRAMEBUFFER_TARGET found in hwc list (index=1)
W/SurfaceFlinger(  193): HWC_FRAMEBUFFER_TARGET found in hwc list (index=0)
W/SurfaceFlinger(  193): HWC_FRAMEBUFFER_TARGET found in hwc list (index=1)
W/SurfaceFlinger(  193): HWC_FRAMEBUFFER_TARGET found in hwc list (index=0)
W/SurfaceFlinger(  193): HWC_FRAMEBUFFER_TARGET found in hwc list (index=1)
W/SurfaceFlinger(  193): HWC_FRAMEBUFFER_TARGET found in hwc list (index=0)
W/SurfaceFlinger(  193): HWC_FRAMEBUFFER_TARGET found in hwc list (index=1)
W/SurfaceFlinger(  193): HWC_FRAMEBUFFER_TARGET found in hwc list (index=0)
W/SurfaceFlinger(  193): HWC_FRAMEBUFFER_TARGET found in hwc list (index=1)
W/SurfaceFlinger(  193): HWC_FRAMEBUFFER_TARGET found in hwc list (index=0)
W/SurfaceFlinger(  193): HWC_FRAMEBUFFER_TARGET found in hwc list (index=1)
W/SurfaceFlinger(  193): HWC_FRAMEBUFFER_TARGET found in hwc list (index=0)
W/SurfaceFlinger(  193): HWC_FRAMEBUFFER_TARGET found in hwc list (index=1)
W/SurfaceFlinger(  193): HWC_FRAMEBUFFER_TARGET found in hwc list (index=0)
W/SurfaceFlinger(  193): HWC_FRAMEBUFFER_TARGET found in hwc list (index=1)
W/SurfaceFlinger(  193): HWC_FRAMEBUFFER_TARGET found in hwc list (index=0)
W/SurfaceFlinger(  193): HWC_FRAMEBUFFER_TARGET found in hwc list (index=1)
W/SurfaceFlinger(  193): HWC_FRAMEBUFFER_TARGET found in hwc list (index=0)
W/SurfaceFlinger(  193): HWC_FRAMEBUFFER_TARGET found in hwc list (index=1)
W/SurfaceFlinger(  193): HWC_FRAMEBUFFER_TARGET found in hwc list (index=0)
W/SurfaceFlinger(  193): HWC_FRAMEBUFFER_TARGET found in hwc list (index=1)
W/SurfaceFlinger(  193): HWC_FRAMEBUFFER_TARGET found in hwc list (index=0)
W/SurfaceFlinger(  193): HWC_FRAMEBUFFER_TARGET found in hwc list (index=1)
W/SurfaceFlinger(  193): HWC_FRAMEBUFFER_TARGET found in hwc list (index=0)
W/SurfaceFlinger(  193): HWC_FRAMEBUFFER_TARGET found in hwc list (index=1)
W/SurfaceFlinger(  193): HWC_FRAMEBUFFER_TARGET found in hwc list (index=0)
W/SurfaceFlinger(  193): HWC_FRAMEBUFFER_TARGET found in hwc list (index=1)
W/SurfaceFlinger(  193): HWC_FRAMEBUFFER_TARGET found in hwc list (index=0)
W/SurfaceFlinger(  193): HWC_FRAMEBUFFER_TARGET found in hwc list (index=1)
W/SurfaceFlinger(  193): HWC_FRAMEBUFFER_TARGET found in hwc list (index=0)
W/SurfaceFlinger(  193): HWC_FRAMEBUFFER_TARGET found in hwc list (index=1)
W/SurfaceFlinger(  193): HWC_FRAMEBUFFER_TARGET found in hwc list (index=0)
W/SurfaceFlinger(  193): HWC_FRAMEBUFFER_TARGET found in hwc list (index=1)
W/SurfaceFlinger(  193): HWC_FRAMEBUFFER_TARGET found in hwc list (index=0)
W/SurfaceFlinger(  193): HWC_FRAMEBUFFER_TARGET found in hwc list (index=1)
W/SurfaceFlinger(  193): HWC_FRAMEBUFFER_TARGET found in hwc list (index=0)
W/SurfaceFlinger(  193): HWC_FRAMEBUFFER_TARGET found in hwc list (index=1)
W/SurfaceFlinger(  193): HWC_FRAMEBUFFER_TARGET found in hwc list (index=0)
W/SurfaceFlinger(  193): HWC_FRAMEBUFFER_TARGET found in hwc list (index=1)
W/SurfaceFlinger(  193): HWC_FRAMEBUFFER_TARGET found in hwc list (index=0)
W/SurfaceFlinger(  193): HWC_FRAMEBUFFER_TARGET found in hwc list (index=1)
W/SurfaceFlinger(  193): HWC_FRAMEBUFFER_TARGET found in hwc list (index=0)
W/SurfaceFlinger(  193): HWC_FRAMEBUFFER_TARGET found in hwc list (index=1)
W/SurfaceFlinger(  193): HWC_FRAMEBUFFER_TARGET found in hwc list (index=0)
W/SurfaceFlinger(  193): HWC_FRAMEBUFFER_TARGET found in hwc list (index=1)
W/SurfaceFlinger(  193): HWC_FRAMEBUFFER_TARGET found in hwc list (index=0)
W/SurfaceFlinger(  193): HWC_FRAMEBUFFER_TARGET found in hwc list (index=1)
W/SurfaceFlinger(  193): HWC_FRAMEBUFFER_TARGET found in hwc list (index=0)
W/SurfaceFlinger(  193): HWC_FRAMEBUFFER_TARGET found in hwc list (index=1)
W/SurfaceFlinger(  193): HWC_FRAMEBUFFER_TARGET found in hwc list (index=0)
W/SurfaceFlinger(  193): HWC_FRAMEBUFFER_TARGET found in hwc list (index=1)
W/SurfaceFlinger(  193): HWC_FRAMEBUFFER_TARGET found in hwc list (index=0)
W/SurfaceFlinger(  193): HWC_FRAMEBUFFER_TARGET found in hwc list (index=1)
W/SurfaceFlinger(  193): HWC_FRAMEBUFFER_TARGET found in hwc list (index=0)
W/SurfaceFlinger(  193): HWC_FRAMEBUFFER_TARGET found in hwc list (index=1)
W/SurfaceFlinger(  193): HWC_FRAMEBUFFER_TARGET found in hwc list (index=0)
W/SurfaceFlinger(  193): HWC_FRAMEBUFFER_TARGET found in hwc list (index=1)
W/SurfaceFlinger(  193): HWC_FRAMEBUFFER_TARGET found in hwc list (index=0)
W/SurfaceFlinger(  193): HWC_FRAMEBUFFER_TARGET found in hwc list (index=1)
W/SurfaceFlinger(  193): HWC_FRAMEBUFFER_TARGET found in hwc list (index=0)
W/SurfaceFlinger(  193): HWC_FRAMEBUFFER_TARGET found in hwc list (index=1)
W/SurfaceFlinger(  193): HWC_FRAMEBUFFER_TARGET found in hwc list (index=0)
W/SurfaceFlinger(  193): HWC_FRAMEBUFFER_TARGET found in hwc list (index=1)
W/SurfaceFlinger(  193): HWC_FRAMEBUFFER_TARGET found in hwc list (index=0)
W/SurfaceFlinger(  193): HWC_FRAMEBUFFER_TARGET found in hwc list (index=1)
W/SurfaceFlinger(  193): HWC_FRAMEBUFFER_TARGET found in hwc list (index=0)
W/SurfaceFlinger(  193): HWC_FRAMEBUFFER_TARGET found in hwc list (index=1)
W/SurfaceFlinger(  193): HWC_FRAMEBUFFER_TARGET found in hwc list (index=0)
W/SurfaceFlinger(  193): HWC_FRAMEBUFFER_TARGET found in hwc list (index=1)
W/SurfaceFlinger(  193): HWC_FRAMEBUFFER_TARGET found in hwc list (index=0)
W/SurfaceFlinger(  193): HWC_FRAMEBUFFER_TARGET found in hwc list (index=1)
