I/auditd  ( 1380): Starting up
E/auditd  ( 1380): Failed on audit_set_pid with error: Protocol not supported
I/auditd  ( 1380): Exiting
I/WindowManager(  641): Screen frozen for +3s777ms due to Window{41e3a2c8 u0 com.android.launcher3/com.android.launcher3.Launcher}
W/ContextImpl( 1312): Calling a method in the system process without a qualified user: android.app.ContextImpl.bindService:1582 android.content.ContextWrapper.bindService:517 android.bluetooth.BluetoothInputDevice.doBind:256 android.bluetooth.BluetoothInputDevice.<init>:249 android.bluetooth.BluetoothAdapter.getProfileProxy:1197 
W/ContextImpl( 1312): Calling a method in the system process without a qualified user: android.app.ContextImpl.bindService:1582 android.content.ContextWrapper.bindService:517 android.bluetooth.BluetoothPan.doBind:149 android.bluetooth.BluetoothPan.<init>:141 android.bluetooth.BluetoothAdapter.getProfileProxy:1200 
W/ContextImpl( 1312): Calling a method in the system process without a qualified user: android.app.ContextImpl.bindService:1582 android.content.ContextWrapper.bindService:517 android.bluetooth.BluetoothMap.doBind:109 android.bluetooth.BluetoothMap.<init>:102 android.bluetooth.BluetoothAdapter.getProfileProxy:1212 
W/ContextImpl( 1312): Calling a method in the system process without a qualified user: android.app.ContextImpl.bindService:1582 android.content.ContextWrapper.bindService:517 android.bluetooth.BluetoothPbap.doBind:164 android.bluetooth.BluetoothPbap.<init>:157 com.android.settings.bluetooth.PbapServerProfile.<init>:68 
D/ConnectivityService(  641): handleInetConditionHoldEnd: net=1, condition=100, published condition=0
I/ActivityManager(  641): Start proc com.android.calendar for broadcast com.android.calendar/.widget.CalendarAppWidgetService$CalendarFactory: pid=1405 uid=10024 gids={50024, 3003}
I/ActivityManager(  641): Start proc com.android.deskclock for broadcast com.android.deskclock/.AlarmInitReceiver: pid=1423 uid=10029 gids={50029, 1028, 3003}
I/ActivityManager(  641): Start proc com.android.providers.calendar for content provider com.android.providers.calendar/.CalendarProvider2: pid=1436 uid=10002 gids={50002, 3003, 1028, 1015}
I/ActivityManager(  641): Start proc com.android.externalstorage for broadcast com.android.externalstorage/.MountReceiver: pid=1452 uid=10007 gids={50007, 1028, 1015, 1023}
I/ActivityManager(  641): Delaying start of: ServiceRecord{41fe93d8 u0 com.android.providers.calendar/.EmptyService}
I/ActivityManager(  641): Delay finish: com.android.phone/.SipBroadcastReceiver
I/ActivityManager(  641): Resuming delayed broadcast
I/ActivityManager(  641): Start proc com.android.dialer for broadcast com.android.dialer/.calllog.CallLogReceiver: pid=1476 uid=10005 gids={50005, 3003, 1028, 1015}
I/ActivityManager(  641): Delay finish: com.android.dialer/.calllog.CallLogReceiver
I/auditd  ( 1492): Starting up
E/auditd  ( 1492): Failed on audit_set_pid with error: Protocol not supported
I/auditd  ( 1492): Exiting
I/ActivityManager(  641): Resuming delayed broadcast
I/PowerManagerService(  641): Boot animation finished.
V/WiredAccessoryManager(  641): init()
W/ContextImpl(  641): Calling a method in the system process without a qualified user: android.app.ContextImpl.bindService:1582 android.bluetooth.BluetoothHeadset.doBind:283 android.bluetooth.BluetoothHeadset.<init>:276 android.bluetooth.BluetoothAdapter.getProfileProxy:1191 android.media.AudioService.getBluetoothHeadset:2321 
W/ContextImpl(  641): Calling a method in the system process without a qualified user: android.app.ContextImpl.bindService:1582 android.bluetooth.BluetoothA2dp.doBind:165 android.bluetooth.BluetoothA2dp.<init>:158 android.bluetooth.BluetoothAdapter.getProfileProxy:1194 android.media.AudioService$AudioServiceBroadcastReceiver.onReceive:4324 
I/ActivityManager(  641): Start proc com.android.bluetooth for service com.android.bluetooth/.btservice.AdapterService: pid=1501 uid=1002 gids={41002, 3003, 3002, 3001, 1028, 1015, 3005, 1016, 3008, 1023}
I/BootReceiver(  641): Copying audit failures to DropBox
I/BootReceiver(  641): Checking for fsck errors
I/ActivityManager(  641): Delay finish: com.android.providers.downloads/.DownloadReceiver
I/ActivityManager(  641): Resuming delayed broadcast
I/ActivityManager(  641): Delay finish: com.android.mms/.transaction.MmsSystemEventReceiver
I/ActivityManager(  641): Resuming delayed broadcast
I/ActivityManager(  641): Delay finish: com.android.mms/.transaction.SmsReceiver
I/ActivityManager(  641): Resuming delayed broadcast
I/ActivityManager(  641): Start proc com.android.onetimeinitializer for broadcast com.android.onetimeinitializer/.OneTimeInitializerReceiver: pid=1569 uid=10011 gids={50011}
I/ActivityManager(  641): Delay finish: com.android.onetimeinitializer/.OneTimeInitializerReceiver
I/ActivityManager(  641): Resuming delayed broadcast
I/ActivityManager(  641): Start proc com.android.voicedialer for broadcast com.android.voicedialer/.VoiceDialerReceiver: pid=1585 uid=10014 gids={50014, 3002}
I/ActivityManager(  641): Start proc com.google.android.configupdater for broadcast com.google.android.configupdater/.CertPin.CertPinUpdateRequestReceiver: pid=1598 uid=10053 gids={50053, 3003, 2001}
I/ActivityManager(  641): Start proc com.google.android.onetimeinitializer for broadcast com.google.android.onetimeinitializer/.OneTimeInitializerReceiver: pid=1624 uid=10056 gids={50056}
I/ActivityManager(  641): Delay finish: com.google.android.onetimeinitializer/.OneTimeInitializerReceiver
I/ActivityManager(  641): Resuming delayed broadcast
I/ActivityManager(  641): Start proc com.google.android.partnersetup for broadcast com.google.android.partnersetup/.GooglePartnerSetup: pid=1639 uid=10057 gids={50057, 3003}
I/ActivityManager(  641): Delay finish: com.google.android.partnersetup/.GooglePartnerSetup
I/ActivityManager(  641): Resuming delayed broadcast
I/ActivityManager(  641): Delay finish: com.google.android.partnersetup/.RlzPingBroadcastReceiver
I/ActivityManager(  641): Resuming delayed broadcast
I/ActivityManager(  641): Delay finish: com.google.android.gsf/.checkin.CheckinService$Receiver
I/ActivityManager(  641): Resuming delayed broadcast
I/ActivityManager(  641): Start proc com.android.vending for broadcast com.android.vending/com.google.android.finsky.receivers.BootCompletedReceiver: pid=1686 uid=10058 gids={50058, 3003, 1028, 1015}
I/ActivityManager(  641): Start proc com.cyanogenmod.account for broadcast com.cyanogenmod.account/.receiver.BootReceiver: pid=1718 uid=10020 gids={50020, 3003}
I/ActivityManager(  641): Killing 1136:com.android.printspooler/u0a43 (adj 15): empty #17
I/ActivityManager(  641): Delay finish: com.cyanogenmod.account/.receiver.BootReceiver
I/ActivityManager(  641): Resuming delayed broadcast
I/ActivityManager(  641): Delay finish: com.android.calendar/.alerts.AlertReceiver
I/ActivityManager(  641): Delaying start of: ServiceRecord{42252900 u0 com.android.vending/com.google.android.finsky.services.RestoreService}
I/auditd  ( 1744): Starting up
E/auditd  ( 1744): Failed on audit_set_pid with error: Protocol not supported
I/auditd  ( 1744): Exiting
W/ActivityThread( 1354): ClassLoader.loadClass: The class loader returned by Thread.getContextClassLoader() may fail for processes that host multiple applications. You should explicitly specify a context class loader. For example: Thread.setContextClassLoader(getClass().getClassLoader());
E/ActivityThread( 1501): Service com.android.bluetooth.a2dp.A2dpService has leaked IntentReceiver com.android.bluetooth.a2dp.Avrcp$2@41e8fdb0 that was originally registered here. Are you missing a call to unregisterReceiver()?
E/ActivityThread( 1501): android.app.IntentReceiverLeaked: Service com.android.bluetooth.a2dp.A2dpService has leaked IntentReceiver com.android.bluetooth.a2dp.Avrcp$2@41e8fdb0 that was originally registered here. Are you missing a call to unregisterReceiver()?
E/ActivityThread( 1501): 	at android.app.LoadedApk$ReceiverDispatcher.<init>(LoadedApk.java:805)
E/ActivityThread( 1501): 	at android.app.LoadedApk.getReceiverDispatcher(LoadedApk.java:606)
E/ActivityThread( 1501): 	at android.app.ContextImpl.registerReceiverInternal(ContextImpl.java:1469)
E/ActivityThread( 1501): 	at android.app.ContextImpl.registerReceiver(ContextImpl.java:1449)
E/ActivityThread( 1501): 	at android.app.ContextImpl.registerReceiver(ContextImpl.java:1443)
E/ActivityThread( 1501): 	at android.content.ContextWrapper.registerReceiver(ContextWrapper.java:467)
E/ActivityThread( 1501): 	at com.android.bluetooth.a2dp.Avrcp.start(Avrcp.java:278)
E/ActivityThread( 1501): 	at com.android.bluetooth.a2dp.Avrcp.make(Avrcp.java:354)
E/ActivityThread( 1501): 	at com.android.bluetooth.a2dp.A2dpService.start(A2dpService.java:64)
E/ActivityThread( 1501): 	at com.android.bluetooth.btservice.ProfileService.doStart(ProfileService.java:174)
E/ActivityThread( 1501): 	at com.android.bluetooth.btservice.ProfileService.onStartCommand(ProfileService.java:133)
E/ActivityThread( 1501): 	at android.app.ActivityThread.handleServiceArgs(ActivityThread.java:2722)
E/ActivityThread( 1501): 	at android.app.ActivityThread.access$2100(ActivityThread.java:145)
E/ActivityThread( 1501): 	at android.app.ActivityThread$H.handleMessage(ActivityThread.java:1303)
E/ActivityThread( 1501): 	at android.os.Handler.dispatchMessage(Handler.java:102)
E/ActivityThread( 1501): 	at android.os.Looper.loop(Looper.java:136)
E/ActivityThread( 1501): 	at android.app.ActivityThread.main(ActivityThread.java:5081)
E/ActivityThread( 1501): 	at java.lang.reflect.Method.invokeNative(Native Method)
E/ActivityThread( 1501): 	at java.lang.reflect.Method.invoke(Method.java:515)
E/ActivityThread( 1501): 	at com.android.internal.os.ZygoteInit$MethodAndArgsCaller.run(ZygoteInit.java:781)
E/ActivityThread( 1501): 	at com.android.internal.os.ZygoteInit.main(ZygoteInit.java:597)
E/ActivityThread( 1501): 	at dalvik.system.NativeStart.main(Native Method)
I/ActivityManager(  641): Killing 1423:com.android.deskclock/u0a29 (adj 15): empty #17
I/ActivityManager(  641): Killing 1341:com.cyanogenmod.lockclock/u0a39 (adj 15): empty #17
I/auditd  ( 1758): Starting up
E/auditd  ( 1758): Failed on audit_set_pid with error: Protocol not supported
I/auditd  ( 1758): Exiting
I/ActivityManager(  641): Waited long enough for: ServiceRecord{42301bc8 u0 com.google.android.gms/.gcm.GcmService}
I/ActivityManager(  641): Resuming delayed broadcast
I/ActivityManager(  641): Start proc com.android.cellbroadcastreceiver for broadcast com.android.cellbroadcastreceiver/.CellBroadcastReceiver: pid=1773 uid=10026 gids={50026}
I/PowerManagerService(  641): Going to sleep due to screen timeout...
I/ActivityManager(  641): Start proc com.android.deskclock for broadcast com.android.deskclock/.AlarmInitReceiver: pid=1787 uid=10029 gids={50029, 1028, 3003}
I/WindowManager(  641): Lock screen displayed!
I/ActivityManager(  641): Delay finish: com.android.deskclock/.AlarmInitReceiver
I/ActivityManager(  641): Resuming delayed broadcast
I/ActivityManager(  641): Start proc com.android.email for broadcast com.android.email/.service.EmailBroadcastReceiver: pid=1806 uid=10032 gids={50032, 3003, 1028, 1015}
I/ActivityManager(  641): Killing 1452:com.android.externalstorage/u0a7 (adj 15): empty #17
I/PackageManager(  641): Adding preferred activity ComponentInfo{com.android.mms/com.android.mms.ui.ComposeMessageActivity} for user 0 :
I/PackageManager(  641): Adding preferred activity ComponentInfo{com.android.mms/com.android.mms.ui.ComposeMessageActivity} for user 0 :
I/PackageManager(  641): Adding preferred activity ComponentInfo{com.android.mms/com.android.mms.ui.ComposeMessageActivity} for user 0 :
D/ActivityThread( 1806): Loading provider com.android.email.provider;com.android.email.notifier: com.android.email.provider.EmailProvider
I/PackageManager(  641): Adding preferred activity ComponentInfo{com.android.mms/com.android.mms.ui.ComposeMessageActivity} for user 0 :
I/ActivityManager(  641): Delay finish: com.android.email/.service.EmailBroadcastReceiver
W/ActivityManager(  641): Unable to start service Intent { cmp=com.android.email/.service.AttachmentDownloadService } U=0: not found
W/ActivityManager(  641): Unable to start service Intent { cmp=com.android.email/.service.AttachmentDownloadService } U=0: not found
I/ActivityManager(  641): Delaying start of: ServiceRecord{422b25a0 u0 com.android.exchange/.service.EmailSyncAdapterService}
I/ActivityManager(  641): Start proc com.android.exchange for service com.android.exchange/.service.EmailSyncAdapterService: pid=1830 uid=10033 gids={50033, 3003, 1028, 1015}
I/ActivityManager(  641): Killing 1168:android.process.acore/u0a3 (adj 15): empty #17
I/ActivityManager(  641): Resuming delayed broadcast
I/ActivityManager(  641): Killing 1476:com.android.dialer/u0a5 (adj 15): empty #17
I/ActivityManager(  641): Start proc com.cyanogenmod.lockclock for broadcast com.cyanogenmod.lockclock/.ClockWidgetProvider: pid=1844 uid=10039 gids={50039, 3003}
I/ActivityManager(  641): Start proc com.google.android.apps.genie.geniewidget for broadcast com.google.android.apps.genie.geniewidget/.miniwidget.MiniWidgetProvider: pid=1858 uid=10062 gids={50062, 3003, 1028, 1015}
I/ActivityManager(  641): Waited long enough for: ServiceRecord{420c6850 u0 com.android.providers.media/.MediaScannerService}
I/ActivityManager(  641): Killing 1208:com.cyanogenmod.updater/u0a1 (adj 15): empty #17
I/ActivityManager(  641): Start proc org.cyanogenmod.voiceplus for broadcast org.cyanogenmod.voiceplus/.PackageChangeReceiver: pid=1879 uid=10050 gids={50050, 3003}
I/ActivityManager(  641): Start proc org.whispersystems.whisperpush for broadcast org.whispersystems.whisperpush/.service.DirectoryRefreshListener: pid=1892 uid=10052 gids={50052, 3003}
I/ActivityManager(  641): Killing 1436:com.android.providers.calendar/u0a2 (adj 15): empty #17
I/ActivityManager(  641): Killing 1272:com.android.mms/u0a10 (adj 15): empty #17
I/ActivityManager(  641): Killing 1569:com.android.onetimeinitializer/u0a11 (adj 15): empty #17
I/ActivityManager(  641): Delay finish: com.google.android.gms/.auth.be.recovery.AccountRecoveryBackgroundService$Receiver
I/ActivityManager(  641): Start proc android.process.acore for content provider com.android.providers.contacts/.ContactsProvider2: pid=1910 uid=10003 gids={50003, 3003, 1028, 1015}
I/ActivityManager(  641): Resuming delayed broadcast
I/ActivityManager(  641): Start proc com.google.android.gms.ui for broadcast com.google.android.gms/.auth.authzen.GcmReceiverService$Receiver: pid=1923 uid=10054 gids={50054, 3003, 1007, 1028, 1015, 1006, 3007, 2001, 3006}
I/ActivityManager(  641): Delay finish: com.google.android.gms/.auth.authzen.GcmReceiverService$Receiver
I/ActivityManager(  641): Resuming delayed broadcast
E/ActivityThread( 1501): Service com.android.bluetooth.a2dp.A2dpService has leaked IntentReceiver com.android.bluetooth.a2dp.Avrcp$2@41eeb9e0 that was originally registered here. Are you missing a call to unregisterReceiver()?
E/ActivityThread( 1501): android.app.IntentReceiverLeaked: Service com.android.bluetooth.a2dp.A2dpService has leaked IntentReceiver com.android.bluetooth.a2dp.Avrcp$2@41eeb9e0 that was originally registered here. Are you missing a call to unregisterReceiver()?
E/ActivityThread( 1501): 	at android.app.LoadedApk$ReceiverDispatcher.<init>(LoadedApk.java:805)
E/ActivityThread( 1501): 	at android.app.LoadedApk.getReceiverDispatcher(LoadedApk.java:606)
E/ActivityThread( 1501): 	at android.app.ContextImpl.registerReceiverInternal(ContextImpl.java:1469)
E/ActivityThread( 1501): 	at android.app.ContextImpl.registerReceiver(ContextImpl.java:1449)
E/ActivityThread( 1501): 	at android.app.ContextImpl.registerReceiver(ContextImpl.java:1443)
E/ActivityThread( 1501): 	at android.content.ContextWrapper.registerReceiver(ContextWrapper.java:467)
E/ActivityThread( 1501): 	at com.android.bluetooth.a2dp.Avrcp.start(Avrcp.java:278)
E/ActivityThread( 1501): 	at com.android.bluetooth.a2dp.Avrcp.make(Avrcp.java:354)
E/ActivityThread( 1501): 	at com.android.bluetooth.a2dp.A2dpService.start(A2dpService.java:64)
E/ActivityThread( 1501): 	at com.android.bluetooth.btservice.ProfileService.doStart(ProfileService.java:174)
E/ActivityThread( 1501): 	at com.android.bluetooth.btservice.ProfileService.onStartCommand(ProfileService.java:133)
E/ActivityThread( 1501): 	at android.app.ActivityThread.handleServiceArgs(ActivityThread.java:2722)
E/ActivityThread( 1501): 	at android.app.ActivityThread.access$2100(ActivityThread.java:145)
E/ActivityThread( 1501): 	at android.app.ActivityThread$H.handleMessage(ActivityThread.java:1303)
E/ActivityThread( 1501): 	at android.os.Handler.dispatchMessage(Handler.java:102)
E/ActivityThread( 1501): 	at android.os.Looper.loop(Looper.java:136)
E/ActivityThread( 1501): 	at android.app.ActivityThread.main(ActivityThread.java:5081)
E/ActivityThread( 1501): 	at java.lang.reflect.Method.invokeNative(Native Method)
E/ActivityThread( 1501): 	at java.lang.reflect.Method.invoke(Method.java:515)
E/ActivityThread( 1501): 	at com.android.internal.os.ZygoteInit$MethodAndArgsCaller.run(ZygoteInit.java:781)
E/ActivityThread( 1501): 	at com.android.internal.os.ZygoteInit.main(ZygoteInit.java:597)
E/ActivityThread( 1501): 	at dalvik.system.NativeStart.main(Native Method)
I/ActivityManager(  641): Delay finish: com.google.android.gms/.icing.impl.SystemEventReceiver
I/auditd  ( 1946): Starting up
E/auditd  ( 1946): Failed on audit_set_pid with error: Protocol not supported
I/auditd  ( 1946): Exiting
D/CountryDetector(  641): No listener is left
I/ActivityManager(  641): Resuming delayed broadcast
I/ActivityManager(  641): Killing 1312:com.android.settings/1000 (adj 15): empty #17
I/ActivityManager(  641): Start proc com.google.android.gm for broadcast com.google.android.gm/.GoogleMailDeviceStartupReceiver: pid=1950 uid=10063 gids={50063, 3003, 1028, 1015}
I/ActivityManager(  641): Killing 1585:com.android.voicedialer/u0a14 (adj 15): empty #17
D/ActivityThread( 1950): Loading provider com.android.gmail.ui: com.google.android.gm.provider.GmailProvider
I/ActivityManager(  641): Delay finish: com.google.android.gm/.GoogleMailDeviceStartupReceiver
I/ActivityManager(  641): Resuming delayed broadcast
I/ActivityManager(  641): Delay finish: com.google.android.gm/.MailIntentReceiver
I/ActivityManager(  641): Resuming delayed broadcast
I/ActivityManager(  641): Start proc com.google.android.googlequicksearchbox:search for broadcast com.google.android.googlequicksearchbox/com.google.android.search.core.StartUpReceiver: pid=1984 uid=10060 gids={50060, 3003, 1028, 3002, 1015}
I/ActivityManager(  641): Killing 1598:com.google.android.configupdater/u0a53 (adj 15): empty #17
I/ActivityManager(  641): Delay finish: com.google.android.gms/.init.InitializeGmsReceiver
I/ActivityManager(  641): Resuming delayed broadcast
I/ActivityManager(  641): Start proc com.android.mms for broadcast com.android.mms/.transaction.SmsReceiver: pid=2009 uid=10010 gids={50010, 3003, 1028, 1015}
D/CountryDetector(  641): The first listener is added
I/ActivityManager(  641): Delay finish: com.android.mms/.transaction.SmsReceiver
I/ActivityManager(  641): Resuming delayed broadcast
I/ActivityManager(  641): Delay finish: com.cyanogenmod.lockclock/.ClockWidgetProvider
I/ActivityManager(  641): Resuming delayed broadcast
I/ActivityManager(  641): Delay finish: com.google.android.gms/.init.InitializeGmsReceiver
I/ActivityManager(  641): Resuming delayed broadcast
I/ActivityManager(  641): Delay finish: com.google.android.gms/.init.InitializeGmsReceiver
I/ActivityManager(  641): Waited long enough for: ServiceRecord{422a20a8 u0 com.android.calendar/.alerts.InitAlarmsService}
I/ActivityManager(  641): Resuming delayed broadcast
I/ActivityManager(  641): Delay finish: com.android.calendar/.alerts.AlertReceiver
I/ActivityManager(  641): Resuming delayed broadcast
I/ActivityManager(  641): Start proc com.android.providers.calendar for content provider com.android.providers.calendar/.CalendarProvider2: pid=2058 uid=10002 gids={50002, 3003, 1028, 1015}
I/ActivityManager(  641): Delay finish: com.cyanogenmod.lockclock/.ClockWidgetProvider
I/ActivityManager(  641): Resuming delayed broadcast
I/ActivityManager(  641): Delay finish: com.cyanogenmod.lockclock/.ClockWidgetProvider
I/ActivityManager(  641): Resuming delayed broadcast
I/ActivityManager(  641): Delay finish: com.cyanogenmod.lockclock/.ClockWidgetProvider
I/ActivityManager(  641): Resuming delayed broadcast
I/ActivityManager(  641): Start proc com.android.settings for broadcast com.android.settings/.bluetooth.DockEventReceiver: pid=2075 uid=1000 gids={41000, 1028, 1015, 3002, 3001, 3003}
I/ActivityManager(  641): Killing 1624:com.google.android.onetimeinitializer/u0a56 (adj 15): empty #17
I/auditd  ( 2090): Starting up
E/auditd  ( 2090): Failed on audit_set_pid with error: Protocol not supported
I/auditd  ( 2090): Exiting
I/ActivityManager(  641): Killing 1686:com.android.vending/u0a58 (adj 15): empty #17
D/MobileDataStateTracker(  641): default: setPolicyDataEnable(enabled=true)
I/ActivityManager(  641): Delay finish: com.android.providers.calendar/.CalendarProviderBroadcastReceiver
I/ActivityManager(  641): Killing 1773:com.android.cellbroadcastreceiver/u0a26 (adj 15): empty #17
I/ActivityManager(  641): Resuming delayed broadcast
I/ActivityManager(  641): Delay finish: com.google.android.gms/.games.receiver.GamesSystemBroadcastReceiver
W/ActivityManager(  641): Unable to start service Intent { act=com.google.android.gms.analytics.service.START cmp=com.google.android.gms/.analytics.service.AnalyticsService (has extras) } U=0: not found
I/ActivityManager(  641): Resuming delayed broadcast
W/ContextImpl( 2075): Calling a method in the system process without a qualified user: android.app.ContextImpl.startService:1518 android.content.ContextWrapper.startService:494 android.content.ContextWrapper.startService:494 com.android.settings.bluetooth.DockEventReceiver.beginStartingService:134 com.android.settings.bluetooth.DockEventReceiver.onReceive:115 
W/ContextImpl( 2075): Calling a method in the system process without a qualified user: android.app.ContextImpl.bindService:1582 android.content.ContextWrapper.bindService:517 android.bluetooth.BluetoothInputDevice.doBind:256 android.bluetooth.BluetoothInputDevice.<init>:249 android.bluetooth.BluetoothAdapter.getProfileProxy:1197 
W/ContextImpl( 2075): Calling a method in the system process without a qualified user: android.app.ContextImpl.bindService:1582 android.content.ContextWrapper.bindService:517 android.bluetooth.BluetoothPan.doBind:149 android.bluetooth.BluetoothPan.<init>:141 android.bluetooth.BluetoothAdapter.getProfileProxy:1200 
W/ContextImpl( 2075): Calling a method in the system process without a qualified user: android.app.ContextImpl.bindService:1582 android.content.ContextWrapper.bindService:517 android.bluetooth.BluetoothMap.doBind:109 android.bluetooth.BluetoothMap.<init>:102 android.bluetooth.BluetoothAdapter.getProfileProxy:1212 
W/ContextImpl( 2075): Calling a method in the system process without a qualified user: android.app.ContextImpl.bindService:1582 android.content.ContextWrapper.bindService:517 android.bluetooth.BluetoothPbap.doBind:164 android.bluetooth.BluetoothPbap.<init>:157 com.android.settings.bluetooth.PbapServerProfile.<init>:68 
I/ActivityManager(  641): Killing 1830:com.android.exchange/u0a33 (adj 15): empty #17
I/ActivityManager(  641): Delay finish: com.android.mms/.transaction.PrivilegedSmsReceiver
I/ActivityManager(  641): Resuming delayed broadcast
I/ActivityManager(  641): Delay finish: com.google.android.gms/.init.InitializeGmsReceiver
I/ActivityManager(  641): Resuming delayed broadcast
W/ContextImpl( 2075): Calling a method in the system process without a qualified user: android.app.ContextImpl.startService:1518 android.content.ContextWrapper.startService:494 android.content.ContextWrapper.startService:494 com.android.settings.bluetooth.DockEventReceiver.beginStartingService:134 com.android.settings.bluetooth.DockEventReceiver.onReceive:115 
I/ActivityManager(  641): Delay finish: com.google.android.gm/.MailIntentReceiver
I/ActivityManager(  641): Resuming delayed broadcast
I/ActivityManager(  641): Delay finish: com.google.android.gm/.GmailReceiver
I/ActivityManager(  641): Resuming delayed broadcast
I/ActivityManager(  641): Delay finish: com.google.android.gm/.GmailReceiver
I/ActivityManager(  641): Resuming delayed broadcast
I/ActivityManager(  641): Delay finish: com.google.android.gm/.GmailReceiver
I/ActivityManager(  641): Resuming delayed broadcast
I/ActivityManager(  641): Delay finish: com.google.android.gm/.GmailReceiver
I/ActivityManager(  641): Resuming delayed broadcast
I/ActivityManager(  641): Delay finish: com.cyanogenmod.lockclock/.ClockWidgetProvider
I/ActivityManager(  641): Resuming delayed broadcast
W/ContextImpl( 2075): Calling a method in the system process without a qualified user: android.app.ContextImpl.startService:1518 android.content.ContextWrapper.startService:494 android.content.ContextWrapper.startService:494 com.android.settings.bluetooth.DockEventReceiver.beginStartingService:134 com.android.settings.bluetooth.DockEventReceiver.onReceive:115 
E/ActivityThread( 1501): Service com.android.bluetooth.a2dp.A2dpService has leaked IntentReceiver com.android.bluetooth.a2dp.Avrcp$2@41f346d8 that was originally registered here. Are you missing a call to unregisterReceiver()?
E/ActivityThread( 1501): android.app.IntentReceiverLeaked: Service com.android.bluetooth.a2dp.A2dpService has leaked IntentReceiver com.android.bluetooth.a2dp.Avrcp$2@41f346d8 that was originally registered here. Are you missing a call to unregisterReceiver()?
E/ActivityThread( 1501): 	at android.app.LoadedApk$ReceiverDispatcher.<init>(LoadedApk.java:805)
E/ActivityThread( 1501): 	at android.app.LoadedApk.getReceiverDispatcher(LoadedApk.java:606)
E/ActivityThread( 1501): 	at android.app.ContextImpl.registerReceiverInternal(ContextImpl.java:1469)
E/ActivityThread( 1501): 	at android.app.ContextImpl.registerReceiver(ContextImpl.java:1449)
E/ActivityThread( 1501): 	at android.app.ContextImpl.registerReceiver(ContextImpl.java:1443)
E/ActivityThread( 1501): 	at android.content.ContextWrapper.registerReceiver(ContextWrapper.java:467)
E/ActivityThread( 1501): 	at com.android.bluetooth.a2dp.Avrcp.start(Avrcp.java:278)
E/ActivityThread( 1501): 	at com.android.bluetooth.a2dp.Avrcp.make(Avrcp.java:354)
E/ActivityThread( 1501): 	at com.android.bluetooth.a2dp.A2dpService.start(A2dpService.java:64)
E/ActivityThread( 1501): 	at com.android.bluetooth.btservice.ProfileService.doStart(ProfileService.java:174)
E/ActivityThread( 1501): 	at com.android.bluetooth.btservice.ProfileService.onStartCommand(ProfileService.java:133)
E/ActivityThread( 1501): 	at android.app.ActivityThread.handleServiceArgs(ActivityThread.java:2722)
E/ActivityThread( 1501): 	at android.app.ActivityThread.access$2100(ActivityThread.java:145)
E/ActivityThread( 1501): 	at android.app.ActivityThread$H.handleMessage(ActivityThread.java:1303)
E/ActivityThread( 1501): 	at android.os.Handler.dispatchMessage(Handler.java:102)
E/ActivityThread( 1501): 	at android.os.Looper.loop(Looper.java:136)
E/ActivityThread( 1501): 	at android.app.ActivityThread.main(ActivityThread.java:5081)
E/ActivityThread( 1501): 	at java.lang.reflect.Method.invokeNative(Native Method)
E/ActivityThread( 1501): 	at java.lang.reflect.Method.invoke(Method.java:515)
E/ActivityThread( 1501): 	at com.android.internal.os.ZygoteInit$MethodAndArgsCaller.run(ZygoteInit.java:781)
E/ActivityThread( 1501): 	at com.android.internal.os.ZygoteInit.main(ZygoteInit.java:597)
E/ActivityThread( 1501): 	at dalvik.system.NativeStart.main(Native Method)
I/auditd  ( 2146): Starting up
E/auditd  ( 2146): Failed on audit_set_pid with error: Protocol not supported
I/auditd  ( 2146): Exiting
W/NativeCrashListener(  641): Couldn't find ProcessRecord for pid 196
I/ActivityManager(  641): Killing 1858:com.google.android.apps.genie.geniewidget/u0a62 (adj 15): empty #17
I/BootReceiver(  641): Copying /data/tombstones/tombstone_02 to DropBox (SYSTEM_TOMBSTONE)
W/ActivityManager(  641): Unable to start service Intent { act=com.google.android.gms.analytics.service.START cmp=com.google.android.gms/.analytics.service.AnalyticsService (has extras) } U=0: not found
D/ConnectivityService(  641): Sampling interval elapsed, updating statistics ..
D/ConnectivityService(  641): Done.
D/ConnectivityService(  641): Setting timer for 720seconds
I/auditd  ( 2178): Starting up
E/auditd  ( 2178): Failed on audit_set_pid with error: Protocol not supported
I/auditd  ( 2178): Exiting
E/ActivityThread( 1501): Service com.android.bluetooth.a2dp.A2dpService has leaked IntentReceiver com.android.bluetooth.a2dp.Avrcp$2@41f9b8b0 that was originally registered here. Are you missing a call to unregisterReceiver()?
E/ActivityThread( 1501): android.app.IntentReceiverLeaked: Service com.android.bluetooth.a2dp.A2dpService has leaked IntentReceiver com.android.bluetooth.a2dp.Avrcp$2@41f9b8b0 that was originally registered here. Are you missing a call to unregisterReceiver()?
E/ActivityThread( 1501): 	at android.app.LoadedApk$ReceiverDispatcher.<init>(LoadedApk.java:805)
E/ActivityThread( 1501): 	at android.app.LoadedApk.getReceiverDispatcher(LoadedApk.java:606)
E/ActivityThread( 1501): 	at android.app.ContextImpl.registerReceiverInternal(ContextImpl.java:1469)
E/ActivityThread( 1501): 	at android.app.ContextImpl.registerReceiver(ContextImpl.java:1449)
E/ActivityThread( 1501): 	at android.app.ContextImpl.registerReceiver(ContextImpl.java:1443)
E/ActivityThread( 1501): 	at android.content.ContextWrapper.registerReceiver(ContextWrapper.java:467)
E/ActivityThread( 1501): 	at com.android.bluetooth.a2dp.Avrcp.start(Avrcp.java:278)
E/ActivityThread( 1501): 	at com.android.bluetooth.a2dp.Avrcp.make(Avrcp.java:354)
E/ActivityThread( 1501): 	at com.android.bluetooth.a2dp.A2dpService.start(A2dpService.java:64)
E/ActivityThread( 1501): 	at com.android.bluetooth.btservice.ProfileService.doStart(ProfileService.java:174)
E/ActivityThread( 1501): 	at com.android.bluetooth.btservice.ProfileService.onStartCommand(ProfileService.java:133)
E/ActivityThread( 1501): 	at android.app.ActivityThread.handleServiceArgs(ActivityThread.java:2722)
E/ActivityThread( 1501): 	at android.app.ActivityThread.access$2100(ActivityThread.java:145)
E/ActivityThread( 1501): 	at android.app.ActivityThread$H.handleMessage(ActivityThread.java:1303)
E/ActivityThread( 1501): 	at android.os.Handler.dispatchMessage(Handler.java:102)
E/ActivityThread( 1501): 	at android.os.Looper.loop(Looper.java:136)
E/ActivityThread( 1501): 	at android.app.ActivityThread.main(ActivityThread.java:5081)
E/ActivityThread( 1501): 	at java.lang.reflect.Method.invokeNative(Native Method)
E/ActivityThread( 1501): 	at java.lang.reflect.Method.invoke(Method.java:515)
E/ActivityThread( 1501): 	at com.android.internal.os.ZygoteInit$MethodAndArgsCaller.run(ZygoteInit.java:781)
E/ActivityThread( 1501): 	at com.android.internal.os.ZygoteInit.main(ZygoteInit.java:597)
E/ActivityThread( 1501): 	at dalvik.system.NativeStart.main(Native Method)
W/ContextImpl( 2075): Calling a method in the system process without a qualified user: android.app.ContextImpl.startService:1518 android.content.ContextWrapper.startService:494 android.content.ContextWrapper.startService:494 com.android.settings.bluetooth.DockEventReceiver.beginStartingService:134 com.android.settings.bluetooth.DockEventReceiver.onReceive:115 
I/ActivityManager(  641): Start proc com.android.vending for service com.android.vending/com.google.android.finsky.services.DailyHygiene: pid=2185 uid=10058 gids={50058, 3003, 1028, 1015}
I/ActivityManager(  641): Killing 1879:org.cyanogenmod.voiceplus/u0a50 (adj 15): empty #17
I/auditd  ( 2220): Starting up
E/auditd  ( 2220): Failed on audit_set_pid with error: Protocol not supported
I/auditd  ( 2220): Exiting
I/auditd  ( 2245): Starting up
E/auditd  ( 2245): Failed on audit_set_pid with error: Protocol not supported
I/auditd  ( 2245): Exiting
E/ActivityThread( 1501): Service com.android.bluetooth.a2dp.A2dpService has leaked IntentReceiver com.android.bluetooth.a2dp.Avrcp$2@41feca20 that was originally registered here. Are you missing a call to unregisterReceiver()?
E/ActivityThread( 1501): android.app.IntentReceiverLeaked: Service com.android.bluetooth.a2dp.A2dpService has leaked IntentReceiver com.android.bluetooth.a2dp.Avrcp$2@41feca20 that was originally registered here. Are you missing a call to unregisterReceiver()?
E/ActivityThread( 1501): 	at android.app.LoadedApk$ReceiverDispatcher.<init>(LoadedApk.java:805)
E/ActivityThread( 1501): 	at android.app.LoadedApk.getReceiverDispatcher(LoadedApk.java:606)
E/ActivityThread( 1501): 	at android.app.ContextImpl.registerReceiverInternal(ContextImpl.java:1469)
E/ActivityThread( 1501): 	at android.app.ContextImpl.registerReceiver(ContextImpl.java:1449)
E/ActivityThread( 1501): 	at android.app.ContextImpl.registerReceiver(ContextImpl.java:1443)
E/ActivityThread( 1501): 	at android.content.ContextWrapper.registerReceiver(ContextWrapper.java:467)
E/ActivityThread( 1501): 	at com.android.bluetooth.a2dp.Avrcp.start(Avrcp.java:278)
E/ActivityThread( 1501): 	at com.android.bluetooth.a2dp.Avrcp.make(Avrcp.java:354)
E/ActivityThread( 1501): 	at com.android.bluetooth.a2dp.A2dpService.start(A2dpService.java:64)
E/ActivityThread( 1501): 	at com.android.bluetooth.btservice.ProfileService.doStart(ProfileService.java:174)
E/ActivityThread( 1501): 	at com.android.bluetooth.btservice.ProfileService.onStartCommand(ProfileService.java:133)
E/ActivityThread( 1501): 	at android.app.ActivityThread.handleServiceArgs(ActivityThread.java:2722)
E/ActivityThread( 1501): 	at android.app.ActivityThread.access$2100(ActivityThread.java:145)
E/ActivityThread( 1501): 	at android.app.ActivityThread$H.handleMessage(ActivityThread.java:1303)
E/ActivityThread( 1501): 	at android.os.Handler.dispatchMessage(Handler.java:102)
E/ActivityThread( 1501): 	at android.os.Looper.loop(Looper.java:136)
E/ActivityThread( 1501): 	at android.app.ActivityThread.main(ActivityThread.java:5081)
E/ActivityThread( 1501): 	at java.lang.reflect.Method.invokeNative(Native Method)
E/ActivityThread( 1501): 	at java.lang.reflect.Method.invoke(Method.java:515)
E/ActivityThread( 1501): 	at com.android.internal.os.ZygoteInit$MethodAndArgsCaller.run(ZygoteInit.java:781)
E/ActivityThread( 1501): 	at com.android.internal.os.ZygoteInit.main(ZygoteInit.java:597)
E/ActivityThread( 1501): 	at dalvik.system.NativeStart.main(Native Method)
W/ContextImpl( 2075): Calling a method in the system process without a qualified user: android.app.ContextImpl.startService:1518 android.content.ContextWrapper.startService:494 android.content.ContextWrapper.startService:494 com.android.settings.bluetooth.DockEventReceiver.beginStartingService:134 com.android.settings.bluetooth.DockEventReceiver.onReceive:115 
I/ActivityManager(  641): Killing 1923:com.google.android.gms.ui/u0a54 (adj 15): empty #17
I/PowerManagerService(  641): Waking up from sleep...
I/WindowManager(  641): Lock screen displayed!
I/auditd  ( 2265): Starting up
E/auditd  ( 2265): Failed on audit_set_pid with error: Protocol not supported
I/auditd  ( 2265): Exiting
I/ActivityManager(  641): START u0 {act=android.intent.action.MAIN cat=[android.intent.category.LAUNCHER] flg=0x1000c000 cmp=com.android.mms/.ui.ConversationList} from pid -1
W/WindowManager(  641): Screenshot failure taking screenshot for (246x437) to layer 21005
I/ActivityManager(  641): START u0 {dat=content://mms-sms/conversations/1 flg=0x34000000 cmp=com.android.mms/.ui.ComposeMessageActivity bnds=[0,77][480,249]} from pid -1
W/KeyguardTouchDelegate(  887): dismiss(): NO SERVICE!
V/KeyguardTouchDelegate(  887): Connected to keyguard
E/ActivityThread( 1501): Service com.android.bluetooth.a2dp.A2dpService has leaked IntentReceiver com.android.bluetooth.a2dp.Avrcp$2@4203bcd8 that was originally registered here. Are you missing a call to unregisterReceiver()?
E/ActivityThread( 1501): android.app.IntentReceiverLeaked: Service com.android.bluetooth.a2dp.A2dpService has leaked IntentReceiver com.android.bluetooth.a2dp.Avrcp$2@4203bcd8 that was originally registered here. Are you missing a call to unregisterReceiver()?
E/ActivityThread( 1501): 	at android.app.LoadedApk$ReceiverDispatcher.<init>(LoadedApk.java:805)
E/ActivityThread( 1501): 	at android.app.LoadedApk.getReceiverDispatcher(LoadedApk.java:606)
E/ActivityThread( 1501): 	at android.app.ContextImpl.registerReceiverInternal(ContextImpl.java:1469)
E/ActivityThread( 1501): 	at android.app.ContextImpl.registerReceiver(ContextImpl.java:1449)
E/ActivityThread( 1501): 	at android.app.ContextImpl.registerReceiver(ContextImpl.java:1443)
E/ActivityThread( 1501): 	at android.content.ContextWrapper.registerReceiver(ContextWrapper.java:467)
E/ActivityThread( 1501): 	at com.android.bluetooth.a2dp.Avrcp.start(Avrcp.java:278)
E/ActivityThread( 1501): 	at com.android.bluetooth.a2dp.Avrcp.make(Avrcp.java:354)
E/ActivityThread( 1501): 	at com.android.bluetooth.a2dp.A2dpService.start(A2dpService.java:64)
E/ActivityThread( 1501): 	at com.android.bluetooth.btservice.ProfileService.doStart(ProfileService.java:174)
E/ActivityThread( 1501): 	at com.android.bluetooth.btservice.ProfileService.onStartCommand(ProfileService.java:133)
E/ActivityThread( 1501): 	at android.app.ActivityThread.handleServiceArgs(ActivityThread.java:2722)
E/ActivityThread( 1501): 	at android.app.ActivityThread.access$2100(ActivityThread.java:145)
E/ActivityThread( 1501): 	at android.app.ActivityThread$H.handleMessage(ActivityThread.java:1303)
E/ActivityThread( 1501): 	at android.os.Handler.dispatchMessage(Handler.java:102)
E/ActivityThread( 1501): 	at android.os.Looper.loop(Looper.java:136)
E/ActivityThread( 1501): 	at android.app.ActivityThread.main(ActivityThread.java:5081)
E/ActivityThread( 1501): 	at java.lang.reflect.Method.invokeNative(Native Method)
E/ActivityThread( 1501): 	at java.lang.reflect.Method.invoke(Method.java:515)
E/ActivityThread( 1501): 	at com.android.internal.os.ZygoteInit$MethodAndArgsCaller.run(ZygoteInit.java:781)
E/ActivityThread( 1501): 	at com.android.internal.os.ZygoteInit.main(ZygoteInit.java:597)
E/ActivityThread( 1501): 	at dalvik.system.NativeStart.main(Native Method)
I/auditd  ( 2280): Starting up
E/auditd  ( 2280): Failed on audit_set_pid with error: Protocol not supported
I/auditd  ( 2280): Exiting
W/ContextImpl( 2075): Calling a method in the system process without a qualified user: android.app.ContextImpl.startService:1518 android.content.ContextWrapper.startService:494 android.content.ContextWrapper.startService:494 com.android.settings.bluetooth.DockEventReceiver.beginStartingService:134 com.android.settings.bluetooth.DockEventReceiver.onReceive:115 
I/auditd  ( 2313): Starting up
E/auditd  ( 2313): Failed on audit_set_pid with error: Protocol not supported
I/auditd  ( 2313): Exiting
E/WindowManager(  641): Starting window AppWindowToken{422421d8 token=Token{423b6920 ActivityRecord{41f8a148 u0 com.android.mms/.ui.ConversationList t2}}} timed out
E/ActivityThread( 1501): Service com.android.bluetooth.a2dp.A2dpService has leaked IntentReceiver com.android.bluetooth.a2dp.Avrcp$2@4208b778 that was originally registered here. Are you missing a call to unregisterReceiver()?
E/ActivityThread( 1501): android.app.IntentReceiverLeaked: Service com.android.bluetooth.a2dp.A2dpService has leaked IntentReceiver com.android.bluetooth.a2dp.Avrcp$2@4208b778 that was originally registered here. Are you missing a call to unregisterReceiver()?
E/ActivityThread( 1501): 	at android.app.LoadedApk$ReceiverDispatcher.<init>(LoadedApk.java:805)
E/ActivityThread( 1501): 	at android.app.LoadedApk.getReceiverDispatcher(LoadedApk.java:606)
E/ActivityThread( 1501): 	at android.app.ContextImpl.registerReceiverInternal(ContextImpl.java:1469)
E/ActivityThread( 1501): 	at android.app.ContextImpl.registerReceiver(ContextImpl.java:1449)
E/ActivityThread( 1501): 	at android.app.ContextImpl.registerReceiver(ContextImpl.java:1443)
E/ActivityThread( 1501): 	at android.content.ContextWrapper.registerReceiver(ContextWrapper.java:467)
E/ActivityThread( 1501): 	at com.android.bluetooth.a2dp.Avrcp.start(Avrcp.java:278)
E/ActivityThread( 1501): 	at com.android.bluetooth.a2dp.Avrcp.make(Avrcp.java:354)
E/ActivityThread( 1501): 	at com.android.bluetooth.a2dp.A2dpService.start(A2dpService.java:64)
E/ActivityThread( 1501): 	at com.android.bluetooth.btservice.ProfileService.doStart(ProfileService.java:174)
E/ActivityThread( 1501): 	at com.android.bluetooth.btservice.ProfileService.onStartCommand(ProfileService.java:133)
E/ActivityThread( 1501): 	at android.app.ActivityThread.handleServiceArgs(ActivityThread.java:2722)
E/ActivityThread( 1501): 	at android.app.ActivityThread.access$2100(ActivityThread.java:145)
E/ActivityThread( 1501): 	at android.app.ActivityThread$H.handleMessage(ActivityThread.java:1303)
E/ActivityThread( 1501): 	at android.os.Handler.dispatchMessage(Handler.java:102)
E/ActivityThread( 1501): 	at android.os.Looper.loop(Looper.java:136)
E/ActivityThread( 1501): 	at android.app.ActivityThread.main(ActivityThread.java:5081)
E/ActivityThread( 1501): 	at java.lang.reflect.Method.invokeNative(Native Method)
E/ActivityThread( 1501): 	at java.lang.reflect.Method.invoke(Method.java:515)
E/ActivityThread( 1501): 	at com.android.internal.os.ZygoteInit$MethodAndArgsCaller.run(ZygoteInit.java:781)
E/ActivityThread( 1501): 	at com.android.internal.os.ZygoteInit.main(ZygoteInit.java:597)
E/ActivityThread( 1501): 	at dalvik.system.NativeStart.main(Native Method)
W/ContextImpl( 2075): Calling a method in the system process without a qualified user: android.app.ContextImpl.startService:1518 android.content.ContextWrapper.startService:494 android.content.ContextWrapper.startService:494 com.android.settings.bluetooth.DockEventReceiver.beginStartingService:134 com.android.settings.bluetooth.DockEventReceiver.onReceive:115 
I/auditd  ( 2322): Starting up
E/auditd  ( 2322): Failed on audit_set_pid with error: Protocol not supported
I/auditd  ( 2322): Exiting
I/auditd  ( 2329): Starting up
E/auditd  ( 2329): Failed on audit_set_pid with error: Protocol not supported
I/auditd  ( 2329): Exiting
I/auditd  ( 2333): Starting up
E/auditd  ( 2333): Failed on audit_set_pid with error: Protocol not supported
I/auditd  ( 2333): Exiting
W/WindowManager(  641): Screenshot failure taking screenshot for (246x437) to layer 21015
I/ActivityManager(  641): START u0 {act=android.intent.action.MAIN cat=[android.intent.category.HOME] flg=0x10200000 cmp=com.android.launcher3/.Launcher} from pid 641
W/WindowManager(  641): Screenshot failure taking screenshot for (246x437) to layer 21015
I/auditd  ( 2339): Starting up
E/auditd  ( 2339): Failed on audit_set_pid with error: Protocol not supported
I/auditd  ( 2339): Exiting
I/auditd  ( 2342): Starting up
E/auditd  ( 2342): Failed on audit_set_pid with error: Protocol not supported
I/auditd  ( 2342): Exiting
D/WifiService(  641): setWifiEnabled: false pid=887, uid=10008
D/ConnectivityService(  641): ConnectivityChange for WIFI: DISCONNECTED/DISCONNECTED
D/ConnectivityService(  641): tryFailover: set mActiveDefaultNetwork=-1, prevNetType=1
D/ConnectivityService(  641): Attempting to switch to mobile
D/ConnectivityService(  641): Attempting to switch to BLUETOOTH_TETHER
D/MobileDataStateTracker(  641): dun: Broadcast received: android.intent.action.ANY_DATA_STATE apnType=dun
D/MobileDataStateTracker(  641): dun: Received state=DISCONNECTED, old=DISCONNECTED, reason=dataEnabled
D/MobileDataStateTracker(  641): supl: Broadcast received: android.intent.action.ANY_DATA_STATE apnType=supl
D/MobileDataStateTracker(  641): supl: Received state=DISCONNECTED, old=DISCONNECTED, reason=dataEnabled
D/MobileDataStateTracker(  641): hipri: Broadcast received: android.intent.action.ANY_DATA_STATE apnType=hipri
D/MobileDataStateTracker(  641): hipri: Received state=DISCONNECTED, old=DISCONNECTED, reason=dataEnabled
D/MobileDataStateTracker(  641): mms: Broadcast received: android.intent.action.ANY_DATA_STATE apnType=mms
D/MobileDataStateTracker(  641): mms: Received state=DISCONNECTED, old=DISCONNECTED, reason=dataEnabled
D/ConnectivityService(  641): resetConnections(wlan0, 3)
D/Nat464Xlat(  641): requiresClat: netType=1, hasIPv4Address=false
D/ConnectivityService(  641): ConnectivityChange for WIFI: DISCONNECTED/DISCONNECTED
D/ConnectivityService(  641): Attempting to switch to mobile
D/ConnectivityService(  641): Attempting to switch to BLUETOOTH_TETHER
D/Nat464Xlat(  641): requiresClat: netType=1, hasIPv4Address=false
D/MobileDataStateTracker(  641): default: setPolicyDataEnable(enabled=true)
D/MobileDataStateTracker(  641): dun: Broadcast received: android.intent.action.ANY_DATA_STATE apnType=dun
D/MobileDataStateTracker(  641): dun: Received state=DISCONNECTED, old=DISCONNECTED, reason=dataEnabled
D/MobileDataStateTracker(  641): supl: Broadcast received: android.intent.action.ANY_DATA_STATE apnType=supl
D/MobileDataStateTracker(  641): supl: Received state=DISCONNECTED, old=DISCONNECTED, reason=dataEnabled
D/MobileDataStateTracker(  641): hipri: Broadcast received: android.intent.action.ANY_DATA_STATE apnType=hipri
D/MobileDataStateTracker(  641): hipri: Received state=DISCONNECTED, old=DISCONNECTED, reason=dataEnabled
D/MobileDataStateTracker(  641): mms: Broadcast received: android.intent.action.ANY_DATA_STATE apnType=mms
D/MobileDataStateTracker(  641): mms: Received state=DISCONNECTED, old=DISCONNECTED, reason=dataEnabled
D/MobileDataStateTracker(  641): default: setPolicyDataEnable(enabled=true)
D/MobileDataStateTracker(  641): default: setPolicyDataEnable(enabled=true)
D/MobileDataStateTracker(  641): default: setPolicyDataEnable(enabled=true)
D/ConnectivityService(  641): handleInetConditionChange: no active default network - ignore
W/InputMethodManagerService(  641): Window already focused, ignoring focus gain of: com.android.internal.view.IInputMethodClient$Stub$Proxy@42385f50 attribute=null, token = android.os.BinderProxy@41e17db0
D/MobileDataStateTracker(  641): default: setPolicyDataEnable(enabled=true)
W/NativeCrashListener(  641): Couldn't find ProcessRecord for pid 2154
I/BootReceiver(  641): Copying /data/tombstones/tombstone_03 to DropBox (SYSTEM_TOMBSTONE)
I/auditd  ( 2352): Starting up
E/auditd  ( 2352): Failed on audit_set_pid with error: Protocol not supported
I/auditd  ( 2352): Exiting
D/ConnectivityService(  641): setProvNotificationVisible: E visible=false networkType=1 extraInfo=null url=null
I/ActivityManager(  641): Start proc com.cyanogenmod.updater for broadcast com.cyanogenmod.updater/.receiver.UpdateCheckReceiver: pid=2356 uid=10001 gids={50001, 3003, 1028, 1015, 2001}
W/NativeCrashListener(  641): Couldn't find ProcessRecord for pid 2353
I/BootReceiver(  641): Copying /data/tombstones/tombstone_04 to DropBox (SYSTEM_TOMBSTONE)
I/PackageManager(  641): Adding preferred activity ComponentInfo{com.android.mms/com.android.mms.ui.ComposeMessageActivity} for user 0 :
I/PackageManager(  641): Adding preferred activity ComponentInfo{com.android.mms/com.android.mms.ui.ComposeMessageActivity} for user 0 :
I/PackageManager(  641): Adding preferred activity ComponentInfo{com.android.mms/com.android.mms.ui.ComposeMessageActivity} for user 0 :
I/PackageManager(  641): Adding preferred activity ComponentInfo{com.android.mms/com.android.mms.ui.ComposeMessageActivity} for user 0 :
I/WindowManager(  641): Input event dispatching timed out sending to com.android.launcher3/com.android.launcher3.Launcher.  Reason: Waiting because the focused window has not finished processing the input events that were previously delivered to it.
I/auditd  ( 2379): Starting up
E/auditd  ( 2379): Failed on audit_set_pid with error: Protocol not supported
I/auditd  ( 2379): Exiting
W/NativeCrashListener(  641): Couldn't find ProcessRecord for pid 2380
I/BootReceiver(  641): Copying /data/tombstones/tombstone_05 to DropBox (SYSTEM_TOMBSTONE)
W/ProcessCpuTracker(  641): Skipping unknown process pid 2380
E/ActivityManager(  641): ANR in com.android.launcher3 (com.android.launcher3/.Launcher)
E/ActivityManager(  641): PID: 1052
E/ActivityManager(  641): Reason: Input dispatching timed out (Waiting because the focused window has not finished processing the input events that were previously delivered to it.)
E/ActivityManager(  641): Load: 14.45 / 9.05 / 3.87
E/ActivityManager(  641): CPU usage from 3508ms to -3821ms ago with 99% awake:
E/ActivityManager(  641):   38% 1080/android.process.media: 28% user + 9.9% kernel / faults: 2658 minor 2 major
E/ActivityManager(  641):   16% 641/system_server: 11% user + 4.6% kernel / faults: 1502 minor 11 major
E/ActivityManager(  641):   15% 1105/sdcard: 2.8% user + 12% kernel / faults: 14 minor
E/ActivityManager(  641):   5.3% 191/debuggerd: 2.4% user + 2.8% kernel / faults: 2707 minor 15 major
E/ActivityManager(  641):   1% 1910/android.process.acore: 1% user + 0% kernel / faults: 33 minor 2 major
E/ActivityManager(  641):   3.4% 887/com.android.systemui: 2.7% user + 0.6% kernel / faults: 562 minor 1 major
E/ActivityManager(  641):   2.3% 1028/com.android.phone: 1.6% user + 0.6% kernel / faults: 285 minor 1 major
E/ActivityManager(  641):   0.7% 2009/com.android.mms: 0.5% user + 0.2% kernel / faults: 689 minor 1 major
E/ActivityManager(  641):   1.2% 193/surfaceflinger: 0.6% user + 0.5% kernel / faults: 65 minor
E/ActivityManager(  641):   0.8% 80/mmcqd/0: 0% user + 0.8% kernel
E/ActivityManager(  641):   0.5% 34/kswapd0: 0% user + 0.5% kernel
E/ActivityManager(  641):   0.5% 1052/com.android.launcher3: 0.4% user + 0.1% kernel / faults: 121 minor 4 major
E/ActivityManager(  641):   0% 1033/com.bel.android.dspmanager: 0% user + 0% kernel / faults: 245 minor
