W/SurfaceFlinger(  195): HWC_FRAMEBUFFER_TARGET found in hwc list (index=0)

W/SurfaceFlinger(  195): HWC_FRAMEBUFFER_TARGET found in hwc list (index=0)

W/SurfaceFlinger(  195): HWC_FRAMEBUFFER_TARGET found in hwc list (index=0)

W/SurfaceFlinger(  195): HWC_FRAMEBUFFER_TARGET found in hwc list (index=0)

W/SurfaceFlinger(  195): HWC_FRAMEBUFFER_TARGET found in hwc list (index=0)

W/SurfaceFlinger(  195): HWC_FRAMEBUFFER_TARGET found in hwc list (index=0)

W/SurfaceFlinger(  195): HWC_FRAMEBUFFER_TARGET found in hwc list (index=0)

W/SurfaceFlinger(  195): HWC_FRAMEBUFFER_TARGET found in hwc list (index=0)

W/SurfaceFlinger(  195): HWC_FRAMEBUFFER_TARGET found in hwc list (index=0)

W/SurfaceFlinger(  195): HWC_FRAMEBUFFER_TARGET found in hwc list (index=0)

W/SurfaceFlinger(  195): HWC_FRAMEBUFFER_TARGET found in hwc list (index=0)

W/SurfaceFlinger(  195): HWC_FRAMEBUFFER_TARGET found in hwc list (index=0)

W/SurfaceFlinger(  195): HWC_FRAMEBUFFER_TARGET found in hwc list (index=0)

I/fsck_msdos(  190): Attempting to allocate 3778 KB for FAT

W/SurfaceFlinger(  195): HWC_FRAMEBUFFER_TARGET found in hwc list (index=0)

W/SurfaceFlinger(  195): HWC_FRAMEBUFFER_TARGET found in hwc list (index=0)

W/SurfaceFlinger(  195): HWC_FRAMEBUFFER_TARGET found in hwc list (index=0)

E/NetdConnector(  607): NDC Command {8 bandwidth enable} took too long (1071ms)

W/SurfaceFlinger(  195): HWC_FRAMEBUFFER_TARGET found in hwc list (index=0)

W/SurfaceFlinger(  195): HWC_FRAMEBUFFER_TARGET found in hwc list (index=0)

W/SurfaceFlinger(  195): HWC_FRAMEBUFFER_TARGET found in hwc list (index=0)

W/SurfaceFlinger(  195): HWC_FRAMEBUFFER_TARGET found in hwc list (index=0)

W/SurfaceFlinger(  195): HWC_FRAMEBUFFER_TARGET found in hwc list (index=0)

W/SurfaceFlinger(  195): HWC_FRAMEBUFFER_TARGET found in hwc list (index=0)

W/SurfaceFlinger(  195): HWC_FRAMEBUFFER_TARGET found in hwc list (index=0)

W/SurfaceFlinger(  195): HWC_FRAMEBUFFER_TARGET found in hwc list (index=0)

W/SurfaceFlinger(  195): HWC_FRAMEBUFFER_TARGET found in hwc list (index=0)

W/SurfaceFlinger(  195): HWC_FRAMEBUFFER_TARGET found in hwc list (index=0)

W/SurfaceFlinger(  195): HWC_FRAMEBUFFER_TARGET found in hwc list (index=0)

W/SurfaceFlinger(  195): HWC_FRAMEBUFFER_TARGET found in hwc list (index=0)

W/SurfaceFlinger(  195): HWC_FRAMEBUFFER_TARGET found in hwc list (index=0)

W/SurfaceFlinger(  195): HWC_FRAMEBUFFER_TARGET found in hwc list (index=0)

W/SurfaceFlinger(  195): HWC_FRAMEBUFFER_TARGET found in hwc list (index=0)

W/SurfaceFlinger(  195): HWC_FRAMEBUFFER_TARGET found in hwc list (index=0)

W/SurfaceFlinger(  195): HWC_FRAMEBUFFER_TARGET found in hwc list (index=0)

W/SurfaceFlinger(  195): HWC_FRAMEBUFFER_TARGET found in hwc list (index=0)

W/SurfaceFlinger(  195): HWC_FRAMEBUFFER_TARGET found in hwc list (index=0)

W/BroadcastQueue(  607): Permission Denial: broadcasting Intent { act=android.net.conn.TETHER_STATE_CHANGED flg=0x64000010 (has extras) } from null (pid=-1, uid=-1) requires android.permission.CONNECTIVITY_INTERNAL due to registered receiver BroadcastFilter{41c34e38 u0 ReceiverList{41c34dd8 607 system/1000/u0 local:41c34b48}}

W/SurfaceFlinger(  195): HWC_FRAMEBUFFER_TARGET found in hwc list (index=0)

W/SurfaceFlinger(  195): HWC_FRAMEBUFFER_TARGET found in hwc list (index=0)

W/SurfaceFlinger(  195): HWC_FRAMEBUFFER_TARGET found in hwc list (index=0)

W/SurfaceFlinger(  195): HWC_FRAMEBUFFER_TARGET found in hwc list (index=0)

W/SurfaceFlinger(  195): HWC_FRAMEBUFFER_TARGET found in hwc list (index=0)

W/SurfaceFlinger(  195): HWC_FRAMEBUFFER_TARGET found in hwc list (index=0)

W/SurfaceFlinger(  195): HWC_FRAMEBUFFER_TARGET found in hwc list (index=0)

W/SurfaceFlinger(  195): HWC_FRAMEBUFFER_TARGET found in hwc list (index=0)

W/SurfaceFlinger(  195): HWC_FRAMEBUFFER_TARGET found in hwc list (index=0)

W/SurfaceFlinger(  195): HWC_FRAMEBUFFER_TARGET found in hwc list (index=0)

W/SurfaceFlinger(  195): HWC_FRAMEBUFFER_TARGET found in hwc list (index=0)

W/SurfaceFlinger(  195): HWC_FRAMEBUFFER_TARGET found in hwc list (index=0)

W/SurfaceFlinger(  195): HWC_FRAMEBUFFER_TARGET found in hwc list (index=0)

W/SurfaceFlinger(  195): HWC_FRAMEBUFFER_TARGET found in hwc list (index=0)

I/fsck_msdos(  190): ** Phase 2 - Check Cluster Chains

I/fsck_msdos(  190): ** Phase 3 - Checking Directories

I/fsck_msdos(  190): ** Phase 4 - Checking for Lost Files

I/fsck_msdos(  190): 25 files, 3709000 free (927250 clusters)

W/SurfaceFlinger(  195): HWC_FRAMEBUFFER_TARGET found in hwc list (index=0)

W/SurfaceFlinger(  195): HWC_FRAMEBUFFER_TARGET found in hwc list (index=0)

I/Vold    (  190): Filesystem check completed OK

W/SurfaceFlinger(  195): HWC_FRAMEBUFFER_TARGET found in hwc list (index=0)

W/SurfaceFlinger(  195): HWC_FRAMEBUFFER_TARGET found in hwc list (index=0)

D/Vold    (  190): blkid identified as /dev/block/vold/179:32: UUID="0000-0000" TYPE="vfat" 

W/SurfaceFlinger(  195): HWC_FRAMEBUFFER_TARGET found in hwc list (index=0)

D/Vold    (  190): Volume sdcard1 state changing 3 (Checking) -> 4 (Mounted)

D/MountService(  607): volume state changed for /storage/sdcard1 (checking -> mounted)

W/SurfaceFlinger(  195): HWC_FRAMEBUFFER_TARGET found in hwc list (index=0)

D/MountService(  607): sendStorageIntent Intent { act=android.intent.action.MEDIA_MOUNTED dat=file:///storage/sdcard1 (has extras) } to UserHandle{-1}

W/SurfaceFlinger(  195): HWC_FRAMEBUFFER_TARGET found in hwc list (index=0)

W/SurfaceFlinger(  195): HWC_FRAMEBUFFER_TARGET found in hwc list (index=0)

W/SurfaceFlinger(  195): HWC_FRAMEBUFFER_TARGET found in hwc list (index=0)

W/SurfaceFlinger(  195): HWC_FRAMEBUFFER_TARGET found in hwc list (index=0)

W/SurfaceFlinger(  195): HWC_FRAMEBUFFER_TARGET found in hwc list (index=0)

W/SurfaceFlinger(  195): HWC_FRAMEBUFFER_TARGET found in hwc list (index=0)

W/SurfaceFlinger(  195): HWC_FRAMEBUFFER_TARGET found in hwc list (index=0)

W/SurfaceFlinger(  195): HWC_FRAMEBUFFER_TARGET found in hwc list (index=0)

W/SurfaceFlinger(  195): HWC_FRAMEBUFFER_TARGET found in hwc list (index=0)

E/VoldConnector(  607): NDC Command {3 volume mount /storage/sdcard1} took too long (2434ms)

V/Zygote  (  753): Switching descriptor 31 to /dev/null

V/Zygote  (  753): Switching descriptor 9 to /dev/null

W/SurfaceFlinger(  195): HWC_FRAMEBUFFER_TARGET found in hwc list (index=0)

I/ActivityManager(  607): Start proc android.process.media for broadcast com.android.providers.downloads/.DownloadReceiver: pid=753 uid=10005 gids={50005, 1028, 1015, 1023, 1024, 2001, 3003, 3007}

V/KeyguardService(  684): onCreate()

W/SurfaceFlinger(  195): HWC_FRAMEBUFFER_TARGET found in hwc list (index=0)

W/Settings(  607): Setting usb_mass_storage_enabled has moved from android.provider.Settings.Secure to android.provider.Settings.Global.

I/Vold    (  190): /dev/block/vold/179:16 being considered for volume sdcard0

D/Vold    (  190): Volume sdcard0 state changing 1 (Idle-Unmounted) -> 3 (Checking)

D/Vold    (  190): Trying to get filesystem type for /dev/block/vold/179:16 

W/SurfaceFlinger(  195): HWC_FRAMEBUFFER_TARGET found in hwc list (index=0)

D/AwesomePlayer(  199): Before reset_l

I/ActivityManager(  607): Config changes=200 {1.0 ?mcc?mnc en_US ldltr sw320dp w320dp h455dp 160dpi nrml port finger -keyb/v/h -nav/h s.5 themeResource=null}

D/Vold    (  190): Found vfat filesystem on /dev/block/vold/179:16

I/fsck_msdos(  190): ** /dev/block/vold/179:16

I/fsck_msdos(  190): ** Phase 1 - Read and Compare FATs

I/fsck_msdos(  190): Attempting to allocate 257 KB for FAT

W/SurfaceFlinger(  195): HWC_FRAMEBUFFER_TARGET found in hwc list (index=0)

W/RecognitionManagerService(  607): no available voice recognition services found for user 0

W/SurfaceFlinger(  195): HWC_FRAMEBUFFER_TARGET found in hwc list (index=0)

D/AwesomePlayer(  199): printFileName fd(17) -> /system/media/audio/ui/Lock.ogg

W/SurfaceFlinger(  195): HWC_FRAMEBUFFER_TARGET found in hwc list (index=0)

I/fsck_msdos(  190): Attempting to allocate 257 KB for FAT

W/SurfaceFlinger(  195): HWC_FRAMEBUFFER_TARGET found in hwc list (index=0)

W/SurfaceFlinger(  195): HWC_FRAMEBUFFER_TARGET found in hwc list (index=0)

I/fsck_msdos(  190): ** Phase 2 - Check Cluster Chains

I/fsck_msdos(  190): ** Phase 3 - Checking Directories

W/SurfaceFlinger(  195): HWC_FRAMEBUFFER_TARGET found in hwc list (index=0)

W/SurfaceFlinger(  195): HWC_FRAMEBUFFER_TARGET found in hwc list (index=0)

W/SurfaceFlinger(  195): HWC_FRAMEBUFFER_TARGET found in hwc list (index=0)

W/SurfaceFlinger(  195): HWC_FRAMEBUFFER_TARGET found in hwc list (index=0)

W/SurfaceFlinger(  195): HWC_FRAMEBUFFER_TARGET found in hwc list (index=0)

W/SurfaceFlinger(  195): HWC_FRAMEBUFFER_TARGET found in hwc list (index=0)

E/WVMExtractor(  199): Failed to open libwvm.so

W/SurfaceFlinger(  195): HWC_FRAMEBUFFER_TARGET found in hwc list (index=0)

D/MountService(  607): volume state changed for /storage/sdcard0 (unmounted -> checking)

D/MountService(  607): sendStorageIntent Intent { act=android.intent.action.MEDIA_CHECKING dat=file:///storage/sdcard0 (has extras) } to UserHandle{-1}

W/SurfaceFlinger(  195): HWC_FRAMEBUFFER_TARGET found in hwc list (index=0)

W/SurfaceFlinger(  195): HWC_FRAMEBUFFER_TARGET found in hwc list (index=0)

W/SurfaceFlinger(  195): HWC_FRAMEBUFFER_TARGET found in hwc list (index=0)

I/fsck_msdos(  190): ** Phase 4 - Checking for Lost Files

I/fsck_msdos(  190): 218 files, 622208 free (19444 clusters)

W/SurfaceFlinger(  195): HWC_FRAMEBUFFER_TARGET found in hwc list (index=0)

I/Vold    (  190): Filesystem check completed OK

W/SurfaceFlinger(  195): HWC_FRAMEBUFFER_TARGET found in hwc list (index=0)

E/cutils-trace(  199): Error opening trace file: No such file or directory (2)

W/SurfaceFlinger(  195): HWC_FRAMEBUFFER_TARGET found in hwc list (index=0)

W/SurfaceFlinger(  195): HWC_FRAMEBUFFER_TARGET found in hwc list (index=0)

D/Vold    (  190): blkid identified as /dev/block/vold/179:16: UUID="FFDD-11DF" TYPE="vfat" 

D/Vold    (  190): Volume sdcard0 state changing 3 (Checking) -> 4 (Mounted)

I/auditd  (  767): Starting up

W/SurfaceFlinger(  195): HWC_FRAMEBUFFER_TARGET found in hwc list (index=0)

I/PackageManager(  607): Updating external media status from unmounted to mounted

D/MountService(  607): volume state changed for /storage/sdcard0 (checking -> mounted)

E/auditd  (  767): Failed on audit_set_pid with error: Protocol not supported

I/auditd  (  767): Exiting

D/MountService(  607): sendStorageIntent Intent { act=android.intent.action.MEDIA_MOUNTED dat=file:///storage/sdcard0 (has extras) } to UserHandle{-1}

W/SurfaceFlinger(  195): HWC_FRAMEBUFFER_TARGET found in hwc list (index=0)

D/SystemUIService(  684): loading: class com.android.systemui.recent.Recents

D/SystemUIService(  684): running: com.android.systemui.recent.Recents@41995108

D/SystemUIService(  684): loading: class com.android.systemui.statusbar.SystemBars

D/SystemUIService(  684): running: com.android.systemui.statusbar.SystemBars@419923e8

W/SurfaceFlinger(  195): HWC_FRAMEBUFFER_TARGET found in hwc list (index=0)

W/SurfaceFlinger(  195): HWC_FRAMEBUFFER_TARGET found in hwc list (index=0)

W/SurfaceFlinger(  195): HWC_FRAMEBUFFER_TARGET found in hwc list (index=0)

I/OMXNodeInstance(  199): OMX_FreeBuffer for buffer header 0xc41fb8 successful

I/OMXNodeInstance(  199): OMX_FreeBuffer for buffer header 0xc421d8 successful

I/OMXNodeInstance(  199): OMX_FreeBuffer for buffer header 0xc42318 successful

I/OMXNodeInstance(  199): OMX_FreeBuffer for buffer header 0xc42440 successful

W/SurfaceFlinger(  195): HWC_FRAMEBUFFER_TARGET found in hwc list (index=0)

D/SystemUIService(  684): loading: class com.android.systemui.usb.StorageNotification

D/SystemUIService(  684): running: com.android.systemui.usb.StorageNotification@41991dc0

W/SurfaceFlinger(  195): HWC_FRAMEBUFFER_TARGET found in hwc list (index=0)

W/SurfaceFlinger(  195): HWC_FRAMEBUFFER_TARGET found in hwc list (index=0)

D/SystemUIService(  684): loading: class com.android.systemui.power.PowerUI

D/SystemUIService(  684): running: com.android.systemui.power.PowerUI@419a4d60

W/SurfaceFlinger(  195): HWC_FRAMEBUFFER_TARGET found in hwc list (index=0)

D/SystemUIService(  684): loading: class com.android.systemui.media.RingtonePlayer

D/SystemUIService(  684): running: com.android.systemui.media.RingtonePlayer@419a05e8

W/SurfaceFlinger(  195): HWC_FRAMEBUFFER_TARGET found in hwc list (index=0)

D/SystemUIService(  684): loading: class com.android.systemui.settings.SettingsUI

W/SurfaceFlinger(  195): HWC_FRAMEBUFFER_TARGET found in hwc list (index=0)

D/SystemUIService(  684): running: com.android.systemui.settings.SettingsUI@4199e2a0

W/SurfaceFlinger(  195): HWC_FRAMEBUFFER_TARGET found in hwc list (index=0)

I/OMXNodeInstance(  199): OMX_FreeBuffer for buffer header 0xc3bd90 successful

I/OMXNodeInstance(  199): OMX_FreeBuffer for buffer header 0xc3bcd8 successful

W/SurfaceFlinger(  195): HWC_FRAMEBUFFER_TARGET found in hwc list (index=0)

I/OMXNodeInstance(  199): OMX_FreeBuffer for buffer header 0xc3bc08 successful

I/OMXNodeInstance(  199): OMX_FreeBuffer for buffer header 0xc3ba78 successful

I/OMXNodeInstance(  199): OMX_FreeBuffer for buffer header 0xc42278 successful

I/OMXNodeInstance(  199): OMX_FreeBuffer for buffer header 0xc42150 successful

I/OMXNodeInstance(  199): OMX_FreeBuffer for buffer header 0xc41fa8 successful

I/OMXNodeInstance(  199): OMX_FreeBuffer for buffer header 0xc41e88 successful

D/AwesomePlayer(  199): Before reset_l

D/AwesomePlayer(  199): printFileName fd(13) -> /system/media/audio/ui/Unlock.ogg

W/SurfaceFlinger(  195): HWC_FRAMEBUFFER_TARGET found in hwc list (index=0)

W/SurfaceFlinger(  195): HWC_FRAMEBUFFER_TARGET found in hwc list (index=0)

I/PackageManager(  607): No secure containers on sdcard

W/SurfaceFlinger(  195): HWC_FRAMEBUFFER_TARGET found in hwc list (index=0)

W/SurfaceFlinger(  195): HWC_FRAMEBUFFER_TARGET found in hwc list (index=0)

W/InputMethodManagerService(  607): Ignoring setImeWindowStatus of uid 1000 token: null

W/SurfaceFlinger(  195): HWC_FRAMEBUFFER_TARGET found in hwc list (index=0)

W/SurfaceFlinger(  195): HWC_FRAMEBUFFER_TARGET found in hwc list (index=0)

W/SurfaceFlinger(  195): HWC_FRAMEBUFFER_TARGET found in hwc list (index=0)

V/Zygote  (  785): Switching descriptor 31 to /dev/null

V/Zygote  (  785): Switching descriptor 9 to /dev/null

W/SurfaceFlinger(  195): HWC_FRAMEBUFFER_TARGET found in hwc list (index=0)

I/OMXNodeInstance(  199): OMX_FreeBuffer for buffer header 0xc44de8 successful

I/OMXNodeInstance(  199): OMX_FreeBuffer for buffer header 0xc45008 successful

I/OMXNodeInstance(  199): OMX_FreeBuffer for buffer header 0xc45148 successful

I/OMXNodeInstance(  199): OMX_FreeBuffer for buffer header 0xc40798 successful

W/SurfaceFlinger(  195): HWC_FRAMEBUFFER_TARGET found in hwc list (index=0)

I/StatusBarManagerService(  607): registerStatusBar bar=com.android.internal.statusbar.IStatusBar$Stub$Proxy@41c39e70

D/PhoneStatusBar(  684): mSettingsPanelGravity = 55

I/ActivityManager(  607): Start proc com.android.inputmethod.latin for service com.android.inputmethod.latin/.LatinIME: pid=785 uid=10039 gids={50039, 1028, 1015}

V/InputMethodManagerService(  607): Adding window token: android.os.Binder@41bfd0e0

W/SurfaceFlinger(  195): HWC_FRAMEBUFFER_TARGET found in hwc list (index=0)

W/SurfaceFlinger(  195): HWC_FRAMEBUFFER_TARGET found in hwc list (index=0)

I/OMXNodeInstance(  199): OMX_FreeBuffer for buffer header 0xc44c60 successful

I/OMXNodeInstance(  199): OMX_FreeBuffer for buffer header 0xc44ba8 successful

I/OMXNodeInstance(  199): OMX_FreeBuffer for buffer header 0xc44ad8 successful

I/OMXNodeInstance(  199): OMX_FreeBuffer for buffer header 0xc44910 successful

I/OMXNodeInstance(  199): OMX_FreeBuffer for buffer header 0xc45138 successful

I/OMXNodeInstance(  199): OMX_FreeBuffer for buffer header 0xc45010 successful

I/OMXNodeInstance(  199): OMX_FreeBuffer for buffer header 0xc44ed0 successful

I/OMXNodeInstance(  199): OMX_FreeBuffer for buffer header 0xc44d18 successful

W/SurfaceFlinger(  195): HWC_FRAMEBUFFER_TARGET found in hwc list (index=0)

W/SurfaceFlinger(  195): HWC_FRAMEBUFFER_TARGET found in hwc list (index=0)

W/ServiceWatcher(  607): com.google.android.gms not found

W/ServiceWatcher(  607): com.google.android.gms not found

W/LocationManagerService(  607): no network location provider found

W/SurfaceFlinger(  195): HWC_FRAMEBUFFER_TARGET found in hwc list (index=0)

W/ServiceWatcher(  607): com.google.android.gms not found

W/ServiceWatcher(  607): com.google.android.gms not found

W/SurfaceFlinger(  195): HWC_FRAMEBUFFER_TARGET found in hwc list (index=0)

E/LocationManagerService(  607): no geocoder provider found

E/FlpHardwareProvider(  607): Error hw_get_module 'flp': -2

W/ServiceWatcher(  607): com.google.android.gms not found

E/FlpHardwareProvider(  607): Error hw_get_module 'flp': -2

W/SurfaceFlinger(  195): HWC_FRAMEBUFFER_TARGET found in hwc list (index=0)

W/ServiceWatcher(  607): com.google.android.gms not found

E/LocationManagerService(  607): No FusedProvider found.

E/LocationManagerService(  607): no geofence provider found

W/SurfaceFlinger(  195): HWC_FRAMEBUFFER_TARGET found in hwc list (index=0)

I/CommonTimeManagementService(  607): No common time service detected on this platform.  Common time services will be unavailable.

I/InputReader(  607): Reconfiguring input devices.  changes=0x00000020

W/SurfaceFlinger(  195): HWC_FRAMEBUFFER_TARGET found in hwc list (index=0)

W/SurfaceFlinger(  195): HWC_FRAMEBUFFER_TARGET found in hwc list (index=0)

I/InputReader(  607): Reconfiguring input devices.  changes=0x00000010

W/SurfaceFlinger(  195): HWC_FRAMEBUFFER_TARGET found in hwc list (index=0)

V/Zygote  (  798): Switching descriptor 31 to /dev/null

V/Zygote  (  798): Switching descriptor 9 to /dev/null

I/ActivityManager(  607): Start proc com.android.phone for added application com.android.phone: pid=798 uid=1001 gids={41001, 3002, 3001, 3003, 1028, 1015}

W/SurfaceFlinger(  195): HWC_FRAMEBUFFER_TARGET found in hwc list (index=0)

V/Zygote  (  805): Switching descriptor 31 to /dev/null

V/Zygote  (  805): Switching descriptor 9 to /dev/null

W/SurfaceFlinger(  195): HWC_FRAMEBUFFER_TARGET found in hwc list (index=0)

I/ActivityManager(  607): Start proc com.bel.android.dspmanager for added application com.bel.android.dspmanager: pid=805 uid=10028 gids={50028, 3002}

W/SurfaceFlinger(  195): HWC_FRAMEBUFFER_TARGET found in hwc list (index=0)

V/Zygote  (  811): Switching descriptor 31 to /dev/null

V/Zygote  (  811): Switching descriptor 9 to /dev/null

I/ActivityManager(  607): Start proc com.android.incallui for added application com.android.incallui: pid=811 uid=10007 gids={50007, 3003, 1028, 1015}

W/SurfaceFlinger(  195): HWC_FRAMEBUFFER_TARGET found in hwc list (index=0)

V/Zygote  (  818): Switching descriptor 31 to /dev/null

V/Zygote  (  818): Switching descriptor 9 to /dev/null

W/SurfaceFlinger(  195): HWC_FRAMEBUFFER_TARGET found in hwc list (index=0)

I/ActivityManager(  607): Start proc com.tmobile.thememanager for added application com.tmobile.thememanager: pid=818 uid=1300 gids={41300, 1300}

W/SurfaceFlinger(  195): HWC_FRAMEBUFFER_TARGET found in hwc list (index=0)

W/SurfaceFlinger(  195): HWC_FRAMEBUFFER_TARGET found in hwc list (index=0)

W/SurfaceFlinger(  195): HWC_FRAMEBUFFER_TARGET found in hwc list (index=0)

W/SurfaceFlinger(  195): HWC_FRAMEBUFFER_TARGET found in hwc list (index=0)

I/ActivityManager(  607): START u0 {act=android.intent.action.MAIN cat=[android.intent.category.HOME] flg=0x10000000 cmp=com.cyanogenmod.trebuchet/com.android.launcher3.Launcher} from pid 0

W/SurfaceFlinger(  195): HWC_FRAMEBUFFER_TARGET found in hwc list (index=0)

W/SurfaceFlinger(  195): HWC_FRAMEBUFFER_TARGET found in hwc list (index=0)

W/SurfaceFlinger(  195): HWC_FRAMEBUFFER_TARGET found in hwc list (index=0)

V/Zygote  (  833): Switching descriptor 31 to /dev/null

V/Zygote  (  833): Switching descriptor 9 to /dev/null

I/ActivityManager(  607): Start proc com.cyanogenmod.trebuchet for activity com.cyanogenmod.trebuchet/com.android.launcher3.Launcher: pid=833 uid=10016 gids={50016, 1028}

W/SurfaceFlinger(  195): HWC_FRAMEBUFFER_TARGET found in hwc list (index=0)

W/SurfaceFlinger(  195): HWC_FRAMEBUFFER_TARGET found in hwc list (index=0)

W/SurfaceFlinger(  195): HWC_FRAMEBUFFER_TARGET found in hwc list (index=0)

W/SurfaceFlinger(  195): HWC_FRAMEBUFFER_TARGET found in hwc list (index=0)

I/SystemServer(  607): Enabled StrictMode for system server main thread.

W/SurfaceFlinger(  195): HWC_FRAMEBUFFER_TARGET found in hwc list (index=0)

W/SurfaceFlinger(  195): HWC_FRAMEBUFFER_TARGET found in hwc list (index=0)

I/Choreographer(  607): Skipped 255 frames!  The application may be doing too much work on its main thread.

W/SurfaceFlinger(  195): HWC_FRAMEBUFFER_TARGET found in hwc list (index=0)

W/SurfaceFlinger(  195): HWC_FRAMEBUFFER_TARGET found in hwc list (index=0)

W/SurfaceFlinger(  195): HWC_FRAMEBUFFER_TARGET found in hwc list (index=0)

W/SurfaceFlinger(  195): HWC_FRAMEBUFFER_TARGET found in hwc list (index=0)

W/SurfaceFlinger(  195): HWC_FRAMEBUFFER_TARGET found in hwc list (index=0)

W/InputMethodManagerService(  607): Focus gain on non-focused client android.view.inputmethod.InputMethodManager$1@41baec20 (uid=1000 pid=607)

W/SurfaceFlinger(  195): HWC_FRAMEBUFFER_TARGET found in hwc list (index=0)

W/SurfaceFlinger(  195): HWC_FRAMEBUFFER_TARGET found in hwc list (index=0)

W/SurfaceFlinger(  195): HWC_FRAMEBUFFER_TARGET found in hwc list (index=0)

W/SurfaceFlinger(  195): HWC_FRAMEBUFFER_TARGET found in hwc list (index=0)

W/SurfaceFlinger(  195): HWC_FRAMEBUFFER_TARGET found in hwc list (index=0)

W/SurfaceFlinger(  195): HWC_FRAMEBUFFER_TARGET found in hwc list (index=0)

W/SurfaceFlinger(  195): HWC_FRAMEBUFFER_TARGET found in hwc list (index=0)

W/SurfaceFlinger(  195): HWC_FRAMEBUFFER_TARGET found in hwc list (index=0)

W/SurfaceFlinger(  195): HWC_FRAMEBUFFER_TARGET found in hwc list (index=0)

W/SurfaceFlinger(  195): HWC_FRAMEBUFFER_TARGET found in hwc list (index=0)

W/SurfaceFlinger(  195): HWC_FRAMEBUFFER_TARGET found in hwc list (index=0)

W/SurfaceFlinger(  195): HWC_FRAMEBUFFER_TARGET found in hwc list (index=0)

W/PackageManager(  607): Unknown permission com.google.android.c2dm.permission.RECEIVE in package com.cyanogenmod.account

W/SurfaceFlinger(  195): HWC_FRAMEBUFFER_TARGET found in hwc list (index=0)

W/SurfaceFlinger(  195): HWC_FRAMEBUFFER_TARGET found in hwc list (index=0)

W/SurfaceFlinger(  195): HWC_FRAMEBUFFER_TARGET found in hwc list (index=0)

W/PackageManager(  607): Unknown permission com.google.android.gallery3d.permission.GALLERY_PROVIDER in package com.android.bluetooth

W/PackageManager(  607): Unknown permission com.google.android.googleapps.permission.GOOGLE_AUTH in package com.android.providers.calendar

W/PackageManager(  607): Unknown permission com.google.android.googleapps.permission.GOOGLE_AUTH.cl in package com.android.providers.calendar

W/PackageManager(  607): Unknown permission com.google.android.googleapps.permission.GOOGLE_AUTH.mail in package com.android.calendar

W/PackageManager(  607): Not granting permission android.permission.ACCESS_DOWNLOAD_MANAGER to package com.android.browser (protectionLevel=18 flags=0xc9be45)

W/PackageManager(  607): Not granting permission android.permission.SEND_DOWNLOAD_COMPLETED_INTENTS to package com.android.browser (protectionLevel=2 flags=0xc9be45)

W/PackageManager(  607): Unknown permission com.android.launcher.permission.READ_SETTINGS in package com.android.onetimeinitializer

W/PackageManager(  607): Unknown permission com.android.launcher.permission.WRITE_SETTINGS in package com.android.onetimeinitializer

W/SurfaceFlinger(  195): HWC_FRAMEBUFFER_TARGET found in hwc list (index=0)

W/PackageManager(  607): Not granting permission android.permission.BIND_WALLPAPER to package com.android.camera2 (protectionLevel=18 flags=0xd8bc45)

W/PackageManager(  607): Unknown permission android.permission.INSTALL_DRM in package com.android.mms

W/PackageManager(  607): Unknown permission com.cyanogenmod.filemanager.permissions.READ_THEME in package com.cyanogenmod.filemanager

W/PackageManager(  607): Unknown permission android.permission.MMS_PUSH in package org.codeaurora.bluetooth

W/PackageManager(  607): Unknown permission com.google.android.gallery3d.permission.PICASA_STORE in package com.android.dreams.phototable

W/PackageManager(  607): Unknown permission com.google.android.googleapps.permission.GOOGLE_AUTH in package com.android.settings

W/PackageManager(  607): Unknown permission com.android.launcher.permission.READ_SETTINGS in package com.android.settings

W/PackageManager(  607): Unknown permission com.android.launcher.permission.WRITE_SETTINGS in package com.android.settings

W/SurfaceFlinger(  195): HWC_FRAMEBUFFER_TARGET found in hwc list (index=0)

W/PackageManager(  607): Unknown permission android.permission.CHANGE_PRIVACY_GUARD_STATE in package com.android.settings

W/SurfaceFlinger(  195): HWC_FRAMEBUFFER_TARGET found in hwc list (index=0)

W/PackageManager(  607): Unknown permission com.android.launcher.permission.READ_SETTINGS in package com.cyanogenmod.trebuchet

W/PackageManager(  607): Unknown permission com.android.launcher.permission.WRITE_SETTINGS in package com.cyanogenmod.trebuchet

W/PackageManager(  607): Unknown permission com.android.vending.CHECK_LICENSE in package com.speedsoftware.rootexplorer

W/PackageManager(  607): Unknown permission com.google.android.c2dm.permission.RECEIVE in package org.whispersystems.whisperpush

W/PackageManager(  607): Unknown permission com.google.android.googleapps.permission.ACCESS_GOOGLE_PASSWORD in package com.android.development

W/PackageManager(  607): Unknown permission com.google.android.googleapps.permission.GOOGLE_AUTH in package com.android.development

W/PackageManager(  607): Unknown permission com.google.android.googleapps.permission.GOOGLE_AUTH.ALL_SERVICES in package com.android.development

W/SurfaceFlinger(  195): HWC_FRAMEBUFFER_TARGET found in hwc list (index=0)

W/PackageManager(  607): Unknown permission com.google.android.googleapps.permission.GOOGLE_AUTH.YouTubeUser in package com.android.development

W/PackageManager(  607): Not granting permission android.permission.DELETE_PACKAGES to package com.svox.pico (protectionLevel=18 flags=0x88be45)

W/PackageManager(  607): Not granting permission android.permission.DEVICE_POWER to package com.android.deskclock (protectionLevel=2 flags=0xc8be45)

W/PackageManager(  607): Unknown permission com.android.deskclock.worldclock.permissions.WRITE_DATABASE in package com.android.deskclock

W/PackageManager(  607): Unknown permission android.permission.CANCEL_NOTIFICATIONS in package org.cyanogenmod.voiceplus

W/SurfaceFlinger(  195): HWC_FRAMEBUFFER_TARGET found in hwc list (index=0)

W/SurfaceFlinger(  195): HWC_FRAMEBUFFER_TARGET found in hwc list (index=0)

W/SurfaceFlinger(  195): HWC_FRAMEBUFFER_TARGET found in hwc list (index=0)

W/SurfaceFlinger(  195): HWC_FRAMEBUFFER_TARGET found in hwc list (index=0)

W/SurfaceFlinger(  195): HWC_FRAMEBUFFER_TARGET found in hwc list (index=0)

W/SurfaceFlinger(  195): HWC_FRAMEBUFFER_TARGET found in hwc list (index=0)

W/SurfaceFlinger(  195): HWC_FRAMEBUFFER_TARGET found in hwc list (index=0)

W/SurfaceFlinger(  195): HWC_FRAMEBUFFER_TARGET found in hwc list (index=0)

W/SurfaceFlinger(  195): HWC_FRAMEBUFFER_TARGET found in hwc list (index=0)

W/SurfaceFlinger(  195): HWC_FRAMEBUFFER_TARGET found in hwc list (index=0)

W/SurfaceFlinger(  195): HWC_FRAMEBUFFER_TARGET found in hwc list (index=0)

W/SurfaceFlinger(  195): HWC_FRAMEBUFFER_TARGET found in hwc list (index=0)

W/SurfaceFlinger(  195): HWC_FRAMEBUFFER_TARGET found in hwc list (index=0)

W/SurfaceFlinger(  195): HWC_FRAMEBUFFER_TARGET found in hwc list (index=0)

D/Tethering(  607): Exception adding default nw to upstreamIfaceTypes: java.lang.NullPointerException

W/SurfaceFlinger(  195): HWC_FRAMEBUFFER_TARGET found in hwc list (index=0)

W/SurfaceFlinger(  195): HWC_FRAMEBUFFER_TARGET found in hwc list (index=0)

W/SurfaceFlinger(  195): HWC_FRAMEBUFFER_TARGET found in hwc list (index=0)

W/SurfaceFlinger(  195): HWC_FRAMEBUFFER_TARGET found in hwc list (index=0)

W/SurfaceFlinger(  195): HWC_FRAMEBUFFER_TARGET found in hwc list (index=0)

W/SurfaceFlinger(  195): HWC_FRAMEBUFFER_TARGET found in hwc list (index=0)

W/SurfaceFlinger(  195): HWC_FRAMEBUFFER_TARGET found in hwc list (index=0)

W/SurfaceFlinger(  195): HWC_FRAMEBUFFER_TARGET found in hwc list (index=0)

W/SurfaceFlinger(  195): HWC_FRAMEBUFFER_TARGET found in hwc list (index=0)

W/SurfaceFlinger(  195): HWC_FRAMEBUFFER_TARGET found in hwc list (index=0)

W/SurfaceFlinger(  195): HWC_FRAMEBUFFER_TARGET found in hwc list (index=0)

W/SurfaceFlinger(  195): HWC_FRAMEBUFFER_TARGET found in hwc list (index=0)

W/SurfaceFlinger(  195): HWC_FRAMEBUFFER_TARGET found in hwc list (index=0)

W/SurfaceFlinger(  195): HWC_FRAMEBUFFER_TARGET found in hwc list (index=0)

W/SurfaceFlinger(  195): HWC_FRAMEBUFFER_TARGET found in hwc list (index=0)

W/SurfaceFlinger(  195): HWC_FRAMEBUFFER_TARGET found in hwc list (index=0)

W/SurfaceFlinger(  195): HWC_FRAMEBUFFER_TARGET found in hwc list (index=0)

E/dalvikvm(  785): dlopen("/system/lib/libjni_unbundled_latinimegoogle.so") failed: dlopen failed: "/system/lib/libjni_unbundled_latinimegoogle.so" is too small to be an ELF executable

W/SurfaceFlinger(  195): HWC_FRAMEBUFFER_TARGET found in hwc list (index=0)

W/SurfaceFlinger(  195): HWC_FRAMEBUFFER_TARGET found in hwc list (index=0)

W/SurfaceFlinger(  195): HWC_FRAMEBUFFER_TARGET found in hwc list (index=0)

D/BluetoothManagerService(  607): Message: 20

D/BluetoothManagerService(  607): Added callback: android.bluetooth.IBluetoothManagerCallback$Stub$Proxy@41c9dd70:true

D/BluetoothAdapter(  684): 1100783064: getState() :  mService = null. Returning STATE_OFF

D/BluetoothAdapter(  684): 1100783064: getState() :  mService = null. Returning STATE_OFF

W/SurfaceFlinger(  195): HWC_FRAMEBUFFER_TARGET found in hwc list (index=0)

W/SurfaceFlinger(  195): HWC_FRAMEBUFFER_TARGET found in hwc list (index=0)

W/SurfaceFlinger(  195): HWC_FRAMEBUFFER_TARGET found in hwc list (index=0)

W/SurfaceFlinger(  195): HWC_FRAMEBUFFER_TARGET found in hwc list (index=0)

W/SurfaceFlinger(  195): HWC_FRAMEBUFFER_TARGET found in hwc list (index=0)

I/LatinIME(  785): Hardware accelerated drawing: false

W/SurfaceFlinger(  195): HWC_FRAMEBUFFER_TARGET found in hwc list (index=0)

I/QuickSettingsController(  684): Default tiles being loaded

I/QuickSettingsController(  684): Tiles list: toggleUser|toggleBrightness|toggleSettings|toggleWifi|toggleMobileData|toggleGPS|toggleBattery|toggleAirplane|toggleBluetooth

W/SurfaceFlinger(  195): HWC_FRAMEBUFFER_TARGET found in hwc list (index=0)

W/SurfaceFlinger(  195): HWC_FRAMEBUFFER_TARGET found in hwc list (index=0)

W/SurfaceFlinger(  195): HWC_FRAMEBUFFER_TARGET found in hwc list (index=0)

W/SurfaceFlinger(  195): HWC_FRAMEBUFFER_TARGET found in hwc list (index=0)

W/SurfaceFlinger(  195): HWC_FRAMEBUFFER_TARGET found in hwc list (index=0)

W/SurfaceFlinger(  195): HWC_FRAMEBUFFER_TARGET found in hwc list (index=0)

W/SurfaceFlinger(  195): HWC_FRAMEBUFFER_TARGET found in hwc list (index=0)

W/SurfaceFlinger(  195): HWC_FRAMEBUFFER_TARGET found in hwc list (index=0)

W/SurfaceFlinger(  195): HWC_FRAMEBUFFER_TARGET found in hwc list (index=0)

W/SurfaceFlinger(  195): HWC_FRAMEBUFFER_TARGET found in hwc list (index=0)

W/SurfaceFlinger(  195): HWC_FRAMEBUFFER_TARGET found in hwc list (index=0)

W/SurfaceFlinger(  195): HWC_FRAMEBUFFER_TARGET found in hwc list (index=0)

W/SurfaceFlinger(  195): HWC_FRAMEBUFFER_TARGET found in hwc list (index=0)

W/SurfaceFlinger(  195): HWC_FRAMEBUFFER_TARGET found in hwc list (index=0)

W/SurfaceFlinger(  195): HWC_FRAMEBUFFER_TARGET found in hwc list (index=0)

W/SurfaceFlinger(  195): HWC_FRAMEBUFFER_TARGET found in hwc list (index=0)

W/SurfaceFlinger(  195): HWC_FRAMEBUFFER_TARGET found in hwc list (index=0)

W/SurfaceFlinger(  195): HWC_FRAMEBUFFER_TARGET found in hwc list (index=0)

W/SurfaceFlinger(  195): HWC_FRAMEBUFFER_TARGET found in hwc list (index=0)

V/Zygote  (  878): Switching descriptor 31 to /dev/null

V/Zygote  (  878): Switching descriptor 9 to /dev/null

V/Launcher(  833): LauncherAppState inited

W/SurfaceFlinger(  195): HWC_FRAMEBUFFER_TARGET found in hwc list (index=0)

W/SurfaceFlinger(  195): HWC_FRAMEBUFFER_TARGET found in hwc list (index=0)

W/SurfaceFlinger(  195): HWC_FRAMEBUFFER_TARGET found in hwc list (index=0)

W/SurfaceFlinger(  195): HWC_FRAMEBUFFER_TARGET found in hwc list (index=0)

W/SurfaceFlinger(  195): HWC_FRAMEBUFFER_TARGET found in hwc list (index=0)

W/SurfaceFlinger(  195): HWC_FRAMEBUFFER_TARGET found in hwc list (index=0)

W/SurfaceFlinger(  195): HWC_FRAMEBUFFER_TARGET found in hwc list (index=0)

W/SurfaceFlinger(  195): HWC_FRAMEBUFFER_TARGET found in hwc list (index=0)

W/SurfaceFlinger(  195): HWC_FRAMEBUFFER_TARGET found in hwc list (index=0)

W/SurfaceFlinger(  195): HWC_FRAMEBUFFER_TARGET found in hwc list (index=0)

W/SurfaceFlinger(  195): HWC_FRAMEBUFFER_TARGET found in hwc list (index=0)

W/SurfaceFlinger(  195): HWC_FRAMEBUFFER_TARGET found in hwc list (index=0)

W/SurfaceFlinger(  195): HWC_FRAMEBUFFER_TARGET found in hwc list (index=0)

I/ActivityManager(  607): Start proc com.android.printspooler for service com.android.printspooler/.PrintSpoolerService: pid=878 uid=10048 gids={50048}

W/SurfaceFlinger(  195): HWC_FRAMEBUFFER_TARGET found in hwc list (index=0)

W/SurfaceFlinger(  195): HWC_FRAMEBUFFER_TARGET found in hwc list (index=0)

W/SurfaceFlinger(  195): HWC_FRAMEBUFFER_TARGET found in hwc list (index=0)

V/Zygote  (  896): Switching descriptor 31 to /dev/null

V/Zygote  (  896): Switching descriptor 9 to /dev/null

I/ActivityManager(  607): Start proc android.process.acore for content provider com.android.providers.contacts/.ContactsProvider2: pid=896 uid=10003 gids={50003, 3003, 1028, 1015}

W/SurfaceFlinger(  195): HWC_FRAMEBUFFER_TARGET found in hwc list (index=0)

W/InputAttributes(  785): No editor info for this field. Bug?

W/SurfaceFlinger(  195): HWC_FRAMEBUFFER_TARGET found in hwc list (index=0)

W/SurfaceFlinger(  195): HWC_FRAMEBUFFER_TARGET found in hwc list (index=0)

W/SurfaceFlinger(  195): HWC_FRAMEBUFFER_TARGET found in hwc list (index=0)

W/Launcher(  833): setApplicationContext called twice! old=com.android.launcher3.LauncherApplication@419954d0 new=com.android.launcher3.LauncherApplication@419954d0

W/SurfaceFlinger(  195): HWC_FRAMEBUFFER_TARGET found in hwc list (index=0)

D/BluetoothAdapter(  684): 1100783064: getState() :  mService = null. Returning STATE_OFF

W/SurfaceFlinger(  195): HWC_FRAMEBUFFER_TARGET found in hwc list (index=0)

W/SurfaceFlinger(  195): HWC_FRAMEBUFFER_TARGET found in hwc list (index=0)

W/SurfaceFlinger(  195): HWC_FRAMEBUFFER_TARGET found in hwc list (index=0)

D/BluetoothAdapter(  684): 1100783064: getState() :  mService = null. Returning STATE_OFF

D/BluetoothAdapter(  684): 1100783064: getState() :  mService = null. Returning STATE_OFF

I/ResourceUtils(  785): Found default value: resource=keypress_vibration_durations build=[HARDWARE=sony MODEL=Xperia Miro BRAND=Sony MANUFACTURER=Sony] default=-1

I/ResourceUtils(  785): Found default value: resource=keypress_volumes build=[HARDWARE=sony MODEL=Xperia Miro BRAND=Sony MANUFACTURER=Sony] default=-1.0f

W/SurfaceFlinger(  195): HWC_FRAMEBUFFER_TARGET found in hwc list (index=0)

W/SurfaceFlinger(  195): HWC_FRAMEBUFFER_TARGET found in hwc list (index=0)

W/SurfaceFlinger(  195): HWC_FRAMEBUFFER_TARGET found in hwc list (index=0)

W/SurfaceFlinger(  195): HWC_FRAMEBUFFER_TARGET found in hwc list (index=0)

E/AudioPolicyManager7627a(  199): getDeviceForStrategy() no device found for STRATEGY_MEDIA

E/AudioPolicyManager7627a(  199): getDeviceForStrategy() speaker device not found for STRATEGY_SONIFICATION

E/AudioPolicyManager7627a(  199): getDeviceForStrategy() no device found for STRATEGY_MEDIA

E/AudioPolicyManager7627a(  199): getDeviceForStrategy() speaker device not found for STRATEGY_SONIFICATION

E/AudioPolicyManager7627a(  199): getDeviceForStrategy() no device found for STRATEGY_MEDIA

E/AudioPolicyManager7627a(  199): getDeviceForStrategy() no device found for STRATEGY_MEDIA

E/AudioPolicyManager7627a(  199): getDeviceForStrategy() no device found for STRATEGY_MEDIA

E/AudioPolicyManager7627a(  199): getDeviceForStrategy() no device found for STRATEGY_MEDIA

E/AudioPolicyManager7627a(  199): getDeviceForStrategy() speaker device not found for STRATEGY_SONIFICATION

E/AudioPolicyManager7627a(  199): getDeviceForStrategy() no device found for STRATEGY_MEDIA

E/AudioPolicyManager7627a(  199): getDeviceForStrategy() speaker device not found for STRATEGY_SONIFICATION

E/AudioPolicyManager7627a(  199): getDeviceForStrategy() no device found for STRATEGY_MEDIA

E/AudioPolicyManager7627a(  199): getDeviceForStrategy() no device found for STRATEGY_MEDIA

E/AudioPolicyManager7627a(  199): getDeviceForStrategy() no device found for STRATEGY_MEDIA

W/SurfaceFlinger(  195): HWC_FRAMEBUFFER_TARGET found in hwc list (index=0)

I/MediaFocusControl(  607):   Remote Control   registerMediaButtonIntent() for PendingIntent{41bc42c8: PendingIntentRecord{41ab0400 android broadcastIntent}}

W/SurfaceFlinger(  195): HWC_FRAMEBUFFER_TARGET found in hwc list (index=0)

W/SurfaceFlinger(  195): HWC_FRAMEBUFFER_TARGET found in hwc list (index=0)

I/LatinIME:LogUtils(  785): Dictionary info: dictionary = userunigram.en_US.dict ; version = ? ; date = ?

I/PrintSpoolerService(  878): No existing print spooler state.

W/SurfaceFlinger(  195): HWC_FRAMEBUFFER_TARGET found in hwc list (index=0)

W/SurfaceFlinger(  195): HWC_FRAMEBUFFER_TARGET found in hwc list (index=0)

W/SurfaceFlinger(  195): HWC_FRAMEBUFFER_TARGET found in hwc list (index=0)

W/SurfaceFlinger(  195): HWC_FRAMEBUFFER_TARGET found in hwc list (index=0)

W/SurfaceFlinger(  195): HWC_FRAMEBUFFER_TARGET found in hwc list (index=0)

D/BluetoothManagerService(  607): Message: 300

D/BluetoothManagerService(  607): MESSAGE_USER_SWITCHED

W/SurfaceFlinger(  195): HWC_FRAMEBUFFER_TARGET found in hwc list (index=0)

W/SurfaceFlinger(  195): HWC_FRAMEBUFFER_TARGET found in hwc list (index=0)

W/SurfaceFlinger(  195): HWC_FRAMEBUFFER_TARGET found in hwc list (index=0)

V/BackupManagerService(  607): Connected to transport ComponentInfo{android/com.android.internal.backup.LocalTransportService}

V/BackupManagerService(  607): Registering transport android/com.android.internal.backup.LocalTransportService::android/com.android.internal.backup.LocalTransport = com.android.internal.backup.LocalTransport@41c95358

W/SurfaceFlinger(  195): HWC_FRAMEBUFFER_TARGET found in hwc list (index=0)

W/SurfaceFlinger(  195): HWC_FRAMEBUFFER_TARGET found in hwc list (index=0)

W/SurfaceFlinger(  195): HWC_FRAMEBUFFER_TARGET found in hwc list (index=0)

W/SurfaceFlinger(  195): HWC_FRAMEBUFFER_TARGET found in hwc list (index=0)

W/SurfaceFlinger(  195): HWC_FRAMEBUFFER_TARGET found in hwc list (index=0)

W/SurfaceFlinger(  195): HWC_FRAMEBUFFER_TARGET found in hwc list (index=0)

W/SurfaceFlinger(  195): HWC_FRAMEBUFFER_TARGET found in hwc list (index=0)

W/SurfaceFlinger(  195): HWC_FRAMEBUFFER_TARGET found in hwc list (index=0)

W/SurfaceFlinger(  195): HWC_FRAMEBUFFER_TARGET found in hwc list (index=0)

W/SurfaceFlinger(  195): HWC_FRAMEBUFFER_TARGET found in hwc list (index=0)

I/LatinIME:LogUtils(  785): Dictionary info: dictionary = ? ; version = 26 ; date = 1351062238

W/SurfaceFlinger(  195): HWC_FRAMEBUFFER_TARGET found in hwc list (index=0)

W/SurfaceFlinger(  195): HWC_FRAMEBUFFER_TARGET found in hwc list (index=0)

D/Tethering(  607): Exception adding default nw to upstreamIfaceTypes: java.lang.NullPointerException

W/SurfaceFlinger(  195): HWC_FRAMEBUFFER_TARGET found in hwc list (index=0)

W/SurfaceFlinger(  195): HWC_FRAMEBUFFER_TARGET found in hwc list (index=0)

V/Zygote  (  924): Switching descriptor 31 to /dev/null

V/Zygote  (  924): Switching descriptor 9 to /dev/null

W/SurfaceFlinger(  195): HWC_FRAMEBUFFER_TARGET found in hwc list (index=0)

W/SurfaceFlinger(  195): HWC_FRAMEBUFFER_TARGET found in hwc list (index=0)

W/SurfaceFlinger(  195): HWC_FRAMEBUFFER_TARGET found in hwc list (index=0)

W/SurfaceFlinger(  195): HWC_FRAMEBUFFER_TARGET found in hwc list (index=0)

W/SurfaceFlinger(  195): HWC_FRAMEBUFFER_TARGET found in hwc list (index=0)

W/SurfaceFlinger(  195): HWC_FRAMEBUFFER_TARGET found in hwc list (index=0)

W/SurfaceFlinger(  195): HWC_FRAMEBUFFER_TARGET found in hwc list (index=0)

W/SurfaceFlinger(  195): HWC_FRAMEBUFFER_TARGET found in hwc list (index=0)

W/SurfaceFlinger(  195): HWC_FRAMEBUFFER_TARGET found in hwc list (index=0)

W/SurfaceFlinger(  195): HWC_FRAMEBUFFER_TARGET found in hwc list (index=0)

I/ActivityManager(  607): Start proc com.android.smspush for service com.android.smspush/.WapPushManager: pid=924 uid=10054 gids={50054}

D/Tethering(  607): Exception adding default nw to upstreamIfaceTypes: java.lang.NullPointerException

W/SurfaceFlinger(  195): HWC_FRAMEBUFFER_TARGET found in hwc list (index=0)

W/SurfaceFlinger(  195): HWC_FRAMEBUFFER_TARGET found in hwc list (index=0)

W/SurfaceFlinger(  195): HWC_FRAMEBUFFER_TARGET found in hwc list (index=0)

W/SurfaceFlinger(  195): HWC_FRAMEBUFFER_TARGET found in hwc list (index=0)

W/SurfaceFlinger(  195): HWC_FRAMEBUFFER_TARGET found in hwc list (index=0)

W/SurfaceFlinger(  195): HWC_FRAMEBUFFER_TARGET found in hwc list (index=0)

W/SurfaceFlinger(  195): HWC_FRAMEBUFFER_TARGET found in hwc list (index=0)

W/SurfaceFlinger(  195): HWC_FRAMEBUFFER_TARGET found in hwc list (index=0)

W/SurfaceFlinger(  195): HWC_FRAMEBUFFER_TARGET found in hwc list (index=0)

W/SurfaceFlinger(  195): HWC_FRAMEBUFFER_TARGET found in hwc list (index=0)

W/SurfaceFlinger(  195): HWC_FRAMEBUFFER_TARGET found in hwc list (index=0)

W/SurfaceFlinger(  195): HWC_FRAMEBUFFER_TARGET found in hwc list (index=0)

W/SurfaceFlinger(  195): HWC_FRAMEBUFFER_TARGET found in hwc list (index=0)

W/SurfaceFlinger(  195): HWC_FRAMEBUFFER_TARGET found in hwc list (index=0)

W/SurfaceFlinger(  195): HWC_FRAMEBUFFER_TARGET found in hwc list (index=0)

W/SurfaceFlinger(  195): HWC_FRAMEBUFFER_TARGET found in hwc list (index=0)

W/SurfaceFlinger(  195): HWC_FRAMEBUFFER_TARGET found in hwc list (index=0)

W/SurfaceFlinger(  195): HWC_FRAMEBUFFER_TARGET found in hwc list (index=0)

W/SurfaceFlinger(  195): HWC_FRAMEBUFFER_TARGET found in hwc list (index=0)

W/SurfaceFlinger(  195): HWC_FRAMEBUFFER_TARGET found in hwc list (index=0)

W/SurfaceFlinger(  195): HWC_FRAMEBUFFER_TARGET found in hwc list (index=0)

W/SurfaceFlinger(  195): HWC_FRAMEBUFFER_TARGET found in hwc list (index=0)

W/SurfaceFlinger(  195): HWC_FRAMEBUFFER_TARGET found in hwc list (index=0)

W/SurfaceFlinger(  195): HWC_FRAMEBUFFER_TARGET found in hwc list (index=0)

W/SurfaceFlinger(  195): HWC_FRAMEBUFFER_TARGET found in hwc list (index=0)

W/SurfaceFlinger(  195): HWC_FRAMEBUFFER_TARGET found in hwc list (index=0)

W/SurfaceFlinger(  195): HWC_FRAMEBUFFER_TARGET found in hwc list (index=0)

W/SurfaceFlinger(  195): HWC_FRAMEBUFFER_TARGET found in hwc list (index=0)

W/SurfaceFlinger(  195): HWC_FRAMEBUFFER_TARGET found in hwc list (index=0)

W/SurfaceFlinger(  195): HWC_FRAMEBUFFER_TARGET found in hwc list (index=0)

W/SurfaceFlinger(  195): HWC_FRAMEBUFFER_TARGET found in hwc list (index=0)

W/SurfaceFlinger(  195): HWC_FRAMEBUFFER_TARGET found in hwc list (index=0)

W/SurfaceFlinger(  195): HWC_FRAMEBUFFER_TARGET found in hwc list (index=0)

W/SurfaceFlinger(  195): HWC_FRAMEBUFFER_TARGET found in hwc list (index=0)

I/auditd  (  949): Starting up

E/auditd  (  949): Failed on audit_set_pid with error: Protocol not supported

I/auditd  (  949): Exiting

W/SurfaceFlinger(  195): HWC_FRAMEBUFFER_TARGET found in hwc list (index=0)

W/SurfaceFlinger(  195): HWC_FRAMEBUFFER_TARGET found in hwc list (index=0)

W/SurfaceFlinger(  195): HWC_FRAMEBUFFER_TARGET found in hwc list (index=0)

W/SurfaceFlinger(  195): HWC_FRAMEBUFFER_TARGET found in hwc list (index=0)

W/SurfaceFlinger(  195): HWC_FRAMEBUFFER_TARGET found in hwc list (index=0)

W/SurfaceFlinger(  195): HWC_FRAMEBUFFER_TARGET found in hwc list (index=0)

W/SurfaceFlinger(  195): HWC_FRAMEBUFFER_TARGET found in hwc list (index=0)

W/SurfaceFlinger(  195): HWC_FRAMEBUFFER_TARGET found in hwc list (index=0)

W/SurfaceFlinger(  195): HWC_FRAMEBUFFER_TARGET found in hwc list (index=0)

E/AppsCustomizePagedView(  833): Widget ComponentInfo{com.android.calculator2/com.android.calculator2.CalculatorWidget} can not fit on this device (250, 250)

E/AppsCustomizePagedView(  833): Widget ComponentInfo{com.android.mms/com.android.mms.widget.MmsWidgetProvider} can not fit on this device (220, 220)

W/SurfaceFlinger(  195): HWC_FRAMEBUFFER_TARGET found in hwc list (index=0)

W/SurfaceFlinger(  195): HWC_FRAMEBUFFER_TARGET found in hwc list (index=0)

W/SurfaceFlinger(  195): HWC_FRAMEBUFFER_TARGET found in hwc list (index=0)

D/Launcher.Model(  833): Skipped loading out of bounds shortcut: ShortcutInfo(title=Apollointent=Intent { act=android.intent.action.MAIN cat=[android.intent.category.LAUNCHER] flg=0x10200000 cmp=com.andrew.apollo/.ui.activities.HomeActivity }id=4 type=0 container=-100 screen=1 cellX=0 cellY=3 spanX=1 spanY=1 dropPos=null), 4.0x3.0

W/SurfaceFlinger(  195): HWC_FRAMEBUFFER_TARGET found in hwc list (index=0)

D/Launcher.Model(  833): Skipped loading out of bounds shortcut: ShortcutInfo(title=DSP Managerintent=Intent { act=android.intent.action.MAIN cat=[android.intent.category.LAUNCHER] flg=0x10200000 cmp=com.bel.android.dspmanager/.activity.DSPManager }id=6 type=0 container=-100 screen=1 cellX=3 cellY=3 spanX=1 spanY=1 dropPos=null), 4.0x3.0

W/SurfaceFlinger(  195): HWC_FRAMEBUFFER_TARGET found in hwc list (index=0)

W/SurfaceFlinger(  195): HWC_FRAMEBUFFER_TARGET found in hwc list (index=0)

D/Launcher.Model(  833): Skipped loading out of bounds shortcut: ShortcutInfo(title=Galleryintent=Intent { act=android.intent.action.MAIN cat=[android.intent.category.LAUNCHER] flg=0x10200000 cmp=com.android.gallery3d/.app.Gallery }id=9 type=0 container=-100 screen=2 cellX=0 cellY=3 spanX=1 spanY=1 dropPos=null), 4.0x3.0

W/SurfaceFlinger(  195): HWC_FRAMEBUFFER_TARGET found in hwc list (index=0)

W/SurfaceFlinger(  195): HWC_FRAMEBUFFER_TARGET found in hwc list (index=0)

W/SurfaceFlinger(  195): HWC_FRAMEBUFFER_TARGET found in hwc list (index=0)

I/FusedLocation(  607): engine stopped (com.android.location.fused)

I/FusedLocation(  607): engine started (com.android.location.fused)

W/Searchables(  607): No global search activity found

I/FusedLocation(  607): engine started (com.android.location.fused)

W/SurfaceFlinger(  195): HWC_FRAMEBUFFER_TARGET found in hwc list (index=0)

I/LatinIME:LogUtils(  785): Dictionary info: dictionary = UserHistoryDictionary.en_US.dic ; version = ? ; date = 1394302793

I/LatinIME:LogUtils(  785): Dictionary info: dictionary = personalization.en_US.dict ; version = ? ; date = 1394302793

I/LatinIME:LogUtils(  785): Dictionary info: dictionary = PersonalizationPredictionDictio ; version = ? ; date = 1394302793

W/SurfaceFlinger(  195): HWC_FRAMEBUFFER_TARGET found in hwc list (index=0)

W/SurfaceFlinger(  195): HWC_FRAMEBUFFER_TARGET found in hwc list (index=0)

W/SurfaceFlinger(  195): HWC_FRAMEBUFFER_TARGET found in hwc list (index=0)

W/SurfaceFlinger(  195): HWC_FRAMEBUFFER_TARGET found in hwc list (index=0)

D/Launcher.Model(  833): Skipped loading out of bounds shortcut: ShortcutInfo(title=Settingsintent=Intent { act=android.intent.action.MAIN cat=[android.intent.category.LAUNCHER] flg=0x10200000 cmp=com.android.settings/.Settings }id=11 type=0 container=-100 screen=2 cellX=3 cellY=3 spanX=1 spanY=1 dropPos=null), 4.0x3.0

W/SurfaceFlinger(  195): HWC_FRAMEBUFFER_TARGET found in hwc list (index=0)

D/PhoneStatusBar(  684): disable: < expand icons alerts ticker system_info back home recent clock search >

W/SurfaceFlinger(  195): HWC_FRAMEBUFFER_TARGET found in hwc list (index=0)

W/SurfaceFlinger(  195): HWC_FRAMEBUFFER_TARGET found in hwc list (index=0)

W/SurfaceFlinger(  195): HWC_FRAMEBUFFER_TARGET found in hwc list (index=0)

W/SurfaceFlinger(  195): HWC_FRAMEBUFFER_TARGET found in hwc list (index=0)

W/SurfaceFlinger(  195): HWC_FRAMEBUFFER_TARGET found in hwc list (index=0)

W/SurfaceFlinger(  195): HWC_FRAMEBUFFER_TARGET found in hwc list (index=0)

I/PackageManager(  607):   Action: "android.intent.action.SENDTO"

I/PackageManager(  607):   Category: "android.intent.category.DEFAULT"

I/PackageManager(  607):   Scheme: "sms"

I/PackageManager(  607): Adding preferred activity ComponentInfo{com.android.mms/com.android.mms.ui.ComposeMessageActivity} for user 0 :

W/SurfaceFlinger(  195): HWC_FRAMEBUFFER_TARGET found in hwc list (index=0)

W/SurfaceFlinger(  195): HWC_FRAMEBUFFER_TARGET found in hwc list (index=0)

W/SurfaceFlinger(  195): HWC_FRAMEBUFFER_TARGET found in hwc list (index=0)

I/PackageManager(  607):   Action: "android.intent.action.SENDTO"

I/PackageManager(  607):   Category: "android.intent.category.DEFAULT"

I/PackageManager(  607): Adding preferred activity ComponentInfo{com.android.mms/com.android.mms.ui.ComposeMessageActivity} for user 0 :

I/PackageManager(  607):   Scheme: "smsto"

W/SurfaceFlinger(  195): HWC_FRAMEBUFFER_TARGET found in hwc list (index=0)

W/SurfaceFlinger(  195): HWC_FRAMEBUFFER_TARGET found in hwc list (index=0)

W/SurfaceFlinger(  195): HWC_FRAMEBUFFER_TARGET found in hwc list (index=0)

