I/Installer( 1581): connecting...
E/Installer( 1581): read exception
I/Installer( 1581): disconnecting...
I/PackageManager( 1581): /system/priv-app/CMS.apk changed; collecting certs
E/PackageParser( 1581): Package com.cyanogenmod.services has no certificates at entry AndroidManifest.xml; ignoring!
W/PackageManager( 1581): Failed verifying certificates for package:com.cyanogenmod.services
I/PackageManager( 1581): /system/priv-app/CalendarProvider.apk changed; collecting certs
I/PackageManager( 1581): New shared user android.uid.calendar: id=10001
I/installd(  182): new connection
E/installd(  182): invalid size 29811
I/installd(  182): closing connection
I/Installer( 1581): connecting...
E/Installer( 1581): read exception
I/Installer( 1581): disconnecting...
W/PackageParser( 1581): No actions in intent filter at /system/priv-app/Contacts.apk Binary XML file line #375
I/PackageManager( 1581): /system/priv-app/Contacts.apk changed; collecting certs
I/PackageManager( 1581): New shared user android.uid.shared: id=10002
I/installd(  182): new connection
E/installd(  182): invalid size 29811
I/installd(  182): closing connection
I/Installer( 1581): connecting...
E/Installer( 1581): read exception
I/Installer( 1581): disconnecting...
I/PackageManager( 1581): /system/priv-app/ContactsProvider.apk changed; collecting certs
I/installd(  182): new connection
E/installd(  182): invalid size 29811
I/installd(  182): closing connection
I/PackageManager( 1581): /system/priv-app/DefaultContainerService.apk changed; collecting certs
I/Installer( 1581): connecting...
E/Installer( 1581): read exception
I/Installer( 1581): disconnecting...
I/installd(  182): new connection
E/installd(  182): invalid size 29811
I/installd(  182): closing connection
I/Installer( 1581): connecting...
E/Installer( 1581): read exception
I/Installer( 1581): disconnecting...
W/PackageParser( 1581): No actions in intent filter at /system/priv-app/Dialer.apk Binary XML file line #189
I/PackageManager( 1581): /system/priv-app/Dialer.apk changed; collecting certs
I/PackageManager( 1581): New shared user com.android.dialer: id=10004
I/installd(  182): new connection
E/installd(  182): invalid size 29811
I/installd(  182): closing connection
I/Installer( 1581): connecting...
E/Installer( 1581): read exception
I/Installer( 1581): disconnecting...
I/PackageManager( 1581): /system/priv-app/DownloadProvider.apk changed; collecting certs
I/PackageManager( 1581): New shared user android.media: id=10005
I/installd(  182): new connection
E/installd(  182): invalid size 29811
I/installd(  182): closing connection
I/Installer( 1581): connecting...
E/Installer( 1581): read exception
I/Installer( 1581): disconnecting...
I/PackageManager( 1581): /system/priv-app/ExternalStorageProvider.apk changed; collecting certs
I/installd(  182): new connection
E/installd(  182): invalid size 29811
I/installd(  182): closing connection
I/Installer( 1581): connecting...
E/Installer( 1581): read exception
I/Installer( 1581): disconnecting...
I/PackageManager( 1581): /system/priv-app/FusedLocation.apk changed; collecting certs
I/installd(  182): new connection
E/installd(  182): invalid size 29811
I/installd(  182): closing connection
I/Installer( 1581): connecting...
E/Installer( 1581): read exception
I/Installer( 1581): disconnecting...
I/PackageManager( 1581): /system/priv-app/InputDevices.apk changed; collecting certs
I/Installer( 1581): connecting...
I/installd(  182): new connection
E/installd(  182): invalid size 29811
I/installd(  182): closing connection
E/Installer( 1581): read exception
I/Installer( 1581): disconnecting...
I/PackageManager( 1581): /system/priv-app/Keyguard.apk changed; collecting certs
I/PackageManager( 1581): New shared user android.uid.systemui: id=10007
I/installd(  182): new connection
E/installd(  182): invalid size 29811
I/installd(  182): closing connection
I/Installer( 1581): connecting...
E/Installer( 1581): read exception
I/Installer( 1581): disconnecting...
I/PackageManager( 1581): /system/priv-app/MediaProvider.apk changed; collecting certs
I/installd(  182): new connection
E/installd(  182): invalid size 29811
I/installd(  182): closing connection
I/Installer( 1581): connecting...
E/Installer( 1581): read exception
I/Installer( 1581): disconnecting...
I/PackageManager( 1581): /system/priv-app/Mms.apk changed; collecting certs
I/installd(  182): new connection
E/installd(  182): invalid size 29811
I/installd(  182): closing connection
I/PackageManager( 1581): /system/priv-app/OneTimeInitializer.apk changed; collecting certs
I/Installer( 1581): connecting...
E/Installer( 1581): read exception
I/Installer( 1581): disconnecting...
I/installd(  182): new connection
E/installd(  182): invalid size 29811
I/installd(  182): closing connection
I/Installer( 1581): connecting...
E/Installer( 1581): read exception
I/Installer( 1581): disconnecting...
I/PackageManager( 1581): /system/priv-app/PicoTts.apk changed; collecting certs
I/installd(  182): new connection
E/installd(  182): invalid size 29811
I/installd(  182): closing connection
I/PackageManager( 1581): /system/priv-app/ProxyHandler.apk changed; collecting certs
I/Installer( 1581): connecting...
E/Installer( 1581): read exception
I/Installer( 1581): disconnecting...
I/installd(  182): new connection
E/installd(  182): invalid size 29811
I/installd(  182): closing connection
I/Installer( 1581): connecting...
E/Installer( 1581): read exception
I/Installer( 1581): disconnecting...
I/PackageManager( 1581): /system/priv-app/Settings.apk changed; collecting certs
I/installd(  182): new connection
E/installd(  182): invalid size 29811
I/installd(  182): closing connection
I/Installer( 1581): connecting...
E/Installer( 1581): read exception
I/Installer( 1581): disconnecting...
I/PackageManager( 1581): /system/priv-app/SettingsProvider.apk changed; collecting certs
I/installd(  182): new connection
E/installd(  182): invalid size 29811
I/installd(  182): closing connection
I/Installer( 1581): connecting...
E/Installer( 1581): read exception
I/PackageManager( 1581): /system/priv-app/SharedStorageBackup.apk changed; collecting certs
I/Installer( 1581): disconnecting...
I/installd(  182): new connection
I/Installer( 1581): connecting...
E/installd(  182): invalid size 29811
I/installd(  182): closing connection
E/Installer( 1581): read exception
I/Installer( 1581): disconnecting...
I/PackageManager( 1581): /system/priv-app/Shell.apk changed; collecting certs
I/Installer( 1581): connecting...
I/installd(  182): new connection
E/installd(  182): invalid size 29811
I/installd(  182): closing connection
E/Installer( 1581): read exception
I/Installer( 1581): disconnecting...
I/PackageManager( 1581): /system/priv-app/SystemUI.apk changed; collecting certs
I/installd(  182): new connection
E/installd(  182): invalid size 29811
I/installd(  182): closing connection
I/Installer( 1581): connecting...
E/Installer( 1581): read exception
I/Installer( 1581): disconnecting...
I/PackageManager( 1581): /system/priv-app/TeleService.apk changed; collecting certs
I/installd(  182): new connection
E/installd(  182): invalid size 29811
I/installd(  182): closing connection
I/Installer( 1581): connecting...
E/Installer( 1581): read exception
I/Installer( 1581): disconnecting...
I/PackageManager( 1581): /system/priv-app/ThemeChooser.apk changed; collecting certs
I/PackageManager( 1581): New shared user org.cyanogenmod.themes: id=10013
I/installd(  182): new connection
E/installd(  182): invalid size 29811
I/installd(  182): closing connection
I/Installer( 1581): connecting...
E/Installer( 1581): read exception
I/Installer( 1581): disconnecting...
W/ResourceType( 1581): Failure getting entry for 0x7f020000 (t=1 e=0) in package 0 (error -75)
I/PackageManager( 1581): /system/priv-app/ThemesProvider.apk changed; collecting certs
I/Installer( 1581): connecting...
I/installd(  182): new connection
E/installd(  182): invalid size 29811
I/installd(  182): closing connection
E/Installer( 1581): read exception
I/Installer( 1581): disconnecting...
I/PackageManager( 1581): /system/priv-app/Trebuchet.apk changed; collecting certs
I/installd(  182): new connection
E/installd(  182): invalid size 29811
I/installd(  182): closing connection
I/Installer( 1581): connecting...
E/Installer( 1581): read exception
I/Installer( 1581): disconnecting...
I/PackageManager( 1581): /system/priv-app/VoiceDialer.apk changed; collecting certs
I/auditd  ( 1613): Starting up
E/auditd  ( 1613): Failed on audit_set_pid with error: Protocol not supported
I/auditd  ( 1613): Exiting
I/Installer( 1581): connecting...
I/installd(  182): new connection
E/installd(  182): invalid size 29811
I/installd(  182): closing connection
I/PackageManager( 1581): /system/priv-app/VpnDialogs.apk changed; collecting certs
E/Installer( 1581): read exception
I/Installer( 1581): disconnecting...
I/Installer( 1581): connecting...
I/installd(  182): new connection
E/installd(  182): invalid size 29811
I/installd(  182): closing connection
E/Installer( 1581): read exception
I/Installer( 1581): disconnecting...
I/PackageManager( 1581): /system/priv-app/WallpaperCropper.apk changed; collecting certs
I/installd(  182): new connection
I/Installer( 1581): connecting...
E/installd(  182): invalid size 29811
I/installd(  182): closing connection
D/asset   ( 1581): failed to open Zip archive '/system/priv-app/GoogleOneTimeInitializer.apk'
D/asset   ( 1581): failed to open Zip archive '/system/priv-app/GoogleLoginService.apk'
E/Installer( 1581): read exception
I/Installer( 1581): disconnecting...
W/PackageParser( 1581): Unable to read AndroidManifest.xml of /system/priv-app/GoogleOneTimeInitializer.apk
W/PackageParser( 1581): java.io.FileNotFoundException: AndroidManifest.xml
W/PackageParser( 1581): 	at android.content.res.AssetManager.openXmlAssetNative(Native Method)
W/PackageParser( 1581): 	at android.content.res.AssetManager.openXmlBlockAsset(AssetManager.java:507)
W/PackageParser( 1581): 	at android.content.res.AssetManager.openXmlResourceParser(AssetManager.java:475)
W/PackageParser( 1581): 	at android.content.pm.PackageParser.parsePackage(PackageParser.java:576)
W/PackageParser( 1581): 	at com.android.server.pm.PackageManagerService.scanPackageLI(PackageManagerService.java:3749)
W/PackageParser( 1581): 	at com.android.server.pm.PackageManagerService.scanDirLI(PackageManagerService.java:3672)
W/PackageParser( 1581): 	at com.android.server.pm.PackageManagerService.<init>(PackageManagerService.java:1387)
W/PackageParser( 1581): 	at com.android.server.pm.PackageManagerService.main(PackageManagerService.java:1126)
W/PackageParser( 1581): 	at com.android.server.ServerThread.initAndLoop(SystemServer.java:308)
W/PackageParser( 1581): 	at com.android.server.SystemServer.main(SystemServer.java:1406)
W/PackageParser( 1581): 	at java.lang.reflect.Method.invokeNative(Native Method)
W/PackageParser( 1581): 	at java.lang.reflect.Method.invoke(Method.java:515)
W/PackageParser( 1581): 	at com.android.internal.os.ZygoteInit$MethodAndArgsCaller.run(ZygoteInit.java:789)
W/PackageParser( 1581): 	at com.android.internal.os.ZygoteInit.main(ZygoteInit.java:605)
W/PackageParser( 1581): 	at dalvik.system.NativeStart.main(Native Method)
D/asset   ( 1581): failed to open Zip archive '/system/priv-app/talkback.apk'
D/asset   ( 1581): failed to open Zip archive '/system/priv-app/GoogleServicesFramework.apk'
W/PackageParser( 1581): Unable to read AndroidManifest.xml of /system/priv-app/GoogleLoginService.apk
W/PackageParser( 1581): java.io.FileNotFoundException: AndroidManifest.xml
W/PackageParser( 1581): 	at android.content.res.AssetManager.openXmlAssetNative(Native Method)
W/PackageParser( 1581): 	at android.content.res.AssetManager.openXmlBlockAsset(AssetManager.java:507)
W/PackageParser( 1581): 	at android.content.res.AssetManager.openXmlResourceParser(AssetManager.java:475)
W/PackageParser( 1581): 	at android.content.pm.PackageParser.parsePackage(PackageParser.java:576)
W/PackageParser( 1581): 	at com.android.server.pm.PackageManagerService.scanPackageLI(PackageManagerService.java:3749)
W/PackageParser( 1581): 	at com.android.server.pm.PackageManagerService.scanDirLI(PackageManagerService.java:3672)
W/PackageParser( 1581): 	at com.android.server.pm.PackageManagerService.<init>(PackageManagerService.java:1387)
W/PackageParser( 1581): 	at com.android.server.pm.PackageManagerService.main(PackageManagerService.java:1126)
W/PackageParser( 1581): 	at com.android.server.ServerThread.initAndLoop(SystemServer.java:308)
W/PackageParser( 1581): 	at com.android.server.SystemServer.main(SystemServer.java:1406)
W/PackageParser( 1581): 	at java.lang.reflect.Method.invokeNative(Native Method)
W/PackageParser( 1581): 	at java.lang.reflect.Method.invoke(Method.java:515)
W/PackageParser( 1581): 	at com.android.internal.os.ZygoteInit$MethodAndArgsCaller.run(ZygoteInit.java:789)
W/PackageParser( 1581): 	at com.android.internal.os.ZygoteInit.main(ZygoteInit.java:605)
W/PackageParser( 1581): 	at dalvik.system.NativeStart.main(Native Method)
W/PackageParser( 1581): Unable to read AndroidManifest.xml of /system/priv-app/talkback.apk
W/PackageParser( 1581): java.io.FileNotFoundException: AndroidManifest.xml
W/PackageParser( 1581): 	at android.content.res.AssetManager.openXmlAssetNative(Native Method)
W/PackageParser( 1581): 	at android.content.res.AssetManager.openXmlBlockAsset(AssetManager.java:507)
W/PackageParser( 1581): 	at android.content.res.AssetManager.openXmlResourceParser(AssetManager.java:475)
W/PackageParser( 1581): 	at android.content.pm.PackageParser.parsePackage(PackageParser.java:576)
W/PackageParser( 1581): 	at com.android.server.pm.PackageManagerService.scanPackageLI(PackageManagerService.java:3749)
W/PackageParser( 1581): 	at com.android.server.pm.PackageManagerService.scanDirLI(PackageManagerService.java:3672)
W/PackageParser( 1581): 	at com.android.server.pm.PackageManagerService.<init>(PackageManagerService.java:1387)
W/PackageParser( 1581): 	at com.android.server.pm.PackageManagerService.main(PackageManagerService.java:1126)
W/PackageParser( 1581): 	at com.android.server.ServerThread.initAndLoop(SystemServer.java:308)
W/PackageParser( 1581): 	at com.android.server.SystemServer.main(SystemServer.java:1406)
W/PackageParser( 1581): 	at java.lang.reflect.Method.invokeNative(Native Method)
W/PackageParser( 1581): 	at java.lang.reflect.Method.invoke(Method.java:515)
W/PackageParser( 1581): 	at com.android.internal.os.ZygoteInit$MethodAndArgsCaller.run(ZygoteInit.java:789)
W/PackageParser( 1581): 	at com.android.internal.os.ZygoteInit.main(ZygoteInit.java:605)
W/PackageParser( 1581): 	at dalvik.system.NativeStart.main(Native Method)
D/asset   ( 1581): failed to open Zip archive '/system/priv-app/GoogleFeedback.apk'
W/PackageParser( 1581): Unable to read AndroidManifest.xml of /system/priv-app/GoogleServicesFramework.apk
W/PackageParser( 1581): java.io.FileNotFoundException: AndroidManifest.xml
W/PackageParser( 1581): 	at android.content.res.AssetManager.openXmlAssetNative(Native Method)
W/PackageParser( 1581): 	at android.content.res.AssetManager.openXmlBlockAsset(AssetManager.java:507)
W/PackageParser( 1581): 	at android.content.res.AssetManager.openXmlResourceParser(AssetManager.java:475)
W/PackageParser( 1581): 	at android.content.pm.PackageParser.parsePackage(PackageParser.java:576)
W/PackageParser( 1581): 	at com.android.server.pm.PackageManagerService.scanPackageLI(PackageManagerService.java:3749)
W/PackageParser( 1581): 	at com.android.server.pm.PackageManagerService.scanDirLI(PackageManagerService.java:3672)
W/PackageParser( 1581): 	at com.android.server.pm.PackageManagerService.<init>(PackageManagerService.java:1387)
W/PackageParser( 1581): 	at com.android.server.pm.PackageManagerService.main(PackageManagerService.java:1126)
W/PackageParser( 1581): 	at com.android.server.ServerThread.initAndLoop(SystemServer.java:308)
W/PackageParser( 1581): 	at com.android.server.SystemServer.main(SystemServer.java:1406)
W/PackageParser( 1581): 	at java.lang.reflect.Method.invokeNative(Native Method)
W/PackageParser( 1581): 	at java.lang.reflect.Method.invoke(Method.java:515)
W/PackageParser( 1581): 	at com.android.internal.os.ZygoteInit$MethodAndArgsCaller.run(ZygoteInit.java:789)
W/PackageParser( 1581): 	at com.android.internal.os.ZygoteInit.main(ZygoteInit.java:605)
W/PackageParser( 1581): 	at dalvik.system.NativeStart.main(Native Method)
D/asset   ( 1581): failed to open Zip archive '/system/priv-app/GoogleBackupTransport.apk'
W/PackageParser( 1581): Unable to read AndroidManifest.xml of /system/priv-app/GoogleFeedback.apk
W/PackageParser( 1581): java.io.FileNotFoundException: AndroidManifest.xml
W/PackageParser( 1581): 	at android.content.res.AssetManager.openXmlAssetNative(Native Method)
W/PackageParser( 1581): 	at android.content.res.AssetManager.openXmlBlockAsset(AssetManager.java:507)
W/PackageParser( 1581): 	at android.content.res.AssetManager.openXmlResourceParser(AssetManager.java:475)
W/PackageParser( 1581): 	at android.content.pm.PackageParser.parsePackage(PackageParser.java:576)
W/PackageParser( 1581): 	at com.android.server.pm.PackageManagerService.scanPackageLI(PackageManagerService.java:3749)
W/PackageParser( 1581): 	at com.android.server.pm.PackageManagerService.scanDirLI(PackageManagerService.java:3672)
W/PackageParser( 1581): 	at com.android.server.pm.PackageManagerService.<init>(PackageManagerService.java:1387)
W/PackageParser( 1581): 	at com.android.server.pm.PackageManagerService.main(PackageManagerService.java:1126)
W/PackageParser( 1581): 	at com.android.server.ServerThread.initAndLoop(SystemServer.java:308)
W/PackageParser( 1581): 	at com.android.server.SystemServer.main(SystemServer.java:1406)
W/PackageParser( 1581): 	at java.lang.reflect.Method.invokeNative(Native Method)
W/PackageParser( 1581): 	at java.lang.reflect.Method.invoke(Method.java:515)
W/PackageParser( 1581): 	at com.android.internal.os.ZygoteInit$MethodAndArgsCaller.run(ZygoteInit.java:789)
W/PackageParser( 1581): 	at com.android.internal.os.ZygoteInit.main(ZygoteInit.java:605)
W/PackageParser( 1581): 	at dalvik.system.NativeStart.main(Native Method)
D/asset   ( 1581): failed to open Zip archive '/system/priv-app/Velvet.apk'
D/asset   ( 1581): failed to open Zip archive '/system/priv-app/Phonesky.apk'
W/PackageParser( 1581): Unable to read AndroidManifest.xml of /system/priv-app/GoogleBackupTransport.apk
W/PackageParser( 1581): java.io.FileNotFoundException: AndroidManifest.xml
W/PackageParser( 1581): 	at android.content.res.AssetManager.openXmlAssetNative(Native Method)
W/PackageParser( 1581): 	at android.content.res.AssetManager.openXmlBlockAsset(AssetManager.java:507)
W/PackageParser( 1581): 	at android.content.res.AssetManager.openXmlResourceParser(AssetManager.java:475)
W/PackageParser( 1581): 	at android.content.pm.PackageParser.parsePackage(PackageParser.java:576)
W/PackageParser( 1581): 	at com.android.server.pm.PackageManagerService.scanPackageLI(PackageManagerService.java:3749)
W/PackageParser( 1581): 	at com.android.server.pm.PackageManagerService.scanDirLI(PackageManagerService.java:3672)
W/PackageParser( 1581): 	at com.android.server.pm.PackageManagerService.<init>(PackageManagerService.java:1387)
W/PackageParser( 1581): 	at com.android.server.pm.PackageManagerService.main(PackageManagerService.java:1126)
W/PackageParser( 1581): 	at com.android.server.ServerThread.initAndLoop(SystemServer.java:308)
W/PackageParser( 1581): 	at com.android.server.SystemServer.main(SystemServer.java:1406)
W/PackageParser( 1581): 	at java.lang.reflect.Method.invokeNative(Native Method)
W/PackageParser( 1581): 	at java.lang.reflect.Method.invoke(Method.java:515)
W/PackageParser( 1581): 	at com.android.internal.os.ZygoteInit$MethodAndArgsCaller.run(ZygoteInit.java:789)
W/PackageParser( 1581): 	at com.android.internal.os.ZygoteInit.main(ZygoteInit.java:605)
W/PackageParser( 1581): 	at dalvik.system.NativeStart.main(Native Method)
W/PackageParser( 1581): Unable to read AndroidManifest.xml of /system/priv-app/Velvet.apk
W/PackageParser( 1581): java.io.FileNotFoundException: AndroidManifest.xml
W/PackageParser( 1581): 	at android.content.res.AssetManager.openXmlAssetNative(Native Method)
W/PackageParser( 1581): 	at android.content.res.AssetManager.openXmlBlockAsset(AssetManager.java:507)
W/PackageParser( 1581): 	at android.content.res.AssetManager.openXmlResourceParser(AssetManager.java:475)
W/PackageParser( 1581): 	at android.content.pm.PackageParser.parsePackage(PackageParser.java:576)
W/PackageParser( 1581): 	at com.android.server.pm.PackageManagerService.scanPackageLI(PackageManagerService.java:3749)
W/PackageParser( 1581): 	at com.android.server.pm.PackageManagerService.scanDirLI(PackageManagerService.java:3672)
W/PackageParser( 1581): 	at com.android.server.pm.PackageManagerService.<init>(PackageManagerService.java:1387)
W/PackageParser( 1581): 	at com.android.server.pm.PackageManagerService.main(PackageManagerService.java:1126)
W/PackageParser( 1581): 	at com.android.server.ServerThread.initAndLoop(SystemServer.java:308)
W/PackageParser( 1581): 	at com.android.server.SystemServer.main(SystemServer.java:1406)
W/PackageParser( 1581): 	at java.lang.reflect.Method.invokeNative(Native Method)
W/PackageParser( 1581): 	at java.lang.reflect.Method.invoke(Method.java:515)
W/PackageParser( 1581): 	at com.android.internal.os.ZygoteInit$MethodAndArgsCaller.run(ZygoteInit.java:789)
W/PackageParser( 1581): 	at com.android.internal.os.ZygoteInit.main(ZygoteInit.java:605)
W/PackageParser( 1581): 	at dalvik.system.NativeStart.main(Native Method)
D/asset   ( 1581): failed to open Zip archive '/system/priv-app/GmsCore.apk'
D/asset   ( 1581): failed to open Zip archive '/system/priv-app/ConfigUpdater.apk'
W/PackageParser( 1581): Unable to read AndroidManifest.xml of /system/priv-app/Phonesky.apk
W/PackageParser( 1581): java.io.FileNotFoundException: AndroidManifest.xml
W/PackageParser( 1581): 	at android.content.res.AssetManager.openXmlAssetNative(Native Method)
W/PackageParser( 1581): 	at android.content.res.AssetManager.openXmlBlockAsset(AssetManager.java:507)
W/PackageParser( 1581): 	at android.content.res.AssetManager.openXmlResourceParser(AssetManager.java:475)
W/PackageParser( 1581): 	at android.content.pm.PackageParser.parsePackage(PackageParser.java:576)
W/PackageParser( 1581): 	at com.android.server.pm.PackageManagerService.scanPackageLI(PackageManagerService.java:3749)
W/PackageParser( 1581): 	at com.android.server.pm.PackageManagerService.scanDirLI(PackageManagerService.java:3672)
W/PackageParser( 1581): 	at com.android.server.pm.PackageManagerService.<init>(PackageManagerService.java:1387)
W/PackageParser( 1581): 	at com.android.server.pm.PackageManagerService.main(PackageManagerService.java:1126)
W/PackageParser( 1581): 	at com.android.server.ServerThread.initAndLoop(SystemServer.java:308)
W/PackageParser( 1581): 	at com.android.server.SystemServer.main(SystemServer.java:1406)
W/PackageParser( 1581): 	at java.lang.reflect.Method.invokeNative(Native Method)
W/PackageParser( 1581): 	at java.lang.reflect.Method.invoke(Method.java:515)
W/PackageParser( 1581): 	at com.android.internal.os.ZygoteInit$MethodAndArgsCaller.run(ZygoteInit.java:789)
W/PackageParser( 1581): 	at com.android.internal.os.ZygoteInit.main(ZygoteInit.java:605)
W/PackageParser( 1581): 	at dalvik.system.NativeStart.main(Native Method)
W/PackageParser( 1581): Unable to read AndroidManifest.xml of /system/priv-app/GmsCore.apk
W/PackageParser( 1581): java.io.FileNotFoundException: AndroidManifest.xml
W/PackageParser( 1581): 	at android.content.res.AssetManager.openXmlAssetNative(Native Method)
W/PackageParser( 1581): 	at android.content.res.AssetManager.openXmlBlockAsset(AssetManager.java:507)
W/PackageParser( 1581): 	at android.content.res.AssetManager.openXmlResourceParser(AssetManager.java:475)
W/PackageParser( 1581): 	at android.content.pm.PackageParser.parsePackage(PackageParser.java:576)
W/PackageParser( 1581): 	at com.android.server.pm.PackageManagerService.scanPackageLI(PackageManagerService.java:3749)
W/PackageParser( 1581): 	at com.android.server.pm.PackageManagerService.scanDirLI(PackageManagerService.java:3672)
W/PackageParser( 1581): 	at com.android.server.pm.PackageManagerService.<init>(PackageManagerService.java:1387)
W/PackageParser( 1581): 	at com.android.server.pm.PackageManagerService.main(PackageManagerService.java:1126)
W/PackageParser( 1581): 	at com.android.server.ServerThread.initAndLoop(SystemServer.java:308)
W/PackageParser( 1581): 	at com.android.server.SystemServer.main(SystemServer.java:1406)
W/PackageParser( 1581): 	at java.lang.reflect.Method.invokeNative(Native Method)
W/PackageParser( 1581): 	at java.lang.reflect.Method.invoke(Method.java:515)
W/PackageParser( 1581): 	at com.android.internal.os.ZygoteInit$MethodAndArgsCaller.run(ZygoteInit.java:789)
W/PackageParser( 1581): 	at com.android.internal.os.ZygoteInit.main(ZygoteInit.java:605)
W/PackageParser( 1581): 	at dalvik.system.NativeStart.main(Native Method)
D/asset   ( 1581): failed to open Zip archive '/system/priv-app/GooglePartnerSetup.apk'
D/asset   ( 1581): failed to open Zip archive '/system/priv-app/SetupWizard.apk'
W/PackageParser( 1581): Unable to read AndroidManifest.xml of /system/priv-app/ConfigUpdater.apk
W/PackageParser( 1581): java.io.FileNotFoundException: AndroidManifest.xml
W/PackageParser( 1581): 	at android.content.res.AssetManager.openXmlAssetNative(Native Method)
W/PackageParser( 1581): 	at android.content.res.AssetManager.openXmlBlockAsset(AssetManager.java:507)
W/PackageParser( 1581): 	at android.content.res.AssetManager.openXmlResourceParser(AssetManager.java:475)
W/PackageParser( 1581): 	at android.content.pm.PackageParser.parsePackage(PackageParser.java:576)
W/PackageParser( 1581): 	at com.android.server.pm.PackageManagerService.scanPackageLI(PackageManagerService.java:3749)
W/PackageParser( 1581): 	at com.android.server.pm.PackageManagerService.scanDirLI(PackageManagerService.java:3672)
W/PackageParser( 1581): 	at com.android.server.pm.PackageManagerService.<init>(PackageManagerService.java:1387)
W/PackageParser( 1581): 	at com.android.server.pm.PackageManagerService.main(PackageManagerService.java:1126)
W/PackageParser( 1581): 	at com.android.server.ServerThread.initAndLoop(SystemServer.java:308)
W/PackageParser( 1581): 	at com.android.server.SystemServer.main(SystemServer.java:1406)
W/PackageParser( 1581): 	at java.lang.reflect.Method.invokeNative(Native Method)
W/PackageParser( 1581): 	at java.lang.reflect.Method.invoke(Method.java:515)
W/PackageParser( 1581): 	at com.android.internal.os.ZygoteInit$MethodAndArgsCaller.run(ZygoteInit.java:789)
W/PackageParser( 1581): 	at com.android.internal.os.ZygoteInit.main(ZygoteInit.java:605)
W/PackageParser( 1581): 	at dalvik.system.NativeStart.main(Native Method)
W/PackageParser( 1581): Unable to read AndroidManifest.xml of /system/priv-app/GooglePartnerSetup.apk
W/PackageParser( 1581): java.io.FileNotFoundException: AndroidManifest.xml
W/PackageParser( 1581): 	at android.content.res.AssetManager.openXmlAssetNative(Native Method)
W/PackageParser( 1581): 	at android.content.res.AssetManager.openXmlBlockAsset(AssetManager.java:507)
W/PackageParser( 1581): 	at android.content.res.AssetManager.openXmlResourceParser(AssetManager.java:475)
W/PackageParser( 1581): 	at android.content.pm.PackageParser.parsePackage(PackageParser.java:576)
W/PackageParser( 1581): 	at com.android.server.pm.PackageManagerService.scanPackageLI(PackageManagerService.java:3749)
W/PackageParser( 1581): 	at com.android.server.pm.PackageManagerService.scanDirLI(PackageManagerService.java:3672)
W/PackageParser( 1581): 	at com.android.server.pm.PackageManagerService.<init>(PackageManagerService.java:1387)
W/PackageParser( 1581): 	at com.android.server.pm.PackageManagerService.main(PackageManagerService.java:1126)
W/PackageParser( 1581): 	at com.android.server.ServerThread.initAndLoop(SystemServer.java:308)
W/PackageParser( 1581): 	at com.android.server.SystemServer.main(SystemServer.java:1406)
W/PackageParser( 1581): 	at java.lang.reflect.Method.invokeNative(Native Method)
W/PackageParser( 1581): 	at java.lang.reflect.Method.invoke(Method.java:515)
W/PackageParser( 1581): 	at com.android.internal.os.ZygoteInit$MethodAndArgsCaller.run(ZygoteInit.java:789)
W/PackageParser( 1581): 	at com.android.internal.os.ZygoteInit.main(ZygoteInit.java:605)
W/PackageParser( 1581): 	at dalvik.system.NativeStart.main(Native Method)
W/PackageParser( 1581): Unable to read AndroidManifest.xml of /system/priv-app/SetupWizard.apk
W/PackageParser( 1581): java.io.FileNotFoundException: AndroidManifest.xml
W/PackageParser( 1581): 	at android.content.res.AssetManager.openXmlAssetNative(Native Method)
W/PackageParser( 1581): 	at android.content.res.AssetManager.openXmlBlockAsset(AssetManager.java:507)
W/PackageParser( 1581): 	at android.content.res.AssetManager.openXmlResourceParser(AssetManager.java:475)
W/PackageParser( 1581): 	at android.content.pm.PackageParser.parsePackage(PackageParser.java:576)
W/PackageParser( 1581): 	at com.android.server.pm.PackageManagerService.scanPackageLI(PackageManagerService.java:3749)
W/PackageParser( 1581): 	at com.android.server.pm.PackageManagerService.scanDirLI(PackageManagerService.java:3672)
W/PackageParser( 1581): 	at com.android.server.pm.PackageManagerService.<init>(PackageManagerService.java:1387)
W/PackageParser( 1581): 	at com.android.server.pm.PackageManagerService.main(PackageManagerService.java:1126)
W/PackageParser( 1581): 	at com.android.server.ServerThread.initAndLoop(SystemServer.java:308)
W/PackageParser( 1581): 	at com.android.server.SystemServer.main(SystemServer.java:1406)
W/PackageParser( 1581): 	at java.lang.reflect.Method.invokeNative(Native Method)
W/PackageParser( 1581): 	at java.lang.reflect.Method.invoke(Method.java:515)
W/PackageParser( 1581): 	at com.android.internal.os.ZygoteInit$MethodAndArgsCaller.run(ZygoteInit.java:789)
W/PackageParser( 1581): 	at com.android.internal.os.ZygoteInit.main(ZygoteInit.java:605)
W/PackageParser( 1581): 	at dalvik.system.NativeStart.main(Native Method)
I/PackageManager( 1581): /system/app/Apollo.apk changed; collecting certs
I/installd(  182): new connection
E/installd(  182): invalid size 29811
I/installd(  182): closing connection
I/Installer( 1581): connecting...
E/Installer( 1581): read exception
I/Installer( 1581): disconnecting...
I/PackageManager( 1581): /system/app/BasicDreams.apk changed; collecting certs
I/Installer( 1581): connecting...
I/installd(  182): new connection
E/installd(  182): invalid size 29811
I/installd(  182): closing connection
E/Installer( 1581): read exception
I/Installer( 1581): disconnecting...
W/PackageParser( 1581): No actions in intent filter at /system/app/Bluetooth.apk Binary XML file line #227
I/PackageManager( 1581): /system/app/Bluetooth.apk changed; collecting certs
I/installd(  182): new connection
E/installd(  182): invalid size 29811
I/installd(  182): closing connection
I/Installer( 1581): connecting...
E/Installer( 1581): read exception
I/Installer( 1581): disconnecting...
W/PackageParser( 1581): Unknown element under <application>: uses-feature at /system/app/BluetoothExt.apk Binary XML file line #55
W/PackageParser( 1581): No actions in intent filter at /system/app/BluetoothExt.apk Binary XML file line #82
W/PackageParser( 1581): No actions in intent filter at /system/app/BluetoothExt.apk Binary XML file line #106
W/PackageParser( 1581): No actions in intent filter at /system/app/BluetoothExt.apk Binary XML file line #159
I/PackageManager( 1581): /system/app/BluetoothExt.apk changed; collecting certs
I/Installer( 1581): connecting...
I/installd(  182): new connection
E/installd(  182): invalid size 29811
I/installd(  182): closing connection
E/Installer( 1581): read exception
I/Installer( 1581): disconnecting...
I/PackageManager( 1581): /system/app/Browser.apk changed; collecting certs
