D/MobileDataStateTracker(  643): dun: Received state=DISCONNECTED, old=DISCONNECTED, reason=dataAttached
D/MobileDataStateTracker(  643): supl: Broadcast received: android.intent.action.ANY_DATA_STATE apnType=supl
D/MobileDataStateTracker(  643): supl: Received state=DISCONNECTED, old=DISCONNECTED, reason=dataAttached
D/MobileDataStateTracker(  643): hipri: Broadcast received: android.intent.action.ANY_DATA_STATE apnType=hipri
D/MobileDataStateTracker(  643): hipri: Received state=DISCONNECTED, old=DISCONNECTED, reason=dataAttached
D/MobileDataStateTracker(  643): mms: Broadcast received: android.intent.action.ANY_DATA_STATE apnType=mms
D/MobileDataStateTracker(  643): mms: Received state=DISCONNECTED, old=DISCONNECTED, reason=dataAttached
D/MobileDataStateTracker(  643): dun: Broadcast received: android.intent.action.ANY_DATA_STATE apnType=dun
D/MobileDataStateTracker(  643): dun: Received state=DISCONNECTED, old=DISCONNECTED, reason=dataAttached
D/MobileDataStateTracker(  643): supl: Broadcast received: android.intent.action.ANY_DATA_STATE apnType=supl
D/MobileDataStateTracker(  643): supl: Received state=DISCONNECTED, old=DISCONNECTED, reason=dataAttached
D/MobileDataStateTracker(  643): hipri: Broadcast received: android.intent.action.ANY_DATA_STATE apnType=hipri
D/MobileDataStateTracker(  643): hipri: Received state=DISCONNECTED, old=DISCONNECTED, reason=dataAttached
D/MobileDataStateTracker(  643): mms: Broadcast received: android.intent.action.ANY_DATA_STATE apnType=mms
D/MobileDataStateTracker(  643): mms: Received state=DISCONNECTED, old=DISCONNECTED, reason=dataAttached
I/ActivityManager(  643): Process com.android.systemui (pid 835) has died.
W/ActivityManager(  643): Scheduling restart of crashed service com.android.systemui/.ImageWallpaper in 0ms
W/ActivityManager(  643): Scheduling restart of crashed service com.android.systemui/.SystemUIService in 0ms
W/ActivityManager(  643): Scheduling restart of crashed service com.android.keyguard/.KeyguardService in 0ms
I/WindowState(  643): WIN DEATH: Window{41b842d0 u0 StatusBar}
W/WallpaperService(  643): Wallpaper service gone: ComponentInfo{com.android.systemui/com.android.systemui.ImageWallpaper}
I/WindowState(  643): WIN DEATH: Window{41da3608 u0 com.android.systemui.ImageWallpaper}
I/ActivityManager(  643): Start proc com.android.systemui for restart com.android.systemui: pid=1208 uid=10008 gids={50008, 1028, 1015, 1035, 1006, 3002, 3001}
I/auditd  ( 1223): Starting up
E/auditd  ( 1223): Failed on audit_set_pid with error: Protocol not supported
I/auditd  ( 1223): Exiting
D/MccTable(  975): updateMccMncConfiguration: mcc=260, mnc=2
D/MccTable(  975): getLocaleFromMcc to null_pl mcc=260
D/MccTable(  975): getLocaleForLanguageCountry: skipping no language
D/MccTable(  975): WIFI_COUNTRY_CODE set to pl
I/WifiService(  643): WifiService trying to set country code to pl with persist set to true
D/MccTable(  975): updateMccMncConfiguration updateConfig config={1.0 260mcc2mnc ?locale ?layoutDir ?swdp ?wdp ?hdp ?density ?lsize ?long ?orien ?uimode ?night ?touch ?keyb/?/? ?nav/? themeResource=null}
I/ActivityManager(  643): Config changes=3 {1.0 260mcc2mnc en_US ldltr sw320dp w320dp h544dp 240dpi nrml long port finger -keyb/v/h -nav/h s.6 themeResource=null}
I/StatusBarManagerService(  643): registerStatusBar bar=com.android.internal.statusbar.IStatusBar$Stub$Proxy@41ba7c40
I/WindowManager(  643): Screen frozen for +2s578ms due to Window{41ee2298 u0 com.cyanogenmod.account/com.cyanogenmod.account.ui.SetupWizardActivity}
I/auditd  ( 1247): Starting up
E/auditd  ( 1247): Failed on audit_set_pid with error: Protocol not supported
I/auditd  ( 1247): Exiting
W/ViewRootImpl(  975): Dropping event due to root view being removed: MotionEvent { action=ACTION_MOVE, id[0]=0, x[0]=259.43414, y[0]=344.71118, toolType[0]=TOOL_TYPE_FINGER, buttonState=0, metaState=0, flags=0x0, edgeFlags=0x0, pointerCount=1, historySize=0, eventTime=148028, downTime=148018, deviceId=8, source=0x1002 }
W/ViewRootImpl(  975): Dropping event due to root view being removed: MotionEvent { action=ACTION_UP, id[0]=0, x[0]=259.43414, y[0]=344.71118, toolType[0]=TOOL_TYPE_FINGER, buttonState=0, metaState=0, flags=0x0, edgeFlags=0x0, pointerCount=1, historySize=0, eventTime=148047, downTime=148018, deviceId=8, source=0x1002 }
W/ViewRootImpl(  975): Dropping event due to root view being removed: MotionEvent { action=ACTION_DOWN, id[0]=0, x[0]=117.541466, y[0]=365.54047, toolType[0]=TOOL_TYPE_FINGER, buttonState=0, metaState=0, flags=0x0, edgeFlags=0x0, pointerCount=1, historySize=0, eventTime=149897, downTime=149897, deviceId=8, source=0x1002 }
W/ViewRootImpl(  975): Dropping event due to root view being removed: MotionEvent { action=ACTION_MOVE, id[0]=0, x[0]=108.17561, y[0]=368.87317, toolType[0]=TOOL_TYPE_FINGER, buttonState=0, metaState=0, flags=0x0, edgeFlags=0x0, pointerCount=1, historySize=2, eventTime=149992, downTime=149897, deviceId=8, source=0x1002 }
W/ViewRootImpl(  975): Dropping event due to root view being removed: MotionEvent { action=ACTION_UP, id[0]=0, x[0]=108.17561, y[0]=368.87317, toolType[0]=TOOL_TYPE_FINGER, buttonState=0, metaState=0, flags=0x0, edgeFlags=0x0, pointerCount=1, historySize=0, eventTime=150011, downTime=149897, deviceId=8, source=0x1002 }
D/MobileDataStateTracker(  643): dun: Broadcast received: android.intent.action.ANY_DATA_STATE apnType=dun
D/MobileDataStateTracker(  643): dun: Received state=DISCONNECTED, old=DISCONNECTED, reason=simLoaded
D/MobileDataStateTracker(  643): supl: Broadcast received: android.intent.action.ANY_DATA_STATE apnType=supl
D/MobileDataStateTracker(  643): supl: Received state=DISCONNECTED, old=DISCONNECTED, reason=simLoaded
D/MobileDataStateTracker(  643): hipri: Broadcast received: android.intent.action.ANY_DATA_STATE apnType=hipri
D/MobileDataStateTracker(  643): hipri: Received state=DISCONNECTED, old=DISCONNECTED, reason=simLoaded
D/MobileDataStateTracker(  643): mms: Broadcast received: android.intent.action.ANY_DATA_STATE apnType=mms
D/MobileDataStateTracker(  643): mms: Received state=DISCONNECTED, old=DISCONNECTED, reason=simLoaded
D/MobileDataStateTracker(  643): default: Broadcast received: android.intent.action.ANY_DATA_STATE apnType=default
D/MobileDataStateTracker(  643): default: Received state=CONNECTING, old=DISCONNECTED, reason=simLoaded
D/MobileDataStateTracker(  643): default: setDetailed state, old =IDLE and new state=CONNECTING
D/MobileDataStateTracker(  643): dun: Broadcast received: android.intent.action.ANY_DATA_STATE apnType=dun
D/MobileDataStateTracker(  643): dun: Received state=DISCONNECTED, old=DISCONNECTED, reason=simLoaded
D/MobileDataStateTracker(  643): supl: Broadcast received: android.intent.action.ANY_DATA_STATE apnType=supl
D/MobileDataStateTracker(  643): supl: Received state=DISCONNECTED, old=DISCONNECTED, reason=simLoaded
D/MobileDataStateTracker(  643): hipri: Broadcast received: android.intent.action.ANY_DATA_STATE apnType=hipri
D/MobileDataStateTracker(  643): hipri: Received state=DISCONNECTED, old=DISCONNECTED, reason=simLoaded
D/MobileDataStateTracker(  643): mms: Broadcast received: android.intent.action.ANY_DATA_STATE apnType=mms
D/MobileDataStateTracker(  643): mms: Received state=DISCONNECTED, old=DISCONNECTED, reason=simLoaded
W/ContextImpl( 1000): Calling a method in the system process without a qualified user: android.app.ContextImpl.bindService:1582 android.content.ContextWrapper.bindService:517 android.bluetooth.BluetoothInputDevice.doBind:256 android.bluetooth.BluetoothInputDevice.<init>:249 android.bluetooth.BluetoothAdapter.getProfileProxy:1197 
W/ContextImpl( 1000): Calling a method in the system process without a qualified user: android.app.ContextImpl.bindService:1582 android.content.ContextWrapper.bindService:517 android.bluetooth.BluetoothPan.doBind:149 android.bluetooth.BluetoothPan.<init>:141 android.bluetooth.BluetoothAdapter.getProfileProxy:1200 
W/ContextImpl( 1000): Calling a method in the system process without a qualified user: android.app.ContextImpl.bindService:1582 android.content.ContextWrapper.bindService:517 android.bluetooth.BluetoothMap.doBind:109 android.bluetooth.BluetoothMap.<init>:102 android.bluetooth.BluetoothAdapter.getProfileProxy:1212 
W/ContextImpl( 1000): Calling a method in the system process without a qualified user: android.app.ContextImpl.bindService:1582 android.content.ContextWrapper.bindService:517 android.bluetooth.BluetoothPbap.doBind:164 android.bluetooth.BluetoothPbap.<init>:157 com.android.settings.bluetooth.PbapServerProfile.<init>:68 
D/MobileDataStateTracker(  643): default: Broadcast received: android.intent.action.ANY_DATA_STATE apnType=default
D/MobileDataStateTracker(  643): default: Received state=CONNECTED, old=CONNECTING, reason=connected
D/MobileDataStateTracker(  643): default: setDetailed state, old =CONNECTING and new state=CONNECTED
D/ConnectivityService(  643): ConnectivityChange for mobile: CONNECTED/CONNECTED
D/Nat464Xlat(  643): requiresClat: netType=0, hasIPv4Address=true
I/ActivityManager(  643): Start proc com.android.externalstorage for broadcast com.android.externalstorage/.MountReceiver: pid=1265 uid=10007 gids={50007, 1028, 1015, 1023}
I/NetworkPolicy(  643): no policy for active mobile network; generating default policy
D/MobileDataStateTracker(  643): default: setPolicyDataEnable(enabled=true)
I/auditd  ( 1294): Starting up
E/auditd  ( 1294): Failed on audit_set_pid with error: Protocol not supported
I/auditd  ( 1294): Exiting
D/MobileDataStateTracker(  643): default: setPolicyDataEnable(enabled=true)
D/MobileDataStateTracker(  643): default: setPolicyDataEnable(enabled=true)
W/BackupManagerService(  643): dataChanged but no participant pkg='com.android.providers.settings' uid=10020
I/auditd  ( 1324): Starting up
E/auditd  ( 1324): Failed on audit_set_pid with error: Protocol not supported
I/auditd  ( 1324): Exiting
I/ActivityManager(  643): Start proc com.android.exchange for content provider com.android.exchange/.provider.ExchangeDirectoryProvider: pid=1330 uid=10033 gids={50033, 3003, 1028, 1015}
I/ActivityManager(  643): Start proc com.android.email for content provider com.android.email/.provider.EmailProvider: pid=1343 uid=10032 gids={50032, 3003, 1028, 1015}
W/ActivityManager(  643): Unable to start service Intent { cmp=com.android.email/.service.AttachmentDownloadService } U=0: not found
I/auditd  ( 1362): Starting up
E/auditd  ( 1362): Failed on audit_set_pid with error: Protocol not supported
I/auditd  ( 1362): Exiting
I/auditd  ( 1365): Starting up
E/auditd  ( 1365): Failed on audit_set_pid with error: Protocol not supported
I/auditd  ( 1365): Exiting
I/ActivityManager(  643): Waited long enough for: ServiceRecord{41ba1ef0 u0 com.android.providers.media/.MediaScannerService}
I/PackageManager(  643): Adding preferred activity ComponentInfo{com.android.mms/com.android.mms.ui.ComposeMessageActivity} for user 0 :
I/PackageManager(  643): Adding preferred activity ComponentInfo{com.android.mms/com.android.mms.ui.ComposeMessageActivity} for user 0 :
I/PackageManager(  643): Adding preferred activity ComponentInfo{com.android.mms/com.android.mms.ui.ComposeMessageActivity} for user 0 :
I/PackageManager(  643): Adding preferred activity ComponentInfo{com.android.mms/com.android.mms.ui.ComposeMessageActivity} for user 0 :
I/PackageManager(  643): Adding preferred activity ComponentInfo{com.android.mms/com.android.mms.ui.ComposeMessageActivity} for user 0 :
I/PackageManager(  643): Adding preferred activity ComponentInfo{com.android.mms/com.android.mms.ui.ComposeMessageActivity} for user 0 :
I/PackageManager(  643): Adding preferred activity ComponentInfo{com.android.mms/com.android.mms.ui.ComposeMessageActivity} for user 0 :
I/PackageManager(  643): Adding preferred activity ComponentInfo{com.android.mms/com.android.mms.ui.ComposeMessageActivity} for user 0 :
I/auditd  ( 1370): Starting up
E/auditd  ( 1370): Failed on audit_set_pid with error: Protocol not supported
I/auditd  ( 1370): Exiting
D/MobileDataStateTracker(  643): default: Broadcast received: android.intent.action.ANY_DATA_STATE apnType=default
D/MobileDataStateTracker(  643): default: Received state=CONNECTED, old=CONNECTED, reason=(unspecified)
W/InputMethodManagerService(  643): Window already focused, ignoring focus gain of: com.android.internal.view.IInputMethodClient$Stub$Proxy@41be22a8 attribute=null, token = android.os.BinderProxy@41ee2020
W/BackupManagerService(  643): dataChanged but no participant pkg='com.android.providers.settings' uid=10020
I/auditd  ( 1374): Starting up
E/auditd  ( 1374): Failed on audit_set_pid with error: Protocol not supported
I/auditd  ( 1374): Exiting
W/BackupManagerService(  643): dataChanged but no participant pkg='com.android.providers.settings' uid=10020
I/ActivityManager(  643): START u0 {act=android.intent.action.MAIN cat=[android.intent.category.HOME] flg=0x8000 cmp=com.android.provision/.DefaultActivity} from pid 1077
I/ActivityManager(  643): Start proc com.android.provision for activity com.android.provision/.DefaultActivity: pid=1379 uid=10044 gids={50044}
I/WindowManager(  643): Screenshot max retries 4 of Token{41e21070 ActivityRecord{41e20f10 u0 com.android.provision/.DefaultActivity t2 f}} appWin=Window{41f97e88 u0 Starting com.android.provision} drawState=4
W/WindowManager(  643): Screenshot failure taking screenshot for (480x854) to layer 21010
I/ActivityManager(  643): START u0 {act=android.intent.action.MAIN cat=[android.intent.category.HOME] flg=0x10000000 cmp=com.android.launcher3/.Launcher} from pid 0
I/ActivityManager(  643): Start proc com.android.launcher3 for activity com.android.launcher3/.Launcher: pid=1393 uid=10009 gids={50009, 1028}
E/ActivityThread( 1393): Failed to find provider info for com.android.launcher2.settings
W/BackupManagerService(  643): dataChanged but no participant pkg='com.android.launcher3' uid=10009
I/auditd  ( 1416): Starting up
E/auditd  ( 1416): Failed on audit_set_pid with error: Protocol not supported
I/auditd  ( 1416): Exiting
D/ConnectivityService(  643): setMobileDataEnabled(false)
D/MobileDataStateTracker(  643): default: setUserDataEnable: E enabled=false
I/auditd  ( 1426): Starting up
E/auditd  ( 1426): Failed on audit_set_pid with error: Protocol not supported
I/auditd  ( 1426): Exiting
I/PackageManager(  643): Adding preferred activity ComponentInfo{com.android.mms/com.android.mms.ui.ComposeMessageActivity} for user 0 :
W/InputMethodManagerService(  643): Window already focused, ignoring focus gain of: com.android.internal.view.IInputMethodClient$Stub$Proxy@41ccecd0 attribute=android.view.inputmethod.EditorInfo@41beace8, token = android.os.BinderProxy@41be4b98
I/PackageManager(  643): Adding preferred activity ComponentInfo{com.android.mms/com.android.mms.ui.ComposeMessageActivity} for user 0 :
I/PackageManager(  643): Adding preferred activity ComponentInfo{com.android.mms/com.android.mms.ui.ComposeMessageActivity} for user 0 :
I/PackageManager(  643): Adding preferred activity ComponentInfo{com.android.mms/com.android.mms.ui.ComposeMessageActivity} for user 0 :
I/PackageManager(  643): Adding preferred activity ComponentInfo{com.android.mms/com.android.mms.ui.ComposeMessageActivity} for user 0 :
I/PackageManager(  643): Adding preferred activity ComponentInfo{com.android.mms/com.android.mms.ui.ComposeMessageActivity} for user 0 :
I/PackageManager(  643): Adding preferred activity ComponentInfo{com.android.mms/com.android.mms.ui.ComposeMessageActivity} for user 0 :
I/PackageManager(  643): Adding preferred activity ComponentInfo{com.android.mms/com.android.mms.ui.ComposeMessageActivity} for user 0 :
I/PackageManager(  643): Adding preferred activity ComponentInfo{com.android.mms/com.android.mms.ui.ComposeMessageActivity} for user 0 :
I/PackageManager(  643): Adding preferred activity ComponentInfo{com.android.mms/com.android.mms.ui.ComposeMessageActivity} for user 0 :
I/PackageManager(  643): Adding preferred activity ComponentInfo{com.android.mms/com.android.mms.ui.ComposeMessageActivity} for user 0 :
I/PackageManager(  643): Adding preferred activity ComponentInfo{com.android.mms/com.android.mms.ui.ComposeMessageActivity} for user 0 :
I/PackageManager(  643): Adding preferred activity ComponentInfo{com.android.mms/com.android.mms.ui.ComposeMessageActivity} for user 0 :
I/PackageManager(  643): Adding preferred activity ComponentInfo{com.android.mms/com.android.mms.ui.ComposeMessageActivity} for user 0 :
I/PackageManager(  643): Adding preferred activity ComponentInfo{com.android.mms/com.android.mms.ui.ComposeMessageActivity} for user 0 :
I/PackageManager(  643): Adding preferred activity ComponentInfo{com.android.mms/com.android.mms.ui.ComposeMessageActivity} for user 0 :
D/MobileDataStateTracker(  643): default: Broadcast received: android.intent.action.ANY_DATA_STATE apnType=default
D/MobileDataStateTracker(  643): default: Received state=DISCONNECTED, old=CONNECTED, reason=dataDisabled
D/MobileDataStateTracker(  643): default: setDetailed state, old =CONNECTED and new state=DISCONNECTED
D/ConnectivityService(  643): ConnectivityChange for mobile: DISCONNECTED/DISCONNECTED
D/ConnectivityService(  643): tryFailover: set mActiveDefaultNetwork=-1, prevNetType=0
D/ConnectivityService(  643): Attempting to switch to wifi
D/ConnectivityService(  643): Attempting to switch to BLUETOOTH_TETHER
D/ConnectivityService(  643): resetConnections(rmnet0, 3)
D/Nat464Xlat(  643): requiresClat: netType=0, hasIPv4Address=true
D/MobileDataStateTracker(  643): default: setPolicyDataEnable(enabled=true)
D/MobileDataStateTracker(  643): default: setPolicyDataEnable(enabled=true)
I/auditd  ( 1441): Starting up
E/auditd  ( 1441): Failed on audit_set_pid with error: Protocol not supported
I/auditd  ( 1441): Exiting
I/auditd  ( 1445): Starting up
E/auditd  ( 1445): Failed on audit_set_pid with error: Protocol not supported
I/auditd  ( 1445): Exiting
I/auditd  ( 1448): Starting up
E/auditd  ( 1448): Failed on audit_set_pid with error: Protocol not supported
I/auditd  ( 1448): Exiting
I/auditd  ( 1451): Starting up
E/auditd  ( 1451): Failed on audit_set_pid with error: Protocol not supported
I/auditd  ( 1451): Exiting
I/ActivityManager(  643): START u0 {act=android.intent.action.MAIN cat=[android.intent.category.LAUNCHER] flg=0x10200000 cmp=com.android.camera2/com.android.camera.CameraLauncher} from pid 1393
W/WindowManager(  643): Screenshot failure taking screenshot for (246x437) to layer 21005
I/ActivityManager(  643): Start proc com.android.camera2 for activity com.android.camera2/com.android.camera.CameraLauncher: pid=1455 uid=10025 gids={50025, 1006, 3003, 1028, 1015}
W/BackupManagerService(  643): dataChanged but no participant pkg='com.android.camera2' uid=10025
W/BackupManagerService(  643): dataChanged but no participant pkg='com.android.camera2' uid=10025
W/BackupManagerService(  643): dataChanged but no participant pkg='com.android.camera2' uid=10025
W/BackupManagerService(  643): dataChanged but no participant pkg='com.android.camera2' uid=10025
W/WindowManager(  643): Screenshot failure taking screenshot for (246x437) to layer 21015
I/auditd  ( 1491): Starting up
E/auditd  ( 1491): Failed on audit_set_pid with error: Protocol not supported
I/auditd  ( 1491): Exiting
W/InputMethodManagerService(  643): Window already focused, ignoring focus gain of: com.android.internal.view.IInputMethodClient$Stub$Proxy@41aec220 attribute=null, token = android.os.BinderProxy@41be4b98
W/BroadcastQueue(  643): Timeout of broadcast BroadcastRecord{41fa96f8 u0 android.intent.action.BOOT_COMPLETED} - receiver=android.os.BinderProxy@41c22968, started 60000ms ago
W/BroadcastQueue(  643): Receiver during timeout: BroadcastFilter{41fb3b68 u0 ReceiverList{41c22fe0 835 com.android.systemui/10008/u0 remote:41c22968}}
I/ActivityManager(  643): Start proc com.android.dialer for broadcast com.android.dialer/.calllog.CallLogReceiver: pid=1495 uid=10005 gids={50005, 3003, 1028, 1015}
V/WiredAccessoryManager(  643): init()
I/PowerManagerService(  643): Boot animation finished.
W/ContextImpl(  643): Calling a method in the system process without a qualified user: android.app.ContextImpl.bindService:1582 android.bluetooth.BluetoothHeadset.doBind:283 android.bluetooth.BluetoothHeadset.<init>:276 android.bluetooth.BluetoothAdapter.getProfileProxy:1191 android.media.AudioService.getBluetoothHeadset:2321 
W/ContextImpl(  643): Calling a method in the system process without a qualified user: android.app.ContextImpl.bindService:1582 android.bluetooth.BluetoothA2dp.doBind:165 android.bluetooth.BluetoothA2dp.<init>:158 android.bluetooth.BluetoothAdapter.getProfileProxy:1194 android.media.AudioService$AudioServiceBroadcastReceiver.onReceive:4324 
I/ActivityManager(  643): Start proc com.android.bluetooth for service com.android.bluetooth/.btservice.AdapterService: pid=1516 uid=1002 gids={41002, 3003, 3002, 3001, 1028, 1015, 3005, 1016, 3008, 1023}
I/ActivityManager(  643): Start proc com.cyanogenmod.updater for broadcast com.cyanogenmod.updater/.receiver.UpdateCheckReceiver: pid=1529 uid=10001 gids={50001, 3003, 1028, 1015, 2001}
I/BootReceiver(  643): Copying audit failures to DropBox
I/BootReceiver(  643): Checking for fsck errors
I/ActivityManager(  643): Start proc com.android.providers.calendar for broadcast com.android.providers.calendar/.CalendarReceiver: pid=1591 uid=10002 gids={50002, 3003, 1028, 1015}
I/PowerManagerService(  643): Going to sleep by user request...
I/ActivityManager(  643): Start proc com.android.mms for broadcast com.android.mms/.transaction.MmsSystemEventReceiver: pid=1608 uid=10010 gids={50010, 3003, 1028, 1015}
I/WindowManager(  643): No lock screen! windowToken=null
I/auditd  ( 1622): Starting up
E/auditd  ( 1622): Failed on audit_set_pid with error: Protocol not supported
I/auditd  ( 1622): Exiting
I/PowerManagerService(  643): Waking up from sleep...
D/CountryDetector(  643): The first listener is added
I/ActivityManager(  643): Start proc com.android.onetimeinitializer for broadcast com.android.onetimeinitializer/.OneTimeInitializerReceiver: pid=1645 uid=10011 gids={50011}
E/ActivityThread( 1645): Failed to find provider info for com.android.launcher2.settings
I/WindowManager(  643): Lock screen displayed!
E/ActivityThread( 1516): Service com.android.bluetooth.a2dp.A2dpService has leaked IntentReceiver com.android.bluetooth.a2dp.Avrcp$2@41b3c5b0 that was originally registered here. Are you missing a call to unregisterReceiver()?
E/ActivityThread( 1516): android.app.IntentReceiverLeaked: Service com.android.bluetooth.a2dp.A2dpService has leaked IntentReceiver com.android.bluetooth.a2dp.Avrcp$2@41b3c5b0 that was originally registered here. Are you missing a call to unregisterReceiver()?
E/ActivityThread( 1516): 	at android.app.LoadedApk$ReceiverDispatcher.<init>(LoadedApk.java:805)
E/ActivityThread( 1516): 	at android.app.LoadedApk.getReceiverDispatcher(LoadedApk.java:606)
E/ActivityThread( 1516): 	at android.app.ContextImpl.registerReceiverInternal(ContextImpl.java:1469)
E/ActivityThread( 1516): 	at android.app.ContextImpl.registerReceiver(ContextImpl.java:1449)
E/ActivityThread( 1516): 	at android.app.ContextImpl.registerReceiver(ContextImpl.java:1443)
E/ActivityThread( 1516): 	at android.content.ContextWrapper.registerReceiver(ContextWrapper.java:467)
E/ActivityThread( 1516): 	at com.android.bluetooth.a2dp.Avrcp.start(Avrcp.java:278)
E/ActivityThread( 1516): 	at com.android.bluetooth.a2dp.Avrcp.make(Avrcp.java:354)
E/ActivityThread( 1516): 	at com.android.bluetooth.a2dp.A2dpService.start(A2dpService.java:64)
E/ActivityThread( 1516): 	at com.android.bluetooth.btservice.ProfileService.doStart(ProfileService.java:174)
E/ActivityThread( 1516): 	at com.android.bluetooth.btservice.ProfileService.onStartCommand(ProfileService.java:133)
E/ActivityThread( 1516): 	at android.app.ActivityThread.handleServiceArgs(ActivityThread.java:2722)
E/ActivityThread( 1516): 	at android.app.ActivityThread.access$2100(ActivityThread.java:145)
E/ActivityThread( 1516): 	at android.app.ActivityThread$H.handleMessage(ActivityThread.java:1303)
E/ActivityThread( 1516): 	at android.os.Handler.dispatchMessage(Handler.java:102)
E/ActivityThread( 1516): 	at android.os.Looper.loop(Looper.java:136)
E/ActivityThread( 1516): 	at android.app.ActivityThread.main(ActivityThread.java:5081)
E/ActivityThread( 1516): 	at java.lang.reflect.Method.invokeNative(Native Method)
E/ActivityThread( 1516): 	at java.lang.reflect.Method.invoke(Method.java:515)
E/ActivityThread( 1516): 	at com.android.internal.os.ZygoteInit$MethodAndArgsCaller.run(ZygoteInit.java:781)
E/ActivityThread( 1516): 	at com.android.internal.os.ZygoteInit.main(ZygoteInit.java:597)
E/ActivityThread( 1516): 	at dalvik.system.NativeStart.main(Native Method)
--------- beginning of /dev/log/main
W/SurfaceFlinger(  194): HWC_FRAMEBUFFER_TARGET found in hwc list (index=2)
D/BluetoothInputDevice( 1000): Proxy object disconnected
D/HidProfile( 1000): Bluetooth service disconnected
D/BluetoothPan( 1000): BluetoothPAN Proxy object disconnected
D/PanProfile( 1000): Bluetooth service disconnected
D/BluetoothMap( 1000): Proxy object disconnected
D/MapProfile( 1000): Bluetooth service disconnected
W/StorageManager(  643): No primary storage defined
W/SurfaceFlinger(  194): HWC_FRAMEBUFFER_TARGET found in hwc list (index=0)
W/SurfaceFlinger(  194): HWC_FRAMEBUFFER_TARGET found in hwc list (index=1)
W/SurfaceFlinger(  194): HWC_FRAMEBUFFER_TARGET found in hwc list (index=2)
I/ActivityManager(  643): Start proc com.android.voicedialer for broadcast com.android.voicedialer/.VoiceDialerReceiver: pid=1669 uid=10014 gids={50014, 3002}
E/Sensors (  643): SensorBase: write_attr failed to open /sys/class/compass/akm8975/accel (Permission denied)
W/SurfaceFlinger(  194): HWC_FRAMEBUFFER_TARGET found in hwc list (index=0)
W/SurfaceFlinger(  194): HWC_FRAMEBUFFER_TARGET found in hwc list (index=1)
W/SurfaceFlinger(  194): HWC_FRAMEBUFFER_TARGET found in hwc list (index=2)
D/BluetoothAdapterService(1102031688)( 1516): getState(): mAdapterProperties: com.android.bluetooth.btservice.AdapterProperties@41afc538
D/BluetoothManagerService(  643): unbindAndFinish(): android.bluetooth.IBluetooth$Stub$Proxy@41e0cd98 mBinding = false
D/BluetoothManagerService(  643): Sending unbind request.
D/BluetoothAdapterService(1102031688)( 1516): getState(): mAdapterProperties: com.android.bluetooth.btservice.AdapterProperties@41afc538
D/BluetoothAdapterService(1102031688)( 1516): onUnbind, calling cleanup
D/BluetoothAdapterService(1102031688)( 1516): cleanup()
D/BluetoothAdapterService( 1516): Cleaning up adapter native....
I/BluetoothServiceJni( 1516): cleanupNative: return from cleanup
D/BluetoothAdapterService( 1516): Done cleaning up adapter native....
D/BluetoothAdapterService(1102031688)( 1516): cleanup() done
D/BluetoothAdapterService(1102031688)( 1516): ****onDestroy()********
W/SurfaceFlinger(  194): HWC_FRAMEBUFFER_TARGET found in hwc list (index=0)
W/SurfaceFlinger(  194): HWC_FRAMEBUFFER_TARGET found in hwc list (index=1)
W/SurfaceFlinger(  194): HWC_FRAMEBUFFER_TARGET found in hwc list (index=2)
D/btif_config_util( 1516): btif_config_save_file(L188): in file name:/data/misc/bluedroid/bt_config.new
W/SurfaceFlinger(  194): HWC_FRAMEBUFFER_TARGET found in hwc list (index=0)
W/SurfaceFlinger(  194): HWC_FRAMEBUFFER_TARGET found in hwc list (index=1)
W/SurfaceFlinger(  194): HWC_FRAMEBUFFER_TARGET found in hwc list (index=2)
W/SurfaceFlinger(  194): HWC_FRAMEBUFFER_TARGET found in hwc list (index=0)
W/SurfaceFlinger(  194): HWC_FRAMEBUFFER_TARGET found in hwc list (index=1)
W/SurfaceFlinger(  194): HWC_FRAMEBUFFER_TARGET found in hwc list (index=2)
W/SurfaceFlinger(  194): HWC_FRAMEBUFFER_TARGET found in hwc list (index=0)
W/SurfaceFlinger(  194): HWC_FRAMEBUFFER_TARGET found in hwc list (index=1)
W/SurfaceFlinger(  194): HWC_FRAMEBUFFER_TARGET found in hwc list (index=2)
E/Sensors (  643): SensorBase: write_attr failed to open /sys/class/compass/akm8975/accel (Permission denied)
W/SurfaceFlinger(  194): HWC_FRAMEBUFFER_TARGET found in hwc list (index=0)
W/SurfaceFlinger(  194): HWC_FRAMEBUFFER_TARGET found in hwc list (index=1)
W/SurfaceFlinger(  194): HWC_FRAMEBUFFER_TARGET found in hwc list (index=2)
W/SurfaceFlinger(  194): HWC_FRAMEBUFFER_TARGET found in hwc list (index=0)
W/SurfaceFlinger(  194): HWC_FRAMEBUFFER_TARGET found in hwc list (index=1)
W/SurfaceFlinger(  194): HWC_FRAMEBUFFER_TARGET found in hwc list (index=2)
W/SurfaceFlinger(  194): HWC_FRAMEBUFFER_TARGET found in hwc list (index=0)
W/SurfaceFlinger(  194): HWC_FRAMEBUFFER_TARGET found in hwc list (index=1)
W/SurfaceFlinger(  194): HWC_FRAMEBUFFER_TARGET found in hwc list (index=2)
W/SurfaceFlinger(  194): HWC_FRAMEBUFFER_TARGET found in hwc list (index=0)
W/SurfaceFlinger(  194): HWC_FRAMEBUFFER_TARGET found in hwc list (index=1)
W/SurfaceFlinger(  194): HWC_FRAMEBUFFER_TARGET found in hwc list (index=2)
W/SurfaceFlinger(  194): HWC_FRAMEBUFFER_TARGET found in hwc list (index=0)
W/SurfaceFlinger(  194): HWC_FRAMEBUFFER_TARGET found in hwc list (index=1)
W/SurfaceFlinger(  194): HWC_FRAMEBUFFER_TARGET found in hwc list (index=2)
D/MmsSmsDatabaseHelper(  975): [MmsSmsDb] tableName: threads hasAutoIncrement: CREATE TABLE threads (_id INTEGER PRIMARY KEY AUTOINCREMENT,date INTEGER DEFAULT 0,message_count INTEGER DEFAULT 0,recipient_ids TEXT,snippet TEXT,snippet_cs INTEGER DEFAULT 0,read INTEGER DEFAULT 1,type INTEGER DEFAULT 0,error INTEGER DEFAULT 0,has_attachment INTEGER DEFAULT 0) result: true
W/StorageManager(  643): No primary storage defined
I/ActivityManager(  643): Start proc com.android.calendar for broadcast com.android.calendar/.alerts.AlertReceiver: pid=1682 uid=10024 gids={50024, 3003}
E/Sensors (  643): SensorBase: write_attr failed to open /sys/class/compass/akm8975/accel (Permission denied)
D/ExtensionsFactory( 1682): No custom extensions.
D/AlertReceiver( 1682): onReceive: a=android.intent.action.BOOT_COMPLETED Intent { act=android.intent.action.BOOT_COMPLETED flg=0x8000010 cmp=com.android.calendar/.alerts.AlertReceiver (has extras) }
D/MmsSmsDatabaseHelper(  975): [MmsSmsDb] tableName: canonical_addresses hasAutoIncrement: CREATE TABLE canonical_addresses (_id INTEGER PRIMARY KEY AUTOINCREMENT,address TEXT) result: true
D/AlertUtils( 1682): Flushing old alerts from shared prefs table
D/AlertService( 1682): 0 Action = android.intent.action.BOOT_COMPLETED
D/AlertService( 1682): Scheduling next alarm with AlarmScheduler. sEventReminderReceived: null
D/MmsSmsDatabaseHelper(  975): [MmsSmsDb] tableName: part hasAutoIncrement: CREATE TABLE part (_id INTEGER PRIMARY KEY AUTOINCREMENT,mid INTEGER,seq INTEGER DEFAULT 0,ct TEXT,name TEXT,chset INTEGER,cd TEXT,fn TEXT,cid TEXT,cl TEXT,ctt_s INTEGER,ctt_t TEXT,_data TEXT,text TEXT) result: true
D/MmsSmsDatabaseHelper(  975): [MmsSmsDb] tableName: pdu hasAutoIncrement: CREATE TABLE pdu (_id INTEGER PRIMARY KEY AUTOINCREMENT,thread_id INTEGER,date INTEGER,date_sent INTEGER DEFAULT 0,msg_box INTEGER,read INTEGER DEFAULT 0,m_id TEXT,sub TEXT,sub_cs INTEGER,ct_t TEXT,ct_l TEXT,exp INTEGER,m_cls TEXT,m_type INTEGER,v INTEGER,m_size INTEGER,pri INTEGER,rr INTEGER,rpt_a INTEGER,resp_st INTEGER,st INTEGER,tr_id TEXT,retr_st INTEGER,retr_txt TEXT,retr_txt_cs INTEGER,read_status INTEGER,ct_cls INTEGER,resp_txt TEXT,d_tm INTEGER,d_rpt INTEGER,locked INTEGER DEFAULT 0,seen INTEGER DEFAULT 0,text_only INTEGER DEFAULT 0,sub_id INTEGER DEFAULT 0) result: true
D/MmsSmsDatabaseHelper(  975): [getWritableDatabase] hasAutoIncrementThreads: true hasAutoIncrementAddresses: true hasAutoIncrementPart: true hasAutoIncrementPdu: true
I/ActivityManager(  643): Delay finish: com.android.calendar/.alerts.AlertReceiver
E/Sensors (  643): SensorBase: write_attr failed to open /sys/class/compass/akm8975/accel (Permission denied)
D/AlarmScheduler( 1682): No events found starting within 1 week.
I/ActivityManager(  643): Resuming delayed broadcast
I/DisableCameraReceiver( 1455): no back camera
I/DisableCameraReceiver( 1455): disable all camera activities
E/Sensors (  643): SensorBase: write_attr failed to open /sys/class/compass/akm8975/accel (Permission denied)
D/Mms:app ( 1608): cancelNotification
W/StorageManager(  643): No primary storage defined
I/ActivityManager(  643): Start proc com.android.cellbroadcastreceiver for broadcast com.android.cellbroadcastreceiver/.CellBroadcastReceiver: pid=1702 uid=10026 gids={50026}
W/Resources( 1702): Converting to string: TypedValue{t=0x10/d=0x4 a=-1}
W/Resources( 1702): Converting to string: TypedValue{t=0x10/d=0x0 a=-1}
E/Sensors (  643): SensorBase: write_attr failed to open /sys/class/compass/akm8975/accel (Permission denied)
D/CellBroadcastReceiver( 1702): onReceive Intent { act=android.intent.action.BOOT_COMPLETED flg=0x8000010 cmp=com.android.cellbroadcastreceiver/.CellBroadcastReceiver (has extras) }
D/CellBroadcastReceiver( 1702): Registering for ServiceState updates
D/CellBroadcastReceiver( 1702): Service state changed! 0 Full: 0 0 home Unknown Unknown 26002  HSPA HSPA CSS not supported -1 -1 RoamInd=-1 DefRoamInd=-1 EmergOnly=false
D/CellBroadcastConfigService( 1702): enabling emergency cell broadcast channels
W/StorageManager(  643): No primary storage defined
D/IccSmsInterfaceManager(  975): [IccSmsInterfaceManager] enableGsmBroadcastRange
D/IccSmsInterfaceManager(  975): [IccSmsInterfaceManager] Calling setGsmBroadcastConfig with 1 configurations
I/ActivityManager(  643): Start proc com.android.deskclock for broadcast com.android.deskclock/.AlarmInitReceiver: pid=1719 uid=10029 gids={50029, 1028, 3003}
D/IccSmsInterfaceManager(  975): [IccSmsInterfaceManager] Added cell broadcast subscription for MID range 4352 to 4354 from client com.android.cellbroadcastreceiver
D/IccSmsInterfaceManager(  975): [IccSmsInterfaceManager] Calling setCellBroadcastActivation(true)
D/IccSmsInterfaceManager(  975): [IccSmsInterfaceManager] enableGsmBroadcastRange
D/IccSmsInterfaceManager(  975): [IccSmsInterfaceManager] Calling setGsmBroadcastConfig with 2 configurations
E/Sensors (  643): SensorBase: write_attr failed to open /sys/class/compass/akm8975/accel (Permission denied)
I/auditd  ( 1732): Starting up
E/auditd  ( 1732): Failed on audit_set_pid with error: Protocol not supported
I/auditd  ( 1732): Exiting
D/IccSmsInterfaceManager(  975): [IccSmsInterfaceManager] Added cell broadcast subscription for MID range 4356 to 4356 from client com.android.cellbroadcastreceiver
D/IccSmsInterfaceManager(  975): [IccSmsInterfaceManager] Calling setCellBroadcastActivation(true)
D/IccSmsInterfaceManager(  975): [IccSmsInterfaceManager] enableGsmBroadcastRange
D/IccSmsInterfaceManager(  975): [IccSmsInterfaceManager] Calling setGsmBroadcastConfig with 3 configurations
V/AlarmClock( 1719): AlarmInitReceiver android.intent.action.BOOT_COMPLETED
D/IccSmsInterfaceManager(  975): [IccSmsInterfaceManager] Added cell broadcast subscription for MID range 4371 to 4372 from client com.android.cellbroadcastreceiver
D/IccSmsInterfaceManager(  975): [IccSmsInterfaceManager] Calling setCellBroadcastActivation(true)
D/IccSmsInterfaceManager(  975): [IccSmsInterfaceManager] enableGsmBroadcastRange
D/IccSmsInterfaceManager(  975): [IccSmsInterfaceManager] Calling setGsmBroadcastConfig with 4 configurations
V/AlarmClock( 1719): AlarmInitReceiver - Reset timers and clear stopwatch data
V/AlarmClock( 1719): AlarmInitReceiver - resetting volume button default
E/Sensors (  643): SensorBase: write_attr failed to open /sys/class/compass/akm8975/accel (Permission denied)
D/IccSmsInterfaceManager(  975): [IccSmsInterfaceManager] Added cell broadcast subscription for MID range 4373 to 4378 from client com.android.cellbroadcastreceiver
D/IccSmsInterfaceManager(  975): [IccSmsInterfaceManager] Calling setCellBroadcastActivation(true)
D/IccSmsInterfaceManager(  975): [IccSmsInterfaceManager] enableGsmBroadcastRange
D/IccSmsInterfaceManager(  975): [IccSmsInterfaceManager] Calling setGsmBroadcastConfig with 4 configurations
I/AlarmClock( 1719): Alarms Table created
I/AlarmClock( 1719): Instance table created
I/AlarmClock( 1719): Cities table created
I/AlarmClock( 1719): Inserting default alarms
D/IccSmsInterfaceManager(  975): [IccSmsInterfaceManager] Added cell broadcast subscription for MID range 4379 to 4379 from client com.android.cellbroadcastreceiver
D/IccSmsInterfaceManager(  975): [IccSmsInterfaceManager] Calling setCellBroadcastActivation(true)
D/IccSmsInterfaceManager(  975): [IccSmsInterfaceManager] enableGsmBroadcastRange
D/IccSmsInterfaceManager(  975): [IccSmsInterfaceManager] Calling setGsmBroadcastConfig with 4 configurations
I/AlarmClock( 1719): Displaying next alarm time: ''
D/IccSmsInterfaceManager(  975): [IccSmsInterfaceManager] Added cell broadcast subscription for MID range 4370 to 4370 from client com.android.cellbroadcastreceiver
D/IccSmsInterfaceManager(  975): [IccSmsInterfaceManager] Calling setCellBroadcastActivation(true)
W/BackupManagerService(  643): dataChanged but no participant pkg='com.android.providers.settings' uid=10029
D/CellBroadcastConfigService( 1702): enabled emergency cell broadcast channels
D/CellBroadcastConfigService( 1702): disabling cell broadcast channel 50
D/IccSmsInterfaceManager(  975): [IccSmsInterfaceManager] disableGsmBroadcastRange
D/IccSmsInterfaceManager(  975): [IccSmsInterfaceManager] Failed to remove cell broadcast subscription for MID range 50 to 50 from client com.android.cellbroadcastreceiver
E/Sensors (  643): SensorBase: write_attr failed to open /sys/class/compass/akm8975/accel (Permission denied)
D/CellBroadcastConfigService( 1702): disabling channels 919-928
V/AlarmClock( 1719): AlarmInitReceiver finished
D/IccSmsInterfaceManager(  975): [IccSmsInterfaceManager] disableGsmBroadcastRange
D/IccSmsInterfaceManager(  975): [IccSmsInterfaceManager] Failed to remove cell broadcast subscription for MID range 919 to 928 from client com.android.cellbroadcastreceiver
D/CellBroadcastConfigService( 1702): disabling cell broadcast ETWS test messages
D/IccSmsInterfaceManager(  975): [IccSmsInterfaceManager] disableGsmBroadcastRange
D/IccSmsInterfaceManager(  975): [IccSmsInterfaceManager] Failed to remove cell broadcast subscription for MID range 4355 to 4355 from client com.android.cellbroadcastreceiver
D/CellBroadcastConfigService( 1702): disabling cell broadcast CMAS test messages
D/IccSmsInterfaceManager(  975): [IccSmsInterfaceManager] disableGsmBroadcastRange
D/IccSmsInterfaceManager(  975): [IccSmsInterfaceManager] Failed to remove cell broadcast subscription for MID range 4380 to 4382 from client com.android.cellbroadcastreceiver
I/ActivityManager(  643): Killing 1150:com.android.printspooler/u0a43 (adj 15): empty #17
W/StorageManager(  643): No primary storage defined
I/ActivityManager(  643): Start proc com.android.gallery3d for broadcast com.android.gallery3d/com.android.camera.DisableCameraReceiver: pid=1739 uid=10034 gids={50034, 1006, 3003, 1028, 1015}
W/SurfaceFlinger(  194): HWC_FRAMEBUFFER_TARGET found in hwc list (index=0)
W/SurfaceFlinger(  194): HWC_FRAMEBUFFER_TARGET found in hwc list (index=1)
W/SurfaceFlinger(  194): HWC_FRAMEBUFFER_TARGET found in hwc list (index=2)
W/SurfaceFlinger(  194): HWC_FRAMEBUFFER_TARGET found in hwc list (index=0)
W/SurfaceFlinger(  194): HWC_FRAMEBUFFER_TARGET found in hwc list (index=1)
W/SurfaceFlinger(  194): HWC_FRAMEBUFFER_TARGET found in hwc list (index=2)
E/Sensors (  643): SensorBase: write_attr failed to open /sys/class/compass/akm8975/accel (Permission denied)
I/Email   ( 1343): Onetime initialization: 1
I/Email   ( 1343): Onetime initialization: 2
I/Email   ( 1343): Onetime initialization: completed.
I/G:DisableCameraReceiver( 1739): no back camera
I/G:DisableCameraReceiver( 1739): disable all camera activities
E/Sensors (  643): SensorBase: write_attr failed to open /sys/class/compass/akm8975/accel (Permission denied)
I/LauncherIconVisibilityManager(  961): Boot has been completed
I/LauncherIconVisibilityManager(  961): Disable activity: ComponentInfo{com.android.inputmethod.latin/com.android.inputmethod.latin.setup.SetupActivity}
W/StorageManager(  643): No primary storage defined
I/ActivityManager(  643): Start proc com.cyanogenmod.lockclock for broadcast com.cyanogenmod.lockclock/.ClockWidgetProvider: pid=1754 uid=10039 gids={50039, 3003}
I/ActivityManager(  643): Killing 1265:com.android.externalstorage/u0a7 (adj 15): empty #17
E/Sensors (  643): SensorBase: write_attr failed to open /sys/class/compass/akm8975/accel (Permission denied)
I/ActivityManager(  643): Killing 1086:android.process.acore/u0a3 (adj 15): empty #17
D/WeatherUpdateService( 1754): Service started, but shouldn't update ... stopping
W/StorageManager(  643): No primary storage defined
I/ActivityManager(  643): Start proc org.cyanogenmod.voiceplus for broadcast org.cyanogenmod.voiceplus/.PackageChangeReceiver: pid=1770 uid=10050 gids={50050, 3003}
I/ActivityManager(  643): Killing 1379:com.android.provision/u0a44 (adj 15): empty #17
E/Sensors (  643): SensorBase: write_attr failed to open /sys/class/compass/akm8975/accel (Permission denied)
I/ActivityManager(  643): Force stopping org.cyanogenmod.voiceplus appid=10050 user=0: pkg changed
I/ActivityManager(  643): Killing 1770:org.cyanogenmod.voiceplus/u0a50 (adj 0): stop org.cyanogenmod.voiceplus
I/Launcher( 1393): Deferring update until onResume
W/StorageManager(  643): No primary storage defined
I/InputReader(  643): Reconfiguring input devices.  changes=0x00000010
I/ActivityManager(  643): Start proc org.whispersystems.whisperpush for broadcast org.whispersystems.whisperpush/.service.DirectoryRefreshListener: pid=1783 uid=10052 gids={50052, 3003}
I/PackageManager(  643):   Action: "android.intent.action.SENDTO"
I/PackageManager(  643):   Category: "android.intent.category.DEFAULT"
I/PackageManager(  643):   Scheme: "sms"
I/PackageManager(  643): Adding preferred activity ComponentInfo{com.android.mms/com.android.mms.ui.ComposeMessageActivity} for user 0 :
E/Sensors (  643): SensorBase: write_attr failed to open /sys/class/compass/akm8975/accel (Permission denied)
I/PackageManager(  643):   Action: "android.intent.action.SENDTO"
I/PackageManager(  643):   Category: "android.intent.category.DEFAULT"
I/PackageManager(  643):   Scheme: "smsto"
I/PackageManager(  643): Adding preferred activity ComponentInfo{com.android.mms/com.android.mms.ui.ComposeMessageActivity} for user 0 :
I/Launcher( 1393): Deferring update until onResume
I/PackageManager(  643):   Action: "android.intent.action.SENDTO"
I/PackageManager(  643):   Category: "android.intent.category.DEFAULT"
I/PackageManager(  643):   Scheme: "mms"
I/PackageManager(  643): Adding preferred activity ComponentInfo{com.android.mms/com.android.mms.ui.ComposeMessageActivity} for user 0 :
I/PackageManager(  643):   Action: "android.intent.action.SENDTO"
I/PackageManager(  643):   Category: "android.intent.category.DEFAULT"
I/PackageManager(  643):   Scheme: "mmsto"
I/PackageManager(  643): Adding preferred activity ComponentInfo{com.android.mms/com.android.mms.ui.ComposeMessageActivity} for user 0 :
I/PackageManager(  643):   Action: "android.intent.action.SENDTO"
I/PackageManager(  643):   Category: "android.intent.category.DEFAULT"
I/PackageManager(  643):   Scheme: "sms"
I/PackageManager(  643): Adding preferred activity ComponentInfo{com.android.mms/com.android.mms.ui.ComposeMessageActivity} for user 0 :
E/Sensors (  643): SensorBase: write_attr failed to open /sys/class/compass/akm8975/accel (Permission denied)
I/PackageManager(  643):   Action: "android.intent.action.SENDTO"
I/PackageManager(  643):   Category: "android.intent.category.DEFAULT"
I/PackageManager(  643):   Scheme: "smsto"
I/PackageManager(  643): Adding preferred activity ComponentInfo{com.android.mms/com.android.mms.ui.ComposeMessageActivity} for user 0 :
I/PackageManager(  643):   Action: "android.intent.action.SENDTO"
I/PackageManager(  643):   Category: "android.intent.category.DEFAULT"
I/PackageManager(  643):   Scheme: "mms"
I/PackageManager(  643): Adding preferred activity ComponentInfo{com.android.mms/com.android.mms.ui.ComposeMessageActivity} for user 0 :
I/PackageManager(  643):   Action: "android.intent.action.SENDTO"
I/PackageManager(  643):   Category: "android.intent.category.DEFAULT"
I/PackageManager(  643):   Scheme: "mmsto"
I/PackageManager(  643): Adding preferred activity ComponentInfo{com.android.mms/com.android.mms.ui.ComposeMessageActivity} for user 0 :
D/BluetoothAdapter( 1000): 1102130272: getState() :  mService = null. Returning STATE_OFF
E/Sensors (  643): SensorBase: write_attr failed to open /sys/class/compass/akm8975/accel (Permission denied)
D/BluetoothAdapter( 1000): 1102130272: getState() :  mService = null. Returning STATE_OFF
W/StorageManager(  643): No primary storage defined
I/ActivityManager(  643): Killing 1495:com.android.dialer/u0a5 (adj 15): empty #17
I/ActivityManager(  643): Start proc android.process.acore for broadcast com.android.providers.contacts/.PackageIntentReceiver: pid=1799 uid=10003 gids={50003, 3003, 1028, 1015}
E/Sensors (  643): SensorBase: write_attr failed to open /sys/class/compass/akm8975/accel (Permission denied)
W/Launcher( 1393): setApplicationContext called twice! old=com.android.launcher3.LauncherApplication@41af5ca8 new=com.android.launcher3.LauncherApplication@41af5ca8
I/ActivityManager(  643): Killing 1529:com.cyanogenmod.updater/u0a1 (adj 15): empty #17
W/StorageManager(  643): No primary storage defined
I/ActivityManager(  643): Start proc org.cyanogenmod.voiceplus for broadcast org.cyanogenmod.voiceplus/.PackageChangeReceiver: pid=1815 uid=10050 gids={50050, 3003}
E/Sensors (  643): SensorBase: write_attr failed to open /sys/class/compass/akm8975/accel (Permission denied)
I/ActivityManager(  643): Force stopping org.cyanogenmod.voiceplus appid=10050 user=0: pkg changed
I/ActivityManager(  643): Killing 1815:org.cyanogenmod.voiceplus/u0a50 (adj 0): stop org.cyanogenmod.voiceplus
I/dalvikvm(  643): Jit: resizing JitTable from 4096 to 8192
I/Launcher( 1393): Deferring update until onResume
I/InputReader(  643): Reconfiguring input devices.  changes=0x00000010
I/PackageManager(  643):   Action: "android.intent.action.SENDTO"
I/PackageManager(  643):   Category: "android.intent.category.DEFAULT"
I/PackageManager(  643):   Scheme: "sms"
I/PackageManager(  643): Adding preferred activity ComponentInfo{com.android.mms/com.android.mms.ui.ComposeMessageActivity} for user 0 :
D/BluetoothAdapter( 1000): 1102130272: getState() :  mService = null. Returning STATE_OFF
I/PackageManager(  643):   Action: "android.intent.action.SENDTO"
I/PackageManager(  643):   Category: "android.intent.category.DEFAULT"
I/PackageManager(  643):   Scheme: "smsto"
I/PackageManager(  643): Adding preferred activity ComponentInfo{com.android.mms/com.android.mms.ui.ComposeMessageActivity} for user 0 :
E/Sensors (  643): SensorBase: write_attr failed to open /sys/class/compass/akm8975/accel (Permission denied)
I/PackageManager(  643):   Action: "android.intent.action.SENDTO"
I/PackageManager(  643):   Category: "android.intent.category.DEFAULT"
I/PackageManager(  643):   Scheme: "mms"
I/PackageManager(  643): Adding preferred activity ComponentInfo{com.android.mms/com.android.mms.ui.ComposeMessageActivity} for user 0 :
I/PackageManager(  643):   Action: "android.intent.action.SENDTO"
I/PackageManager(  643):   Category: "android.intent.category.DEFAULT"
I/PackageManager(  643):   Scheme: "mmsto"
I/PackageManager(  643): Adding preferred activity ComponentInfo{com.android.mms/com.android.mms.ui.ComposeMessageActivity} for user 0 :
V/AlarmClock( 1719): AlarmInitReceiver android.intent.action.TIMEZONE_CHANGED
I/PackageManager(  643):   Action: "android.intent.action.SENDTO"
I/PackageManager(  643):   Category: "android.intent.category.DEFAULT"
I/PackageManager(  643):   Scheme: "sms"
I/PackageManager(  643): Adding preferred activity ComponentInfo{com.android.mms/com.android.mms.ui.ComposeMessageActivity} for user 0 :
I/PackageManager(  643):   Action: "android.intent.action.SENDTO"
I/PackageManager(  643):   Category: "android.intent.category.DEFAULT"
I/PackageManager(  643):   Scheme: "smsto"
I/PackageManager(  643): Adding preferred activity ComponentInfo{com.android.mms/com.android.mms.ui.ComposeMessageActivity} for user 0 :
E/Sensors (  643): SensorBase: write_attr failed to open /sys/class/compass/akm8975/accel (Permission denied)
I/PackageManager(  643):   Action: "android.intent.action.SENDTO"
I/PackageManager(  643):   Category: "android.intent.category.DEFAULT"
I/PackageManager(  643):   Scheme: "mms"
I/PackageManager(  643): Adding preferred activity ComponentInfo{com.android.mms/com.android.mms.ui.ComposeMessageActivity} for user 0 :
I/PackageManager(  643):   Action: "android.intent.action.SENDTO"
I/PackageManager(  643):   Category: "android.intent.category.DEFAULT"
I/PackageManager(  643):   Scheme: "mmsto"
I/PackageManager(  643): Adding preferred activity ComponentInfo{com.android.mms/com.android.mms.ui.ComposeMessageActivity} for user 0 :
I/AlarmClock( 1719): Displaying next alarm time: ''
V/AlarmClock( 1719): AlarmInitReceiver finished
V/AlarmClock( 1719): AlarmInitReceiver android.intent.action.TIME_SET
E/Sensors (  643): SensorBase: write_attr failed to open /sys/class/compass/akm8975/accel (Permission denied)
I/AlarmClock( 1719): Displaying next alarm time: ''
V/AlarmClock( 1719): AlarmInitReceiver finished
D/wpa_supplicant( 1172): RX ctrl_iface - hexdump(len=4): 53 43 41 4e
D/wpa_supplicant( 1172): wlan0: Control interface command 'SCAN'
D/wpa_supplicant( 1172): wlan0: Setting scan request: 0 sec 0 usec
D/wpa_supplicant( 1172): wlan0: State: INACTIVE -> SCANNING
D/wpa_supplicant( 1172): CTRL_IFACE monitor send - hexdump(len=39): 2f 64 61 74 61 2f 6d 69 73 63 2f 77 69 66 69 2f 73 6f 63 6b 65 74 73 2f 77 70 61 5f 63 74 72 6c ...
D/wpa_supplicant( 1172): wlan0: Starting AP scan for wildcard SSID
