W/SurfaceFlinger(  194): HWC_FRAMEBUFFER_TARGET found in hwc list (index=2)
E/Sensors (  643): SensorBase: write_attr failed to open /sys/class/compass/akm8975/accel (Permission denied)
I/auditd  ( 1957): Starting up
E/auditd  ( 1957): Failed on audit_set_pid with error: Protocol not supported
I/auditd  ( 1957): Exiting
W/SurfaceFlinger(  194): HWC_FRAMEBUFFER_TARGET found in hwc list (index=0)
W/SurfaceFlinger(  194): HWC_FRAMEBUFFER_TARGET found in hwc list (index=1)
W/SurfaceFlinger(  194): HWC_FRAMEBUFFER_TARGET found in hwc list (index=2)
W/SurfaceFlinger(  194): HWC_FRAMEBUFFER_TARGET found in hwc list (index=3)
E/Sensors (  643): SensorBase: write_attr failed to open /sys/class/compass/akm8975/accel (Permission denied)
W/SurfaceFlinger(  194): HWC_FRAMEBUFFER_TARGET found in hwc list (index=0)
W/SurfaceFlinger(  194): HWC_FRAMEBUFFER_TARGET found in hwc list (index=1)
W/SurfaceFlinger(  194): HWC_FRAMEBUFFER_TARGET found in hwc list (index=2)
W/SurfaceFlinger(  194): HWC_FRAMEBUFFER_TARGET found in hwc list (index=3)
W/SurfaceFlinger(  194): HWC_FRAMEBUFFER_TARGET found in hwc list (index=0)
W/SurfaceFlinger(  194): HWC_FRAMEBUFFER_TARGET found in hwc list (index=1)
D/BluetoothAdapter( 1000): 1102130272: getState() :  mService = null. Returning STATE_OFF
E/Sensors (  643): SensorBase: write_attr failed to open /sys/class/compass/akm8975/accel (Permission denied)
W/SurfaceFlinger(  194): HWC_FRAMEBUFFER_TARGET found in hwc list (index=0)
W/SurfaceFlinger(  194): HWC_FRAMEBUFFER_TARGET found in hwc list (index=1)
I/Adreno200-EGL( 1000): <qeglDrvAPI_eglInitialize:294>: EGL 1.4 QUALCOMM build: AU_LINUX_ANDROID_JB.04.01.01.00.036_msm8960_JB_CL2644550_release_AU (CL2644550)
I/Adreno200-EGL( 1000): Build Date: 07/31/12 Tue
I/Adreno200-EGL( 1000): Local Branch: 
I/Adreno200-EGL( 1000): Remote Branch: quic/master
I/Adreno200-EGL( 1000): Local Patches: NONE
I/Adreno200-EGL( 1000): Reconstruct Branch: AU_LINUX_ANDROID_JB.04.01.01.00.036 +  NOTHING
W/SurfaceFlinger(  194): HWC_FRAMEBUFFER_TARGET found in hwc list (index=0)
W/SurfaceFlinger(  194): HWC_FRAMEBUFFER_TARGET found in hwc list (index=1)
E/Sensors (  643): SensorBase: write_attr failed to open /sys/class/compass/akm8975/accel (Permission denied)
D/OpenGLRenderer( 1000): Enabling debug mode 0
D/WifiService(  643): setWifiEnabled: true pid=1000, uid=1000
D/BluetoothAdapter( 1000): 1102130272: getState() :  mService = null. Returning STATE_OFF
E/Sensors (  643): SensorBase: write_attr failed to open /sys/class/compass/akm8975/accel (Permission denied)
W/SurfaceFlinger(  194): HWC_FRAMEBUFFER_TARGET found in hwc list (index=0)
W/SurfaceFlinger(  194): HWC_FRAMEBUFFER_TARGET found in hwc list (index=1)
I/ActivityManager(  643): Displayed com.android.settings/.Settings: +1s467ms
I/ActivityManager(  643): Timeline: Activity_windows_visible id: ActivityRecord{41b9ffe0 u0 com.android.settings/.Settings t5} time:258514
E/Sensors (  643): SensorBase: write_attr failed to open /sys/class/compass/akm8975/accel (Permission denied)
W/SurfaceFlinger(  194): HWC_FRAMEBUFFER_TARGET found in hwc list (index=0)
W/SurfaceFlinger(  194): HWC_FRAMEBUFFER_TARGET found in hwc list (index=1)
W/SurfaceFlinger(  194): HWC_FRAMEBUFFER_TARGET found in hwc list (index=0)
W/SurfaceFlinger(  194): HWC_FRAMEBUFFER_TARGET found in hwc list (index=1)
E/Sensors (  643): SensorBase: write_attr failed to open /sys/class/compass/akm8975/accel (Permission denied)
W/SurfaceFlinger(  194): HWC_FRAMEBUFFER_TARGET found in hwc list (index=0)
W/SurfaceFlinger(  194): HWC_FRAMEBUFFER_TARGET found in hwc list (index=1)
I/ActivityManager( 1000): Timeline: Activity_idle id: android.os.BinderProxy@41b69ec8 time:258767
W/SurfaceFlinger(  194): HWC_FRAMEBUFFER_TARGET found in hwc list (index=0)
W/SurfaceFlinger(  194): HWC_FRAMEBUFFER_TARGET found in hwc list (index=1)
E/Sensors (  643): SensorBase: write_attr failed to open /sys/class/compass/akm8975/accel (Permission denied)
E/Sensors (  643): SensorBase: write_attr failed to open /sys/class/compass/akm8975/accel (Permission denied)
W/SurfaceFlinger(  194): HWC_FRAMEBUFFER_TARGET found in hwc list (index=0)
W/SurfaceFlinger(  194): HWC_FRAMEBUFFER_TARGET found in hwc list (index=1)
E/Sensors (  643): SensorBase: write_attr failed to open /sys/class/compass/akm8975/accel (Permission denied)
W/SurfaceFlinger(  194): HWC_FRAMEBUFFER_TARGET found in hwc list (index=0)
W/SurfaceFlinger(  194): HWC_FRAMEBUFFER_TARGET found in hwc list (index=1)
W/SurfaceFlinger(  194): HWC_FRAMEBUFFER_TARGET found in hwc list (index=0)
W/SurfaceFlinger(  194): HWC_FRAMEBUFFER_TARGET found in hwc list (index=1)
W/SurfaceFlinger(  194): HWC_FRAMEBUFFER_TARGET found in hwc list (index=0)
W/SurfaceFlinger(  194): HWC_FRAMEBUFFER_TARGET found in hwc list (index=1)
W/SurfaceFlinger(  194): HWC_FRAMEBUFFER_TARGET found in hwc list (index=0)
W/SurfaceFlinger(  194): HWC_FRAMEBUFFER_TARGET found in hwc list (index=1)
W/SurfaceFlinger(  194): HWC_FRAMEBUFFER_TARGET found in hwc list (index=0)
W/SurfaceFlinger(  194): HWC_FRAMEBUFFER_TARGET found in hwc list (index=1)
W/SurfaceFlinger(  194): HWC_FRAMEBUFFER_TARGET found in hwc list (index=0)
W/SurfaceFlinger(  194): HWC_FRAMEBUFFER_TARGET found in hwc list (index=1)
W/SurfaceFlinger(  194): HWC_FRAMEBUFFER_TARGET found in hwc list (index=0)
W/SurfaceFlinger(  194): HWC_FRAMEBUFFER_TARGET found in hwc list (index=1)
W/SurfaceFlinger(  194): HWC_FRAMEBUFFER_TARGET found in hwc list (index=0)
W/SurfaceFlinger(  194): HWC_FRAMEBUFFER_TARGET found in hwc list (index=1)
W/SurfaceFlinger(  194): HWC_FRAMEBUFFER_TARGET found in hwc list (index=0)
W/SurfaceFlinger(  194): HWC_FRAMEBUFFER_TARGET found in hwc list (index=1)
W/SurfaceFlinger(  194): HWC_FRAMEBUFFER_TARGET found in hwc list (index=0)
W/SurfaceFlinger(  194): HWC_FRAMEBUFFER_TARGET found in hwc list (index=1)
W/SurfaceFlinger(  194): HWC_FRAMEBUFFER_TARGET found in hwc list (index=0)
W/SurfaceFlinger(  194): HWC_FRAMEBUFFER_TARGET found in hwc list (index=1)
W/SurfaceFlinger(  194): HWC_FRAMEBUFFER_TARGET found in hwc list (index=0)
W/SurfaceFlinger(  194): HWC_FRAMEBUFFER_TARGET found in hwc list (index=1)
E/Sensors (  643): SensorBase: write_attr failed to open /sys/class/compass/akm8975/accel (Permission denied)
W/SurfaceFlinger(  194): HWC_FRAMEBUFFER_TARGET found in hwc list (index=0)
W/SurfaceFlinger(  194): HWC_FRAMEBUFFER_TARGET found in hwc list (index=1)
W/SurfaceFlinger(  194): HWC_FRAMEBUFFER_TARGET found in hwc list (index=0)
W/SurfaceFlinger(  194): HWC_FRAMEBUFFER_TARGET found in hwc list (index=1)
E/Sensors (  643): SensorBase: write_attr failed to open /sys/class/compass/akm8975/accel (Permission denied)
E/Sensors (  643): SensorBase: write_attr failed to open /sys/class/compass/akm8975/accel (Permission denied)
E/Sensors (  643): SensorBase: write_attr failed to open /sys/class/compass/akm8975/accel (Permission denied)
D/WifiService(  643): setWifiEnabled: false pid=1000, uid=1000
W/SurfaceFlinger(  194): HWC_FRAMEBUFFER_TARGET found in hwc list (index=0)
W/SurfaceFlinger(  194): HWC_FRAMEBUFFER_TARGET found in hwc list (index=1)
D/wpa_supplicant( 1172): RX ctrl_iface - hexdump(len=23): 44 52 49 56 45 52 20 57 4c 53 5f 42 41 54 43 48 49 4e 47 20 47 45 54
D/wpa_supplicant( 1172): wlan0: Control interface command 'DRIVER WLS_BATCHING GET'
D/wpa_supplicant( 1172): wpa_driver_nl80211_driver_cmd OK len = 2, 2
E/WifiStateMachine(  643): Unexpected BatchedScanResults :OK
D/wpa_supplicant( 1172): RX ctrl_iface - hexdump(len=24): 44 52 49 56 45 52 20 57 4c 53 5f 42 41 54 43 48 49 4e 47 20 53 54 4f 50
D/wpa_supplicant( 1172): wlan0: Control interface command 'DRIVER WLS_BATCHING STOP'
D/wpa_supplicant( 1172): wpa_driver_nl80211_driver_cmd OK len = 2, 2
W/SurfaceFlinger(  194): HWC_FRAMEBUFFER_TARGET found in hwc list (index=0)
W/SurfaceFlinger(  194): HWC_FRAMEBUFFER_TARGET found in hwc list (index=1)
D/CommandListener(  191): Clearing all IP addresses on wlan0
D/wpa_supplicant( 1172): RX global ctrl_iface - hexdump(len=9): 54 45 52 4d 49 4e 41 54 45
D/wpa_supplicant( 1172): wlan0: Removing interface wlan0
D/wpa_supplicant( 1172): wlan0: Request to deauthenticate - bssid=00:00:00:00:00:00 pending_bssid=00:00:00:00:00:00 reason=3 state=INACTIVE
D/wpa_supplicant( 1172): TDLS: Tear down peers
D/wpa_supplicant( 1172): wlan0: No keys have been configured - skip key clearing
D/wpa_supplicant( 1172): wlan0: State: INACTIVE -> DISCONNECTED
D/wpa_supplicant( 1172): wpa_driver_nl80211_set_operstate: operstate 0->0 (DORMANT)
D/wpa_supplicant( 1172): netlink: Operstate: linkmode=-1, operstate=5
D/wpa_supplicant( 1172): CTRL_IFACE monitor send - hexdump(len=39): 2f 64 61 74 61 2f 6d 69 73 63 2f 77 69 66 69 2f 73 6f 63 6b 65 74 73 2f 77 70 61 5f 63 74 72 6c ...
D/wpa_supplicant( 1172): EAPOL: External notification - portEnabled=0
D/wpa_supplicant( 1172): EAPOL: Supplicant port status: Unauthorized
D/wpa_supplicant( 1172): nl80211: Set supplicant port unauthorized for 00:00:00:00:00:00
D/wpa_supplicant( 1172): EAPOL: External notification - portValid=0
D/wpa_supplicant( 1172): EAPOL: Supplicant port status: Unauthorized
D/wpa_supplicant( 1172): nl80211: Set supplicant port unauthorized for 00:00:00:00:00:00
D/wpa_supplicant( 1172): wlan0: No keys have been configured - skip key clearing
D/ConnectivityService(  643): ConnectivityChange for WIFI: DISCONNECTED/DISCONNECTED
W/SurfaceFlinger(  194): HWC_FRAMEBUFFER_TARGET found in hwc list (index=0)
W/SurfaceFlinger(  194): HWC_FRAMEBUFFER_TARGET found in hwc list (index=1)
D/ConnectivityService(  643): Attempting to switch to mobile
D/ConnectivityService(  643): Attempting to switch to BLUETOOTH_TETHER
D/Nat464Xlat(  643): requiresClat: netType=1, hasIPv4Address=false
E/Sensors (  643): SensorBase: write_attr failed to open /sys/class/compass/akm8975/accel (Permission denied)
D/ConnectivityService(  643): ConnectivityChange for WIFI: DISCONNECTED/DISCONNECTED
D/ConnectivityService(  643): Attempting to switch to mobile
D/ConnectivityService(  643): Attempting to switch to BLUETOOTH_TETHER
D/Nat464Xlat(  643): requiresClat: netType=1, hasIPv4Address=false
D/BluetoothAdapter( 1000): 1102130272: getState() :  mService = null. Returning STATE_OFF
D/MobileDataStateTracker(  643): default: setPolicyDataEnable(enabled=true)
D/MobileDataStateTracker(  643): dun: Broadcast received: android.intent.action.ANY_DATA_STATE apnType=dun
D/MobileDataStateTracker(  643): dun: Received state=DISCONNECTED, old=DISCONNECTED, reason=dataEnabled
D/MobileDataStateTracker(  643): supl: Broadcast received: android.intent.action.ANY_DATA_STATE apnType=supl
D/MobileDataStateTracker(  643): supl: Received state=DISCONNECTED, old=DISCONNECTED, reason=dataEnabled
D/MobileDataStateTracker(  643): hipri: Broadcast received: android.intent.action.ANY_DATA_STATE apnType=hipri
D/MobileDataStateTracker(  643): hipri: Received state=DISCONNECTED, old=DISCONNECTED, reason=dataEnabled
D/MobileDataStateTracker(  643): mms: Broadcast received: android.intent.action.ANY_DATA_STATE apnType=mms
D/MobileDataStateTracker(  643): mms: Received state=DISCONNECTED, old=DISCONNECTED, reason=dataEnabled
D/wpa_supplicant( 1172): wlan0: BSS: Remove id 4 BSSID 94:0c:6d:a1:5e:67 SSID 'WystawSobie' due to wpa_bss_flush
D/wpa_supplicant( 1172): CTRL_IFACE monitor send - hexdump(len=39): 2f 64 61 74 61 2f 6d 69 73 63 2f 77 69 66 69 2f 73 6f 63 6b 65 74 73 2f 77 70 61 5f 63 74 72 6c ...
D/wpa_supplicant( 1172): wlan0: BSS: Remove id 1 BSSID 2c:e4:12:79:6b:29 SSID 'SAGEM_6B28' due to wpa_bss_flush
D/wpa_supplicant( 1172): CTRL_IFACE monitor send - hexdump(len=39): 2f 64 61 74 61 2f 6d 69 73 63 2f 77 69 66 69 2f 73 6f 63 6b 65 74 73 2f 77 70 61 5f 63 74 72 6c ...
D/wpa_supplicant( 1172): wlan0: BSS: Remove id 0 BSSID 00:1d:7e:ad:1a:6c SSID 'linksys' due to wpa_bss_flush
D/wpa_supplicant( 1172): CTRL_IFACE monitor send - hexdump(len=39): 2f 64 61 74 61 2f 6d 69 73 63 2f 77 69 66 69 2f 73 6f 63 6b 65 74 73 2f 77 70 61 5f 63 74 72 6c ...
D/wpa_supplicant( 1172): wlan0: Cancelling scan request
D/wpa_supplicant( 1172): wlan0: P2P: Station mode scan operation not pending anymore (sta_scan_pending=0 p2p_cb_on_scan_complete=0)
D/wpa_supplicant( 1172): wlan0: Cancelling authentication timeout
D/wpa_supplicant( 1172): wlan0: P2P: Disable P2P since removing the management interface is being removed
D/wpa_supplicant( 1172): P2P: Stopping find
D/wpa_supplicant( 1172): P2P: Clear timeout (state=IDLE)
D/wpa_supplicant( 1172): P2P: State IDLE -> IDLE
D/wpa_supplicant( 1172): wpa_driver_set_ap_wps_p2p_ie: Entry
D/MobileDataStateTracker(  643): dun: Broadcast received: android.intent.action.ANY_DATA_STATE apnType=dun
D/MobileDataStateTracker(  643): dun: Received state=DISCONNECTED, old=DISCONNECTED, reason=dataEnabled
D/MobileDataStateTracker(  643): supl: Broadcast received: android.intent.action.ANY_DATA_STATE apnType=supl
D/MobileDataStateTracker(  643): supl: Received state=DISCONNECTED, old=DISCONNECTED, reason=dataEnabled
D/MobileDataStateTracker(  643): hipri: Broadcast received: android.intent.action.ANY_DATA_STATE apnType=hipri
D/MobileDataStateTracker(  643): hipri: Received state=DISCONNECTED, old=DISCONNECTED, reason=dataEnabled
D/wpa_supplicant( 1172): netlink: Operstate: linkmode=0, operstate=6
D/MobileDataStateTracker(  643): mms: Broadcast received: android.intent.action.ANY_DATA_STATE apnType=mms
D/MobileDataStateTracker(  643): mms: Received state=DISCONNECTED, old=DISCONNECTED, reason=dataEnabled
D/MobileDataStateTracker(  643): default: setPolicyDataEnable(enabled=true)
E/Sensors (  643): SensorBase: write_attr failed to open /sys/class/compass/akm8975/accel (Permission denied)
D/MobileDataStateTracker(  643): default: setPolicyDataEnable(enabled=true)
D/MobileDataStateTracker(  643): default: setPolicyDataEnable(enabled=true)
E/Sensors (  643): SensorBase: write_attr failed to open /sys/class/compass/akm8975/accel (Permission denied)
E/Sensors (  643): SensorBase: write_attr failed to open /sys/class/compass/akm8975/accel (Permission denied)
W/SurfaceFlinger(  194): HWC_FRAMEBUFFER_TARGET found in hwc list (index=0)
W/SurfaceFlinger(  194): HWC_FRAMEBUFFER_TARGET found in hwc list (index=1)
W/SurfaceFlinger(  194): HWC_FRAMEBUFFER_TARGET found in hwc list (index=0)
W/SurfaceFlinger(  194): HWC_FRAMEBUFFER_TARGET found in hwc list (index=1)
W/SurfaceFlinger(  194): HWC_FRAMEBUFFER_TARGET found in hwc list (index=0)
W/SurfaceFlinger(  194): HWC_FRAMEBUFFER_TARGET found in hwc list (index=1)
E/Sensors (  643): SensorBase: write_attr failed to open /sys/class/compass/akm8975/accel (Permission denied)
W/SurfaceFlinger(  194): HWC_FRAMEBUFFER_TARGET found in hwc list (index=0)
W/SurfaceFlinger(  194): HWC_FRAMEBUFFER_TARGET found in hwc list (index=1)
W/SurfaceFlinger(  194): HWC_FRAMEBUFFER_TARGET found in hwc list (index=0)
W/SurfaceFlinger(  194): HWC_FRAMEBUFFER_TARGET found in hwc list (index=1)
E/Sensors (  643): SensorBase: write_attr failed to open /sys/class/compass/akm8975/accel (Permission denied)
W/SurfaceFlinger(  194): HWC_FRAMEBUFFER_TARGET found in hwc list (index=0)
W/SurfaceFlinger(  194): HWC_FRAMEBUFFER_TARGET found in hwc list (index=1)
W/SurfaceFlinger(  194): HWC_FRAMEBUFFER_TARGET found in hwc list (index=0)
W/SurfaceFlinger(  194): HWC_FRAMEBUFFER_TARGET found in hwc list (index=1)
W/SurfaceFlinger(  194): HWC_FRAMEBUFFER_TARGET found in hwc list (index=0)
W/SurfaceFlinger(  194): HWC_FRAMEBUFFER_TARGET found in hwc list (index=1)
E/Sensors (  643): SensorBase: write_attr failed to open /sys/class/compass/akm8975/accel (Permission denied)
W/SurfaceFlinger(  194): HWC_FRAMEBUFFER_TARGET found in hwc list (index=0)
W/SurfaceFlinger(  194): HWC_FRAMEBUFFER_TARGET found in hwc list (index=1)
W/SurfaceFlinger(  194): HWC_FRAMEBUFFER_TARGET found in hwc list (index=0)
W/SurfaceFlinger(  194): HWC_FRAMEBUFFER_TARGET found in hwc list (index=1)
W/SurfaceFlinger(  194): HWC_FRAMEBUFFER_TARGET found in hwc list (index=0)
W/SurfaceFlinger(  194): HWC_FRAMEBUFFER_TARGET found in hwc list (index=1)
W/SurfaceFlinger(  194): HWC_FRAMEBUFFER_TARGET found in hwc list (index=0)
W/SurfaceFlinger(  194): HWC_FRAMEBUFFER_TARGET found in hwc list (index=1)
W/SurfaceFlinger(  194): HWC_FRAMEBUFFER_TARGET found in hwc list (index=0)
W/SurfaceFlinger(  194): HWC_FRAMEBUFFER_TARGET found in hwc list (index=1)
W/SurfaceFlinger(  194): HWC_FRAMEBUFFER_TARGET found in hwc list (index=0)
W/SurfaceFlinger(  194): HWC_FRAMEBUFFER_TARGET found in hwc list (index=1)
W/SurfaceFlinger(  194): HWC_FRAMEBUFFER_TARGET found in hwc list (index=0)
W/SurfaceFlinger(  194): HWC_FRAMEBUFFER_TARGET found in hwc list (index=1)
W/SurfaceFlinger(  194): HWC_FRAMEBUFFER_TARGET found in hwc list (index=0)
W/SurfaceFlinger(  194): HWC_FRAMEBUFFER_TARGET found in hwc list (index=1)
E/Sensors (  643): SensorBase: write_attr failed to open /sys/class/compass/akm8975/accel (Permission denied)
E/JHEAD   ( 1047): Premature end of file?
W/SurfaceFlinger(  194): HWC_FRAMEBUFFER_TARGET found in hwc list (index=0)
W/SurfaceFlinger(  194): HWC_FRAMEBUFFER_TARGET found in hwc list (index=1)
W/SurfaceFlinger(  194): HWC_FRAMEBUFFER_TARGET found in hwc list (index=0)
W/SurfaceFlinger(  194): HWC_FRAMEBUFFER_TARGET found in hwc list (index=1)
W/SurfaceFlinger(  194): HWC_FRAMEBUFFER_TARGET found in hwc list (index=0)
W/SurfaceFlinger(  194): HWC_FRAMEBUFFER_TARGET found in hwc list (index=1)
W/SurfaceFlinger(  194): HWC_FRAMEBUFFER_TARGET found in hwc list (index=0)
W/SurfaceFlinger(  194): HWC_FRAMEBUFFER_TARGET found in hwc list (index=1)
W/SurfaceFlinger(  194): HWC_FRAMEBUFFER_TARGET found in hwc list (index=0)
W/SurfaceFlinger(  194): HWC_FRAMEBUFFER_TARGET found in hwc list (index=1)
W/SurfaceFlinger(  194): HWC_FRAMEBUFFER_TARGET found in hwc list (index=0)
W/SurfaceFlinger(  194): HWC_FRAMEBUFFER_TARGET found in hwc list (index=1)
W/SurfaceFlinger(  194): HWC_FRAMEBUFFER_TARGET found in hwc list (index=0)
W/SurfaceFlinger(  194): HWC_FRAMEBUFFER_TARGET found in hwc list (index=1)
W/SurfaceFlinger(  194): HWC_FRAMEBUFFER_TARGET found in hwc list (index=0)
W/SurfaceFlinger(  194): HWC_FRAMEBUFFER_TARGET found in hwc list (index=1)
E/Sensors (  643): SensorBase: write_attr failed to open /sys/class/compass/akm8975/accel (Permission denied)
W/SurfaceFlinger(  194): HWC_FRAMEBUFFER_TARGET found in hwc list (index=0)
W/SurfaceFlinger(  194): HWC_FRAMEBUFFER_TARGET found in hwc list (index=1)
W/SurfaceFlinger(  194): HWC_FRAMEBUFFER_TARGET found in hwc list (index=0)
W/SurfaceFlinger(  194): HWC_FRAMEBUFFER_TARGET found in hwc list (index=1)
D/wpa_supplicant( 1172): nl80211: Set mode ifindex 13 iftype 2 (STATION)
D/wpa_supplicant( 1172): nl80211: Unsubscribe mgmt frames handle 0x40dadaf0 (mode change)
I/wpa_supplicant( 1172): wlan0: CTRL-EVENT-TERMINATING 
D/wpa_supplicant( 1172): CTRL_IFACE monitor send - hexdump(len=39): 2f 64 61 74 61 2f 6d 69 73 63 2f 77 69 66 69 2f 73 6f 63 6b 65 74 73 2f 77 70 61 5f 63 74 72 6c ...
W/SurfaceFlinger(  194): HWC_FRAMEBUFFER_TARGET found in hwc list (index=0)
W/SurfaceFlinger(  194): HWC_FRAMEBUFFER_TARGET found in hwc list (index=1)
D/Tethering(  643): InitialState.processMessage what=4
D/wpa_supplicant( 1172): Control interface directory not empty - leaving it behind
D/wpa_supplicant( 1172): p2p0: Removing interface p2p0
D/wpa_supplicant( 1172): p2p0: Request to deauthenticate - bssid=00:00:00:00:00:00 pending_bssid=00:00:00:00:00:00 reason=3 state=INACTIVE
D/wpa_supplicant( 1172): TDLS: Tear down peers
D/wpa_supplicant( 1172): p2p0: No keys have been configured - skip key clearing
D/wpa_supplicant( 1172): p2p0: State: INACTIVE -> DISCONNECTED
D/wpa_supplicant( 1172): wpa_driver_nl80211_set_operstate: operstate 0->0 (DORMANT)
D/wpa_supplicant( 1172): netlink: Operstate: linkmode=-1, operstate=5
D/wpa_supplicant( 1172): CTRL_IFACE monitor send - hexdump(len=39): 2f 64 61 74 61 2f 6d 69 73 63 2f 77 69 66 69 2f 73 6f 63 6b 65 74 73 2f 77 70 61 5f 63 74 72 6c ...
D/wpa_supplicant( 1172): EAPOL: External notification - portEnabled=0
D/wpa_supplicant( 1172): EAPOL: Supplicant port status: Unauthorized
D/wpa_supplicant( 1172): nl80211: Set supplicant port unauthorized for 00:00:00:00:00:00
D/wpa_supplicant( 1172): EAPOL: External notification - portValid=0
D/wpa_supplicant( 1172): EAPOL: Supplicant port status: Unauthorized
D/wpa_supplicant( 1172): nl80211: Set supplicant port unauthorized for 00:00:00:00:00:00
D/wpa_supplicant( 1172): p2p0: No keys have been configured - skip key clearing
D/Tethering(  643): Exception adding default nw to upstreamIfaceTypes: java.lang.NullPointerException
D/Tethering(  643): sendTetherStateChangedBroadcast 0, 0, 0
I/auditd  ( 1966): Starting up
E/auditd  ( 1966): Failed on audit_set_pid with error: Protocol not supported
I/auditd  ( 1966): Exiting
W/SurfaceFlinger(  194): HWC_FRAMEBUFFER_TARGET found in hwc list (index=0)
W/SurfaceFlinger(  194): HWC_FRAMEBUFFER_TARGET found in hwc list (index=1)
D/Tethering(  643): Exception adding default nw to upstreamIfaceTypes: java.lang.NullPointerException
D/MobileDataStateTracker(  643): default: setPolicyDataEnable(enabled=true)
W/SurfaceFlinger(  194): HWC_FRAMEBUFFER_TARGET found in hwc list (index=0)
W/SurfaceFlinger(  194): HWC_FRAMEBUFFER_TARGET found in hwc list (index=1)
E/Sensors (  643): SensorBase: write_attr failed to open /sys/class/compass/akm8975/accel (Permission denied)
D/BluetoothAdapter( 1000): 1102130272: getState() :  mService = null. Returning STATE_OFF
W/SurfaceFlinger(  194): HWC_FRAMEBUFFER_TARGET found in hwc list (index=0)
W/SurfaceFlinger(  194): HWC_FRAMEBUFFER_TARGET found in hwc list (index=1)
W/SurfaceFlinger(  194): HWC_FRAMEBUFFER_TARGET found in hwc list (index=0)
W/SurfaceFlinger(  194): HWC_FRAMEBUFFER_TARGET found in hwc list (index=1)
W/SurfaceFlinger(  194): HWC_FRAMEBUFFER_TARGET found in hwc list (index=0)
W/SurfaceFlinger(  194): HWC_FRAMEBUFFER_TARGET found in hwc list (index=1)
W/SurfaceFlinger(  194): HWC_FRAMEBUFFER_TARGET found in hwc list (index=0)
W/SurfaceFlinger(  194): HWC_FRAMEBUFFER_TARGET found in hwc list (index=1)
W/SurfaceFlinger(  194): HWC_FRAMEBUFFER_TARGET found in hwc list (index=0)
W/SurfaceFlinger(  194): HWC_FRAMEBUFFER_TARGET found in hwc list (index=1)
W/SurfaceFlinger(  194): HWC_FRAMEBUFFER_TARGET found in hwc list (index=0)
W/SurfaceFlinger(  194): HWC_FRAMEBUFFER_TARGET found in hwc list (index=1)
E/Sensors (  643): SensorBase: write_attr failed to open /sys/class/compass/akm8975/accel (Permission denied)
W/SurfaceFlinger(  194): HWC_FRAMEBUFFER_TARGET found in hwc list (index=0)
W/SurfaceFlinger(  194): HWC_FRAMEBUFFER_TARGET found in hwc list (index=1)
W/SurfaceFlinger(  194): HWC_FRAMEBUFFER_TARGET found in hwc list (index=0)
W/SurfaceFlinger(  194): HWC_FRAMEBUFFER_TARGET found in hwc list (index=1)
W/SurfaceFlinger(  194): HWC_FRAMEBUFFER_TARGET found in hwc list (index=0)
W/SurfaceFlinger(  194): HWC_FRAMEBUFFER_TARGET found in hwc list (index=1)
W/SurfaceFlinger(  194): HWC_FRAMEBUFFER_TARGET found in hwc list (index=0)
W/SurfaceFlinger(  194): HWC_FRAMEBUFFER_TARGET found in hwc list (index=1)
E/JHEAD   ( 1047): Premature end of file?
W/SurfaceFlinger(  194): HWC_FRAMEBUFFER_TARGET found in hwc list (index=0)
W/SurfaceFlinger(  194): HWC_FRAMEBUFFER_TARGET found in hwc list (index=1)
W/SurfaceFlinger(  194): HWC_FRAMEBUFFER_TARGET found in hwc list (index=0)
W/SurfaceFlinger(  194): HWC_FRAMEBUFFER_TARGET found in hwc list (index=1)
W/SurfaceFlinger(  194): HWC_FRAMEBUFFER_TARGET found in hwc list (index=0)
W/SurfaceFlinger(  194): HWC_FRAMEBUFFER_TARGET found in hwc list (index=1)
W/SurfaceFlinger(  194): HWC_FRAMEBUFFER_TARGET found in hwc list (index=0)
W/SurfaceFlinger(  194): HWC_FRAMEBUFFER_TARGET found in hwc list (index=1)
W/SurfaceFlinger(  194): HWC_FRAMEBUFFER_TARGET found in hwc list (index=0)
W/SurfaceFlinger(  194): HWC_FRAMEBUFFER_TARGET found in hwc list (index=1)
W/SurfaceFlinger(  194): HWC_FRAMEBUFFER_TARGET found in hwc list (index=0)
W/SurfaceFlinger(  194): HWC_FRAMEBUFFER_TARGET found in hwc list (index=1)
E/Sensors (  643): SensorBase: write_attr failed to open /sys/class/compass/akm8975/accel (Permission denied)
W/SurfaceFlinger(  194): HWC_FRAMEBUFFER_TARGET found in hwc list (index=0)
W/SurfaceFlinger(  194): HWC_FRAMEBUFFER_TARGET found in hwc list (index=1)
W/SurfaceFlinger(  194): HWC_FRAMEBUFFER_TARGET found in hwc list (index=0)
W/SurfaceFlinger(  194): HWC_FRAMEBUFFER_TARGET found in hwc list (index=1)
W/SurfaceFlinger(  194): HWC_FRAMEBUFFER_TARGET found in hwc list (index=0)
W/SurfaceFlinger(  194): HWC_FRAMEBUFFER_TARGET found in hwc list (index=1)
W/SurfaceFlinger(  194): HWC_FRAMEBUFFER_TARGET found in hwc list (index=0)
W/SurfaceFlinger(  194): HWC_FRAMEBUFFER_TARGET found in hwc list (index=1)
E/JHEAD   ( 1047): Premature end of file?
W/SurfaceFlinger(  194): HWC_FRAMEBUFFER_TARGET found in hwc list (index=0)
W/SurfaceFlinger(  194): HWC_FRAMEBUFFER_TARGET found in hwc list (index=1)
W/SurfaceFlinger(  194): HWC_FRAMEBUFFER_TARGET found in hwc list (index=0)
W/SurfaceFlinger(  194): HWC_FRAMEBUFFER_TARGET found in hwc list (index=1)
E/Sensors (  643): SensorBase: write_attr failed to open /sys/class/compass/akm8975/accel (Permission denied)
E/JHEAD   ( 1047): Premature end of file?
E/JHEAD   ( 1047): Premature end of file?
E/Sensors (  643): SensorBase: write_attr failed to open /sys/class/compass/akm8975/accel (Permission denied)
W/SurfaceFlinger(  194): HWC_FRAMEBUFFER_TARGET found in hwc list (index=0)
W/SurfaceFlinger(  194): HWC_FRAMEBUFFER_TARGET found in hwc list (index=1)
W/SurfaceFlinger(  194): HWC_FRAMEBUFFER_TARGET found in hwc list (index=0)
W/SurfaceFlinger(  194): HWC_FRAMEBUFFER_TARGET found in hwc list (index=1)
W/SurfaceFlinger(  194): HWC_FRAMEBUFFER_TARGET found in hwc list (index=0)
W/SurfaceFlinger(  194): HWC_FRAMEBUFFER_TARGET found in hwc list (index=1)
W/SurfaceFlinger(  194): HWC_FRAMEBUFFER_TARGET found in hwc list (index=0)
W/SurfaceFlinger(  194): HWC_FRAMEBUFFER_TARGET found in hwc list (index=1)
W/SurfaceFlinger(  194): HWC_FRAMEBUFFER_TARGET found in hwc list (index=0)
W/SurfaceFlinger(  194): HWC_FRAMEBUFFER_TARGET found in hwc list (index=1)
W/SurfaceFlinger(  194): HWC_FRAMEBUFFER_TARGET found in hwc list (index=0)
W/SurfaceFlinger(  194): HWC_FRAMEBUFFER_TARGET found in hwc list (index=1)
W/SurfaceFlinger(  194): HWC_FRAMEBUFFER_TARGET found in hwc list (index=0)
W/SurfaceFlinger(  194): HWC_FRAMEBUFFER_TARGET found in hwc list (index=1)
W/SurfaceFlinger(  194): HWC_FRAMEBUFFER_TARGET found in hwc list (index=0)
W/SurfaceFlinger(  194): HWC_FRAMEBUFFER_TARGET found in hwc list (index=1)
E/JHEAD   ( 1047): Premature end of file?
W/SurfaceFlinger(  194): HWC_FRAMEBUFFER_TARGET found in hwc list (index=0)
W/SurfaceFlinger(  194): HWC_FRAMEBUFFER_TARGET found in hwc list (index=1)
W/SurfaceFlinger(  194): HWC_FRAMEBUFFER_TARGET found in hwc list (index=0)
W/SurfaceFlinger(  194): HWC_FRAMEBUFFER_TARGET found in hwc list (index=1)
W/SurfaceFlinger(  194): HWC_FRAMEBUFFER_TARGET found in hwc list (index=0)
W/SurfaceFlinger(  194): HWC_FRAMEBUFFER_TARGET found in hwc list (index=1)
E/Sensors (  643): SensorBase: write_attr failed to open /sys/class/compass/akm8975/accel (Permission denied)
W/SurfaceFlinger(  194): HWC_FRAMEBUFFER_TARGET found in hwc list (index=0)
W/SurfaceFlinger(  194): HWC_FRAMEBUFFER_TARGET found in hwc list (index=1)
W/SurfaceFlinger(  194): HWC_FRAMEBUFFER_TARGET found in hwc list (index=0)
W/SurfaceFlinger(  194): HWC_FRAMEBUFFER_TARGET found in hwc list (index=1)
W/SurfaceFlinger(  194): HWC_FRAMEBUFFER_TARGET found in hwc list (index=0)
W/SurfaceFlinger(  194): HWC_FRAMEBUFFER_TARGET found in hwc list (index=1)
W/SurfaceFlinger(  194): HWC_FRAMEBUFFER_TARGET found in hwc list (index=0)
W/SurfaceFlinger(  194): HWC_FRAMEBUFFER_TARGET found in hwc list (index=1)
W/SurfaceFlinger(  194): HWC_FRAMEBUFFER_TARGET found in hwc list (index=0)
W/SurfaceFlinger(  194): HWC_FRAMEBUFFER_TARGET found in hwc list (index=1)
W/SurfaceFlinger(  194): HWC_FRAMEBUFFER_TARGET found in hwc list (index=0)
W/SurfaceFlinger(  194): HWC_FRAMEBUFFER_TARGET found in hwc list (index=1)
V/ProfileTriggerHelper(  643): Disabling
W/ContextImpl( 1000): Calling a method in the system process without a qualified user: android.app.ContextImpl.sendBroadcast:1162 android.content.ContextWrapper.sendBroadcast:365 com.android.settings.profiles.ProfileEnabler.onCheckedChanged:77 android.widget.CompoundButton.setChecked:127 android.widget.Switch.setChecked:666 
W/SurfaceFlinger(  194): HWC_FRAMEBUFFER_TARGET found in hwc list (index=0)
W/SurfaceFlinger(  194): HWC_FRAMEBUFFER_TARGET found in hwc list (index=1)
W/SurfaceFlinger(  194): HWC_FRAMEBUFFER_TARGET found in hwc list (index=0)
W/SurfaceFlinger(  194): HWC_FRAMEBUFFER_TARGET found in hwc list (index=1)
E/Sensors (  643): SensorBase: write_attr failed to open /sys/class/compass/akm8975/accel (Permission denied)
D/CaptivePortalTracker(  643): NoActiveNetworkState{ when=-1ms what=1 obj=NetworkInfo: type: WIFI[], state: DISCONNECTED/DISCONNECTED, reason: (unspecified), extra: <unknown ssid>, roaming: false, failover: false, isAvailable: false, isConnectedToProvisioningNetwork: false target=com.android.internal.util.StateMachine$SmHandler }
D/Tethering(  643): MasterInitialState.processMessage what=3
I/UpdateCheckReceiver( 1837): Got connectivity change, has connection: false
D/CaptivePortalTracker(  643): NoActiveNetworkState{ when=-1ms what=1 obj=NetworkInfo: type: WIFI[], state: DISCONNECTED/DISCONNECTED, reason: (unspecified), extra: <unknown ssid>, roaming: false, failover: false, isAvailable: false, isConnectedToProvisioningNetwork: false target=com.android.internal.util.StateMachine$SmHandler }
D/Tethering(  643): MasterInitialState.processMessage what=3
E/JHEAD   ( 1047): Premature end of file?
I/UpdateCheckReceiver( 1837): Got connectivity change, has connection: false
E/Sensors (  643): SensorBase: write_attr failed to open /sys/class/compass/akm8975/accel (Permission denied)
E/Sensors (  643): SensorBase: write_attr failed to open /sys/class/compass/akm8975/accel (Permission denied)
W/SurfaceFlinger(  194): HWC_FRAMEBUFFER_TARGET found in hwc list (index=0)
W/SurfaceFlinger(  194): HWC_FRAMEBUFFER_TARGET found in hwc list (index=1)
W/SurfaceFlinger(  194): HWC_FRAMEBUFFER_TARGET found in hwc list (index=0)
W/SurfaceFlinger(  194): HWC_FRAMEBUFFER_TARGET found in hwc list (index=1)
W/SurfaceFlinger(  194): HWC_FRAMEBUFFER_TARGET found in hwc list (index=0)
lozohcum@lozohcum-ubuntu:~$ 
