W/SurfaceFlinger(  193): HWC_FRAMEBUFFER_TARGET found in hwc list (index=1)
W/SurfaceFlinger(  193): HWC_FRAMEBUFFER_TARGET found in hwc list (index=0)
W/SurfaceFlinger(  193): HWC_FRAMEBUFFER_TARGET found in hwc list (index=1)
W/SurfaceFlinger(  193): HWC_FRAMEBUFFER_TARGET found in hwc list (index=0)
W/SurfaceFlinger(  193): HWC_FRAMEBUFFER_TARGET found in hwc list (index=1)
W/SurfaceFlinger(  193): HWC_FRAMEBUFFER_TARGET found in hwc list (index=0)
W/SurfaceFlinger(  193): HWC_FRAMEBUFFER_TARGET found in hwc list (index=1)
W/SurfaceFlinger(  193): HWC_FRAMEBUFFER_TARGET found in hwc list (index=0)
W/SurfaceFlinger(  193): HWC_FRAMEBUFFER_TARGET found in hwc list (index=1)
W/SurfaceFlinger(  193): HWC_FRAMEBUFFER_TARGET found in hwc list (index=0)
W/SurfaceFlinger(  193): HWC_FRAMEBUFFER_TARGET found in hwc list (index=1)
W/SurfaceFlinger(  193): HWC_FRAMEBUFFER_TARGET found in hwc list (index=0)
W/SurfaceFlinger(  193): HWC_FRAMEBUFFER_TARGET found in hwc list (index=1)
W/SurfaceFlinger(  193): HWC_FRAMEBUFFER_TARGET found in hwc list (index=0)
W/SurfaceFlinger(  193): HWC_FRAMEBUFFER_TARGET found in hwc list (index=1)
W/SurfaceFlinger(  193): HWC_FRAMEBUFFER_TARGET found in hwc list (index=0)
W/SurfaceFlinger(  193): HWC_FRAMEBUFFER_TARGET found in hwc list (index=1)
W/SurfaceFlinger(  193): HWC_FRAMEBUFFER_TARGET found in hwc list (index=0)
W/SurfaceFlinger(  193): HWC_FRAMEBUFFER_TARGET found in hwc list (index=1)
W/SurfaceFlinger(  193): HWC_FRAMEBUFFER_TARGET found in hwc list (index=0)
W/SurfaceFlinger(  193): HWC_FRAMEBUFFER_TARGET found in hwc list (index=1)
W/SurfaceFlinger(  193): HWC_FRAMEBUFFER_TARGET found in hwc list (index=0)
W/SurfaceFlinger(  193): HWC_FRAMEBUFFER_TARGET found in hwc list (index=1)
W/SurfaceFlinger(  193): HWC_FRAMEBUFFER_TARGET found in hwc list (index=0)
W/SurfaceFlinger(  193): HWC_FRAMEBUFFER_TARGET found in hwc list (index=1)
W/SurfaceFlinger(  193): HWC_FRAMEBUFFER_TARGET found in hwc list (index=0)
W/SurfaceFlinger(  193): HWC_FRAMEBUFFER_TARGET found in hwc list (index=1)
W/SurfaceFlinger(  193): HWC_FRAMEBUFFER_TARGET found in hwc list (index=0)
W/SurfaceFlinger(  193): HWC_FRAMEBUFFER_TARGET found in hwc list (index=1)
W/SurfaceFlinger(  193): HWC_FRAMEBUFFER_TARGET found in hwc list (index=0)
W/SurfaceFlinger(  193): HWC_FRAMEBUFFER_TARGET found in hwc list (index=1)
W/SurfaceFlinger(  193): HWC_FRAMEBUFFER_TARGET found in hwc list (index=0)
W/SurfaceFlinger(  193): HWC_FRAMEBUFFER_TARGET found in hwc list (index=1)
W/SurfaceFlinger(  193): HWC_FRAMEBUFFER_TARGET found in hwc list (index=0)
W/SurfaceFlinger(  193): HWC_FRAMEBUFFER_TARGET found in hwc list (index=1)
W/SurfaceFlinger(  193): HWC_FRAMEBUFFER_TARGET found in hwc list (index=0)
W/SurfaceFlinger(  193): HWC_FRAMEBUFFER_TARGET found in hwc list (index=1)
W/SurfaceFlinger(  193): HWC_FRAMEBUFFER_TARGET found in hwc list (index=0)
W/SurfaceFlinger(  193): HWC_FRAMEBUFFER_TARGET found in hwc list (index=1)
W/SurfaceFlinger(  193): HWC_FRAMEBUFFER_TARGET found in hwc list (index=0)
W/SurfaceFlinger(  193): HWC_FRAMEBUFFER_TARGET found in hwc list (index=1)
W/SurfaceFlinger(  193): HWC_FRAMEBUFFER_TARGET found in hwc list (index=0)
W/SurfaceFlinger(  193): HWC_FRAMEBUFFER_TARGET found in hwc list (index=1)
W/SurfaceFlinger(  193): HWC_FRAMEBUFFER_TARGET found in hwc list (index=0)
W/SurfaceFlinger(  193): HWC_FRAMEBUFFER_TARGET found in hwc list (index=1)
W/SurfaceFlinger(  193): HWC_FRAMEBUFFER_TARGET found in hwc list (index=0)
W/SurfaceFlinger(  193): HWC_FRAMEBUFFER_TARGET found in hwc list (index=1)
W/SurfaceFlinger(  193): HWC_FRAMEBUFFER_TARGET found in hwc list (index=0)
W/SurfaceFlinger(  193): HWC_FRAMEBUFFER_TARGET found in hwc list (index=1)
W/SurfaceFlinger(  193): HWC_FRAMEBUFFER_TARGET found in hwc list (index=0)
W/SurfaceFlinger(  193): HWC_FRAMEBUFFER_TARGET found in hwc list (index=1)
W/SurfaceFlinger(  193): HWC_FRAMEBUFFER_TARGET found in hwc list (index=0)
W/SurfaceFlinger(  193): HWC_FRAMEBUFFER_TARGET found in hwc list (index=1)
W/SurfaceFlinger(  193): HWC_FRAMEBUFFER_TARGET found in hwc list (index=0)
W/SurfaceFlinger(  193): HWC_FRAMEBUFFER_TARGET found in hwc list (index=1)
W/SurfaceFlinger(  193): HWC_FRAMEBUFFER_TARGET found in hwc list (index=0)
W/SurfaceFlinger(  193): HWC_FRAMEBUFFER_TARGET found in hwc list (index=1)
W/SurfaceFlinger(  193): HWC_FRAMEBUFFER_TARGET found in hwc list (index=0)
W/SurfaceFlinger(  193): HWC_FRAMEBUFFER_TARGET found in hwc list (index=1)
W/SurfaceFlinger(  193): HWC_FRAMEBUFFER_TARGET found in hwc list (index=0)
W/SurfaceFlinger(  193): HWC_FRAMEBUFFER_TARGET found in hwc list (index=1)
W/SurfaceFlinger(  193): HWC_FRAMEBUFFER_TARGET found in hwc list (index=0)
W/SurfaceFlinger(  193): HWC_FRAMEBUFFER_TARGET found in hwc list (index=1)
W/SurfaceFlinger(  193): HWC_FRAMEBUFFER_TARGET found in hwc list (index=0)
W/SurfaceFlinger(  193): HWC_FRAMEBUFFER_TARGET found in hwc list (index=1)
W/SurfaceFlinger(  193): HWC_FRAMEBUFFER_TARGET found in hwc list (index=0)
W/SurfaceFlinger(  193): HWC_FRAMEBUFFER_TARGET found in hwc list (index=1)
W/SurfaceFlinger(  193): HWC_FRAMEBUFFER_TARGET found in hwc list (index=0)
W/SurfaceFlinger(  193): HWC_FRAMEBUFFER_TARGET found in hwc list (index=1)
W/SurfaceFlinger(  193): HWC_FRAMEBUFFER_TARGET found in hwc list (index=0)
W/SurfaceFlinger(  193): HWC_FRAMEBUFFER_TARGET found in hwc list (index=1)
W/SurfaceFlinger(  193): HWC_FRAMEBUFFER_TARGET found in hwc list (index=0)
W/SurfaceFlinger(  193): HWC_FRAMEBUFFER_TARGET found in hwc list (index=1)
W/SurfaceFlinger(  193): HWC_FRAMEBUFFER_TARGET found in hwc list (index=0)
W/SurfaceFlinger(  193): HWC_FRAMEBUFFER_TARGET found in hwc list (index=1)
W/SurfaceFlinger(  193): HWC_FRAMEBUFFER_TARGET found in hwc list (index=0)
W/SurfaceFlinger(  193): HWC_FRAMEBUFFER_TARGET found in hwc list (index=1)
W/SurfaceFlinger(  193): HWC_FRAMEBUFFER_TARGET found in hwc list (index=0)
W/SurfaceFlinger(  193): HWC_FRAMEBUFFER_TARGET found in hwc list (index=1)
W/SurfaceFlinger(  193): HWC_FRAMEBUFFER_TARGET found in hwc list (index=0)
W/SurfaceFlinger(  193): HWC_FRAMEBUFFER_TARGET found in hwc list (index=1)
W/SurfaceFlinger(  193): HWC_FRAMEBUFFER_TARGET found in hwc list (index=0)
W/SurfaceFlinger(  193): HWC_FRAMEBUFFER_TARGET found in hwc list (index=1)
W/SurfaceFlinger(  193): HWC_FRAMEBUFFER_TARGET found in hwc list (index=0)
W/SurfaceFlinger(  193): HWC_FRAMEBUFFER_TARGET found in hwc list (index=1)
W/SurfaceFlinger(  193): HWC_FRAMEBUFFER_TARGET found in hwc list (index=0)
W/SurfaceFlinger(  193): HWC_FRAMEBUFFER_TARGET found in hwc list (index=1)
W/SurfaceFlinger(  193): HWC_FRAMEBUFFER_TARGET found in hwc list (index=0)
W/SurfaceFlinger(  193): HWC_FRAMEBUFFER_TARGET found in hwc list (index=1)
I/auditd  ( 4160): Starting up
E/auditd  ( 4160): Failed on audit_set_pid with error: Protocol not supported
I/auditd  ( 4160): Exiting
W/SurfaceFlinger(  193): HWC_FRAMEBUFFER_TARGET found in hwc list (index=0)
W/SurfaceFlinger(  193): HWC_FRAMEBUFFER_TARGET found in hwc list (index=1)
W/SurfaceFlinger(  193): HWC_FRAMEBUFFER_TARGET found in hwc list (index=0)
W/SurfaceFlinger(  193): HWC_FRAMEBUFFER_TARGET found in hwc list (index=1)
W/SurfaceFlinger(  193): HWC_FRAMEBUFFER_TARGET found in hwc list (index=0)
W/SurfaceFlinger(  193): HWC_FRAMEBUFFER_TARGET found in hwc list (index=1)
W/SurfaceFlinger(  193): HWC_FRAMEBUFFER_TARGET found in hwc list (index=0)
W/SurfaceFlinger(  193): HWC_FRAMEBUFFER_TARGET found in hwc list (index=1)
W/SurfaceFlinger(  193): HWC_FRAMEBUFFER_TARGET found in hwc list (index=0)
W/SurfaceFlinger(  193): HWC_FRAMEBUFFER_TARGET found in hwc list (index=1)
W/SurfaceFlinger(  193): HWC_FRAMEBUFFER_TARGET found in hwc list (index=0)
W/SurfaceFlinger(  193): HWC_FRAMEBUFFER_TARGET found in hwc list (index=1)
W/SurfaceFlinger(  193): HWC_FRAMEBUFFER_TARGET found in hwc list (index=0)
W/SurfaceFlinger(  193): HWC_FRAMEBUFFER_TARGET found in hwc list (index=1)
W/SurfaceFlinger(  193): HWC_FRAMEBUFFER_TARGET found in hwc list (index=0)
W/SurfaceFlinger(  193): HWC_FRAMEBUFFER_TARGET found in hwc list (index=1)
W/SurfaceFlinger(  193): HWC_FRAMEBUFFER_TARGET found in hwc list (index=0)
W/SurfaceFlinger(  193): HWC_FRAMEBUFFER_TARGET found in hwc list (index=1)
W/SurfaceFlinger(  193): HWC_FRAMEBUFFER_TARGET found in hwc list (index=0)
W/SurfaceFlinger(  193): HWC_FRAMEBUFFER_TARGET found in hwc list (index=1)
W/SurfaceFlinger(  193): HWC_FRAMEBUFFER_TARGET found in hwc list (index=0)
W/SurfaceFlinger(  193): HWC_FRAMEBUFFER_TARGET found in hwc list (index=1)
W/SurfaceFlinger(  193): HWC_FRAMEBUFFER_TARGET found in hwc list (index=0)
W/SurfaceFlinger(  193): HWC_FRAMEBUFFER_TARGET found in hwc list (index=1)
W/SurfaceFlinger(  193): HWC_FRAMEBUFFER_TARGET found in hwc list (index=0)
W/SurfaceFlinger(  193): HWC_FRAMEBUFFER_TARGET found in hwc list (index=1)
W/SurfaceFlinger(  193): HWC_FRAMEBUFFER_TARGET found in hwc list (index=0)
W/SurfaceFlinger(  193): HWC_FRAMEBUFFER_TARGET found in hwc list (index=1)
W/SurfaceFlinger(  193): HWC_FRAMEBUFFER_TARGET found in hwc list (index=0)
W/SurfaceFlinger(  193): HWC_FRAMEBUFFER_TARGET found in hwc list (index=1)
W/SurfaceFlinger(  193): HWC_FRAMEBUFFER_TARGET found in hwc list (index=0)
W/SurfaceFlinger(  193): HWC_FRAMEBUFFER_TARGET found in hwc list (index=1)
W/SurfaceFlinger(  193): HWC_FRAMEBUFFER_TARGET found in hwc list (index=0)
W/SurfaceFlinger(  193): HWC_FRAMEBUFFER_TARGET found in hwc list (index=1)
W/SurfaceFlinger(  193): HWC_FRAMEBUFFER_TARGET found in hwc list (index=0)
W/SurfaceFlinger(  193): HWC_FRAMEBUFFER_TARGET found in hwc list (index=1)
W/SurfaceFlinger(  193): HWC_FRAMEBUFFER_TARGET found in hwc list (index=0)
W/SurfaceFlinger(  193): HWC_FRAMEBUFFER_TARGET found in hwc list (index=1)
W/SurfaceFlinger(  193): HWC_FRAMEBUFFER_TARGET found in hwc list (index=0)
W/SurfaceFlinger(  193): HWC_FRAMEBUFFER_TARGET found in hwc list (index=1)
W/SurfaceFlinger(  193): HWC_FRAMEBUFFER_TARGET found in hwc list (index=0)
W/SurfaceFlinger(  193): HWC_FRAMEBUFFER_TARGET found in hwc list (index=1)
W/SurfaceFlinger(  193): HWC_FRAMEBUFFER_TARGET found in hwc list (index=0)
W/SurfaceFlinger(  193): HWC_FRAMEBUFFER_TARGET found in hwc list (index=1)
W/SurfaceFlinger(  193): HWC_FRAMEBUFFER_TARGET found in hwc list (index=0)
W/SurfaceFlinger(  193): HWC_FRAMEBUFFER_TARGET found in hwc list (index=1)
W/SurfaceFlinger(  193): HWC_FRAMEBUFFER_TARGET found in hwc list (index=0)
W/SurfaceFlinger(  193): HWC_FRAMEBUFFER_TARGET found in hwc list (index=1)
W/SurfaceFlinger(  193): HWC_FRAMEBUFFER_TARGET found in hwc list (index=0)
W/SurfaceFlinger(  193): HWC_FRAMEBUFFER_TARGET found in hwc list (index=1)
W/SurfaceFlinger(  193): HWC_FRAMEBUFFER_TARGET found in hwc list (index=0)
W/SurfaceFlinger(  193): HWC_FRAMEBUFFER_TARGET found in hwc list (index=1)
W/SurfaceFlinger(  193): HWC_FRAMEBUFFER_TARGET found in hwc list (index=0)
W/SurfaceFlinger(  193): HWC_FRAMEBUFFER_TARGET found in hwc list (index=1)
W/SurfaceFlinger(  193): HWC_FRAMEBUFFER_TARGET found in hwc list (index=0)
W/SurfaceFlinger(  193): HWC_FRAMEBUFFER_TARGET found in hwc list (index=1)
W/SurfaceFlinger(  193): HWC_FRAMEBUFFER_TARGET found in hwc list (index=0)
W/SurfaceFlinger(  193): HWC_FRAMEBUFFER_TARGET found in hwc list (index=1)
W/SurfaceFlinger(  193): HWC_FRAMEBUFFER_TARGET found in hwc list (index=0)
W/SurfaceFlinger(  193): HWC_FRAMEBUFFER_TARGET found in hwc list (index=1)
W/SurfaceFlinger(  193): HWC_FRAMEBUFFER_TARGET found in hwc list (index=0)
W/SurfaceFlinger(  193): HWC_FRAMEBUFFER_TARGET found in hwc list (index=1)
W/SurfaceFlinger(  193): HWC_FRAMEBUFFER_TARGET found in hwc list (index=0)
W/SurfaceFlinger(  193): HWC_FRAMEBUFFER_TARGET found in hwc list (index=1)
W/SurfaceFlinger(  193): HWC_FRAMEBUFFER_TARGET found in hwc list (index=0)
W/SurfaceFlinger(  193): HWC_FRAMEBUFFER_TARGET found in hwc list (index=1)
W/SurfaceFlinger(  193): HWC_FRAMEBUFFER_TARGET found in hwc list (index=0)
W/SurfaceFlinger(  193): HWC_FRAMEBUFFER_TARGET found in hwc list (index=1)
W/SurfaceFlinger(  193): HWC_FRAMEBUFFER_TARGET found in hwc list (index=0)
W/SurfaceFlinger(  193): HWC_FRAMEBUFFER_TARGET found in hwc list (index=1)
W/SurfaceFlinger(  193): HWC_FRAMEBUFFER_TARGET found in hwc list (index=0)
W/SurfaceFlinger(  193): HWC_FRAMEBUFFER_TARGET found in hwc list (index=1)
W/SurfaceFlinger(  193): HWC_FRAMEBUFFER_TARGET found in hwc list (index=0)
W/SurfaceFlinger(  193): HWC_FRAMEBUFFER_TARGET found in hwc list (index=1)
W/SurfaceFlinger(  193): HWC_FRAMEBUFFER_TARGET found in hwc list (index=0)
W/SurfaceFlinger(  193): HWC_FRAMEBUFFER_TARGET found in hwc list (index=1)
W/SurfaceFlinger(  193): HWC_FRAMEBUFFER_TARGET found in hwc list (index=0)
W/SurfaceFlinger(  193): HWC_FRAMEBUFFER_TARGET found in hwc list (index=1)
W/SurfaceFlinger(  193): HWC_FRAMEBUFFER_TARGET found in hwc list (index=0)
W/SurfaceFlinger(  193): HWC_FRAMEBUFFER_TARGET found in hwc list (index=1)
W/SurfaceFlinger(  193): HWC_FRAMEBUFFER_TARGET found in hwc list (index=0)
W/SurfaceFlinger(  193): HWC_FRAMEBUFFER_TARGET found in hwc list (index=1)
W/SurfaceFlinger(  193): HWC_FRAMEBUFFER_TARGET found in hwc list (index=0)
W/SurfaceFlinger(  193): HWC_FRAMEBUFFER_TARGET found in hwc list (index=1)
W/SurfaceFlinger(  193): HWC_FRAMEBUFFER_TARGET found in hwc list (index=0)
W/SurfaceFlinger(  193): HWC_FRAMEBUFFER_TARGET found in hwc list (index=1)
D/wpa_supplicant( 2605): RX ctrl_iface - hexdump(len=11): 53 49 47 4e 41 4c 5f 50 4f 4c 4c
D/wpa_supplicant( 2605): wlan0: Control interface command 'SIGNAL_POLL'
W/SurfaceFlinger(  193): HWC_FRAMEBUFFER_TARGET found in hwc list (index=0)
W/SurfaceFlinger(  193): HWC_FRAMEBUFFER_TARGET found in hwc list (index=1)
D/wpa_supplicant( 2605): nl80211: survey data missing!
W/SurfaceFlinger(  193): HWC_FRAMEBUFFER_TARGET found in hwc list (index=0)
W/SurfaceFlinger(  193): HWC_FRAMEBUFFER_TARGET found in hwc list (index=1)
W/SurfaceFlinger(  193): HWC_FRAMEBUFFER_TARGET found in hwc list (index=0)
W/SurfaceFlinger(  193): HWC_FRAMEBUFFER_TARGET found in hwc list (index=1)
W/SurfaceFlinger(  193): HWC_FRAMEBUFFER_TARGET found in hwc list (index=0)
W/SurfaceFlinger(  193): HWC_FRAMEBUFFER_TARGET found in hwc list (index=1)
W/SurfaceFlinger(  193): HWC_FRAMEBUFFER_TARGET found in hwc list (index=0)
W/SurfaceFlinger(  193): HWC_FRAMEBUFFER_TARGET found in hwc list (index=1)
W/SurfaceFlinger(  193): HWC_FRAMEBUFFER_TARGET found in hwc list (index=0)
W/SurfaceFlinger(  193): HWC_FRAMEBUFFER_TARGET found in hwc list (index=1)
W/SurfaceFlinger(  193): HWC_FRAMEBUFFER_TARGET found in hwc list (index=0)
W/SurfaceFlinger(  193): HWC_FRAMEBUFFER_TARGET found in hwc list (index=1)
W/SurfaceFlinger(  193): HWC_FRAMEBUFFER_TARGET found in hwc list (index=0)
W/SurfaceFlinger(  193): HWC_FRAMEBUFFER_TARGET found in hwc list (index=1)
W/SurfaceFlinger(  193): HWC_FRAMEBUFFER_TARGET found in hwc list (index=0)
W/SurfaceFlinger(  193): HWC_FRAMEBUFFER_TARGET found in hwc list (index=1)
W/SurfaceFlinger(  193): HWC_FRAMEBUFFER_TARGET found in hwc list (index=0)
W/SurfaceFlinger(  193): HWC_FRAMEBUFFER_TARGET found in hwc list (index=1)
W/SurfaceFlinger(  193): HWC_FRAMEBUFFER_TARGET found in hwc list (index=0)
W/SurfaceFlinger(  193): HWC_FRAMEBUFFER_TARGET found in hwc list (index=1)
W/SurfaceFlinger(  193): HWC_FRAMEBUFFER_TARGET found in hwc list (index=0)
W/SurfaceFlinger(  193): HWC_FRAMEBUFFER_TARGET found in hwc list (index=1)
W/SurfaceFlinger(  193): HWC_FRAMEBUFFER_TARGET found in hwc list (index=0)
W/SurfaceFlinger(  193): HWC_FRAMEBUFFER_TARGET found in hwc list (index=1)
W/SurfaceFlinger(  193): HWC_FRAMEBUFFER_TARGET found in hwc list (index=0)
W/SurfaceFlinger(  193): HWC_FRAMEBUFFER_TARGET found in hwc list (index=1)
W/SurfaceFlinger(  193): HWC_FRAMEBUFFER_TARGET found in hwc list (index=0)
W/SurfaceFlinger(  193): HWC_FRAMEBUFFER_TARGET found in hwc list (index=1)
W/SurfaceFlinger(  193): HWC_FRAMEBUFFER_TARGET found in hwc list (index=0)
W/SurfaceFlinger(  193): HWC_FRAMEBUFFER_TARGET found in hwc list (index=1)
W/SurfaceFlinger(  193): HWC_FRAMEBUFFER_TARGET found in hwc list (index=0)
W/SurfaceFlinger(  193): HWC_FRAMEBUFFER_TARGET found in hwc list (index=1)
W/SurfaceFlinger(  193): HWC_FRAMEBUFFER_TARGET found in hwc list (index=0)
W/SurfaceFlinger(  193): HWC_FRAMEBUFFER_TARGET found in hwc list (index=1)
W/SurfaceFlinger(  193): HWC_FRAMEBUFFER_TARGET found in hwc list (index=0)
W/SurfaceFlinger(  193): HWC_FRAMEBUFFER_TARGET found in hwc list (index=1)
W/SurfaceFlinger(  193): HWC_FRAMEBUFFER_TARGET found in hwc list (index=0)
W/SurfaceFlinger(  193): HWC_FRAMEBUFFER_TARGET found in hwc list (index=1)
W/SurfaceFlinger(  193): HWC_FRAMEBUFFER_TARGET found in hwc list (index=0)
W/SurfaceFlinger(  193): HWC_FRAMEBUFFER_TARGET found in hwc list (index=1)
W/SurfaceFlinger(  193): HWC_FRAMEBUFFER_TARGET found in hwc list (index=0)
W/SurfaceFlinger(  193): HWC_FRAMEBUFFER_TARGET found in hwc list (index=1)
W/SurfaceFlinger(  193): HWC_FRAMEBUFFER_TARGET found in hwc list (index=0)
W/SurfaceFlinger(  193): HWC_FRAMEBUFFER_TARGET found in hwc list (index=1)
W/SurfaceFlinger(  193): HWC_FRAMEBUFFER_TARGET found in hwc list (index=0)
W/SurfaceFlinger(  193): HWC_FRAMEBUFFER_TARGET found in hwc list (index=1)
W/SurfaceFlinger(  193): HWC_FRAMEBUFFER_TARGET found in hwc list (index=0)
W/SurfaceFlinger(  193): HWC_FRAMEBUFFER_TARGET found in hwc list (index=1)
W/SurfaceFlinger(  193): HWC_FRAMEBUFFER_TARGET found in hwc list (index=0)
W/SurfaceFlinger(  193): HWC_FRAMEBUFFER_TARGET found in hwc list (index=1)
W/SurfaceFlinger(  193): HWC_FRAMEBUFFER_TARGET found in hwc list (index=0)
W/SurfaceFlinger(  193): HWC_FRAMEBUFFER_TARGET found in hwc list (index=1)
W/SurfaceFlinger(  193): HWC_FRAMEBUFFER_TARGET found in hwc list (index=0)
W/SurfaceFlinger(  193): HWC_FRAMEBUFFER_TARGET found in hwc list (index=1)
W/SurfaceFlinger(  193): HWC_FRAMEBUFFER_TARGET found in hwc list (index=0)
W/SurfaceFlinger(  193): HWC_FRAMEBUFFER_TARGET found in hwc list (index=1)
W/SurfaceFlinger(  193): HWC_FRAMEBUFFER_TARGET found in hwc list (index=0)
W/SurfaceFlinger(  193): HWC_FRAMEBUFFER_TARGET found in hwc list (index=1)
W/SurfaceFlinger(  193): HWC_FRAMEBUFFER_TARGET found in hwc list (index=0)
W/SurfaceFlinger(  193): HWC_FRAMEBUFFER_TARGET found in hwc list (index=1)
W/SurfaceFlinger(  193): HWC_FRAMEBUFFER_TARGET found in hwc list (index=0)
W/SurfaceFlinger(  193): HWC_FRAMEBUFFER_TARGET found in hwc list (index=1)
W/SurfaceFlinger(  193): HWC_FRAMEBUFFER_TARGET found in hwc list (index=0)
W/SurfaceFlinger(  193): HWC_FRAMEBUFFER_TARGET found in hwc list (index=1)
W/SurfaceFlinger(  193): HWC_FRAMEBUFFER_TARGET found in hwc list (index=0)
W/SurfaceFlinger(  193): HWC_FRAMEBUFFER_TARGET found in hwc list (index=1)
W/SurfaceFlinger(  193): HWC_FRAMEBUFFER_TARGET found in hwc list (index=0)
W/SurfaceFlinger(  193): HWC_FRAMEBUFFER_TARGET found in hwc list (index=1)
W/SurfaceFlinger(  193): HWC_FRAMEBUFFER_TARGET found in hwc list (index=0)
W/SurfaceFlinger(  193): HWC_FRAMEBUFFER_TARGET found in hwc list (index=1)
W/SurfaceFlinger(  193): HWC_FRAMEBUFFER_TARGET found in hwc list (index=0)
W/SurfaceFlinger(  193): HWC_FRAMEBUFFER_TARGET found in hwc list (index=1)
W/SurfaceFlinger(  193): HWC_FRAMEBUFFER_TARGET found in hwc list (index=0)
W/SurfaceFlinger(  193): HWC_FRAMEBUFFER_TARGET found in hwc list (index=1)
W/SurfaceFlinger(  193): HWC_FRAMEBUFFER_TARGET found in hwc list (index=0)
W/SurfaceFlinger(  193): HWC_FRAMEBUFFER_TARGET found in hwc list (index=1)
W/SurfaceFlinger(  193): HWC_FRAMEBUFFER_TARGET found in hwc list (index=0)
W/SurfaceFlinger(  193): HWC_FRAMEBUFFER_TARGET found in hwc list (index=1)
W/SurfaceFlinger(  193): HWC_FRAMEBUFFER_TARGET found in hwc list (index=0)
W/SurfaceFlinger(  193): HWC_FRAMEBUFFER_TARGET found in hwc list (index=1)
W/SurfaceFlinger(  193): HWC_FRAMEBUFFER_TARGET found in hwc list (index=0)
W/SurfaceFlinger(  193): HWC_FRAMEBUFFER_TARGET found in hwc list (index=1)
W/SurfaceFlinger(  193): HWC_FRAMEBUFFER_TARGET found in hwc list (index=0)
W/SurfaceFlinger(  193): HWC_FRAMEBUFFER_TARGET found in hwc list (index=1)
W/SurfaceFlinger(  193): HWC_FRAMEBUFFER_TARGET found in hwc list (index=0)
W/SurfaceFlinger(  193): HWC_FRAMEBUFFER_TARGET found in hwc list (index=1)
W/SurfaceFlinger(  193): HWC_FRAMEBUFFER_TARGET found in hwc list (index=0)
W/SurfaceFlinger(  193): HWC_FRAMEBUFFER_TARGET found in hwc list (index=1)
W/SurfaceFlinger(  193): HWC_FRAMEBUFFER_TARGET found in hwc list (index=0)
W/SurfaceFlinger(  193): HWC_FRAMEBUFFER_TARGET found in hwc list (index=1)
W/SurfaceFlinger(  193): HWC_FRAMEBUFFER_TARGET found in hwc list (index=0)
W/SurfaceFlinger(  193): HWC_FRAMEBUFFER_TARGET found in hwc list (index=1)
W/SurfaceFlinger(  193): HWC_FRAMEBUFFER_TARGET found in hwc list (index=0)
W/SurfaceFlinger(  193): HWC_FRAMEBUFFER_TARGET found in hwc list (index=1)
W/SurfaceFlinger(  193): HWC_FRAMEBUFFER_TARGET found in hwc list (index=0)
W/SurfaceFlinger(  193): HWC_FRAMEBUFFER_TARGET found in hwc list (index=1)
W/SurfaceFlinger(  193): HWC_FRAMEBUFFER_TARGET found in hwc list (index=0)
W/SurfaceFlinger(  193): HWC_FRAMEBUFFER_TARGET found in hwc list (index=1)
W/SurfaceFlinger(  193): HWC_FRAMEBUFFER_TARGET found in hwc list (index=0)
W/SurfaceFlinger(  193): HWC_FRAMEBUFFER_TARGET found in hwc list (index=1)
W/SurfaceFlinger(  193): HWC_FRAMEBUFFER_TARGET found in hwc list (index=0)
W/SurfaceFlinger(  193): HWC_FRAMEBUFFER_TARGET found in hwc list (index=1)
W/SurfaceFlinger(  193): HWC_FRAMEBUFFER_TARGET found in hwc list (index=0)
W/SurfaceFlinger(  193): HWC_FRAMEBUFFER_TARGET found in hwc list (index=1)
W/SurfaceFlinger(  193): HWC_FRAMEBUFFER_TARGET found in hwc list (index=0)
W/SurfaceFlinger(  193): HWC_FRAMEBUFFER_TARGET found in hwc list (index=1)
W/SurfaceFlinger(  193): HWC_FRAMEBUFFER_TARGET found in hwc list (index=0)
W/SurfaceFlinger(  193): HWC_FRAMEBUFFER_TARGET found in hwc list (index=1)
W/SurfaceFlinger(  193): HWC_FRAMEBUFFER_TARGET found in hwc list (index=0)
W/SurfaceFlinger(  193): HWC_FRAMEBUFFER_TARGET found in hwc list (index=1)
W/SurfaceFlinger(  193): HWC_FRAMEBUFFER_TARGET found in hwc list (index=0)
W/SurfaceFlinger(  193): HWC_FRAMEBUFFER_TARGET found in hwc list (index=1)
W/SurfaceFlinger(  193): HWC_FRAMEBUFFER_TARGET found in hwc list (index=0)
W/SurfaceFlinger(  193): HWC_FRAMEBUFFER_TARGET found in hwc list (index=1)
W/SurfaceFlinger(  193): HWC_FRAMEBUFFER_TARGET found in hwc list (index=0)
W/SurfaceFlinger(  193): HWC_FRAMEBUFFER_TARGET found in hwc list (index=1)
W/SurfaceFlinger(  193): HWC_FRAMEBUFFER_TARGET found in hwc list (index=0)
W/SurfaceFlinger(  193): HWC_FRAMEBUFFER_TARGET found in hwc list (index=1)
W/SurfaceFlinger(  193): HWC_FRAMEBUFFER_TARGET found in hwc list (index=0)
W/SurfaceFlinger(  193): HWC_FRAMEBUFFER_TARGET found in hwc list (index=1)
W/SurfaceFlinger(  193): HWC_FRAMEBUFFER_TARGET found in hwc list (index=0)
W/SurfaceFlinger(  193): HWC_FRAMEBUFFER_TARGET found in hwc list (index=1)
W/SurfaceFlinger(  193): HWC_FRAMEBUFFER_TARGET found in hwc list (index=0)
W/SurfaceFlinger(  193): HWC_FRAMEBUFFER_TARGET found in hwc list (index=1)
I/PackageManager(  641): Running dexopt on: com.facebook.orca
W/SurfaceFlinger(  193): HWC_FRAMEBUFFER_TARGET found in hwc list (index=0)
W/SurfaceFlinger(  193): HWC_FRAMEBUFFER_TARGET found in hwc list (index=1)
W/SurfaceFlinger(  193): HWC_FRAMEBUFFER_TARGET found in hwc list (index=0)
W/SurfaceFlinger(  193): HWC_FRAMEBUFFER_TARGET found in hwc list (index=1)
W/SurfaceFlinger(  193): HWC_FRAMEBUFFER_TARGET found in hwc list (index=0)
W/SurfaceFlinger(  193): HWC_FRAMEBUFFER_TARGET found in hwc list (index=1)
W/SurfaceFlinger(  193): HWC_FRAMEBUFFER_TARGET found in hwc list (index=0)
W/SurfaceFlinger(  193): HWC_FRAMEBUFFER_TARGET found in hwc list (index=1)
W/SurfaceFlinger(  193): HWC_FRAMEBUFFER_TARGET found in hwc list (index=0)
W/SurfaceFlinger(  193): HWC_FRAMEBUFFER_TARGET found in hwc list (index=1)
W/SurfaceFlinger(  193): HWC_FRAMEBUFFER_TARGET found in hwc list (index=0)
W/SurfaceFlinger(  193): HWC_FRAMEBUFFER_TARGET found in hwc list (index=1)
W/SurfaceFlinger(  193): HWC_FRAMEBUFFER_TARGET found in hwc list (index=0)
W/SurfaceFlinger(  193): HWC_FRAMEBUFFER_TARGET found in hwc list (index=1)
W/SurfaceFlinger(  193): HWC_FRAMEBUFFER_TARGET found in hwc list (index=0)
W/SurfaceFlinger(  193): HWC_FRAMEBUFFER_TARGET found in hwc list (index=1)
W/SurfaceFlinger(  193): HWC_FRAMEBUFFER_TARGET found in hwc list (index=0)
W/SurfaceFlinger(  193): HWC_FRAMEBUFFER_TARGET found in hwc list (index=1)
W/SurfaceFlinger(  193): HWC_FRAMEBUFFER_TARGET found in hwc list (index=0)
W/SurfaceFlinger(  193): HWC_FRAMEBUFFER_TARGET found in hwc list (index=1)
W/SurfaceFlinger(  193): HWC_FRAMEBUFFER_TARGET found in hwc list (index=0)
W/SurfaceFlinger(  193): HWC_FRAMEBUFFER_TARGET found in hwc list (index=1)
W/SurfaceFlinger(  193): HWC_FRAMEBUFFER_TARGET found in hwc list (index=0)
W/SurfaceFlinger(  193): HWC_FRAMEBUFFER_TARGET found in hwc list (index=1)
W/SurfaceFlinger(  193): HWC_FRAMEBUFFER_TARGET found in hwc list (index=0)
W/SurfaceFlinger(  193): HWC_FRAMEBUFFER_TARGET found in hwc list (index=1)
W/SurfaceFlinger(  193): HWC_FRAMEBUFFER_TARGET found in hwc list (index=0)
W/SurfaceFlinger(  193): HWC_FRAMEBUFFER_TARGET found in hwc list (index=1)
W/SurfaceFlinger(  193): HWC_FRAMEBUFFER_TARGET found in hwc list (index=0)
W/SurfaceFlinger(  193): HWC_FRAMEBUFFER_TARGET found in hwc list (index=1)
W/SurfaceFlinger(  193): HWC_FRAMEBUFFER_TARGET found in hwc list (index=0)
W/SurfaceFlinger(  193): HWC_FRAMEBUFFER_TARGET found in hwc list (index=1)
W/SurfaceFlinger(  193): HWC_FRAMEBUFFER_TARGET found in hwc list (index=0)
W/SurfaceFlinger(  193): HWC_FRAMEBUFFER_TARGET found in hwc list (index=1)
W/SurfaceFlinger(  193): HWC_FRAMEBUFFER_TARGET found in hwc list (index=0)
W/SurfaceFlinger(  193): HWC_FRAMEBUFFER_TARGET found in hwc list (index=1)
W/SurfaceFlinger(  193): HWC_FRAMEBUFFER_TARGET found in hwc list (index=0)
W/SurfaceFlinger(  193): HWC_FRAMEBUFFER_TARGET found in hwc list (index=1)
W/SurfaceFlinger(  193): HWC_FRAMEBUFFER_TARGET found in hwc list (index=0)
W/SurfaceFlinger(  193): HWC_FRAMEBUFFER_TARGET found in hwc list (index=1)
W/SurfaceFlinger(  193): HWC_FRAMEBUFFER_TARGET found in hwc list (index=0)
W/SurfaceFlinger(  193): HWC_FRAMEBUFFER_TARGET found in hwc list (index=1)
W/SurfaceFlinger(  193): HWC_FRAMEBUFFER_TARGET found in hwc list (index=0)
W/SurfaceFlinger(  193): HWC_FRAMEBUFFER_TARGET found in hwc list (index=1)
W/SurfaceFlinger(  193): HWC_FRAMEBUFFER_TARGET found in hwc list (index=0)
W/SurfaceFlinger(  193): HWC_FRAMEBUFFER_TARGET found in hwc list (index=1)
W/SurfaceFlinger(  193): HWC_FRAMEBUFFER_TARGET found in hwc list (index=0)
W/SurfaceFlinger(  193): HWC_FRAMEBUFFER_TARGET found in hwc list (index=1)
W/SurfaceFlinger(  193): HWC_FRAMEBUFFER_TARGET found in hwc list (index=0)
W/SurfaceFlinger(  193): HWC_FRAMEBUFFER_TARGET found in hwc list (index=1)
W/SurfaceFlinger(  193): HWC_FRAMEBUFFER_TARGET found in hwc list (index=0)
W/SurfaceFlinger(  193): HWC_FRAMEBUFFER_TARGET found in hwc list (index=1)
W/SurfaceFlinger(  193): HWC_FRAMEBUFFER_TARGET found in hwc list (index=0)
W/SurfaceFlinger(  193): HWC_FRAMEBUFFER_TARGET found in hwc list (index=1)
W/SurfaceFlinger(  193): HWC_FRAMEBUFFER_TARGET found in hwc list (index=0)
W/SurfaceFlinger(  193): HWC_FRAMEBUFFER_TARGET found in hwc list (index=1)
W/SurfaceFlinger(  193): HWC_FRAMEBUFFER_TARGET found in hwc list (index=0)
W/SurfaceFlinger(  193): HWC_FRAMEBUFFER_TARGET found in hwc list (index=1)
W/SurfaceFlinger(  193): HWC_FRAMEBUFFER_TARGET found in hwc list (index=0)
W/SurfaceFlinger(  193): HWC_FRAMEBUFFER_TARGET found in hwc list (index=1)
W/SurfaceFlinger(  193): HWC_FRAMEBUFFER_TARGET found in hwc list (index=0)
W/SurfaceFlinger(  193): HWC_FRAMEBUFFER_TARGET found in hwc list (index=1)
D/wpa_supplicant( 2605): RX ctrl_iface - hexdump(len=11): 53 49 47 4e 41 4c 5f 50 4f 4c 4c
D/wpa_supplicant( 2605): wlan0: Control interface command 'SIGNAL_POLL'
D/wpa_supplicant( 2605): nl80211: survey data missing!
W/SurfaceFlinger(  193): HWC_FRAMEBUFFER_TARGET found in hwc list (index=0)
W/SurfaceFlinger(  193): HWC_FRAMEBUFFER_TARGET found in hwc list (index=1)
W/LatinIME( 1012): Deprecated private IME option specified: nm
W/LatinIME( 1012): Use com.android.inputmethod.latin.noMicrophoneKey instead
W/SurfaceFlinger(  193): HWC_FRAMEBUFFER_TARGET found in hwc list (index=0)
W/SurfaceFlinger(  193): HWC_FRAMEBUFFER_TARGET found in hwc list (index=1)
W/SurfaceFlinger(  193): HWC_FRAMEBUFFER_TARGET found in hwc list (index=0)
W/SurfaceFlinger(  193): HWC_FRAMEBUFFER_TARGET found in hwc list (index=1)
W/SurfaceFlinger(  193): HWC_FRAMEBUFFER_TARGET found in hwc list (index=0)
W/SurfaceFlinger(  193): HWC_FRAMEBUFFER_TARGET found in hwc list (index=1)
W/SurfaceFlinger(  193): HWC_FRAMEBUFFER_TARGET found in hwc list (index=0)
W/SurfaceFlinger(  193): HWC_FRAMEBUFFER_TARGET found in hwc list (index=1)
W/SurfaceFlinger(  193): HWC_FRAMEBUFFER_TARGET found in hwc list (index=0)
W/SurfaceFlinger(  193): HWC_FRAMEBUFFER_TARGET found in hwc list (index=1)
W/SurfaceFlinger(  193): HWC_FRAMEBUFFER_TARGET found in hwc list (index=0)
W/SurfaceFlinger(  193): HWC_FRAMEBUFFER_TARGET found in hwc list (index=1)
W/SurfaceFlinger(  193): HWC_FRAMEBUFFER_TARGET found in hwc list (index=0)
W/SurfaceFlinger(  193): HWC_FRAMEBUFFER_TARGET found in hwc list (index=1)
W/SurfaceFlinger(  193): HWC_FRAMEBUFFER_TARGET found in hwc list (index=0)
W/SurfaceFlinger(  193): HWC_FRAMEBUFFER_TARGET found in hwc list (index=1)
W/SurfaceFlinger(  193): HWC_FRAMEBUFFER_TARGET found in hwc list (index=0)
W/SurfaceFlinger(  193): HWC_FRAMEBUFFER_TARGET found in hwc list (index=1)
W/SurfaceFlinger(  193): HWC_FRAMEBUFFER_TARGET found in hwc list (index=0)
W/SurfaceFlinger(  193): HWC_FRAMEBUFFER_TARGET found in hwc list (index=1)
W/SurfaceFlinger(  193): HWC_FRAMEBUFFER_TARGET found in hwc list (index=0)
W/SurfaceFlinger(  193): HWC_FRAMEBUFFER_TARGET found in hwc list (index=1)
W/SurfaceFlinger(  193): HWC_FRAMEBUFFER_TARGET found in hwc list (index=0)
W/SurfaceFlinger(  193): HWC_FRAMEBUFFER_TARGET found in hwc list (index=1)
W/SurfaceFlinger(  193): HWC_FRAMEBUFFER_TARGET found in hwc list (index=0)
W/SurfaceFlinger(  193): HWC_FRAMEBUFFER_TARGET found in hwc list (index=1)
W/SurfaceFlinger(  193): HWC_FRAMEBUFFER_TARGET found in hwc list (index=0)
W/SurfaceFlinger(  193): HWC_FRAMEBUFFER_TARGET found in hwc list (index=1)
W/SurfaceFlinger(  193): HWC_FRAMEBUFFER_TARGET found in hwc list (index=2)
W/SurfaceFlinger(  193): HWC_FRAMEBUFFER_TARGET found in hwc list (index=0)
W/SurfaceFlinger(  193): HWC_FRAMEBUFFER_TARGET found in hwc list (index=1)
W/SurfaceFlinger(  193): HWC_FRAMEBUFFER_TARGET found in hwc list (index=2)
W/SurfaceFlinger(  193): HWC_FRAMEBUFFER_TARGET found in hwc list (index=0)
W/SurfaceFlinger(  193): HWC_FRAMEBUFFER_TARGET found in hwc list (index=1)
W/SurfaceFlinger(  193): HWC_FRAMEBUFFER_TARGET found in hwc list (index=2)
W/SurfaceFlinger(  193): HWC_FRAMEBUFFER_TARGET found in hwc list (index=0)
W/SurfaceFlinger(  193): HWC_FRAMEBUFFER_TARGET found in hwc list (index=1)
W/SurfaceFlinger(  193): HWC_FRAMEBUFFER_TARGET found in hwc list (index=2)
I/auditd  ( 4167): Starting up
W/SurfaceFlinger(  193): HWC_FRAMEBUFFER_TARGET found in hwc list (index=0)
W/SurfaceFlinger(  193): HWC_FRAMEBUFFER_TARGET found in hwc list (index=1)
W/SurfaceFlinger(  193): HWC_FRAMEBUFFER_TARGET found in hwc list (index=2)
E/auditd  ( 4167): Failed on audit_set_pid with error: Protocol not supported
I/auditd  ( 4167): Exiting
W/SurfaceFlinger(  193): HWC_FRAMEBUFFER_TARGET found in hwc list (index=0)
W/SurfaceFlinger(  193): HWC_FRAMEBUFFER_TARGET found in hwc list (index=1)
W/SurfaceFlinger(  193): HWC_FRAMEBUFFER_TARGET found in hwc list (index=2)
W/SurfaceFlinger(  193): HWC_FRAMEBUFFER_TARGET found in hwc list (index=3)
W/SurfaceFlinger(  193): HWC_FRAMEBUFFER_TARGET found in hwc list (index=0)
W/SurfaceFlinger(  193): HWC_FRAMEBUFFER_TARGET found in hwc list (index=1)
W/SurfaceFlinger(  193): HWC_FRAMEBUFFER_TARGET found in hwc list (index=2)
W/SurfaceFlinger(  193): HWC_FRAMEBUFFER_TARGET found in hwc list (index=3)
W/SurfaceFlinger(  193): HWC_FRAMEBUFFER_TARGET found in hwc list (index=0)
W/SurfaceFlinger(  193): HWC_FRAMEBUFFER_TARGET found in hwc list (index=1)
W/SurfaceFlinger(  193): HWC_FRAMEBUFFER_TARGET found in hwc list (index=2)
W/SurfaceFlinger(  193): HWC_FRAMEBUFFER_TARGET found in hwc list (index=3)
W/SurfaceFlinger(  193): HWC_FRAMEBUFFER_TARGET found in hwc list (index=0)
W/SurfaceFlinger(  193): HWC_FRAMEBUFFER_TARGET found in hwc list (index=1)
W/SurfaceFlinger(  193): HWC_FRAMEBUFFER_TARGET found in hwc list (index=2)
W/SurfaceFlinger(  193): HWC_FRAMEBUFFER_TARGET found in hwc list (index=3)
W/SurfaceFlinger(  193): HWC_FRAMEBUFFER_TARGET found in hwc list (index=0)
W/SurfaceFlinger(  193): HWC_FRAMEBUFFER_TARGET found in hwc list (index=1)
W/SurfaceFlinger(  193): HWC_FRAMEBUFFER_TARGET found in hwc list (index=2)
W/SurfaceFlinger(  193): HWC_FRAMEBUFFER_TARGET found in hwc list (index=3)
W/SurfaceFlinger(  193): HWC_FRAMEBUFFER_TARGET found in hwc list (index=0)
W/SurfaceFlinger(  193): HWC_FRAMEBUFFER_TARGET found in hwc list (index=1)
W/SurfaceFlinger(  193): HWC_FRAMEBUFFER_TARGET found in hwc list (index=2)
W/SurfaceFlinger(  193): HWC_FRAMEBUFFER_TARGET found in hwc list (index=3)
W/SurfaceFlinger(  193): HWC_FRAMEBUFFER_TARGET found in hwc list (index=0)
W/SurfaceFlinger(  193): HWC_FRAMEBUFFER_TARGET found in hwc list (index=1)
W/SurfaceFlinger(  193): HWC_FRAMEBUFFER_TARGET found in hwc list (index=2)
W/SurfaceFlinger(  193): HWC_FRAMEBUFFER_TARGET found in hwc list (index=3)
W/SurfaceFlinger(  193): HWC_FRAMEBUFFER_TARGET found in hwc list (index=0)
W/SurfaceFlinger(  193): HWC_FRAMEBUFFER_TARGET found in hwc list (index=1)
W/SurfaceFlinger(  193): HWC_FRAMEBUFFER_TARGET found in hwc list (index=2)
W/SurfaceFlinger(  193): HWC_FRAMEBUFFER_TARGET found in hwc list (index=3)
W/SurfaceFlinger(  193): HWC_FRAMEBUFFER_TARGET found in hwc list (index=0)
W/SurfaceFlinger(  193): HWC_FRAMEBUFFER_TARGET found in hwc list (index=1)
W/SurfaceFlinger(  193): HWC_FRAMEBUFFER_TARGET found in hwc list (index=2)
W/SurfaceFlinger(  193): HWC_FRAMEBUFFER_TARGET found in hwc list (index=3)
W/SurfaceFlinger(  193): HWC_FRAMEBUFFER_TARGET found in hwc list (index=0)
W/SurfaceFlinger(  193): HWC_FRAMEBUFFER_TARGET found in hwc list (index=1)
W/SurfaceFlinger(  193): HWC_FRAMEBUFFER_TARGET found in hwc list (index=2)
W/SurfaceFlinger(  193): HWC_FRAMEBUFFER_TARGET found in hwc list (index=3)
W/SurfaceFlinger(  193): HWC_FRAMEBUFFER_TARGET found in hwc list (index=0)
W/SurfaceFlinger(  193): HWC_FRAMEBUFFER_TARGET found in hwc list (index=1)
W/SurfaceFlinger(  193): HWC_FRAMEBUFFER_TARGET found in hwc list (index=2)
W/SurfaceFlinger(  193): HWC_FRAMEBUFFER_TARGET found in hwc list (index=3)
W/SurfaceFlinger(  193): HWC_FRAMEBUFFER_TARGET found in hwc list (index=0)
W/SurfaceFlinger(  193): HWC_FRAMEBUFFER_TARGET found in hwc list (index=1)
W/SurfaceFlinger(  193): HWC_FRAMEBUFFER_TARGET found in hwc list (index=2)
W/SurfaceFlinger(  193): HWC_FRAMEBUFFER_TARGET found in hwc list (index=3)
W/SurfaceFlinger(  193): HWC_FRAMEBUFFER_TARGET found in hwc list (index=0)
W/SurfaceFlinger(  193): HWC_FRAMEBUFFER_TARGET found in hwc list (index=1)
W/SurfaceFlinger(  193): HWC_FRAMEBUFFER_TARGET found in hwc list (index=2)
W/SurfaceFlinger(  193): HWC_FRAMEBUFFER_TARGET found in hwc list (index=3)
W/SurfaceFlinger(  193): HWC_FRAMEBUFFER_TARGET found in hwc list (index=0)
W/SurfaceFlinger(  193): HWC_FRAMEBUFFER_TARGET found in hwc list (index=1)
W/SurfaceFlinger(  193): HWC_FRAMEBUFFER_TARGET found in hwc list (index=2)
W/SurfaceFlinger(  193): HWC_FRAMEBUFFER_TARGET found in hwc list (index=3)
W/SurfaceFlinger(  193): HWC_FRAMEBUFFER_TARGET found in hwc list (index=0)
W/SurfaceFlinger(  193): HWC_FRAMEBUFFER_TARGET found in hwc list (index=1)
W/SurfaceFlinger(  193): HWC_FRAMEBUFFER_TARGET found in hwc list (index=2)
W/SurfaceFlinger(  193): HWC_FRAMEBUFFER_TARGET found in hwc list (index=3)
W/SurfaceFlinger(  193): HWC_FRAMEBUFFER_TARGET found in hwc list (index=0)
W/SurfaceFlinger(  193): HWC_FRAMEBUFFER_TARGET found in hwc list (index=1)
W/SurfaceFlinger(  193): HWC_FRAMEBUFFER_TARGET found in hwc list (index=2)
W/SurfaceFlinger(  193): HWC_FRAMEBUFFER_TARGET found in hwc list (index=3)
W/SurfaceFlinger(  193): HWC_FRAMEBUFFER_TARGET found in hwc list (index=0)
W/SurfaceFlinger(  193): HWC_FRAMEBUFFER_TARGET found in hwc list (index=1)
W/SurfaceFlinger(  193): HWC_FRAMEBUFFER_TARGET found in hwc list (index=2)
W/SurfaceFlinger(  193): HWC_FRAMEBUFFER_TARGET found in hwc list (index=3)
W/SurfaceFlinger(  193): HWC_FRAMEBUFFER_TARGET found in hwc list (index=0)
W/SurfaceFlinger(  193): HWC_FRAMEBUFFER_TARGET found in hwc list (index=1)
W/SurfaceFlinger(  193): HWC_FRAMEBUFFER_TARGET found in hwc list (index=2)
W/SurfaceFlinger(  193): HWC_FRAMEBUFFER_TARGET found in hwc list (index=3)
W/SurfaceFlinger(  193): HWC_FRAMEBUFFER_TARGET found in hwc list (index=0)
W/SurfaceFlinger(  193): HWC_FRAMEBUFFER_TARGET found in hwc list (index=1)
W/SurfaceFlinger(  193): HWC_FRAMEBUFFER_TARGET found in hwc list (index=2)
W/SurfaceFlinger(  193): HWC_FRAMEBUFFER_TARGET found in hwc list (index=3)
W/SurfaceFlinger(  193): HWC_FRAMEBUFFER_TARGET found in hwc list (index=0)
W/SurfaceFlinger(  193): HWC_FRAMEBUFFER_TARGET found in hwc list (index=1)
W/SurfaceFlinger(  193): HWC_FRAMEBUFFER_TARGET found in hwc list (index=2)
W/SurfaceFlinger(  193): HWC_FRAMEBUFFER_TARGET found in hwc list (index=3)
W/SurfaceFlinger(  193): HWC_FRAMEBUFFER_TARGET found in hwc list (index=0)
W/SurfaceFlinger(  193): HWC_FRAMEBUFFER_TARGET found in hwc list (index=1)
W/SurfaceFlinger(  193): HWC_FRAMEBUFFER_TARGET found in hwc list (index=2)
W/SurfaceFlinger(  193): HWC_FRAMEBUFFER_TARGET found in hwc list (index=3)
W/SurfaceFlinger(  193): HWC_FRAMEBUFFER_TARGET found in hwc list (index=0)
W/SurfaceFlinger(  193): HWC_FRAMEBUFFER_TARGET found in hwc list (index=1)
W/SurfaceFlinger(  193): HWC_FRAMEBUFFER_TARGET found in hwc list (index=2)
W/SurfaceFlinger(  193): HWC_FRAMEBUFFER_TARGET found in hwc list (index=3)
W/dalvikvm( 4163): method Lcom/facebook/reflex/view/ViewPager;.invalidate incorrectly overrides package-private method with same name in Landroid/view/View;
W/dalvikvm( 4163): method Lcom/facebook/reflex/view/a;.invalidate incorrectly overrides package-private method with same name in Landroid/view/View;
W/SurfaceFlinger(  193): HWC_FRAMEBUFFER_TARGET found in hwc list (index=0)
W/SurfaceFlinger(  193): HWC_FRAMEBUFFER_TARGET found in hwc list (index=1)
W/SurfaceFlinger(  193): HWC_FRAMEBUFFER_TARGET found in hwc list (index=2)
W/SurfaceFlinger(  193): HWC_FRAMEBUFFER_TARGET found in hwc list (index=3)
W/SurfaceFlinger(  193): HWC_FRAMEBUFFER_TARGET found in hwc list (index=0)
W/SurfaceFlinger(  193): HWC_FRAMEBUFFER_TARGET found in hwc list (index=1)
W/SurfaceFlinger(  193): HWC_FRAMEBUFFER_TARGET found in hwc list (index=2)
W/SurfaceFlinger(  193): HWC_FRAMEBUFFER_TARGET found in hwc list (index=3)
W/SurfaceFlinger(  193): HWC_FRAMEBUFFER_TARGET found in hwc list (index=0)
W/SurfaceFlinger(  193): HWC_FRAMEBUFFER_TARGET found in hwc list (index=1)
W/SurfaceFlinger(  193): HWC_FRAMEBUFFER_TARGET found in hwc list (index=2)
W/SurfaceFlinger(  193): HWC_FRAMEBUFFER_TARGET found in hwc list (index=3)
W/SurfaceFlinger(  193): HWC_FRAMEBUFFER_TARGET found in hwc list (index=0)
W/SurfaceFlinger(  193): HWC_FRAMEBUFFER_TARGET found in hwc list (index=1)
W/SurfaceFlinger(  193): HWC_FRAMEBUFFER_TARGET found in hwc list (index=2)
W/SurfaceFlinger(  193): HWC_FRAMEBUFFER_TARGET found in hwc list (index=3)
D/wpa_supplicant( 2605): RX ctrl_iface - hexdump(len=11): 53 49 47 4e 41 4c 5f 50 4f 4c 4c
D/wpa_supplicant( 2605): wlan0: Control interface command 'SIGNAL_POLL'
D/wpa_supplicant( 2605): nl80211: survey data missing!
I/qtaguid ( 3249): Failed write_ctrl(u 57) res=-1 errno=22
I/qtaguid ( 3249): Untagging socket 57 failed errno=-22
W/NetworkManagementSocketTagger( 3249): untagSocket(57) failed with errno -22
W/SurfaceFlinger(  193): HWC_FRAMEBUFFER_TARGET found in hwc list (index=0)
W/SurfaceFlinger(  193): HWC_FRAMEBUFFER_TARGET found in hwc list (index=1)
W/SurfaceFlinger(  193): HWC_FRAMEBUFFER_TARGET found in hwc list (index=2)
W/SurfaceFlinger(  193): HWC_FRAMEBUFFER_TARGET found in hwc list (index=3)
I/dalvikvm( 3249): Jit: resizing JitTable from 8192 to 16384
W/SurfaceFlinger(  193): HWC_FRAMEBUFFER_TARGET found in hwc list (index=0)
W/SurfaceFlinger(  193): HWC_FRAMEBUFFER_TARGET found in hwc list (index=1)
W/SurfaceFlinger(  193): HWC_FRAMEBUFFER_TARGET found in hwc list (index=2)
W/SurfaceFlinger(  193): HWC_FRAMEBUFFER_TARGET found in hwc list (index=0)
W/SurfaceFlinger(  193): HWC_FRAMEBUFFER_TARGET found in hwc list (index=1)
W/SurfaceFlinger(  193): HWC_FRAMEBUFFER_TARGET found in hwc list (index=2)
W/SurfaceFlinger(  193): HWC_FRAMEBUFFER_TARGET found in hwc list (index=0)
W/SurfaceFlinger(  193): HWC_FRAMEBUFFER_TARGET found in hwc list (index=1)
W/SurfaceFlinger(  193): HWC_FRAMEBUFFER_TARGET found in hwc list (index=2)
I/qtaguid ( 3249): Failed write_ctrl(u 57) res=-1 errno=22
I/qtaguid ( 3249): Untagging socket 57 failed errno=-22
W/NetworkManagementSocketTagger( 3249): untagSocket(57) failed with errno -22
W/SurfaceFlinger(  193): HWC_FRAMEBUFFER_TARGET found in hwc list (index=0)
W/SurfaceFlinger(  193): HWC_FRAMEBUFFER_TARGET found in hwc list (index=1)
W/SurfaceFlinger(  193): HWC_FRAMEBUFFER_TARGET found in hwc list (index=2)
W/SurfaceFlinger(  193): HWC_FRAMEBUFFER_TARGET found in hwc list (index=0)
W/SurfaceFlinger(  193): HWC_FRAMEBUFFER_TARGET found in hwc list (index=1)
W/SurfaceFlinger(  193): HWC_FRAMEBUFFER_TARGET found in hwc list (index=2)
W/SurfaceFlinger(  193): HWC_FRAMEBUFFER_TARGET found in hwc list (index=0)
W/SurfaceFlinger(  193): HWC_FRAMEBUFFER_TARGET found in hwc list (index=1)
W/SurfaceFlinger(  193): HWC_FRAMEBUFFER_TARGET found in hwc list (index=2)
W/SurfaceFlinger(  193): HWC_FRAMEBUFFER_TARGET found in hwc list (index=0)
W/SurfaceFlinger(  193): HWC_FRAMEBUFFER_TARGET found in hwc list (index=1)
W/SurfaceFlinger(  193): HWC_FRAMEBUFFER_TARGET found in hwc list (index=2)
W/SurfaceFlinger(  193): HWC_FRAMEBUFFER_TARGET found in hwc list (index=0)
W/SurfaceFlinger(  193): HWC_FRAMEBUFFER_TARGET found in hwc list (index=1)
W/SurfaceFlinger(  193): HWC_FRAMEBUFFER_TARGET found in hwc list (index=2)
W/SurfaceFlinger(  193): HWC_FRAMEBUFFER_TARGET found in hwc list (index=0)
W/SurfaceFlinger(  193): HWC_FRAMEBUFFER_TARGET found in hwc list (index=1)
W/SurfaceFlinger(  193): HWC_FRAMEBUFFER_TARGET found in hwc list (index=2)
W/SurfaceFlinger(  193): HWC_FRAMEBUFFER_TARGET found in hwc list (index=0)
W/SurfaceFlinger(  193): HWC_FRAMEBUFFER_TARGET found in hwc list (index=1)
W/SurfaceFlinger(  193): HWC_FRAMEBUFFER_TARGET found in hwc list (index=2)
W/SurfaceFlinger(  193): HWC_FRAMEBUFFER_TARGET found in hwc list (index=0)
W/SurfaceFlinger(  193): HWC_FRAMEBUFFER_TARGET found in hwc list (index=1)
W/SurfaceFlinger(  193): HWC_FRAMEBUFFER_TARGET found in hwc list (index=2)
I/ActivityManager( 3249): Timeline: Activity_launch_request id:com.android.vending time:1640106
W/SurfaceFlinger(  193): HWC_FRAMEBUFFER_TARGET found in hwc list (index=0)
W/SurfaceFlinger(  193): HWC_FRAMEBUFFER_TARGET found in hwc list (index=1)
W/SurfaceFlinger(  193): HWC_FRAMEBUFFER_TARGET found in hwc list (index=2)
W/SurfaceFlinger(  193): HWC_FRAMEBUFFER_TARGET found in hwc list (index=3)
I/ActivityManager(  641): START u0 {act=android.intent.action.SEARCH flg=0x10000000 cmp=com.android.vending/.AssetBrowserActivity (has extras)} from pid 3249
W/SurfaceFlinger(  193): HWC_FRAMEBUFFER_TARGET found in hwc list (index=0)
W/SurfaceFlinger(  193): HWC_FRAMEBUFFER_TARGET found in hwc list (index=1)
W/SurfaceFlinger(  193): HWC_FRAMEBUFFER_TARGET found in hwc list (index=2)
W/SurfaceFlinger(  193): HWC_FRAMEBUFFER_TARGET found in hwc list (index=0)
W/SurfaceFlinger(  193): HWC_FRAMEBUFFER_TARGET found in hwc list (index=1)
W/SurfaceFlinger(  193): HWC_FRAMEBUFFER_TARGET found in hwc list (index=2)
W/SurfaceFlinger(  193): HWC_FRAMEBUFFER_TARGET found in hwc list (index=0)
W/SurfaceFlinger(  193): HWC_FRAMEBUFFER_TARGET found in hwc list (index=1)
W/SurfaceFlinger(  193): HWC_FRAMEBUFFER_TARGET found in hwc list (index=0)
W/SurfaceFlinger(  193): HWC_FRAMEBUFFER_TARGET found in hwc list (index=1)
W/SurfaceFlinger(  193): HWC_FRAMEBUFFER_TARGET found in hwc list (index=0)
W/SurfaceFlinger(  193): HWC_FRAMEBUFFER_TARGET found in hwc list (index=1)
W/SurfaceFlinger(  193): HWC_FRAMEBUFFER_TARGET found in hwc list (index=0)
W/SurfaceFlinger(  193): HWC_FRAMEBUFFER_TARGET found in hwc list (index=1)
E/cutils-trace( 4163): Error opening trace file: No such file or directory (2)
W/SurfaceFlinger(  193): HWC_FRAMEBUFFER_TARGET found in hwc list (index=0)
W/SurfaceFlinger(  193): HWC_FRAMEBUFFER_TARGET found in hwc list (index=1)
W/SurfaceFlinger(  193): HWC_FRAMEBUFFER_TARGET found in hwc list (index=0)
W/SurfaceFlinger(  193): HWC_FRAMEBUFFER_TARGET found in hwc list (index=1)
W/SurfaceFlinger(  193): HWC_FRAMEBUFFER_TARGET found in hwc list (index=0)
W/SurfaceFlinger(  193): HWC_FRAMEBUFFER_TARGET found in hwc list (index=1)
W/SurfaceFlinger(  193): HWC_FRAMEBUFFER_TARGET found in hwc list (index=0)
W/SurfaceFlinger(  193): HWC_FRAMEBUFFER_TARGET found in hwc list (index=1)
W/SurfaceFlinger(  193): HWC_FRAMEBUFFER_TARGET found in hwc list (index=0)
W/SurfaceFlinger(  193): HWC_FRAMEBUFFER_TARGET found in hwc list (index=1)
W/SurfaceFlinger(  193): HWC_FRAMEBUFFER_TARGET found in hwc list (index=0)
W/SurfaceFlinger(  193): HWC_FRAMEBUFFER_TARGET found in hwc list (index=1)
W/SurfaceFlinger(  193): HWC_FRAMEBUFFER_TARGET found in hwc list (index=0)
W/SurfaceFlinger(  193): HWC_FRAMEBUFFER_TARGET found in hwc list (index=1)
W/SurfaceFlinger(  193): HWC_FRAMEBUFFER_TARGET found in hwc list (index=0)
W/SurfaceFlinger(  193): HWC_FRAMEBUFFER_TARGET found in hwc list (index=1)
W/SurfaceFlinger(  193): HWC_FRAMEBUFFER_TARGET found in hwc list (index=0)
W/SurfaceFlinger(  193): HWC_FRAMEBUFFER_TARGET found in hwc list (index=1)
W/SurfaceFlinger(  193): HWC_FRAMEBUFFER_TARGET found in hwc list (index=0)
W/SurfaceFlinger(  193): HWC_FRAMEBUFFER_TARGET found in hwc list (index=1)
W/SurfaceFlinger(  193): HWC_FRAMEBUFFER_TARGET found in hwc list (index=0)
W/SurfaceFlinger(  193): HWC_FRAMEBUFFER_TARGET found in hwc list (index=1)
W/SurfaceFlinger(  193): HWC_FRAMEBUFFER_TARGET found in hwc list (index=0)
W/SurfaceFlinger(  193): HWC_FRAMEBUFFER_TARGET found in hwc list (index=1)
W/SurfaceFlinger(  193): HWC_FRAMEBUFFER_TARGET found in hwc list (index=0)
W/SurfaceFlinger(  193): HWC_FRAMEBUFFER_TARGET found in hwc list (index=1)
W/SurfaceFlinger(  193): HWC_FRAMEBUFFER_TARGET found in hwc list (index=0)
W/SurfaceFlinger(  193): HWC_FRAMEBUFFER_TARGET found in hwc list (index=1)
W/SurfaceFlinger(  193): HWC_FRAMEBUFFER_TARGET found in hwc list (index=0)
W/SurfaceFlinger(  193): HWC_FRAMEBUFFER_TARGET found in hwc list (index=1)
W/SurfaceFlinger(  193): HWC_FRAMEBUFFER_TARGET found in hwc list (index=0)
W/SurfaceFlinger(  193): HWC_FRAMEBUFFER_TARGET found in hwc list (index=1)
W/SurfaceFlinger(  193): HWC_FRAMEBUFFER_TARGET found in hwc list (index=0)
W/SurfaceFlinger(  193): HWC_FRAMEBUFFER_TARGET found in hwc list (index=1)
W/SurfaceFlinger(  193): HWC_FRAMEBUFFER_TARGET found in hwc list (index=0)
W/SurfaceFlinger(  193): HWC_FRAMEBUFFER_TARGET found in hwc list (index=1)
W/SurfaceFlinger(  193): HWC_FRAMEBUFFER_TARGET found in hwc list (index=0)
W/SurfaceFlinger(  193): HWC_FRAMEBUFFER_TARGET found in hwc list (index=1)
W/SurfaceFlinger(  193): HWC_FRAMEBUFFER_TARGET found in hwc list (index=0)
W/SurfaceFlinger(  193): HWC_FRAMEBUFFER_TARGET found in hwc list (index=1)
W/SurfaceFlinger(  193): HWC_FRAMEBUFFER_TARGET found in hwc list (index=0)
W/SurfaceFlinger(  193): HWC_FRAMEBUFFER_TARGET found in hwc list (index=1)
W/SurfaceFlinger(  193): HWC_FRAMEBUFFER_TARGET found in hwc list (index=0)
W/SurfaceFlinger(  193): HWC_FRAMEBUFFER_TARGET found in hwc list (index=1)
W/SurfaceFlinger(  193): HWC_FRAMEBUFFER_TARGET found in hwc list (index=0)
W/SurfaceFlinger(  193): HWC_FRAMEBUFFER_TARGET found in hwc list (index=1)
W/SurfaceFlinger(  193): HWC_FRAMEBUFFER_TARGET found in hwc list (index=0)
W/SurfaceFlinger(  193): HWC_FRAMEBUFFER_TARGET found in hwc list (index=1)
W/SurfaceFlinger(  193): HWC_FRAMEBUFFER_TARGET found in hwc list (index=0)
W/SurfaceFlinger(  193): HWC_FRAMEBUFFER_TARGET found in hwc list (index=1)
W/SurfaceFlinger(  193): HWC_FRAMEBUFFER_TARGET found in hwc list (index=0)
W/SurfaceFlinger(  193): HWC_FRAMEBUFFER_TARGET found in hwc list (index=1)
W/SurfaceFlinger(  193): HWC_FRAMEBUFFER_TARGET found in hwc list (index=0)
W/SurfaceFlinger(  193): HWC_FRAMEBUFFER_TARGET found in hwc list (index=1)
I/qtaguid ( 3249): Failed write_ctrl(u 76) res=-1 errno=22
I/qtaguid ( 3249): Untagging socket 76 failed errno=-22
W/NetworkManagementSocketTagger( 3249): untagSocket(76) failed with errno -22
W/SurfaceFlinger(  193): HWC_FRAMEBUFFER_TARGET found in hwc list (index=0)
W/SurfaceFlinger(  193): HWC_FRAMEBUFFER_TARGET found in hwc list (index=1)
W/SurfaceFlinger(  193): HWC_FRAMEBUFFER_TARGET found in hwc list (index=0)
W/SurfaceFlinger(  193): HWC_FRAMEBUFFER_TARGET found in hwc list (index=1)
W/SurfaceFlinger(  193): HWC_FRAMEBUFFER_TARGET found in hwc list (index=0)
W/SurfaceFlinger(  193): HWC_FRAMEBUFFER_TARGET found in hwc list (index=1)
W/SurfaceFlinger(  193): HWC_FRAMEBUFFER_TARGET found in hwc list (index=0)
