W/SurfaceFlinger(  195): HWC_FRAMEBUFFER_TARGET found in hwc list (index=0)

W/PackageManager(  607): Got execption parsing permissions.

W/PackageManager(  607): org.xmlpull.v1.XmlPullParserException: No start tag found

W/PackageManager(  607): 	at com.android.internal.util.XmlUtils.beginDocument(XmlUtils.java:887)

W/PackageManager(  607): 	at com.android.server.pm.PackageManagerService.readPermissionsFromXml(PackageManagerService.java:1690)

W/PackageManager(  607): 	at com.android.server.pm.PackageManagerService.readPermissions(PackageManagerService.java:1668)

W/PackageManager(  607): 	at com.android.server.pm.PackageManagerService.<init>(PackageManagerService.java:1182)

W/PackageManager(  607): 	at com.android.server.pm.PackageManagerService.main(PackageManagerService.java:1078)

W/PackageManager(  607): 	at com.android.server.ServerThread.initAndLoop(SystemServer.java:288)

W/PackageManager(  607): 	at com.android.server.SystemServer.main(SystemServer.java:1326)

W/PackageManager(  607): 	at java.lang.reflect.Method.invokeNative(Native Method)

W/PackageManager(  607): 	at java.lang.reflect.Method.invoke(Method.java:515)

W/PackageManager(  607): 	at com.android.internal.os.ZygoteInit$MethodAndArgsCaller.run(ZygoteInit.java:791)

W/PackageManager(  607): 	at com.android.internal.os.ZygoteInit.main(ZygoteInit.java:607)

W/PackageManager(  607): 	at dalvik.system.NativeStart.main(Native Method)

W/PackageManager(  607): Got execption parsing permissions.

W/PackageManager(  607): org.xmlpull.v1.XmlPullParserException: No start tag found

W/PackageManager(  607): 	at com.android.internal.util.XmlUtils.beginDocument(XmlUtils.java:887)

W/PackageManager(  607): 	at com.android.server.pm.PackageManagerService.readPermissionsFromXml(PackageManagerService.java:1690)

W/PackageManager(  607): 	at com.android.server.pm.PackageManagerService.readPermissions(PackageManagerService.java:1668)

W/PackageManager(  607): 	at com.android.server.pm.PackageManagerService.<init>(PackageManagerService.java:1182)

W/PackageManager(  607): 	at com.android.server.pm.PackageManagerService.main(PackageManagerService.java:1078)

W/PackageManager(  607): 	at com.android.server.ServerThread.initAndLoop(SystemServer.java:288)

W/PackageManager(  607): 	at com.android.server.SystemServer.main(SystemServer.java:1326)

W/PackageManager(  607): 	at java.lang.reflect.Method.invokeNative(Native Method)

W/PackageManager(  607): 	at java.lang.reflect.Method.invoke(Method.java:515)

W/PackageManager(  607): 	at com.android.internal.os.ZygoteInit$MethodAndArgsCaller.run(ZygoteInit.java:791)

W/PackageManager(  607): 	at com.android.internal.os.ZygoteInit.main(ZygoteInit.java:607)

W/PackageManager(  607): 	at dalvik.system.NativeStart.main(Native Method)

W/SurfaceFlinger(  195): HWC_FRAMEBUFFER_TARGET found in hwc list (index=0)

W/PackageManager(  607): Got execption parsing permissions.

W/PackageManager(  607): org.xmlpull.v1.XmlPullParserException: No start tag found

W/PackageManager(  607): 	at com.android.internal.util.XmlUtils.beginDocument(XmlUtils.java:887)

W/PackageManager(  607): 	at com.android.server.pm.PackageManagerService.readPermissionsFromXml(PackageManagerService.java:1690)

W/PackageManager(  607): 	at com.android.server.pm.PackageManagerService.readPermissions(PackageManagerService.java:1668)

W/PackageManager(  607): 	at com.android.server.pm.PackageManagerService.<init>(PackageManagerService.java:1182)

W/PackageManager(  607): 	at com.android.server.pm.PackageManagerService.main(PackageManagerService.java:1078)

W/PackageManager(  607): 	at com.android.server.ServerThread.initAndLoop(SystemServer.java:288)

W/PackageManager(  607): 	at com.android.server.SystemServer.main(SystemServer.java:1326)

W/PackageManager(  607): 	at java.lang.reflect.Method.invokeNative(Native Method)

W/PackageManager(  607): 	at java.lang.reflect.Method.invoke(Method.java:515)

W/PackageManager(  607): 	at com.android.internal.os.ZygoteInit$MethodAndArgsCaller.run(ZygoteInit.java:791)

W/PackageManager(  607): 	at com.android.internal.os.ZygoteInit.main(ZygoteInit.java:607)

W/PackageManager(  607): 	at dalvik.system.NativeStart.main(Native Method)

W/SurfaceFlinger(  195): HWC_FRAMEBUFFER_TARGET found in hwc list (index=0)

W/SurfaceFlinger(  195): HWC_FRAMEBUFFER_TARGET found in hwc list (index=0)

W/PackageManager(  607): Got execption parsing permissions.

W/PackageManager(  607): org.xmlpull.v1.XmlPullParserException: No start tag found

W/PackageManager(  607): 	at com.android.internal.util.XmlUtils.beginDocument(XmlUtils.java:887)

W/PackageManager(  607): 	at com.android.server.pm.PackageManagerService.readPermissionsFromXml(PackageManagerService.java:1690)

W/PackageManager(  607): 	at com.android.server.pm.PackageManagerService.readPermissions(PackageManagerService.java:1668)

W/PackageManager(  607): 	at com.android.server.pm.PackageManagerService.<init>(PackageManagerService.java:1182)

W/PackageManager(  607): 	at com.android.server.pm.PackageManagerService.main(PackageManagerService.java:1078)

W/PackageManager(  607): 	at com.android.server.ServerThread.initAndLoop(SystemServer.java:288)

W/PackageManager(  607): 	at com.android.server.SystemServer.main(SystemServer.java:1326)

W/PackageManager(  607): 	at java.lang.reflect.Method.invokeNative(Native Method)

W/PackageManager(  607): 	at java.lang.reflect.Method.invoke(Method.java:515)

W/PackageManager(  607): 	at com.android.internal.os.ZygoteInit$MethodAndArgsCaller.run(ZygoteInit.java:791)

W/PackageManager(  607): 	at com.android.internal.os.ZygoteInit.main(ZygoteInit.java:607)

W/PackageManager(  607): 	at dalvik.system.NativeStart.main(Native Method)

D/StrictMode(  607): No activity manager; failed to Dropbox violation.

D/StrictMode(  607): No activity manager; failed to Dropbox violation.

W/SurfaceFlinger(  195): HWC_FRAMEBUFFER_TARGET found in hwc list (index=0)

D/SELinuxMMAC(  607): Couldn't find install policy /data/security/mac_permissions.xml

D/SELinuxMMAC(  607): Using install policy file /system/etc/security/mac_permissions.xml

W/SurfaceFlinger(  195): HWC_FRAMEBUFFER_TARGET found in hwc list (index=0)

W/SurfaceFlinger(  195): HWC_FRAMEBUFFER_TARGET found in hwc list (index=0)

W/SurfaceFlinger(  195): HWC_FRAMEBUFFER_TARGET found in hwc list (index=0)

W/SurfaceFlinger(  195): HWC_FRAMEBUFFER_TARGET found in hwc list (index=0)

W/SurfaceFlinger(  195): HWC_FRAMEBUFFER_TARGET found in hwc list (index=0)

W/SurfaceFlinger(  195): HWC_FRAMEBUFFER_TARGET found in hwc list (index=0)

W/SurfaceFlinger(  195): HWC_FRAMEBUFFER_TARGET found in hwc list (index=0)

W/SurfaceFlinger(  195): HWC_FRAMEBUFFER_TARGET found in hwc list (index=0)

W/SurfaceFlinger(  195): HWC_FRAMEBUFFER_TARGET found in hwc list (index=0)

W/SurfaceFlinger(  195): HWC_FRAMEBUFFER_TARGET found in hwc list (index=0)

W/SurfaceFlinger(  195): HWC_FRAMEBUFFER_TARGET found in hwc list (index=0)

W/SurfaceFlinger(  195): HWC_FRAMEBUFFER_TARGET found in hwc list (index=0)

W/SurfaceFlinger(  195): HWC_FRAMEBUFFER_TARGET found in hwc list (index=0)

W/SurfaceFlinger(  195): HWC_FRAMEBUFFER_TARGET found in hwc list (index=0)

D/StrictMode(  607): No activity manager; failed to Dropbox violation.

W/SurfaceFlinger(  195): HWC_FRAMEBUFFER_TARGET found in hwc list (index=0)

W/SurfaceFlinger(  195): HWC_FRAMEBUFFER_TARGET found in hwc list (index=0)

D/StrictMode(  607): No activity manager; failed to Dropbox violation.

W/SurfaceFlinger(  195): HWC_FRAMEBUFFER_TARGET found in hwc list (index=0)

W/SurfaceFlinger(  195): HWC_FRAMEBUFFER_TARGET found in hwc list (index=0)

W/SurfaceFlinger(  195): HWC_FRAMEBUFFER_TARGET found in hwc list (index=0)

W/SurfaceFlinger(  195): HWC_FRAMEBUFFER_TARGET found in hwc list (index=0)

W/SurfaceFlinger(  195): HWC_FRAMEBUFFER_TARGET found in hwc list (index=0)

W/SurfaceFlinger(  195): HWC_FRAMEBUFFER_TARGET found in hwc list (index=0)

W/SurfaceFlinger(  195): HWC_FRAMEBUFFER_TARGET found in hwc list (index=0)

W/SurfaceFlinger(  195): HWC_FRAMEBUFFER_TARGET found in hwc list (index=0)

W/SurfaceFlinger(  195): HWC_FRAMEBUFFER_TARGET found in hwc list (index=0)

W/SurfaceFlinger(  195): HWC_FRAMEBUFFER_TARGET found in hwc list (index=0)

W/SurfaceFlinger(  195): HWC_FRAMEBUFFER_TARGET found in hwc list (index=0)

W/SurfaceFlinger(  195): HWC_FRAMEBUFFER_TARGET found in hwc list (index=0)

W/SurfaceFlinger(  195): HWC_FRAMEBUFFER_TARGET found in hwc list (index=0)

W/SurfaceFlinger(  195): HWC_FRAMEBUFFER_TARGET found in hwc list (index=0)

W/SurfaceFlinger(  195): HWC_FRAMEBUFFER_TARGET found in hwc list (index=0)

W/SurfaceFlinger(  195): HWC_FRAMEBUFFER_TARGET found in hwc list (index=0)

W/SurfaceFlinger(  195): HWC_FRAMEBUFFER_TARGET found in hwc list (index=0)

W/SurfaceFlinger(  195): HWC_FRAMEBUFFER_TARGET found in hwc list (index=0)

W/SurfaceFlinger(  195): HWC_FRAMEBUFFER_TARGET found in hwc list (index=0)

W/SurfaceFlinger(  195): HWC_FRAMEBUFFER_TARGET found in hwc list (index=0)

W/SurfaceFlinger(  195): HWC_FRAMEBUFFER_TARGET found in hwc list (index=0)

I/PackageManager(  607): /system/priv-app/CMS.apk changed; collecting certs

E/PackageParser(  607): Package com.cyanogenmod.services has no certificates at entry AndroidManifest.xml; ignoring!

W/PackageManager(  607): Failed verifying certificates for package:com.cyanogenmod.services

W/SurfaceFlinger(  195): HWC_FRAMEBUFFER_TARGET found in hwc list (index=0)

W/SurfaceFlinger(  195): HWC_FRAMEBUFFER_TARGET found in hwc list (index=0)

W/SurfaceFlinger(  195): HWC_FRAMEBUFFER_TARGET found in hwc list (index=0)

W/SurfaceFlinger(  195): HWC_FRAMEBUFFER_TARGET found in hwc list (index=0)

W/SurfaceFlinger(  195): HWC_FRAMEBUFFER_TARGET found in hwc list (index=0)

W/SurfaceFlinger(  195): HWC_FRAMEBUFFER_TARGET found in hwc list (index=0)

W/SurfaceFlinger(  195): HWC_FRAMEBUFFER_TARGET found in hwc list (index=0)

W/PackageParser(  607): No actions in intent filter at /system/priv-app/Contacts.apk Binary XML file line #375

W/SurfaceFlinger(  195): HWC_FRAMEBUFFER_TARGET found in hwc list (index=0)

W/SurfaceFlinger(  195): HWC_FRAMEBUFFER_TARGET found in hwc list (index=0)

W/SurfaceFlinger(  195): HWC_FRAMEBUFFER_TARGET found in hwc list (index=0)

W/SurfaceFlinger(  195): HWC_FRAMEBUFFER_TARGET found in hwc list (index=0)

W/PackageParser(  607): No actions in intent filter at /system/priv-app/Dialer.apk Binary XML file line #174

W/SurfaceFlinger(  195): HWC_FRAMEBUFFER_TARGET found in hwc list (index=0)

W/SurfaceFlinger(  195): HWC_FRAMEBUFFER_TARGET found in hwc list (index=0)

W/SurfaceFlinger(  195): HWC_FRAMEBUFFER_TARGET found in hwc list (index=0)

W/SurfaceFlinger(  195): HWC_FRAMEBUFFER_TARGET found in hwc list (index=0)

W/SurfaceFlinger(  195): HWC_FRAMEBUFFER_TARGET found in hwc list (index=0)

W/SurfaceFlinger(  195): HWC_FRAMEBUFFER_TARGET found in hwc list (index=0)

W/SurfaceFlinger(  195): HWC_FRAMEBUFFER_TARGET found in hwc list (index=0)

W/SurfaceFlinger(  195): HWC_FRAMEBUFFER_TARGET found in hwc list (index=0)

W/SurfaceFlinger(  195): HWC_FRAMEBUFFER_TARGET found in hwc list (index=0)

W/SurfaceFlinger(  195): HWC_FRAMEBUFFER_TARGET found in hwc list (index=0)

W/SurfaceFlinger(  195): HWC_FRAMEBUFFER_TARGET found in hwc list (index=0)

W/SurfaceFlinger(  195): HWC_FRAMEBUFFER_TARGET found in hwc list (index=0)

W/SurfaceFlinger(  195): HWC_FRAMEBUFFER_TARGET found in hwc list (index=0)

W/SurfaceFlinger(  195): HWC_FRAMEBUFFER_TARGET found in hwc list (index=0)

W/SurfaceFlinger(  195): HWC_FRAMEBUFFER_TARGET found in hwc list (index=0)

W/SurfaceFlinger(  195): HWC_FRAMEBUFFER_TARGET found in hwc list (index=0)

W/SurfaceFlinger(  195): HWC_FRAMEBUFFER_TARGET found in hwc list (index=0)

W/SurfaceFlinger(  195): HWC_FRAMEBUFFER_TARGET found in hwc list (index=0)

W/SurfaceFlinger(  195): HWC_FRAMEBUFFER_TARGET found in hwc list (index=0)

W/SurfaceFlinger(  195): HWC_FRAMEBUFFER_TARGET found in hwc list (index=0)

W/SurfaceFlinger(  195): HWC_FRAMEBUFFER_TARGET found in hwc list (index=0)

W/SurfaceFlinger(  195): HWC_FRAMEBUFFER_TARGET found in hwc list (index=0)

W/SurfaceFlinger(  195): HWC_FRAMEBUFFER_TARGET found in hwc list (index=0)

W/SurfaceFlinger(  195): HWC_FRAMEBUFFER_TARGET found in hwc list (index=0)

W/SurfaceFlinger(  195): HWC_FRAMEBUFFER_TARGET found in hwc list (index=0)

W/SurfaceFlinger(  195): HWC_FRAMEBUFFER_TARGET found in hwc list (index=0)

W/SurfaceFlinger(  195): HWC_FRAMEBUFFER_TARGET found in hwc list (index=0)

W/SurfaceFlinger(  195): HWC_FRAMEBUFFER_TARGET found in hwc list (index=0)

W/SurfaceFlinger(  195): HWC_FRAMEBUFFER_TARGET found in hwc list (index=0)

W/SurfaceFlinger(  195): HWC_FRAMEBUFFER_TARGET found in hwc list (index=0)

D/asset   (  607): failed to open Zip archive '/system/priv-app/GoogleOneTimeInitializer.apk'

W/SurfaceFlinger(  195): HWC_FRAMEBUFFER_TARGET found in hwc list (index=0)

D/asset   (  607): failed to open Zip archive '/system/priv-app/GoogleLoginService.apk'

W/SurfaceFlinger(  195): HWC_FRAMEBUFFER_TARGET found in hwc list (index=0)

D/asset   (  607): failed to open Zip archive '/system/priv-app/talkback.apk'

D/asset   (  607): failed to open Zip archive '/system/priv-app/GoogleServicesFramework.apk'

W/PackageParser(  607): Unable to read AndroidManifest.xml of /system/priv-app/GoogleOneTimeInitializer.apk

W/PackageParser(  607): java.io.FileNotFoundException: AndroidManifest.xml

W/PackageParser(  607): 	at android.content.res.AssetManager.openXmlAssetNative(Native Method)

W/PackageParser(  607): 	at android.content.res.AssetManager.openXmlBlockAsset(AssetManager.java:522)

W/PackageParser(  607): 	at android.content.res.AssetManager.openXmlResourceParser(AssetManager.java:478)

W/PackageParser(  607): 	at android.content.pm.PackageParser.parsePackage(PackageParser.java:557)

W/PackageParser(  607): 	at com.android.server.pm.PackageManagerService.scanPackageLI(PackageManagerService.java:3694)

W/PackageParser(  607): 	at com.android.server.pm.PackageManagerService.access$1900(PackageManagerService.java:189)

W/PackageParser(  607): 	at com.android.server.pm.PackageManagerService$5.run(PackageManagerService.java:3609)

W/PackageParser(  607): 	at java.util.concurrent.Executors$RunnableAdapter.call(Executors.java:422)

W/PackageParser(  607): 	at java.util.concurrent.FutureTask.run(FutureTask.java:237)

W/PackageParser(  607): 	at java.util.concurrent.ThreadPoolExecutor.runWorker(ThreadPoolExecutor.java:1112)

W/PackageParser(  607): 	at java.util.concurrent.ThreadPoolExecutor$Worker.run(ThreadPoolExecutor.java:587)

W/PackageParser(  607): 	at java.lang.Thread.run(Thread.java:841)

W/PackageParser(  607): Unable to read AndroidManifest.xml of /system/priv-app/GoogleLoginService.apk

W/PackageParser(  607): java.io.FileNotFoundException: AndroidManifest.xml

W/PackageParser(  607): 	at android.content.res.AssetManager.openXmlAssetNative(Native Method)

W/PackageParser(  607): 	at android.content.res.AssetManager.openXmlBlockAsset(AssetManager.java:522)

W/PackageParser(  607): 	at android.content.res.AssetManager.openXmlResourceParser(AssetManager.java:478)

W/PackageParser(  607): 	at android.content.pm.PackageParser.parsePackage(PackageParser.java:557)

W/PackageParser(  607): 	at com.android.server.pm.PackageManagerService.scanPackageLI(PackageManagerService.java:3694)

W/PackageParser(  607): 	at com.android.server.pm.PackageManagerService.access$1900(PackageManagerService.java:189)

W/PackageParser(  607): 	at com.android.server.pm.PackageManagerService$5.run(PackageManagerService.java:3609)

W/PackageParser(  607): 	at java.util.concurrent.Executors$RunnableAdapter.call(Executors.java:422)

W/PackageParser(  607): 	at java.util.concurrent.FutureTask.run(FutureTask.java:237)

W/PackageParser(  607): 	at java.util.concurrent.ThreadPoolExecutor.runWorker(ThreadPoolExecutor.java:1112)

W/PackageParser(  607): 	at java.util.concurrent.ThreadPoolExecutor$Worker.run(ThreadPoolExecutor.java:587)

W/PackageParser(  607): 	at java.lang.Thread.run(Thread.java:841)

D/asset   (  607): failed to open Zip archive '/system/priv-app/GoogleFeedback.apk'

W/SurfaceFlinger(  195): HWC_FRAMEBUFFER_TARGET found in hwc list (index=0)

W/PackageParser(  607): Unable to read AndroidManifest.xml of /system/priv-app/talkback.apk

W/PackageParser(  607): java.io.FileNotFoundException: AndroidManifest.xml

W/PackageParser(  607): 	at android.content.res.AssetManager.openXmlAssetNative(Native Method)

W/PackageParser(  607): 	at android.content.res.AssetManager.openXmlBlockAsset(AssetManager.java:522)

W/PackageParser(  607): 	at android.content.res.AssetManager.openXmlResourceParser(AssetManager.java:478)

W/PackageParser(  607): 	at android.content.pm.PackageParser.parsePackage(PackageParser.java:557)

W/PackageParser(  607): 	at com.android.server.pm.PackageManagerService.scanPackageLI(PackageManagerService.java:3694)

W/PackageParser(  607): 	at com.android.server.pm.PackageManagerService.access$1900(PackageManagerService.java:189)

W/PackageParser(  607): 	at com.android.server.pm.PackageManagerService$5.run(PackageManagerService.java:3609)

W/PackageParser(  607): 	at java.util.concurrent.Executors$RunnableAdapter.call(Executors.java:422)

W/PackageParser(  607): 	at java.util.concurrent.FutureTask.run(FutureTask.java:237)

W/PackageParser(  607): 	at java.util.concurrent.ThreadPoolExecutor.runWorker(ThreadPoolExecutor.java:1112)

W/PackageParser(  607): 	at java.util.concurrent.ThreadPoolExecutor$Worker.run(ThreadPoolExecutor.java:587)

W/PackageParser(  607): 	at java.lang.Thread.run(Thread.java:841)

W/PackageParser(  607): Unable to read AndroidManifest.xml of /system/priv-app/GoogleServicesFramework.apk

W/PackageParser(  607): java.io.FileNotFoundException: AndroidManifest.xml

W/PackageParser(  607): 	at android.content.res.AssetManager.openXmlAssetNative(Native Method)

W/PackageParser(  607): 	at android.content.res.AssetManager.openXmlBlockAsset(AssetManager.java:522)

W/PackageParser(  607): 	at android.content.res.AssetManager.openXmlResourceParser(AssetManager.java:478)

W/PackageParser(  607): 	at android.content.pm.PackageParser.parsePackage(PackageParser.java:557)

W/PackageParser(  607): 	at com.android.server.pm.PackageManagerService.scanPackageLI(PackageManagerService.java:3694)

W/PackageParser(  607): 	at com.android.server.pm.PackageManagerService.access$1900(PackageManagerService.java:189)

W/PackageParser(  607): 	at com.android.server.pm.PackageManagerService$5.run(PackageManagerService.java:3609)

W/PackageParser(  607): 	at java.util.concurrent.Executors$RunnableAdapter.call(Executors.java:422)

W/PackageParser(  607): 	at java.util.concurrent.FutureTask.run(FutureTask.java:237)

W/PackageParser(  607): 	at java.util.concurrent.ThreadPoolExecutor.runWorker(ThreadPoolExecutor.java:1112)

W/PackageParser(  607): 	at java.util.concurrent.ThreadPoolExecutor$Worker.run(ThreadPoolExecutor.java:587)

W/PackageParser(  607): 	at java.lang.Thread.run(Thread.java:841)

D/asset   (  607): failed to open Zip archive '/system/priv-app/GoogleBackupTransport.apk'

D/asset   (  607): failed to open Zip archive '/system/priv-app/Velvet.apk'

W/PackageParser(  607): Unable to read AndroidManifest.xml of /system/priv-app/GoogleFeedback.apk

W/PackageParser(  607): java.io.FileNotFoundException: AndroidManifest.xml

W/PackageParser(  607): 	at android.content.res.AssetManager.openXmlAssetNative(Native Method)

W/PackageParser(  607): 	at android.content.res.AssetManager.openXmlBlockAsset(AssetManager.java:522)

W/PackageParser(  607): 	at android.content.res.AssetManager.openXmlResourceParser(AssetManager.java:478)

W/PackageParser(  607): 	at android.content.pm.PackageParser.parsePackage(PackageParser.java:557)

W/PackageParser(  607): 	at com.android.server.pm.PackageManagerService.scanPackageLI(PackageManagerService.java:3694)

W/PackageParser(  607): 	at com.android.server.pm.PackageManagerService.access$1900(PackageManagerService.java:189)

W/PackageParser(  607): 	at com.android.server.pm.PackageManagerService$5.run(PackageManagerService.java:3609)

W/PackageParser(  607): 	at java.util.concurrent.Executors$RunnableAdapter.call(Executors.java:422)

W/PackageParser(  607): 	at java.util.concurrent.FutureTask.run(FutureTask.java:237)

W/PackageParser(  607): 	at java.util.concurrent.ThreadPoolExecutor.runWorker(ThreadPoolExecutor.java:1112)

W/PackageParser(  607): 	at java.util.concurrent.ThreadPoolExecutor$Worker.run(ThreadPoolExecutor.java:587)

W/PackageParser(  607): 	at java.lang.Thread.run(Thread.java:841)

W/PackageParser(  607): Unable to read AndroidManifest.xml of /system/priv-app/GoogleBackupTransport.apk

W/PackageParser(  607): java.io.FileNotFoundException: AndroidManifest.xml

W/PackageParser(  607): 	at android.content.res.AssetManager.openXmlAssetNative(Native Method)

W/PackageParser(  607): 	at android.content.res.AssetManager.openXmlBlockAsset(AssetManager.java:522)

W/PackageParser(  607): 	at android.content.res.AssetManager.openXmlResourceParser(AssetManager.java:478)

W/PackageParser(  607): 	at android.content.pm.PackageParser.parsePackage(PackageParser.java:557)

W/PackageParser(  607): 	at com.android.server.pm.PackageManagerService.scanPackageLI(PackageManagerService.java:3694)

W/PackageParser(  607): 	at com.android.server.pm.PackageManagerService.access$1900(PackageManagerService.java:189)

W/PackageParser(  607): 	at com.android.server.pm.PackageManagerService$5.run(PackageManagerService.java:3609)

W/PackageParser(  607): 	at java.util.concurrent.Executors$RunnableAdapter.call(Executors.java:422)

W/PackageParser(  607): 	at java.util.concurrent.FutureTask.run(FutureTask.java:237)

W/PackageParser(  607): 	at java.util.concurrent.ThreadPoolExecutor.runWorker(ThreadPoolExecutor.java:1112)

W/PackageParser(  607): 	at java.util.concurrent.ThreadPoolExecutor$Worker.run(ThreadPoolExecutor.java:587)

W/PackageParser(  607): 	at java.lang.Thread.run(Thread.java:841)

D/asset   (  607): failed to open Zip archive '/system/priv-app/Phonesky.apk'

W/SurfaceFlinger(  195): HWC_FRAMEBUFFER_TARGET found in hwc list (index=0)

W/PackageParser(  607): Unable to read AndroidManifest.xml of /system/priv-app/Phonesky.apk

W/PackageParser(  607): java.io.FileNotFoundException: AndroidManifest.xml

W/PackageParser(  607): 	at android.content.res.AssetManager.openXmlAssetNative(Native Method)

W/PackageParser(  607): 	at android.content.res.AssetManager.openXmlBlockAsset(AssetManager.java:522)

W/PackageParser(  607): 	at android.content.res.AssetManager.openXmlResourceParser(AssetManager.java:478)

W/PackageParser(  607): 	at android.content.pm.PackageParser.parsePackage(PackageParser.java:557)

W/PackageParser(  607): 	at com.android.server.pm.PackageManagerService.scanPackageLI(PackageManagerService.java:3694)

W/PackageParser(  607): 	at com.android.server.pm.PackageManagerService.access$1900(PackageManagerService.java:189)

W/PackageParser(  607): 	at com.android.server.pm.PackageManagerService$5.run(PackageManagerService.java:3609)

W/PackageParser(  607): 	at java.util.concurrent.Executors$RunnableAdapter.call(Executors.java:422)

W/PackageParser(  607): 	at java.util.concurrent.FutureTask.run(FutureTask.java:237)

W/PackageParser(  607): 	at java.util.concurrent.ThreadPoolExecutor.runWorker(ThreadPoolExecutor.java:1112)

W/PackageParser(  607): 	at java.util.concurrent.ThreadPoolExecutor$Worker.run(ThreadPoolExecutor.java:587)

W/PackageParser(  607): 	at java.lang.Thread.run(Thread.java:841)

W/PackageParser(  607): Unable to read AndroidManifest.xml of /system/priv-app/Velvet.apk

W/PackageParser(  607): java.io.FileNotFoundException: AndroidManifest.xml

W/PackageParser(  607): 	at android.content.res.AssetManager.openXmlAssetNative(Native Method)

W/PackageParser(  607): 	at android.content.res.AssetManager.openXmlBlockAsset(AssetManager.java:522)

W/PackageParser(  607): 	at android.content.res.AssetManager.openXmlResourceParser(AssetManager.java:478)

W/PackageParser(  607): 	at android.content.pm.PackageParser.parsePackage(PackageParser.java:557)

W/PackageParser(  607): 	at com.android.server.pm.PackageManagerService.scanPackageLI(PackageManagerService.java:3694)

W/PackageParser(  607): 	at com.android.server.pm.PackageManagerService.access$1900(PackageManagerService.java:189)

W/PackageParser(  607): 	at com.android.server.pm.PackageManagerService$5.run(PackageManagerService.java:3609)

W/PackageParser(  607): 	at java.util.concurrent.Executors$RunnableAdapter.call(Executors.java:422)

W/PackageParser(  607): 	at java.util.concurrent.FutureTask.run(FutureTask.java:237)

W/PackageParser(  607): 	at java.util.concurrent.ThreadPoolExecutor.runWorker(ThreadPoolExecutor.java:1112)

W/PackageParser(  607): 	at java.util.concurrent.ThreadPoolExecutor$Worker.run(ThreadPoolExecutor.java:587)

W/PackageParser(  607): 	at java.lang.Thread.run(Thread.java:841)

D/asset   (  607): failed to open Zip archive '/system/priv-app/ConfigUpdater.apk'

D/asset   (  607): failed to open Zip archive '/system/priv-app/GmsCore.apk'

W/PackageParser(  607): Unable to read AndroidManifest.xml of /system/priv-app/ConfigUpdater.apk

W/PackageParser(  607): java.io.FileNotFoundException: AndroidManifest.xml

W/PackageParser(  607): 	at android.content.res.AssetManager.openXmlAssetNative(Native Method)

W/PackageParser(  607): 	at android.content.res.AssetManager.openXmlBlockAsset(AssetManager.java:522)

W/PackageParser(  607): 	at android.content.res.AssetManager.openXmlResourceParser(AssetManager.java:478)

W/PackageParser(  607): 	at android.content.pm.PackageParser.parsePackage(PackageParser.java:557)

W/PackageParser(  607): 	at com.android.server.pm.PackageManagerService.scanPackageLI(PackageManagerService.java:3694)

W/PackageParser(  607): 	at com.android.server.pm.PackageManagerService.access$1900(PackageManagerService.java:189)

W/PackageParser(  607): 	at com.android.server.pm.PackageManagerService$5.run(PackageManagerService.java:3609)

W/PackageParser(  607): 	at java.util.concurrent.Executors$RunnableAdapter.call(Executors.java:422)

W/PackageParser(  607): 	at java.util.concurrent.FutureTask.run(FutureTask.java:237)

W/PackageParser(  607): 	at java.util.concurrent.ThreadPoolExecutor.runWorker(ThreadPoolExecutor.java:1112)

W/PackageParser(  607): 	at java.util.concurrent.ThreadPoolExecutor$Worker.run(ThreadPoolExecutor.java:587)

W/PackageParser(  607): 	at java.lang.Thread.run(Thread.java:841)

D/asset   (  607): failed to open Zip archive '/system/priv-app/SetupWizard.apk'

W/SurfaceFlinger(  195): HWC_FRAMEBUFFER_TARGET found in hwc list (index=0)

W/PackageParser(  607): Unable to read AndroidManifest.xml of /system/priv-app/GmsCore.apk

W/PackageParser(  607): java.io.FileNotFoundException: AndroidManifest.xml

W/PackageParser(  607): 	at android.content.res.AssetManager.openXmlAssetNative(Native Method)

W/PackageParser(  607): 	at android.content.res.AssetManager.openXmlBlockAsset(AssetManager.java:522)

W/PackageParser(  607): 	at android.content.res.AssetManager.openXmlResourceParser(AssetManager.java:478)

W/PackageParser(  607): 	at android.content.pm.PackageParser.parsePackage(PackageParser.java:557)

W/PackageParser(  607): 	at com.android.server.pm.PackageManagerService.scanPackageLI(PackageManagerService.java:3694)

W/PackageParser(  607): 	at com.android.server.pm.PackageManagerService.access$1900(PackageManagerService.java:189)

W/PackageParser(  607): 	at com.android.server.pm.PackageManagerService$5.run(PackageManagerService.java:3609)

W/PackageParser(  607): 	at java.util.concurrent.Executors$RunnableAdapter.call(Executors.java:422)

W/PackageParser(  607): 	at java.util.concurrent.FutureTask.run(FutureTask.java:237)

W/PackageParser(  607): 	at java.util.concurrent.ThreadPoolExecutor.runWorker(ThreadPoolExecutor.java:1112)

W/PackageParser(  607): 	at java.util.concurrent.ThreadPoolExecutor$Worker.run(ThreadPoolExecutor.java:587)

W/PackageParser(  607): 	at java.lang.Thread.run(Thread.java:841)

D/asset   (  607): failed to open Zip archive '/system/priv-app/GooglePartnerSetup.apk'

W/PackageParser(  607): Unable to read AndroidManifest.xml of /system/priv-app/GooglePartnerSetup.apk

W/PackageParser(  607): java.io.FileNotFoundException: AndroidManifest.xml

W/PackageParser(  607): 	at android.content.res.AssetManager.openXmlAssetNative(Native Method)

W/PackageParser(  607): 	at android.content.res.AssetManager.openXmlBlockAsset(AssetManager.java:522)

W/PackageParser(  607): 	at android.content.res.AssetManager.openXmlResourceParser(AssetManager.java:478)

W/PackageParser(  607): 	at android.content.pm.PackageParser.parsePackage(PackageParser.java:557)

W/PackageParser(  607): 	at com.android.server.pm.PackageManagerService.scanPackageLI(PackageManagerService.java:3694)

W/PackageParser(  607): 	at com.android.server.pm.PackageManagerService.access$1900(PackageManagerService.java:189)

W/PackageParser(  607): 	at com.android.server.pm.PackageManagerService$5.run(PackageManagerService.java:3609)

W/PackageParser(  607): 	at java.util.concurrent.Executors$RunnableAdapter.call(Executors.java:422)

W/PackageParser(  607): 	at java.util.concurrent.FutureTask.run(FutureTask.java:237)

W/PackageParser(  607): 	at java.util.concurrent.ThreadPoolExecutor.runWorker(ThreadPoolExecutor.java:1112)

W/PackageParser(  607): 	at java.util.concurrent.ThreadPoolExecutor$Worker.run(ThreadPoolExecutor.java:587)

W/PackageParser(  607): 	at java.lang.Thread.run(Thread.java:841)

W/PackageParser(  607): Unable to read AndroidManifest.xml of /system/priv-app/SetupWizard.apk

W/PackageParser(  607): java.io.FileNotFoundException: AndroidManifest.xml

W/PackageParser(  607): 	at android.content.res.AssetManager.openXmlAssetNative(Native Method)

W/PackageParser(  607): 	at android.content.res.AssetManager.openXmlBlockAsset(AssetManager.java:522)

W/PackageParser(  607): 	at android.content.res.AssetManager.openXmlResourceParser(AssetManager.java:478)

W/PackageParser(  607): 	at android.content.pm.PackageParser.parsePackage(PackageParser.java:557)

W/PackageParser(  607): 	at com.android.server.pm.PackageManagerService.scanPackageLI(PackageManagerService.java:3694)

W/PackageParser(  607): 	at com.android.server.pm.PackageManagerService.access$1900(PackageManagerService.java:189)

W/PackageParser(  607): 	at com.android.server.pm.PackageManagerService$5.run(PackageManagerService.java:3609)

W/PackageParser(  607): 	at java.util.concurrent.Executors$RunnableAdapter.call(Executors.java:422)

W/PackageParser(  607): 	at java.util.concurrent.FutureTask.run(FutureTask.java:237)

W/PackageParser(  607): 	at java.util.concurrent.ThreadPoolExecutor.runWorker(ThreadPoolExecutor.java:1112)

W/PackageParser(  607): 	at java.util.concurrent.ThreadPoolExecutor$Worker.run(ThreadPoolExecutor.java:587)

W/PackageParser(  607): 	at java.lang.Thread.run(Thread.java:841)

W/SurfaceFlinger(  195): HWC_FRAMEBUFFER_TARGET found in hwc list (index=0)

W/SurfaceFlinger(  195): HWC_FRAMEBUFFER_TARGET found in hwc list (index=0)

W/SurfaceFlinger(  195): HWC_FRAMEBUFFER_TARGET found in hwc list (index=0)

W/SurfaceFlinger(  195): HWC_FRAMEBUFFER_TARGET found in hwc list (index=0)

W/SurfaceFlinger(  195): HWC_FRAMEBUFFER_TARGET found in hwc list (index=0)

W/SurfaceFlinger(  195): HWC_FRAMEBUFFER_TARGET found in hwc list (index=0)

W/PackageParser(  607): Unknown element under <application>: uses-feature at /system/app/BluetoothExt.apk Binary XML file line #55

W/PackageParser(  607): No actions in intent filter at /system/app/BluetoothExt.apk Binary XML file line #84

W/PackageParser(  607): No actions in intent filter at /system/app/BluetoothExt.apk Binary XML file line #108

W/PackageParser(  607): No actions in intent filter at /system/app/BluetoothExt.apk Binary XML file line #161

W/PackageParser(  607): No actions in intent filter at /system/app/Bluetooth.apk Binary XML file line #227

W/SurfaceFlinger(  195): HWC_FRAMEBUFFER_TARGET found in hwc list (index=0)

W/SurfaceFlinger(  195): HWC_FRAMEBUFFER_TARGET found in hwc list (index=0)

W/SurfaceFlinger(  195): HWC_FRAMEBUFFER_TARGET found in hwc list (index=0)

W/SurfaceFlinger(  195): HWC_FRAMEBUFFER_TARGET found in hwc list (index=0)

W/SurfaceFlinger(  195): HWC_FRAMEBUFFER_TARGET found in hwc list (index=0)

W/SurfaceFlinger(  195): HWC_FRAMEBUFFER_TARGET found in hwc list (index=0)

W/SurfaceFlinger(  195): HWC_FRAMEBUFFER_TARGET found in hwc list (index=0)

W/PackageParser(  607): No actions in intent filter at /system/app/CMFileManager.apk Binary XML file line #137

W/SurfaceFlinger(  195): HWC_FRAMEBUFFER_TARGET found in hwc list (index=0)

W/SurfaceFlinger(  195): HWC_FRAMEBUFFER_TARGET found in hwc list (index=0)

W/SurfaceFlinger(  195): HWC_FRAMEBUFFER_TARGET found in hwc list (index=0)

W/SurfaceFlinger(  195): HWC_FRAMEBUFFER_TARGET found in hwc list (index=0)

W/ResourceType(  607): Failure getting entry for 0x7f04000f (t=3 e=15) in package 0 (error -75)

W/ResourceType(  607): Failure getting entry for 0x7f04000f (t=3 e=15) in package 0 (error -75)

W/SurfaceFlinger(  195): HWC_FRAMEBUFFER_TARGET found in hwc list (index=0)

W/SurfaceFlinger(  195): HWC_FRAMEBUFFER_TARGET found in hwc list (index=0)

W/SurfaceFlinger(  195): HWC_FRAMEBUFFER_TARGET found in hwc list (index=0)

W/SurfaceFlinger(  195): HWC_FRAMEBUFFER_TARGET found in hwc list (index=0)

W/SurfaceFlinger(  195): HWC_FRAMEBUFFER_TARGET found in hwc list (index=0)

W/SurfaceFlinger(  195): HWC_FRAMEBUFFER_TARGET found in hwc list (index=0)

W/SurfaceFlinger(  195): HWC_FRAMEBUFFER_TARGET found in hwc list (index=0)

W/SurfaceFlinger(  195): HWC_FRAMEBUFFER_TARGET found in hwc list (index=0)

W/SurfaceFlinger(  195): HWC_FRAMEBUFFER_TARGET found in hwc list (index=0)

W/SurfaceFlinger(  195): HWC_FRAMEBUFFER_TARGET found in hwc list (index=0)

W/SurfaceFlinger(  195): HWC_FRAMEBUFFER_TARGET found in hwc list (index=0)

W/SurfaceFlinger(  195): HWC_FRAMEBUFFER_TARGET found in hwc list (index=0)

W/SurfaceFlinger(  195): HWC_FRAMEBUFFER_TARGET found in hwc list (index=0)

W/SurfaceFlinger(  195): HWC_FRAMEBUFFER_TARGET found in hwc list (index=0)

W/SurfaceFlinger(  195): HWC_FRAMEBUFFER_TARGET found in hwc list (index=0)

W/SurfaceFlinger(  195): HWC_FRAMEBUFFER_TARGET found in hwc list (index=0)

W/SurfaceFlinger(  195): HWC_FRAMEBUFFER_TARGET found in hwc list (index=0)

W/SurfaceFlinger(  195): HWC_FRAMEBUFFER_TARGET found in hwc list (index=0)

W/PackageParser(  607): Unknown element under <application>: permission at /system/app/Gallery2.apk Binary XML file line #252

W/PackageParser(  607): Unknown element under <application>: permission at /system/app/Gallery2.apk Binary XML file line #255

W/SurfaceFlinger(  195): HWC_FRAMEBUFFER_TARGET found in hwc list (index=0)

W/SurfaceFlinger(  195): HWC_FRAMEBUFFER_TARGET found in hwc list (index=0)

W/SurfaceFlinger(  195): HWC_FRAMEBUFFER_TARGET found in hwc list (index=0)

W/SurfaceFlinger(  195): HWC_FRAMEBUFFER_TARGET found in hwc list (index=0)

W/SurfaceFlinger(  195): HWC_FRAMEBUFFER_TARGET found in hwc list (index=0)

W/SurfaceFlinger(  195): HWC_FRAMEBUFFER_TARGET found in hwc list (index=0)

W/SurfaceFlinger(  195): HWC_FRAMEBUFFER_TARGET found in hwc list (index=0)

W/SurfaceFlinger(  195): HWC_FRAMEBUFFER_TARGET found in hwc list (index=0)

W/SurfaceFlinger(  195): HWC_FRAMEBUFFER_TARGET found in hwc list (index=0)

W/SurfaceFlinger(  195): HWC_FRAMEBUFFER_TARGET found in hwc list (index=0)

W/SurfaceFlinger(  195): HWC_FRAMEBUFFER_TARGET found in hwc list (index=0)

W/SurfaceFlinger(  195): HWC_FRAMEBUFFER_TARGET found in hwc list (index=0)

W/SurfaceFlinger(  195): HWC_FRAMEBUFFER_TARGET found in hwc list (index=0)

W/SurfaceFlinger(  195): HWC_FRAMEBUFFER_TARGET found in hwc list (index=0)

W/SurfaceFlinger(  195): HWC_FRAMEBUFFER_TARGET found in hwc list (index=0)

W/SurfaceFlinger(  195): HWC_FRAMEBUFFER_TARGET found in hwc list (index=0)

W/SurfaceFlinger(  195): HWC_FRAMEBUFFER_TARGET found in hwc list (index=0)

W/SurfaceFlinger(  195): HWC_FRAMEBUFFER_TARGET found in hwc list (index=0)

W/SurfaceFlinger(  195): HWC_FRAMEBUFFER_TARGET found in hwc list (index=0)

W/SurfaceFlinger(  195): HWC_FRAMEBUFFER_TARGET found in hwc list (index=0)

W/SurfaceFlinger(  195): HWC_FRAMEBUFFER_TARGET found in hwc list (index=0)

W/SurfaceFlinger(  195): HWC_FRAMEBUFFER_TARGET found in hwc list (index=0)

W/SurfaceFlinger(  195): HWC_FRAMEBUFFER_TARGET found in hwc list (index=0)

W/SurfaceFlinger(  195): HWC_FRAMEBUFFER_TARGET found in hwc list (index=0)

D/asset   (  607): failed to open Zip archive '/system/app/MediaUploader.apk'

W/PackageParser(  607): Unable to read AndroidManifest.xml of /system/app/MediaUploader.apk

W/PackageParser(  607): java.io.FileNotFoundException: AndroidManifest.xml

W/PackageParser(  607): 	at android.content.res.AssetManager.openXmlAssetNative(Native Method)

W/PackageParser(  607): 	at android.content.res.AssetManager.openXmlBlockAsset(AssetManager.java:522)

W/PackageParser(  607): 	at android.content.res.AssetManager.openXmlResourceParser(AssetManager.java:478)

W/PackageParser(  607): 	at android.content.pm.PackageParser.parsePackage(PackageParser.java:557)

W/PackageParser(  607): 	at com.android.server.pm.PackageManagerService.scanPackageLI(PackageManagerService.java:3694)

W/PackageParser(  607): 	at com.android.server.pm.PackageManagerService.access$1900(PackageManagerService.java:189)

W/PackageParser(  607): 	at com.android.server.pm.PackageManagerService$5.run(PackageManagerService.java:3609)

W/PackageParser(  607): 	at java.util.concurrent.Executors$RunnableAdapter.call(Executors.java:422)

W/PackageParser(  607): 	at java.util.concurrent.FutureTask.run(FutureTask.java:237)

W/PackageParser(  607): 	at java.util.concurrent.ThreadPoolExecutor.runWorker(ThreadPoolExecutor.java:1112)

W/PackageParser(  607): 	at java.util.concurrent.ThreadPoolExecutor$Worker.run(ThreadPoolExecutor.java:587)

W/PackageParser(  607): 	at java.lang.Thread.run(Thread.java:841)

D/asset   (  607): failed to open Zip archive '/system/app/GoogleContactsSyncAdapter.apk'

W/PackageParser(  607): Unable to read AndroidManifest.xml of /system/app/GoogleContactsSyncAdapter.apk

W/PackageParser(  607): java.io.FileNotFoundException: AndroidManifest.xml

W/PackageParser(  607): 	at android.content.res.AssetManager.openXmlAssetNative(Native Method)

W/PackageParser(  607): 	at android.content.res.AssetManager.openXmlBlockAsset(AssetManager.java:522)

W/PackageParser(  607): 	at android.content.res.AssetManager.openXmlResourceParser(AssetManager.java:478)

W/PackageParser(  607): 	at android.content.pm.PackageParser.parsePackage(PackageParser.java:557)

W/PackageParser(  607): 	at com.android.server.pm.PackageManagerService.scanPackageLI(PackageManagerService.java:3694)

W/PackageParser(  607): 	at com.android.server.pm.PackageManagerService.access$1900(PackageManagerService.java:189)

W/PackageParser(  607): 	at com.android.server.pm.PackageManagerService$5.run(PackageManagerService.java:3609)

W/PackageParser(  607): 	at java.util.concurrent.Executors$RunnableAdapter.call(Executors.java:422)

W/PackageParser(  607): 	at java.util.concurrent.FutureTask.run(FutureTask.java:237)

W/PackageParser(  607): 	at java.util.concurrent.ThreadPoolExecutor.runWorker(ThreadPoolExecutor.java:1112)

W/PackageParser(  607): 	at java.util.concurrent.ThreadPoolExecutor$Worker.run(ThreadPoolExecutor.java:587)

W/PackageParser(  607): 	at java.lang.Thread.run(Thread.java:841)

D/asset   (  607): failed to open Zip archive '/system/app/GoogleEars.apk'

W/SurfaceFlinger(  195): HWC_FRAMEBUFFER_TARGET found in hwc list (index=0)

W/PackageParser(  607): Unable to read AndroidManifest.xml of /system/app/GoogleEars.apk

W/PackageParser(  607): java.io.FileNotFoundException: AndroidManifest.xml

W/PackageParser(  607): 	at android.content.res.AssetManager.openXmlAssetNative(Native Method)

W/PackageParser(  607): 	at android.content.res.AssetManager.openXmlBlockAsset(AssetManager.java:522)

W/PackageParser(  607): 	at android.content.res.AssetManager.openXmlResourceParser(AssetManager.java:478)

W/PackageParser(  607): 	at android.content.pm.PackageParser.parsePackage(PackageParser.java:557)

W/PackageParser(  607): 	at com.android.server.pm.PackageManagerService.scanPackageLI(PackageManagerService.java:3694)

W/PackageParser(  607): 	at com.android.server.pm.PackageManagerService.access$1900(PackageManagerService.java:189)

W/PackageParser(  607): 	at com.android.server.pm.PackageManagerService$5.run(PackageManagerService.java:3609)

W/PackageParser(  607): 	at java.util.concurrent.Executors$RunnableAdapter.call(Executors.java:422)

W/PackageParser(  607): 	at java.util.concurrent.FutureTask.run(FutureTask.java:237)

W/PackageParser(  607): 	at java.util.concurrent.ThreadPoolExecutor.runWorker(ThreadPoolExecutor.java:1112)

W/PackageParser(  607): 	at java.util.concurrent.ThreadPoolExecutor$Worker.run(ThreadPoolExecutor.java:587)

W/PackageParser(  607): 	at java.lang.Thread.run(Thread.java:841)

D/asset   (  607): failed to open Zip archive '/system/app/Gmail2.apk'

D/asset   (  607): failed to open Zip archive '/system/app/GoogleTTS.apk'

W/PackageParser(  607): Unable to read AndroidManifest.xml of /system/app/Gmail2.apk

W/PackageParser(  607): java.io.FileNotFoundException: AndroidManifest.xml

W/PackageParser(  607): 	at android.content.res.AssetManager.openXmlAssetNative(Native Method)

W/PackageParser(  607): 	at android.content.res.AssetManager.openXmlBlockAsset(AssetManager.java:522)

W/PackageParser(  607): 	at android.content.res.AssetManager.openXmlResourceParser(AssetManager.java:478)

W/PackageParser(  607): 	at android.content.pm.PackageParser.parsePackage(PackageParser.java:557)

W/PackageParser(  607): 	at com.android.server.pm.PackageManagerService.scanPackageLI(PackageManagerService.java:3694)

W/PackageParser(  607): 	at com.android.server.pm.PackageManagerService.access$1900(PackageManagerService.java:189)

W/PackageParser(  607): 	at com.android.server.pm.PackageManagerService$5.run(PackageManagerService.java:3609)

W/PackageParser(  607): 	at java.util.concurrent.Executors$RunnableAdapter.call(Executors.java:422)

W/PackageParser(  607): 	at java.util.concurrent.FutureTask.run(FutureTask.java:237)

W/PackageParser(  607): 	at java.util.concurrent.ThreadPoolExecutor.runWorker(ThreadPoolExecutor.java:1112)

W/PackageParser(  607): 	at java.util.concurrent.ThreadPoolExecutor$Worker.run(ThreadPoolExecutor.java:587)

W/PackageParser(  607): 	at java.lang.Thread.run(Thread.java:841)

W/PackageParser(  607): Unable to read AndroidManifest.xml of /system/app/GoogleTTS.apk

W/PackageParser(  607): java.io.FileNotFoundException: AndroidManifest.xml

W/PackageParser(  607): 	at android.content.res.AssetManager.openXmlAssetNative(Native Method)

W/PackageParser(  607): 	at android.content.res.AssetManager.openXmlBlockAsset(AssetManager.java:522)

W/PackageParser(  607): 	at android.content.res.AssetManager.openXmlResourceParser(AssetManager.java:478)

W/PackageParser(  607): 	at android.content.pm.PackageParser.parsePackage(PackageParser.java:557)

W/PackageParser(  607): 	at com.android.server.pm.PackageManagerService.scanPackageLI(PackageManagerService.java:3694)

W/PackageParser(  607): 	at com.android.server.pm.PackageManagerService.access$1900(PackageManagerService.java:189)

W/PackageParser(  607): 	at com.android.server.pm.PackageManagerService$5.run(PackageManagerService.java:3609)

W/PackageParser(  607): 	at java.util.concurrent.Executors$RunnableAdapter.call(Executors.java:422)

W/PackageParser(  607): 	at java.util.concurrent.FutureTask.run(FutureTask.java:237)

W/PackageParser(  607): 	at java.util.concurrent.ThreadPoolExecutor.runWorker(ThreadPoolExecutor.java:1112)

W/PackageParser(  607): 	at java.util.concurrent.ThreadPoolExecutor$Worker.run(ThreadPoolExecutor.java:587)

W/PackageParser(  607): 	at java.lang.Thread.run(Thread.java:841)

W/SurfaceFlinger(  195): HWC_FRAMEBUFFER_TARGET found in hwc list (index=0)

D/asset   (  607): failed to open Zip archive '/system/app/GoogleCalendarSyncAdapter.apk'

D/asset   (  607): failed to open Zip archive '/system/app/Hangouts.apk'

W/PackageParser(  607): Unable to read AndroidManifest.xml of /system/app/GoogleCalendarSyncAdapter.apk

W/PackageParser(  607): java.io.FileNotFoundException: AndroidManifest.xml

W/PackageParser(  607): 	at android.content.res.AssetManager.openXmlAssetNative(Native Method)

W/PackageParser(  607): 	at android.content.res.AssetManager.openXmlBlockAsset(AssetManager.java:522)

W/PackageParser(  607): 	at android.content.res.AssetManager.openXmlResourceParser(AssetManager.java:478)

W/PackageParser(  607): 	at android.content.pm.PackageParser.parsePackage(PackageParser.java:557)

W/PackageParser(  607): 	at com.android.server.pm.PackageManagerService.scanPackageLI(PackageManagerService.java:3694)

W/PackageParser(  607): 	at com.android.server.pm.PackageManagerService.access$1900(PackageManagerService.java:189)

W/PackageParser(  607): 	at com.android.server.pm.PackageManagerService$5.run(PackageManagerService.java:3609)

W/PackageParser(  607): 	at java.util.concurrent.Executors$RunnableAdapter.call(Executors.java:422)

W/PackageParser(  607): 	at java.util.concurrent.FutureTask.run(FutureTask.java:237)

W/PackageParser(  607): 	at java.util.concurrent.ThreadPoolExecutor.runWorker(ThreadPoolExecutor.java:1112)

W/PackageParser(  607): 	at java.util.concurrent.ThreadPoolExecutor$Worker.run(ThreadPoolExecutor.java:587)

W/PackageParser(  607): 	at java.lang.Thread.run(Thread.java:841)

D/asset   (  607): failed to open Zip archive '/system/app/GenieWidget.apk'

W/SurfaceFlinger(  195): HWC_FRAMEBUFFER_TARGET found in hwc list (index=0)

D/PackageManager(  607): No files in app dir /vendor/app

W/PackageParser(  607): Unable to read AndroidManifest.xml of /system/app/Hangouts.apk

W/PackageParser(  607): java.io.FileNotFoundException: AndroidManifest.xml

W/PackageParser(  607): 	at android.content.res.AssetManager.openXmlAssetNative(Native Method)

W/PackageParser(  607): 	at android.content.res.AssetManager.openXmlBlockAsset(AssetManager.java:522)

W/PackageParser(  607): 	at android.content.res.AssetManager.openXmlResourceParser(AssetManager.java:478)

W/PackageParser(  607): 	at android.content.pm.PackageParser.parsePackage(PackageParser.java:557)

W/PackageParser(  607): 	at com.android.server.pm.PackageManagerService.scanPackageLI(PackageManagerService.java:3694)

W/PackageParser(  607): 	at com.android.server.pm.PackageManagerService.access$1900(PackageManagerService.java:189)

W/PackageParser(  607): 	at com.android.server.pm.PackageManagerService$5.run(PackageManagerService.java:3609)

W/PackageParser(  607): 	at java.util.concurrent.Executors$RunnableAdapter.call(Executors.java:422)

W/PackageParser(  607): 	at java.util.concurrent.FutureTask.run(FutureTask.java:237)

W/PackageParser(  607): 	at java.util.concurrent.ThreadPoolExecutor.runWorker(ThreadPoolExecutor.java:1112)

W/PackageParser(  607): 	at java.util.concurrent.ThreadPoolExecutor$Worker.run(ThreadPoolExecutor.java:587)

W/PackageParser(  607): 	at java.lang.Thread.run(Thread.java:841)

W/PackageParser(  607): Unable to read AndroidManifest.xml of /system/app/GenieWidget.apk

W/PackageParser(  607): java.io.FileNotFoundException: AndroidManifest.xml

W/PackageParser(  607): 	at android.content.res.AssetManager.openXmlAssetNative(Native Method)

W/PackageParser(  607): 	at android.content.res.AssetManager.openXmlBlockAsset(AssetManager.java:522)

W/PackageParser(  607): 	at android.content.res.AssetManager.openXmlResourceParser(AssetManager.java:478)

W/PackageParser(  607): 	at android.content.pm.PackageParser.parsePackage(PackageParser.java:557)

W/PackageParser(  607): 	at com.android.server.pm.PackageManagerService.scanPackageLI(PackageManagerService.java:3694)

W/PackageParser(  607): 	at com.android.server.pm.PackageManagerService.access$1900(PackageManagerService.java:189)

W/PackageParser(  607): 	at com.android.server.pm.PackageManagerService$5.run(PackageManagerService.java:3609)

W/PackageParser(  607): 	at java.util.concurrent.Executors$RunnableAdapter.call(Executors.java:422)

W/PackageParser(  607): 	at java.util.concurrent.FutureTask.run(FutureTask.java:237)

W/PackageParser(  607): 	at java.util.concurrent.ThreadPoolExecutor.runWorker(ThreadPoolExecutor.java:1112)

W/PackageParser(  607): 	at java.util.concurrent.ThreadPoolExecutor$Worker.run(ThreadPoolExecutor.java:587)

W/PackageParser(  607): 	at java.lang.Thread.run(Thread.java:841)

W/SurfaceFlinger(  195): HWC_FRAMEBUFFER_TARGET found in hwc list (index=0)

W/PackageManager(  607): Package com.speedsoftware.rootexplorer desires unavailable shared library com.sec.android.app.multiwindow; ignoring!

W/SurfaceFlinger(  195): HWC_FRAMEBUFFER_TARGET found in hwc list (index=0)

W/PackageManager(  607): Package com.android.gallery3d desires unavailable shared library com.google.android.media.effects; ignoring!

W/PackageManager(  607): Package com.speedsoftware.rootexplorer desires unavailable shared library com.sec.android.app.multiwindow; ignoring!

W/SurfaceFlinger(  195): HWC_FRAMEBUFFER_TARGET found in hwc list (index=0)

I/PackageManager(  607): Time to scan packages: 2.609 seconds

W/PackageManager(  607): Unknown permission com.google.android.c2dm.permission.RECEIVE in package com.cyanogenmod.account

W/PackageManager(  607): Unknown permission com.google.android.gallery3d.permission.GALLERY_PROVIDER in package com.android.bluetooth

W/PackageManager(  607): Unknown permission com.google.android.googleapps.permission.GOOGLE_AUTH in package com.android.providers.calendar

