lozohcum@lozohcum-ubuntu:~$ adb logcat
--------- beginning of /dev/log/system
I/auditd  (  189): Starting up
E/auditd  (  189): Failed on audit_set_pid with error: Protocol not supported
I/auditd  (  189): Exiting
I/Vold    (  188): Vold 2.1 (the revenge) firing up
D/Vold    (  188): Volume sdcard0 state changing -1 (Initializing) -> 0 (No-Media)
D/Vold    (  188): Volume sdcard1 state changing -1 (Initializing) -> 0 (No-Media)
D/Vold    (  188): Volume sdcard0 state changing 0 (No-Media) -> 2 (Pending)
D/DirectVolume(  188): DirectVolume::handlePartitionAdded -> MAJOR 179, MINOR 1, PARTN 1
D/DirectVolume(  188): DirectVolume::handlePartitionAdded -> MAJOR 179, MINOR 2, PARTN 2
D/DirectVolume(  188): DirectVolume::handlePartitionAdded -> MAJOR 179, MINOR 3, PARTN 3
D/DirectVolume(  188): DirectVolume::handlePartitionAdded -> MAJOR 179, MINOR 4, PARTN 4
D/DirectVolume(  188): DirectVolume::handlePartitionAdded -> MAJOR 179, MINOR 5, PARTN 5
D/DirectVolume(  188): DirectVolume::handlePartitionAdded -> MAJOR 179, MINOR 6, PARTN 6
D/DirectVolume(  188): DirectVolume::handlePartitionAdded -> MAJOR 179, MINOR 7, PARTN 7
D/DirectVolume(  188): DirectVolume::handlePartitionAdded -> MAJOR 179, MINOR 8, PARTN 8
D/DirectVolume(  188): DirectVolume::handlePartitionAdded -> MAJOR 179, MINOR 9, PARTN 9
D/DirectVolume(  188): DirectVolume::handlePartitionAdded -> MAJOR 179, MINOR 10, PARTN 10
D/DirectVolume(  188): DirectVolume::handlePartitionAdded -> MAJOR 179, MINOR 11, PARTN 11
D/DirectVolume(  188): DirectVolume::handlePartitionAdded -> MAJOR 179, MINOR 12, PARTN 12
D/DirectVolume(  188): DirectVolume::handlePartitionAdded -> MAJOR 179, MINOR 13, PARTN 13
D/DirectVolume(  188): DirectVolume::handlePartitionAdded -> MAJOR 179, MINOR 14, PARTN 14
D/DirectVolume(  188): DirectVolume::handlePartitionAdded -> MAJOR 179, MINOR 15, PARTN 15
D/DirectVolume(  188): DirectVolume::handlePartitionAdded -> MAJOR 179, MINOR 16, PARTN 16
D/Vold    (  188): Volume sdcard0 state changing 2 (Pending) -> 1 (Idle-Unmounted)
D/Vold    (  188): Volume sdcard1 state changing 0 (No-Media) -> 2 (Pending)
D/DirectVolume(  188): DirectVolume::handlePartitionAdded -> MAJOR 179, MINOR 33, PARTN 1
D/Vold    (  188): Volume sdcard1 state changing 2 (Pending) -> 1 (Idle-Unmounted)
I/auditd  (  375): Starting up
E/auditd  (  375): Failed on audit_set_pid with error: Protocol not supported
I/auditd  (  375): Exiting
I/auditd  (  572): Starting up
E/auditd  (  572): Failed on audit_set_pid with error: Protocol not supported
I/auditd  (  572): Exiting
I/auditd  (  615): Starting up
E/auditd  (  615): Failed on audit_set_pid with error: Protocol not supported
I/auditd  (  615): Exiting
I/auditd  (  619): Starting up
E/auditd  (  619): Failed on audit_set_pid with error: Protocol not supported
I/auditd  (  619): Exiting
I/auditd  (  627): Starting up
E/auditd  (  627): Failed on audit_set_pid with error: Protocol not supported
I/auditd  (  627): Exiting
I/auditd  (  632): Starting up
E/auditd  (  632): Failed on audit_set_pid with error: Protocol not supported
I/auditd  (  632): Exiting
I/auditd  (  638): Starting up
E/auditd  (  638): Failed on audit_set_pid with error: Protocol not supported
I/auditd  (  638): Exiting
I/SystemServer(  641): Entered the Android system server!
I/SystemServer(  641): Waiting for installd to be ready.
I/Installer(  641): connecting...
I/SystemServer(  641): Enabled StrictMode logging for WM Looper
I/SystemServer(  641): Power Manager
I/SystemServer(  641): Activity Manager
I/ActivityManager(  641): Memory class: 48
I/UiThread(  641): Enabled StrictMode logging for UI thread
I/IntentFirewall(  641): Read new rules (A:0 B:0 S:0)
I/ActivityManager(  641): Enabled StrictMode logging for AThread's Looper
I/SystemServer(  641): Display Manager
I/SystemServer(  641): Telephony Registry
I/SystemServer(  641): Scheduling Policy
I/DisplayManagerService(  641): Display device added: DisplayDeviceInfo{"Wbudowany ekran": 480 x 854, 63.000004 fps, density 240, 160.42105 x 159.49706 dpi, touch INTERNAL, rotation 0, type BUILT_IN, FLAG_DEFAULT_DISPLAY, FLAG_ROTATES_WITH_CONTENT, FLAG_SECURE, FLAG_SUPPORTS_PROTECTED_BUFFERS}
I/SystemServer(  641): Package Manager
D/SELinuxMMAC(  641): Couldn't find install policy /data/security/mac_permissions.xml
D/SELinuxMMAC(  641): Using install policy file /system/etc/security/mac_permissions.xml
I/auditd  (  672): Starting up
E/auditd  (  672): Failed on audit_set_pid with error: Protocol not supported
I/auditd  (  672): Exiting
E/PackageParser(  641): Package com.cyanogenmod.services has no certificates at entry AndroidManifest.xml; ignoring!
W/PackageManager(  641): Failed verifying certificates for package:com.cyanogenmod.services
W/PackageParser(  641): No actions in intent filter at /system/priv-app/Contacts.apk Binary XML file line #375
W/PackageParser(  641): No actions in intent filter at /system/priv-app/Dialer.apk Binary XML file line #173
I/auditd  (  691): Starting up
E/auditd  (  691): Failed on audit_set_pid with error: Protocol not supported
I/auditd  (  691): Exiting
W/PackageManager(  641): Application package com.android.vending already installed.  Skipping duplicate.
W/PackageParser(  641): No actions in intent filter at /system/priv-app/SetupWizard.apk Binary XML file line #117
W/PackageParser(  641): No actions in intent filter at /system/app/Bluetooth.apk Binary XML file line #212
W/PackageParser(  641): No actions in intent filter at /system/app/BluetoothExt.apk Binary XML file line #62
W/PackageParser(  641): No actions in intent filter at /system/app/BluetoothExt.apk Binary XML file line #86
W/PackageParser(  641): No actions in intent filter at /system/app/BluetoothExt.apk Binary XML file line #139
W/PackageParser(  641): No actions in intent filter at /system/app/CMFileManager.apk Binary XML file line #137
W/PackageParser(  641): Unknown element under <application>: permission at /system/app/Gallery2.apk Binary XML file line #248
W/PackageParser(  641): Unknown element under <application>: permission at /system/app/Gallery2.apk Binary XML file line #251
I/PackageManager(  641): Time to scan packages: 9.778 seconds
W/PackageManager(  641): Unknown permission com.android.launcher.permission.READ_SETTINGS in package com.google.android.onetimeinitializer
W/PackageManager(  641): Unknown permission com.android.launcher.permission.WRITE_SETTINGS in package com.google.android.onetimeinitializer
W/PackageManager(  641): Unknown permission com.android.launcher.permission.PRELOAD_WORKSPACE in package com.google.android.partnersetup
W/PackageManager(  641): Unknown permission com.android.vending.billing.IBillingAccountService.BIND2 in package com.google.android.gsf.login
W/PackageManager(  641): Unknown permission com.android.chrome.TOS_ACKED in package com.google.android.gsf.login
W/PackageManager(  641): Unknown permission com.google.android.gallery3d.permission.GALLERY_PROVIDER in package com.android.bluetooth
W/PackageManager(  641): Not granting permission android.permission.ACCESS_DOWNLOAD_MANAGER to package com.android.browser (protectionLevel=18 flags=0x49be45)
W/PackageManager(  641): Not granting permission android.permission.SEND_DOWNLOAD_COMPLETED_INTENTS to package com.android.browser (protectionLevel=2 flags=0x49be45)
W/PackageManager(  641): Unknown permission com.android.launcher.permission.READ_SETTINGS in package com.android.onetimeinitializer
W/PackageManager(  641): Unknown permission com.android.launcher.permission.WRITE_SETTINGS in package com.android.onetimeinitializer
W/PackageManager(  641): Unknown permission com.android.launcher.permission.READ_SETTINGS in package com.android.launcher3
W/PackageManager(  641): Unknown permission com.android.launcher.permission.WRITE_SETTINGS in package com.android.launcher3
W/PackageManager(  641): Not granting permission android.permission.BIND_WALLPAPER to package com.android.camera2 (protectionLevel=18 flags=0x58bc45)
W/PackageManager(  641): Unknown permission android.permission.INSTALL_DRM in package com.android.mms
W/PackageManager(  641): Unknown permission com.cyanogenmod.filemanager.permissions.READ_THEME in package com.cyanogenmod.filemanager
W/PackageManager(  641): Unknown permission android.permission.MMS_PUSH in package org.codeaurora.bluetooth
W/PackageManager(  641): Unknown permission android.permission.READ_OWNER_DATA in package com.google.android.setupwizard
W/PackageManager(  641): Unknown permission android.permission.WRITE_OWNER_DATA in package com.google.android.setupwizard
W/PackageManager(  641): Unknown permission com.android.launcher.permission.READ_SETTINGS in package com.android.settings
W/PackageManager(  641): Unknown permission com.android.launcher.permission.WRITE_SETTINGS in package com.android.settings
W/PackageManager(  641): Unknown permission android.permission.CHANGE_PRIVACY_GUARD_STATE in package com.android.settings
W/PackageManager(  641): Unknown permission com.android.launcher.permission.READ_SETTINGS in package com.google.android.googlequicksearchbox
W/PackageManager(  641): Unknown permission com.android.launcher.permission.WRITE_SETTINGS in package com.google.android.googlequicksearchbox
W/PackageManager(  641): Unknown permission com.google.android.voicesearch.SHORTCUTS_ACCESS in package com.google.android.googlequicksearchbox
W/PackageManager(  641): Unknown permission com.google.android.voicesearch.ACCESS_SETTINGS in package com.google.android.googlequicksearchbox
W/PackageManager(  641): Unknown permission com.google.googlenav.friend.permission.OPT_IN in package com.google.android.googlequicksearchbox
W/PackageManager(  641): Unknown permission com.google.android.apps.maps.permission.PREFETCH in package com.google.android.googlequicksearchbox
W/PackageManager(  641): Unknown permission com.google.android.apps.googlevoice.permission.AUTO_SEND in package com.google.android.googlequicksearchbox
W/PackageManager(  641): Unknown permission com.android.chrome.PRERENDER_URL in package com.google.android.googlequicksearchbox
W/PackageManager(  641): Not granting permission com.android.launcher3.permission.RECEIVE_LAUNCH_BROADCASTS to package com.google.android.googlequicksearchbox (protectionLevel=2 flags=0x59bec5)
W/PackageManager(  641): Not granting permission android.permission.SEND_DOWNLOAD_COMPLETED_INTENTS to package com.android.vending (protectionLevel=2 flags=0x400abe45)
W/PackageManager(  641): Unknown permission android.permission.SEND_SMS_NO_CONFIRMATION in package com.android.vending
W/PackageManager(  641): Not granting permission android.permission.DELETE_PACKAGES to package com.svox.pico (protectionLevel=18 flags=0x8be45)
W/PackageManager(  641): Not granting permission android.permission.DEVICE_POWER to package com.android.deskclock (protectionLevel=2 flags=0x48be45)
W/PackageManager(  641): Unknown permission com.android.deskclock.worldclock.permissions.WRITE_DATABASE in package com.android.deskclock
W/PackageManager(  641): Not granting permission android.permission.READ_DREAM_STATE to package com.google.android.gsf (protectionLevel=2 flags=0x40083e45)
W/PackageManager(  641): Unknown permission android.permission.CANCEL_NOTIFICATIONS in package org.cyanogenmod.voiceplus
V/PackageManager(  641): Disabling com.google.android.gsf/com.google.android.gsf.update.SystemUpdateActivity
V/PackageManager(  641): Disabling com.google.android.gsf/com.google.android.gsf.update.SystemUpdateService
V/PackageManager(  641): Disabling com.google.android.gsf/com.google.android.gsf.update.SystemUpdateService$Receiver
I/SystemServer(  641): Entropy Mixer
I/EntropyMixer(  641): Writing entropy...
I/SystemServer(  641): User Service
I/SystemServer(  641): Account Manager
I/SystemServer(  641): Content Manager
I/SystemServer(  641): System Content Providers
I/SystemServer(  641): Lights Service
I/SystemServer(  641): Battery Service
I/SystemServer(  641): Vibrator Service
I/SystemServer(  641): Consumer IR Service
I/SystemServer(  641): Alarm Manager
I/SystemServer(  641): Init Watchdog
I/SystemServer(  641): Input Manager
I/InputManager(  641): Initializing input manager, mUseDevInputEventForAudioJack=false
I/SystemServer(  641): Window Manager
I/WindowManager(  641): No existing display settings /data/system/display_settings.xml; starting empty
I/WindowManager(  641): No keyguard interface!
I/InputManager(  641): Starting input manager
I/SystemServer(  641): Bluetooth Manager Service
I/SystemServer(  641): Input Method Service
W/InputMethodManagerService(  641): Couldn't create dir.: /data/system/inputmethod
I/SystemServer(  641): Accessibility Manager
I/ActivityManager(  641): Config changes=1df8 {1.0 ?mcc?mnc pl_PL ldltr sw320dp w320dp h569dp 240dpi nrml long port ?uimode ?night -touch -keyb/v/h -nav/h s.2 themeResource=null}
I/ActivityManager(  641): Config changes=408 {1.0 ?mcc?mnc pl_PL ldltr sw320dp w320dp h544dp 240dpi nrml long port ?uimode ?night finger -keyb/v/h -nav/h s.3 themeResource=null}
I/auditd  (  708): Starting up
E/auditd  (  708): Failed on audit_set_pid with error: Protocol not supported
I/auditd  (  708): Exiting
I/auditd  (  715): Starting up
E/auditd  (  715): Failed on audit_set_pid with error: Protocol not supported
I/auditd  (  715): Exiting
I/auditd  (  720): Starting up
E/auditd  (  720): Failed on audit_set_pid with error: Protocol not supported
I/auditd  (  720): Exiting
I/auditd  (  723): Starting up
E/auditd  (  723): Failed on audit_set_pid with error: Protocol not supported
I/auditd  (  723): Exiting
I/auditd  (  731): Starting up
E/auditd  (  731): Failed on audit_set_pid with error: Protocol not supported
I/auditd  (  731): Exiting
I/auditd  (  740): Starting up
E/auditd  (  740): Failed on audit_set_pid with error: Protocol not supported
I/auditd  (  740): Exiting
I/auditd  (  751): Starting up
E/auditd  (  751): Failed on audit_set_pid with error: Protocol not supported
I/auditd  (  751): Exiting
I/auditd  (  759): Starting up
E/auditd  (  759): Failed on audit_set_pid with error: Protocol not supported
I/auditd  (  759): Exiting
I/auditd  (  769): Starting up
E/auditd  (  769): Failed on audit_set_pid with error: Protocol not supported
I/auditd  (  769): Exiting
I/auditd  (  776): Starting up
E/auditd  (  776): Failed on audit_set_pid with error: Protocol not supported
I/auditd  (  776): Exiting
I/auditd  (  783): Starting up
E/auditd  (  783): Failed on audit_set_pid with error: Protocol not supported
I/auditd  (  783): Exiting
I/auditd  (  793): Starting up
E/auditd  (  793): Failed on audit_set_pid with error: Protocol not supported
I/auditd  (  793): Exiting
I/auditd  (  797): Starting up
E/auditd  (  797): Failed on audit_set_pid with error: Protocol not supported
I/auditd  (  797): Exiting
I/auditd  (  800): Starting up
E/auditd  (  800): Failed on audit_set_pid with error: Protocol not supported
I/auditd  (  800): Exiting
I/auditd  (  803): Starting up
E/auditd  (  803): Failed on audit_set_pid with error: Protocol not supported
I/auditd  (  803): Exiting
I/auditd  (  811): Starting up
E/auditd  (  811): Failed on audit_set_pid with error: Protocol not supported
I/auditd  (  811): Exiting
I/auditd  (  825): Starting up
E/auditd  (  825): Failed on audit_set_pid with error: Protocol not supported
I/auditd  (  825): Exiting
I/auditd  (  833): Starting up
E/auditd  (  833): Failed on audit_set_pid with error: Protocol not supported
I/auditd  (  833): Exiting
I/auditd  (  842): Starting up
E/auditd  (  842): Failed on audit_set_pid with error: Protocol not supported
I/auditd  (  842): Exiting
I/auditd  (  851): Starting up
E/auditd  (  851): Failed on audit_set_pid with error: Protocol not supported
I/auditd  (  851): Exiting
I/auditd  (  856): Starting up
E/auditd  (  856): Failed on audit_set_pid with error: Protocol not supported
I/auditd  (  856): Exiting
I/auditd  (  860): Starting up
E/auditd  (  860): Failed on audit_set_pid with error: Protocol not supported
I/auditd  (  860): Exiting
I/SystemServer(  641): Mount Service
D/MountService(  641): got storage path: /storage/sdcard0 description: Pamięć wewnętrzna primary: true removable: false emulated: false mtpReserve: 0 allowMassStorage: false maxFileSize: 0
D/MountService(  641): addVolumeLocked() StorageVolume:
D/MountService(  641):     mStorageId=0 mPath=/storage/sdcard0 mDescriptionId=17040783 mPrimary=true 
D/MountService(  641):     mRemovable=false mEmulated=false mMtpReserveSpace=0 
D/MountService(  641):     mAllowMassStorage=false mMaxFileSize=0 mOwner=null mUuid=null 
D/MountService(  641):     mUserLabel=null mState=null 
D/MountService(  641): got storage path: /storage/sdcard1 description: Karta SD primary: false removable: true emulated: false mtpReserve: 0 allowMassStorage: false maxFileSize: 0
D/MountService(  641): addVolumeLocked() StorageVolume:
D/MountService(  641):     mStorageId=0 mPath=/storage/sdcard1 mDescriptionId=17040784 mPrimary=false 
D/MountService(  641):     mRemovable=true mEmulated=false mMtpReserveSpace=0 mAllowMassStorage=false 
D/MountService(  641):     mMaxFileSize=0 mOwner=null mUuid=null mUserLabel=null mState=null 
I/SystemServer(  641): LockSettingsService
I/SystemServer(  641): Device Policy
I/SystemServer(  641): Status Bar
I/SystemServer(  641): Clipboard Service
I/SystemServer(  641): NetworkManagement Service
W/MountService(  641): Duplicate state transition (unmounted -> unmounted) for /storage/sdcard0
W/MountService(  641): Duplicate state transition (unmounted -> unmounted) for /storage/sdcard1
I/SystemServer(  641): Text Service Manager Service
W/MountService(  641): getSecureContainerList() called when storage not mounted
W/PackageManager(  641): Unknown permission com.android.launcher.permission.READ_SETTINGS in package com.google.android.onetimeinitializer
W/PackageManager(  641): Unknown permission com.android.launcher.permission.WRITE_SETTINGS in package com.google.android.onetimeinitializer
W/PackageManager(  641): Unknown permission com.android.launcher.permission.PRELOAD_WORKSPACE in package com.google.android.partnersetup
I/SystemServer(  641): NetworkStats Service
W/PackageManager(  641): Unknown permission com.android.vending.billing.IBillingAccountService.BIND2 in package com.google.android.gsf.login
W/PackageManager(  641): Unknown permission com.android.chrome.TOS_ACKED in package com.google.android.gsf.login
W/PackageManager(  641): Unknown permission com.google.android.gallery3d.permission.GALLERY_PROVIDER in package com.android.bluetooth
W/PackageManager(  641): Not granting permission android.permission.ACCESS_DOWNLOAD_MANAGER to package com.android.browser (protectionLevel=18 flags=0x49be45)
W/PackageManager(  641): Not granting permission android.permission.SEND_DOWNLOAD_COMPLETED_INTENTS to package com.android.browser (protectionLevel=2 flags=0x49be45)
W/PackageManager(  641): Unknown permission com.android.launcher.permission.READ_SETTINGS in package com.android.onetimeinitializer
W/PackageManager(  641): Unknown permission com.android.launcher.permission.WRITE_SETTINGS in package com.android.onetimeinitializer
W/PackageManager(  641): Unknown permission com.android.launcher.permission.READ_SETTINGS in package com.android.launcher3
W/PackageManager(  641): Unknown permission com.android.launcher.permission.WRITE_SETTINGS in package com.android.launcher3
I/SystemServer(  641): NetworkPolicy Service
W/PackageManager(  641): Not granting permission android.permission.BIND_WALLPAPER to package com.android.camera2 (protectionLevel=18 flags=0x58bc45)
W/PackageManager(  641): Unknown permission android.permission.INSTALL_DRM in package com.android.mms
W/PackageManager(  641): Unknown permission com.cyanogenmod.filemanager.permissions.READ_THEME in package com.cyanogenmod.filemanager
W/PackageManager(  641): Unknown permission android.permission.MMS_PUSH in package org.codeaurora.bluetooth
W/PackageManager(  641): Unknown permission android.permission.READ_OWNER_DATA in package com.google.android.setupwizard
I/SystemServer(  641): Wi-Fi P2pService
W/PackageManager(  641): Unknown permission android.permission.WRITE_OWNER_DATA in package com.google.android.setupwizard
W/PackageManager(  641): Unknown permission com.android.launcher.permission.READ_SETTINGS in package com.android.settings
W/PackageManager(  641): Unknown permission com.android.launcher.permission.WRITE_SETTINGS in package com.android.settings
W/PackageManager(  641): Unknown permission android.permission.CHANGE_PRIVACY_GUARD_STATE in package com.android.settings
W/PackageManager(  641): Unknown permission com.android.launcher.permission.READ_SETTINGS in package com.google.android.googlequicksearchbox
W/PackageManager(  641): Unknown permission com.android.launcher.permission.WRITE_SETTINGS in package com.google.android.googlequicksearchbox
W/PackageManager(  641): Unknown permission com.google.android.voicesearch.SHORTCUTS_ACCESS in package com.google.android.googlequicksearchbox
W/PackageManager(  641): Unknown permission com.google.android.voicesearch.ACCESS_SETTINGS in package com.google.android.googlequicksearchbox
W/PackageManager(  641): Unknown permission com.google.googlenav.friend.permission.OPT_IN in package com.google.android.googlequicksearchbox
W/PackageManager(  641): Unknown permission com.google.android.apps.maps.permission.PREFETCH in package com.google.android.googlequicksearchbox
W/PackageManager(  641): Unknown permission com.google.android.apps.googlevoice.permission.AUTO_SEND in package com.google.android.googlequicksearchbox
W/PackageManager(  641): Unknown permission com.android.chrome.PRERENDER_URL in package com.google.android.googlequicksearchbox
W/PackageManager(  641): Not granting permission com.android.launcher3.permission.RECEIVE_LAUNCH_BROADCASTS to package com.google.android.googlequicksearchbox (protectionLevel=2 flags=0x59bec5)
W/PackageManager(  641): Not granting permission android.permission.SEND_DOWNLOAD_COMPLETED_INTENTS to package com.android.vending (protectionLevel=2 flags=0x400abe45)
W/PackageManager(  641): Unknown permission android.permission.SEND_SMS_NO_CONFIRMATION in package com.android.vending
W/PackageManager(  641): Not granting permission android.permission.DELETE_PACKAGES to package com.svox.pico (protectionLevel=18 flags=0x8be45)
W/PackageManager(  641): Not granting permission android.permission.DEVICE_POWER to package com.android.deskclock (protectionLevel=2 flags=0x48be45)
W/PackageManager(  641): Unknown permission com.android.deskclock.worldclock.permissions.WRITE_DATABASE in package com.android.deskclock
W/PackageManager(  641): Not granting permission android.permission.READ_DREAM_STATE to package com.google.android.gsf (protectionLevel=2 flags=0x40083e45)
W/PackageManager(  641): Unknown permission android.permission.CANCEL_NOTIFICATIONS in package org.cyanogenmod.voiceplus
I/SystemServer(  641): Wi-Fi Service
I/SystemServer(  641): Connectivity Service
D/ConnectivityService(  641): ConnectivityService starting up
D/ConnectivityService(  641): wifiOnly=false
E/ConnectivityService(  641): Ignoring protectedNetwork 10
E/ConnectivityService(  641): Ignoring protectedNetwork 11
E/ConnectivityService(  641): Ignoring protectedNetwork 12
E/ConnectivityService(  641): Ignoring protectedNetwork 14
W/ContextImpl(  641): Calling a method in the system process without a qualified user: android.app.ContextImpl.bindService:1582 android.bluetooth.BluetoothPan.doBind:149 android.bluetooth.BluetoothPan.<init>:141 android.bluetooth.BluetoothAdapter.getProfileProxy:1200 android.bluetooth.BluetoothTetheringDataTracker.startMonitoring:116 
E/MobileDataStateTracker(  641): default: Ignoring feature request because could not acquire PhoneService
E/MobileDataStateTracker(  641): default: Could not enable APN type "default"
I/WifiService(  641): WifiService starting up with Wi-Fi enabled
D/WifiService(  641): setWifiEnabled: true pid=641, uid=1000
I/SystemServer(  641): Network Service Discovery Service
D/NsdService(  641): Network service discovery enabled true
I/SystemServer(  641): UpdateLock Service
I/SystemServer(  641): Profile Manager
I/SystemServer(  641): Notification Manager
I/SystemServer(  641): Device Storage Monitor
I/SystemServer(  641): Location Manager
I/SystemServer(  641): Country Detector
I/SystemServer(  641): Search Service
I/SystemServer(  641): DropBox Service
I/SystemServer(  641): Wallpaper Service
I/SystemServer(  641): Audio Service
I/SystemServer(  641): Dock Observer
W/DockObserver(  641): This kernel does not have dock station support
I/SystemServer(  641): Wired Accessory Manager
W/WiredAccessoryManager(  641): This kernel does not have usb audio support
W/WiredAccessoryManager(  641): This kernel does not have Motorola EMU audio support
W/WiredAccessoryManager(  641): This kernel does not have samsung usb dock audio support
W/WiredAccessoryManager(  641): This kernel does not have HDMI audio support
I/SystemServer(  641): USB Service
I/SystemServer(  641): Serial Service
I/SystemServer(  641): Twilight Service
I/SystemServer(  641): UI Mode Manager Service
I/SystemServer(  641): Backup Service
V/BackupManagerService(  641): Initializing package tracking
V/BackupManagerService(  641): No ancestral data
V/BackupManagerService(  641): addPackageParticipantsLocked: all
I/BackupManagerService(  641): Scheduling backup for new app com.android.calendar
D/BackupManagerService(  641): Now staging backup of com.android.calendar
I/BackupManagerService(  641): Scheduling backup for new app com.android.browser
D/BackupManagerService(  641): Now staging backup of com.android.browser
I/BackupManagerService(  641): Scheduling backup for new app com.android.providers.userdictionary
D/BackupManagerService(  641): Now staging backup of com.android.providers.userdictionary
I/BackupManagerService(  641): Scheduling backup for new app com.android.sharedstoragebackup
D/BackupManagerService(  641): Now staging backup of com.android.sharedstoragebackup
I/BackupManagerService(  641): Scheduling backup for new app com.google.android.marvin.talkback
D/BackupManagerService(  641): Now staging backup of com.google.android.marvin.talkback
I/BackupManagerService(  641): Scheduling backup for new app android
D/BackupManagerService(  641): Now staging backup of android
I/BackupManagerService(  641): Scheduling backup for new app com.google.android.googlequicksearchbox
D/BackupManagerService(  641): Now staging backup of com.google.android.googlequicksearchbox
I/BackupManagerService(  641): Scheduling backup for new app com.android.vending
D/BackupManagerService(  641): Now staging backup of com.android.vending
I/BackupManagerService(  641): Scheduling backup for new app com.google.android.gm
D/BackupManagerService(  641): Now staging backup of com.google.android.gm
I/BackupManagerService(  641): Scheduling backup for new app com.android.providers.telephony
D/BackupManagerService(  641): Now staging backup of com.android.providers.telephony
I/BackupManagerService(  641): Scheduling backup for new app com.android.dialer
D/BackupManagerService(  641): Now staging backup of com.android.dialer
I/BackupManagerService(  641): Scheduling backup for new app com.android.providers.settings
D/BackupManagerService(  641): Now staging backup of com.android.providers.settings
V/BackupManagerService(  641): Starting with transport com.google.android.backup/.BackupTransportService
V/BackupManagerService(  641): Found transports: 2
I/BackupManagerService(  641): Binding to transport host ComponentInfo{android/com.android.internal.backup.LocalTransportService}
I/BackupManagerService(  641): Binding to transport host ComponentInfo{com.google.android.backuptransport/com.google.android.backup.BackupTransportService}
I/BackupManagerService(  641): Found stale backup journal, scheduling
I/BackupManagerService(  641):   com.android.calendar
I/BackupManagerService(  641):   com.android.browser
I/BackupManagerService(  641):   com.android.providers.userdictionary
I/BackupManagerService(  641):   com.android.sharedstoragebackup
I/BackupManagerService(  641):   com.google.android.marvin.talkback
I/BackupManagerService(  641):   android
I/BackupManagerService(  641):   com.google.android.googlequicksearchbox
I/BackupManagerService(  641):   com.android.vending
I/BackupManagerService(  641):   com.google.android.gm
I/BackupManagerService(  641):   com.android.providers.telephony
I/BackupManagerService(  641):   com.android.dialer
I/BackupManagerService(  641):   com.android.providers.settings
I/BackupManagerService(  641): Backup enabled => true
I/SystemServer(  641): AppWidget Service
I/SystemServer(  641): Recognition Service
I/SystemServer(  641): DiskStats Service
I/SystemServer(  641): SamplingProfiler Service
I/SystemServer(  641): NetworkTimeUpdateService
I/SystemServer(  641): CommonTimeManagementService
I/SystemServer(  641): CertBlacklister
I/SystemServer(  641): Dreams Service
I/SystemServer(  641): Assets Atlas Service
I/SystemServer(  641): IdleMaintenanceService
I/SystemServer(  641): Print Service
I/SystemServer(  641): Media Router Service
I/SystemServer(  641): AssetRedirectionManager Service
I/ActivityManager(  641): Start proc com.android.systemui for service com.android.keyguard/.KeyguardService: pid=887 uid=10008 gids={50008, 1028, 1015, 1035, 1006, 3002, 3001}
I/ActivityManager(  641): Sending system update to ComponentInfo{com.google.android.googlequicksearchbox/com.google.android.googlequicksearchbox.GelStubAppWatcher} for user 0
I/SystemServer(  641): Enabled StrictMode for system server main thread.
I/ActivityManager(  641): Start proc com.google.android.googlequicksearchbox:search for broadcast com.google.android.googlequicksearchbox/.GelStubAppWatcher: pid=896 uid=10060 gids={50060, 3003, 1028, 3002, 1015}
V/BackupManagerService(  641): Connected to transport ComponentInfo{android/com.android.internal.backup.LocalTransportService}
V/BackupManagerService(  641): Registering transport android/com.android.internal.backup.LocalTransportService::android/com.android.internal.backup.LocalTransport = com.android.internal.backup.LocalTransport@41eb3db8
I/ActivityManager(  641): Launching preboot mode app: ProcessRecord{41eae8d8 896:com.google.android.googlequicksearchbox:search/u0a60}
I/auditd  (  915): Starting up
E/auditd  (  915): Failed on audit_set_pid with error: Protocol not supported
I/auditd  (  915): Exiting
D/ConnectivityService(  641): Captive portal check NetworkInfo: type: WIFI[], state: CONNECTING/CAPTIVE_PORTAL_CHECK, reason: (unspecified), extra: "linksys", roaming: false, failover: false, isAvailable: true, isConnectedToProvisioningNetwork: false
D/ConnectivityService(  641): handleCaptivePortalTrackerCheck: call captivePortalCheckComplete ni=NetworkInfo: type: WIFI[], state: CONNECTING/CAPTIVE_PORTAL_CHECK, reason: (unspecified), extra: "linksys", roaming: false, failover: false, isAvailable: true, isConnectedToProvisioningNetwork: false
D/ConnectivityService(  641): Captive portal check NetworkInfo: type: WIFI[], state: CONNECTING/CAPTIVE_PORTAL_CHECK, reason: (unspecified), extra: "linksys", roaming: false, failover: false, isAvailable: true, isConnectedToProvisioningNetwork: false
D/ConnectivityService(  641): handleCaptivePortalTrackerCheck: call captivePortalCheckComplete ni=NetworkInfo: type: WIFI[], state: CONNECTING/CAPTIVE_PORTAL_CHECK, reason: (unspecified), extra: "linksys", roaming: false, failover: false, isAvailable: true, isConnectedToProvisioningNetwork: false
D/ConnectivityService(  641): ConnectivityChange for WIFI: CONNECTED/CONNECTED
E/ConnectivityService(  641): Unexpected mtu value: android.net.wifi.WifiStateTracker@4219cac8
D/Nat464Xlat(  641): requiresClat: netType=1, hasIPv4Address=true
D/ConnectivityService(  641): ConnectivityChange for WIFI: CONNECTED/CONNECTED
E/ConnectivityService(  641): Unexpected mtu value: android.net.wifi.WifiStateTracker@4219cac8
D/ConnectivityService(  641): handleConnectivityChange: address are the same reset per doReset linkProperty[1]: resetMask=0
D/Nat464Xlat(  641): requiresClat: netType=1, hasIPv4Address=true
I/ActivityManager(  641): Writing new set of last done pre-boot receivers...
I/AppOps  (  641): Pruning old package media/1013: new uid=-1
I/ActivityManager(  641): Removing system update proc: ProcessRecord{41eae8d8 896:com.google.android.googlequicksearchbox:search/u0a60}
I/ActivityManager(  641): Killing 896:com.google.android.googlequicksearchbox:search/u0a60 (adj 9): system update done
I/ActivityManager(  641): System now ready
I/SystemServer(  641): Making services ready
D/NetworkManagementService(  641): enabling bandwidth control
I/Vold    (  188): /dev/block/vold/179:33 being considered for volume sdcard1
D/Vold    (  188): Volume sdcard1 state changing 1 (Idle-Unmounted) -> 3 (Checking)
D/Vold    (  188): Trying to get filesystem type for /dev/block/vold/179:33 
D/MountService(  641): volume state changed for /storage/sdcard1 (unmounted -> checking)
D/MountService(  641): sendStorageIntent Intent { act=android.intent.action.MEDIA_CHECKING dat=file:///storage/sdcard1 (has extras) } to UserHandle{-1}
D/Vold    (  188): Found vfat filesystem on /dev/block/vold/179:33
E/NetdConnector(  641): NDC Command {16 bandwidth enable} took too long (861ms)
I/ActivityManager(  641): Config changes=200 {1.0 ?mcc?mnc pl_PL ldltr sw320dp w320dp h544dp 240dpi nrml long port finger -keyb/v/h -nav/h s.4 themeResource=null}
I/auditd  ( 1009): Starting up
E/auditd  ( 1009): Failed on audit_set_pid with error: Protocol not supported
I/auditd  ( 1009): Exiting
W/InputMethodManagerService(  641): Ignoring setImeWindowStatus of uid 1000 token: null
I/ActivityManager(  641): Start proc com.android.inputmethod.latin for service com.android.inputmethod.latin/.LatinIME: pid=1012 uid=10036 gids={50036, 1028, 1015}
V/InputMethodManagerService(  641): Adding window token: android.os.Binder@41fc8e08
E/LocationManagerService(  641): No FusedProvider found.
I/ActivityManager(  641): Start proc com.android.phone for added application com.android.phone: pid=1028 uid=1001 gids={41001, 3002, 3001, 3003, 1028, 1015}
I/ActivityManager(  641): Start proc com.bel.android.dspmanager for added application com.bel.android.dspmanager: pid=1033 uid=10028 gids={50028, 3002}
I/ActivityManager(  641): Start proc com.tmobile.thememanager for added application com.tmobile.thememanager: pid=1038 uid=1300 gids={41300, 1300}
I/ActivityManager(  641): START u0 {act=android.intent.action.MAIN cat=[android.intent.category.HOME] flg=0x10000000 cmp=com.android.launcher3/.Launcher} from pid 0
I/ActivityManager(  641): Start proc com.android.launcher3 for activity com.android.launcher3/.Launcher: pid=1052 uid=10009 gids={50009, 1028}
W/BroadcastQueue(  641): Permission Denial: broadcasting Intent { act=android.net.conn.CONNECTIVITY_CHANGE_IMMEDIATE flg=0x44000010 (has extras) } from null (pid=-1, uid=-1) requires android.permission.CONNECTIVITY_INTERNAL due to registered receiver BroadcastFilter{42314780 u0 ReceiverList{42314720 641 system/1000/u0 local:42314528}}
W/BroadcastQueue(  641): Permission Denial: broadcasting Intent { act=android.net.conn.TETHER_STATE_CHANGED flg=0x64000010 (has extras) } from null (pid=-1, uid=-1) requires android.permission.CONNECTIVITY_INTERNAL due to registered receiver BroadcastFilter{42314c40 u0 ReceiverList{42314be0 641 system/1000/u0 local:423149e8}}
W/BroadcastQueue(  641): Permission Denial: broadcasting Intent { act=android.net.conn.CONNECTIVITY_CHANGE_IMMEDIATE flg=0x44000010 (has extras) } from null (pid=-1, uid=-1) requires android.permission.CONNECTIVITY_INTERNAL due to registered receiver BroadcastFilter{420b3ad0 u0 ReceiverList{42216b18 641 system/1000/u0 local:420b39d0}}
W/BroadcastQueue(  641): Permission Denial: broadcasting Intent { act=android.net.wifi.STATE_CHANGE flg=0x44000010 (has extras) } from null (pid=-1, uid=-1) requires android.permission.CONNECTIVITY_INTERNAL due to registered receiver BroadcastFilter{4200bff0 u0 ReceiverList{4200bf90 641 system/1000/u0 local:41fb9658}}
I/ActivityManager(  641): Start proc android.process.media for broadcast com.android.providers.media/.MtpReceiver: pid=1080 uid=10006 gids={50006, 1028, 1015, 1023, 1024, 2001, 3003, 3007}
D/ConnectivityService(  641): handleConnectivityChange: addresses changed linkProperty[1]: resetMask=0
D/ConnectivityService(  641):    car=removed=[] added=[fe80::1a00:2dff:fec5:dda0/64,]
D/Nat464Xlat(  641): requiresClat: netType=1, hasIPv4Address=true
I/Vold    (  188): Filesystem check completed OK
D/Vold    (  188): Volume sdcard1 state changing 3 (Checking) -> 4 (Mounted)
D/MountService(  641): volume state changed for /storage/sdcard1 (checking -> mounted)
D/MountService(  641): sendStorageIntent Intent { act=android.intent.action.MEDIA_MOUNTED dat=file:///storage/sdcard1 (has extras) } to UserHandle{-1}
E/VoldConnector(  641): NDC Command {3 volume mount /storage/sdcard1} took too long (6800ms)
I/Vold    (  188): /dev/block/vold/179:16 being considered for volume sdcard0
D/Vold    (  188): Volume sdcard0 state changing 1 (Idle-Unmounted) -> 3 (Checking)
D/Vold    (  188): Trying to get filesystem type for /dev/block/vold/179:16 
D/ConnectivityService(  641): handleConnectivityChange: address are the same reset per doReset linkProperty[1]: resetMask=0
D/Nat464Xlat(  641): requiresClat: netType=1, hasIPv4Address=true
D/Vold    (  188): Found vfat filesystem on /dev/block/vold/179:16
E/NetdConnector(  641): NDC Command {24 bandwidth gettetherstats} took too long (747ms)
W/ProcessCpuTracker(  641): Skipping unknown process pid 977
D/MountService(  641): volume state changed for /storage/sdcard0 (unmounted -> checking)
D/MountService(  641): sendStorageIntent Intent { act=android.intent.action.MEDIA_CHECKING dat=file:///storage/sdcard0 (has extras) } to UserHandle{-1}
I/auditd  ( 1118): Starting up
E/auditd  ( 1118): Failed on audit_set_pid with error: Protocol not supported
I/auditd  ( 1118): Exiting
I/Vold    (  188): Filesystem check completed OK
E/Vold    (  188): /dev/block/vold/179:16 failed to mount via VFAT (No such file or directory)
E/Vold    (  188): Volume sdcard0 found no suitable devices for mounting :(
D/Vold    (  188): Volume sdcard0 state changing 3 (Checking) -> 1 (Idle-Unmounted)
D/MountService(  641): volume state changed for /storage/sdcard0 (checking -> unmounted)
D/MountService(  641): sendStorageIntent Intent { act=android.intent.action.MEDIA_UNMOUNTED dat=file:///storage/sdcard0 (has extras) } to UserHandle{-1}
E/VoldConnector(  641): NDC Command {4 volume mount /storage/sdcard0} took too long (1753ms)
E/MountService(  641): Boot-time mount failed (-1)
I/ActivityManager(  641): Start proc com.android.smspush for service com.android.smspush/.WapPushManager: pid=1125 uid=10051 gids={50051}
I/ActivityManager(  641): Start proc com.android.printspooler for service com.android.printspooler/.PrintSpoolerService: pid=1136 uid=10043 gids={50043}
I/PackageManager(  641): Adding preferred activity ComponentInfo{com.android.mms/com.android.mms.ui.ComposeMessageActivity} for user 0 :
I/ActivityManager(  641): Start proc android.process.acore for content provider com.android.providers.userdictionary/.UserDictionaryProvider: pid=1168 uid=10003 gids={50003, 3003, 1028, 1015}
I/PackageManager(  641): Adding preferred activity ComponentInfo{com.android.mms/com.android.mms.ui.ComposeMessageActivity} for user 0 :
I/PackageManager(  641): Adding preferred activity ComponentInfo{com.android.mms/com.android.mms.ui.ComposeMessageActivity} for user 0 :
I/PackageManager(  641): Adding preferred activity ComponentInfo{com.android.mms/com.android.mms.ui.ComposeMessageActivity} for user 0 :
I/auditd  ( 1199): Starting up
E/auditd  ( 1199): Failed on audit_set_pid with error: Protocol not supported
I/auditd  ( 1199): Exiting
I/StatusBarManagerService(  641): registerStatusBar bar=com.android.internal.statusbar.IStatusBar$Stub$Proxy@41eb9988
I/ActivityManager(  641): Start proc com.cyanogenmod.updater for broadcast com.cyanogenmod.updater/.receiver.UpdateCheckReceiver: pid=1208 uid=10001 gids={50001, 3003, 1028, 1015, 2001}
D/MobileDataStateTracker(  641): dun: Broadcast received: android.intent.action.ANY_DATA_STATE apnType=dun
D/MobileDataStateTracker(  641): dun: Received state=DISCONNECTED, old=DISCONNECTED, reason=radioTurnedOff
D/MobileDataStateTracker(  641): supl: Broadcast received: android.intent.action.ANY_DATA_STATE apnType=supl
D/MobileDataStateTracker(  641): supl: Received state=DISCONNECTED, old=DISCONNECTED, reason=radioTurnedOff
D/MobileDataStateTracker(  641): hipri: Broadcast received: android.intent.action.ANY_DATA_STATE apnType=hipri
D/MobileDataStateTracker(  641): hipri: Received state=DISCONNECTED, old=DISCONNECTED, reason=radioTurnedOff
D/MobileDataStateTracker(  641): default: Broadcast received: android.intent.action.ANY_DATA_STATE apnType=default
D/MobileDataStateTracker(  641): default: Received state=DISCONNECTED, old=DISCONNECTED, reason=radioTurnedOff
D/MobileDataStateTracker(  641): mms: Broadcast received: android.intent.action.ANY_DATA_STATE apnType=mms
D/MobileDataStateTracker(  641): mms: Received state=DISCONNECTED, old=DISCONNECTED, reason=radioTurnedOff
D/MobileDataStateTracker(  641): dun: Broadcast received: android.intent.action.ANY_DATA_STATE apnType=dun
D/MobileDataStateTracker(  641): dun: Received state=DISCONNECTED, old=DISCONNECTED, reason=radioTurnedOff
D/MobileDataStateTracker(  641): supl: Broadcast received: android.intent.action.ANY_DATA_STATE apnType=supl
D/MobileDataStateTracker(  641): supl: Received state=DISCONNECTED, old=DISCONNECTED, reason=radioTurnedOff
D/MobileDataStateTracker(  641): hipri: Broadcast received: android.intent.action.ANY_DATA_STATE apnType=hipri
D/MobileDataStateTracker(  641): hipri: Received state=DISCONNECTED, old=DISCONNECTED, reason=radioTurnedOff
D/MobileDataStateTracker(  641): default: Broadcast received: android.intent.action.ANY_DATA_STATE apnType=default
D/MobileDataStateTracker(  641): default: Received state=DISCONNECTED, old=DISCONNECTED, reason=radioTurnedOff
D/MobileDataStateTracker(  641): mms: Broadcast received: android.intent.action.ANY_DATA_STATE apnType=mms
D/MobileDataStateTracker(  641): mms: Received state=DISCONNECTED, old=DISCONNECTED, reason=radioTurnedOff
D/MobileDataStateTracker(  641): dun: Broadcast received: android.intent.action.ANY_DATA_STATE apnType=dun
D/MobileDataStateTracker(  641): dun: Received state=DISCONNECTED, old=DISCONNECTED, reason=dataDetached
D/MobileDataStateTracker(  641): supl: Broadcast received: android.intent.action.ANY_DATA_STATE apnType=supl
D/MobileDataStateTracker(  641): supl: Received state=DISCONNECTED, old=DISCONNECTED, reason=dataDetached
D/MobileDataStateTracker(  641): hipri: Broadcast received: android.intent.action.ANY_DATA_STATE apnType=hipri
D/MobileDataStateTracker(  641): hipri: Received state=DISCONNECTED, old=DISCONNECTED, reason=dataDetached
D/MobileDataStateTracker(  641): default: Broadcast received: android.intent.action.ANY_DATA_STATE apnType=default
D/MobileDataStateTracker(  641): default: Received state=DISCONNECTED, old=DISCONNECTED, reason=dataDetached
D/MobileDataStateTracker(  641): mms: Broadcast received: android.intent.action.ANY_DATA_STATE apnType=mms
D/MobileDataStateTracker(  641): mms: Received state=DISCONNECTED, old=DISCONNECTED, reason=dataDetached
I/ActivityManager(  641): Start proc com.google.process.location for on-hold: pid=1233 uid=10054 gids={50054, 3003, 1007, 1028, 1015, 1006, 3007, 2001, 3006}
V/BackupManagerService(  641): Connected to transport ComponentInfo{com.google.android.backuptransport/com.google.android.backup.BackupTransportService}
V/BackupManagerService(  641): Registering transport com.google.android.backuptransport/com.google.android.backup.BackupTransportService::com.google.android.backup/.BackupTransportService = com.android.internal.backup.IBackupTransport$Stub$Proxy@420ed818
D/ConnectivityService(  641): setProvNotificationVisible: E visible=false networkType=1 extraInfo=null url=null
I/ActivityManager(  641): Start proc com.google.process.gapps for content provider com.google.android.gsf/.settings.GoogleSettingsProvider: pid=1256 uid=10054 gids={50054, 3003, 1007, 1028, 1015, 1006, 3007, 2001, 3006}
D/ConnectivityService(  641): captivePortalCheckCompleted: ni=NetworkInfo: type: WIFI[], state: CONNECTED/CONNECTED, reason: (unspecified), extra: "linksys", roaming: false, failover: false, isAvailable: true, isConnectedToProvisioningNetwork: false captive=false
I/ActivityManager(  641): Start proc com.android.mms for broadcast com.android.mms/.transaction.MmsSystemEventReceiver: pid=1272 uid=10010 gids={50010, 3003, 1028, 1015}
D/CountryDetector(  641): The first listener is added
I/auditd  ( 1309): Starting up
E/auditd  ( 1309): Failed on audit_set_pid with error: Protocol not supported
I/auditd  ( 1309): Exiting
I/ActivityManager(  641): Start proc com.android.settings for broadcast com.android.settings/.cmstats.ReportingServiceManager: pid=1312 uid=1000 gids={41000, 1028, 1015, 3002, 3001, 3003}
D/MccTable( 1028): updateMccMncConfiguration: mcc=260, mnc=2
D/MccTable( 1028): getLocaleFromMcc to null_pl mcc=260
D/MccTable( 1028): getLocaleForLanguageCountry: skipping no language
D/MccTable( 1028): WIFI_COUNTRY_CODE set to pl
I/WifiService(  641): WifiService trying to set country code to pl with persist set to true
D/MccTable( 1028): updateMccMncConfiguration updateConfig config={1.0 260mcc2mnc ?locale ?layoutDir ?swdp ?wdp ?hdp ?density ?lsize ?long ?orien ?uimode ?night ?touch ?keyb/?/? ?nav/? themeResource=null}
I/ActivityManager(  641): Config changes=3 {1.0 260mcc2mnc pl_PL ldltr sw320dp w320dp h544dp 240dpi nrml long port finger -keyb/v/h -nav/h s.5 themeResource=null}
D/MobileDataStateTracker(  641): dun: Broadcast received: android.intent.action.ANY_DATA_STATE apnType=dun
D/MobileDataStateTracker(  641): dun: Received state=DISCONNECTED, old=DISCONNECTED, reason=simLoaded
D/MobileDataStateTracker(  641): supl: Broadcast received: android.intent.action.ANY_DATA_STATE apnType=supl
D/MobileDataStateTracker(  641): supl: Received state=DISCONNECTED, old=DISCONNECTED, reason=simLoaded
D/MobileDataStateTracker(  641): hipri: Broadcast received: android.intent.action.ANY_DATA_STATE apnType=hipri
D/MobileDataStateTracker(  641): hipri: Received state=DISCONNECTED, old=DISCONNECTED, reason=simLoaded
D/MobileDataStateTracker(  641): default: Broadcast received: android.intent.action.ANY_DATA_STATE apnType=default
D/MobileDataStateTracker(  641): default: Received state=DISCONNECTED, old=DISCONNECTED, reason=simLoaded
D/MobileDataStateTracker(  641): mms: Broadcast received: android.intent.action.ANY_DATA_STATE apnType=mms
D/MobileDataStateTracker(  641): mms: Received state=DISCONNECTED, old=DISCONNECTED, reason=simLoaded
D/MobileDataStateTracker(  641): dun: Broadcast received: android.intent.action.ANY_DATA_STATE apnType=dun
D/MobileDataStateTracker(  641): dun: Received state=DISCONNECTED, old=DISCONNECTED, reason=simLoaded
D/MobileDataStateTracker(  641): supl: Broadcast received: android.intent.action.ANY_DATA_STATE apnType=supl
D/MobileDataStateTracker(  641): supl: Received state=DISCONNECTED, old=DISCONNECTED, reason=simLoaded
D/MobileDataStateTracker(  641): hipri: Broadcast received: android.intent.action.ANY_DATA_STATE apnType=hipri
D/MobileDataStateTracker(  641): hipri: Received state=DISCONNECTED, old=DISCONNECTED, reason=simLoaded
D/MobileDataStateTracker(  641): default: Broadcast received: android.intent.action.ANY_DATA_STATE apnType=default
D/MobileDataStateTracker(  641): default: Received state=DISCONNECTED, old=DISCONNECTED, reason=simLoaded
D/MobileDataStateTracker(  641): mms: Broadcast received: android.intent.action.ANY_DATA_STATE apnType=mms
D/MobileDataStateTracker(  641): mms: Received state=DISCONNECTED, old=DISCONNECTED, reason=simLoaded
D/MobileDataStateTracker(  641): dun: Broadcast received: android.intent.action.ANY_DATA_STATE apnType=dun
D/MobileDataStateTracker(  641): dun: Received state=DISCONNECTED, old=DISCONNECTED, reason=dataAttached
D/MobileDataStateTracker(  641): supl: Broadcast received: android.intent.action.ANY_DATA_STATE apnType=supl
D/MobileDataStateTracker(  641): supl: Received state=DISCONNECTED, old=DISCONNECTED, reason=dataAttached
D/MobileDataStateTracker(  641): hipri: Broadcast received: android.intent.action.ANY_DATA_STATE apnType=hipri
D/MobileDataStateTracker(  641): hipri: Received state=DISCONNECTED, old=DISCONNECTED, reason=dataAttached
D/MobileDataStateTracker(  641): mms: Broadcast received: android.intent.action.ANY_DATA_STATE apnType=mms
D/MobileDataStateTracker(  641): mms: Received state=DISCONNECTED, old=DISCONNECTED, reason=dataAttached
D/MobileDataStateTracker(  641): dun: Broadcast received: android.intent.action.ANY_DATA_STATE apnType=dun
D/MobileDataStateTracker(  641): dun: Received state=DISCONNECTED, old=DISCONNECTED, reason=dataAttached
D/MobileDataStateTracker(  641): supl: Broadcast received: android.intent.action.ANY_DATA_STATE apnType=supl
D/MobileDataStateTracker(  641): supl: Received state=DISCONNECTED, old=DISCONNECTED, reason=dataAttached
D/MobileDataStateTracker(  641): hipri: Broadcast received: android.intent.action.ANY_DATA_STATE apnType=hipri
D/MobileDataStateTracker(  641): hipri: Received state=DISCONNECTED, old=DISCONNECTED, reason=dataAttached
D/MobileDataStateTracker(  641): mms: Broadcast received: android.intent.action.ANY_DATA_STATE apnType=mms
D/MobileDataStateTracker(  641): mms: Received state=DISCONNECTED, old=DISCONNECTED, reason=dataAttached
I/ActivityManager(  641): Start proc com.cyanogenmod.lockclock for broadcast com.cyanogenmod.lockclock/.ClockWidgetProvider: pid=1341 uid=10039 gids={50039, 3003}
I/ActivityManager(  641): Start proc com.google.android.gms for broadcast com.google.android.gms/.gcm.GmsAutoStarter: pid=1354 uid=10054 gids={50054, 3003, 1007, 1028, 1015, 1006, 3007, 2001, 3006}
