--------- beginning of /dev/log/main
E/tadif   (  149): Failed to connect to tad.
W/batt_chg(  160): Bootup paused - Enter power-off charging mode (ready).
I/cm      (  164): ____ _   _ ____ _  _ ____ ____ ____ _  _ _  _ ____ ___ 
I/cm      (  165): |     \_/  |__| |\ | |  | | __ |___ |\ | |\/| |  | |  \ 
I/cm      (  166): |___   |   |  | | \| |__| |__] |___ | \| |  | |__| |__/ 
I/cm      (  169): Welcome to Android 4.4.2 / CyanogenMod-11-20140525-UNOFFICIAL-mesona 
W/batt_chg(  160):  Current capacity = 92.
W/batt_chg(  160): ChgSetLED(1, 0)
W/batt_chg(  160): ChgSetLED(2, 1)
W/batt_chg(  160):  Green light capacity = 92.
W/batt_chg(  160): PWR_KEY++ 0
W/batt_chg(  160): PWR_KEY++ 1
W/batt_chg(  160): PWR_KEY++ 2
W/batt_chg(  160): PWR_KEY++ 3
W/batt_chg(  160): PWR_KEY++ 4
W/batt_chg(  160): PWR_KEY++ 5
W/batt_chg(  160): PWR_KEY++ 6
W/batt_chg(  160): PWR_KEY++ 7
W/batt_chg(  160): PWR_KEY++ 8
W/batt_chg(  160): PWR_KEY++ 9
W/batt_chg(  160): PWR_KEY++ 10
W/batt_chg(  160): PWR_KEY++ 11
W/batt_chg(  160): PWR_KEY++ 12
W/batt_chg(  160): PWR_KEY++ 13
W/batt_chg(  160): PWR_KEY++ 14
W/batt_chg(  160): PWR_KEY++ 15
W/batt_chg(  160): PWR_KEY++ 16
W/batt_chg(  160): PWR_KEY++ 17
W/batt_chg(  160): PWR_KEY++ 18
W/batt_chg(  160): PWR_KEY++ 19
W/batt_chg(  160): ChgSetLED(1, 0)
W/batt_chg(  160): ChgSetLED(2, 0)
W/batt_chg(  160): Bootup was paused for battery charging - Leaving now (reboot path).
--------- beginning of /dev/log/system
I/auditd  (  174): Starting up
E/auditd  (  174): Failed on audit_set_pid with error: Protocol not supported
I/auditd  (  174): Exiting
I/DEBUG   (  176): debuggerd: May 25 2014 15:45:06
I/installd(  182): installd firing up
E/cutils  (  182): Failed to read /data/.layout_version: No such file or directory
D/installd(  182): Upgrading /data/media for multi-user
I/Vold    (  173): Vold 2.1 (the revenge) firing up
D/Vold    (  173): Volume sdcard0 state changing -1 (Initializing) -> 0 (No-Media)
D/Vold    (  173): Volume sdcard1 state changing -1 (Initializing) -> 0 (No-Media)
D/installd(  182): Upgrading to shared /data/media/obb
I/Netd    (  175): Netd 1.0 starting
W/InterfaceController(  175): Warning (dlopen failed: library "/system/lib/libnetcmdiface.so" not found) while opening the net interface command library
D/Vold    (  173): Volume sdcard0 state changing 0 (No-Media) -> 2 (Pending)
D/DirectVolume(  173): DirectVolume::handlePartitionAdded -> MAJOR 179, MINOR 1, PARTN 1
D/DirectVolume(  173): DirectVolume::handlePartitionAdded -> MAJOR 179, MINOR 2, PARTN 2
D/DirectVolume(  173): DirectVolume::handlePartitionAdded -> MAJOR 179, MINOR 3, PARTN 3
D/DirectVolume(  173): DirectVolume::handlePartitionAdded -> MAJOR 179, MINOR 4, PARTN 4
D/DirectVolume(  173): DirectVolume::handlePartitionAdded -> MAJOR 179, MINOR 5, PARTN 5
D/DirectVolume(  173): DirectVolume::handlePartitionAdded -> MAJOR 179, MINOR 6, PARTN 6
D/DirectVolume(  173): DirectVolume::handlePartitionAdded -> MAJOR 179, MINOR 7, PARTN 7
D/DirectVolume(  173): DirectVolume::handlePartitionAdded -> MAJOR 179, MINOR 8, PARTN 8
D/DirectVolume(  173): DirectVolume::handlePartitionAdded -> MAJOR 179, MINOR 9, PARTN 9
D/DirectVolume(  173): DirectVolume::handlePartitionAdded -> MAJOR 179, MINOR 10, PARTN 10
D/DirectVolume(  173): DirectVolume::handlePartitionAdded -> MAJOR 179, MINOR 11, PARTN 11
D/DirectVolume(  173): DirectVolume::handlePartitionAdded -> MAJOR 179, MINOR 12, PARTN 12
D/DirectVolume(  173): DirectVolume::handlePartitionAdded -> MAJOR 179, MINOR 13, PARTN 13
D/DirectVolume(  173): DirectVolume::handlePartitionAdded -> MAJOR 179, MINOR 14, PARTN 14
D/DirectVolume(  173): DirectVolume::handlePartitionAdded -> MAJOR 179, MINOR 15, PARTN 15
D/DirectVolume(  173): DirectVolume::handlePartitionAdded -> MAJOR 179, MINOR 16, PARTN 16
D/Vold    (  173): Volume sdcard0 state changing 2 (Pending) -> 1 (Idle-Unmounted)
D/Vold    (  173): Volume sdcard1 state changing 0 (No-Media) -> 1 (Idle-Unmounted)
W/libc    (  193): WARNING: generic atexit() called from legacy shared library
I/SurfaceFlinger(  178): SurfaceFlinger is starting
I/SurfaceFlinger(  178): SurfaceFlinger's main thread ready to run. Initializing graphics H/W...
D/libEGL  (  178): loaded /system/lib/egl/libEGL_adreno200.so
D/libEGL  (  178): loaded /system/lib/egl/libGLESv1_CM_adreno200.so
D/libEGL  (  178): loaded /system/lib/egl/libGLESv2_adreno200.so
I/Adreno200-EGL(  178): <qeglDrvAPI_eglInitialize:294>: EGL 1.4 QUALCOMM build: AU_LINUX_ANDROID_JB.04.01.01.00.036_msm8960_JB_CL2644550_release_AU (CL2644550)
I/Adreno200-EGL(  178): Build Date: 07/31/12 Tue
I/Adreno200-EGL(  178): Local Branch: 
I/Adreno200-EGL(  178): Remote Branch: quic/master
I/Adreno200-EGL(  178): Local Patches: NONE
I/Adreno200-EGL(  178): Reconstruct Branch: AU_LINUX_ANDROID_JB.04.01.01.00.036 +  NOTHING
I/gralloc (  178): using (fd=15)
I/gralloc (  178): id           = msmfb303_90301
I/gralloc (  178): xres         = 320 px
I/gralloc (  178): yres         = 480 px
I/gralloc (  178): xres_virtual = 320 px
I/gralloc (  178): yres_virtual = 1440 px
I/gralloc (  178): bpp          = 16
I/gralloc (  178): r            = 11:5
I/gralloc (  178): g            =  5:6
I/gralloc (  178): b            =  0:5
I/gralloc (  178): width        = 51 mm (159.372543 dpi)
I/gralloc (  178): height       = 76 mm (160.421051 dpi)
I/gralloc (  178): refresh rate = 60.00 Hz
D/CALCFPS (  178): DEBUG_CALC_FPS: 0
D/CALCFPS (  178): period: 10
D/CALCFPS (  178): ignorethresh_us: 500000
D/CALCFPS (  178): DEBUG_CALC_FPS: 0
D/CALCFPS (  178): period: 10
D/CALCFPS (  178): ignorethresh_us: 500000
D/overlay (  178): initoverlay:: opening the device:: /dev/graphics/fb0
E/overlay (  178): ERROR: MSMFB_MIXER_INFO ioctl failed
D/overlay (  178): initoverlay:: opening the device:: /dev/graphics/fb1
I/hwcomposer(  178): Initializing Qualcomm Hardware Composer
I/hwcomposer(  178): MDP version: 303
I/hwcomposer(  178): DYN composition threshold : 2.000000
I/hwcomposer(  178): hwc_device_open: Faking hardware VSYNC
I/SurfaceFlinger(  178): Using composer version 1.0
I/hwcomposer(  178): Initializing UEvent Listener Thread
I/hwcomposer(  178): Initializing VSYNC Thread
W/SurfaceFlinger(  178): getting VSYNC period from fb HAL: 16666666
W/Adreno200-EGL(  178): <qeglDrvAPI_eglChooseConfig:780>: EGL_BAD_ATTRIBUTE
W/Adreno200-EGL(  178): <qeglDrvAPI_eglChooseConfig:780>: EGL_BAD_ATTRIBUTE
W/SurfaceFlinger(  178): no suitable EGLConfig found, trying a simpler query
I/SurfaceFlinger(  178): EGL informations:
I/SurfaceFlinger(  178): vendor    : Android
I/SurfaceFlinger(  178): version   : 1.4 Android META-EGL
I/SurfaceFlinger(  178): extensions: EGL_KHR_get_all_proc_addresses EGL_ANDROID_presentation_time EGL_KHR_image EGL_KHR_image_base EGL_KHR_lock_surface EGL_KHR_gl_texture_2D_image EGL_KHR_gl_texture_cubemap_image EGL_KHR_gl_renderbuffer_image EGL_KHR_fence_sync EGL_EXT_create_context_robustness EGL_ANDROID_image_native_buffer EGL_ANDROID_recordable 
I/SurfaceFlinger(  178): Client API: OpenGL_ES
I/SurfaceFlinger(  178): EGLSurface: 5-6-5-0, config=0x1
E/cutils-trace(  178): Error opening trace file: No such file or directory (2)
I/SurfaceFlinger(  178): OpenGL ES informations:
I/SurfaceFlinger(  178): vendor    : Qualcomm
I/SurfaceFlinger(  178): renderer  : Adreno (TM) 200
I/SurfaceFlinger(  178): version   : OpenGL ES 2.0 AU_LINUX_ANDROID_JB.04.01.01.00.036 (CL2644550)
I/SurfaceFlinger(  178): extensions: GL_EXT_debug_marker GL_AMD_compressed_ATC_texture GL_AMD_performance_monitor GL_AMD_program_binary_Z400 GL_EXT_robustness GL_EXT_texture_format_BGRA8888 GL_EXT_texture_type_2_10_10_10_REV GL_NV_fence GL_OES_compressed_ETC1_RGB8_texture GL_OES_depth_texture GL_OES_depth24 GL_OES_EGL_image GL_OES_EGL_image_external GL_OES_element_index_uint GL_OES_fbo_render_mipmap GL_OES_fragment_precision_high GL_OES_get_program_binary GL_OES_packed_depth_stencil GL_OES_rgb8_rgba8 GL_OES_standard_derivatives GL_OES_texture_3D GL_OES_texture_float GL_OES_texture_half_float GL_OES_texture_half_float_linear GL_OES_texture_npot GL_OES_vertex_half_float GL_OES_vertex_type_10_10_10_2 GL_OES_vertex_array_object GL_QCOM_alpha_test GL_QCOM_binning_control GL_QCOM_driver_control GL_QCOM_perfmon_global_mode GL_QCOM_extended_get GL_QCOM_extended_get2 GL_QCOM_tiled_rendering GL_QCOM_writeonly_rendering GL_AMD_compressed_3DC_texture GL_EXT_texture_filter_anisotropic GL_ANGLE_framebuffer_multisample GL_ANGLE_framebuffer_blit 
I/SurfaceFlinger(  178): GL_MAX_TEXTURE_SIZE = 4096
I/SurfaceFlinger(  178): GL_MAX_VIEWPORT_DIMS = 4096
D/SurfaceFlinger(  178): Screen acquired, type=0 flinger=0x1f23450
I/mediaserver(  181): ServiceManager: 0x200f448
I/AudioFlinger(  181): Using default 3000 mSec as standby time.
E/MediaPlayerFactory(  181): calling dlopen on FACTORY_LIB
E/MediaPlayerFactory(  181): calling dlsym on pFactoryLib for FACTORY_CREATE_FN 
E/MediaPlayerFactory(  181): registering DASH Player factory...
I/CameraService(  181): CameraService started (pid=181)
I/CameraService(  181): Loaded "Qcamera" camera module
I/QualcommCamera(  181): Qint android::get_number_of_cameras(): E
I/QualcommCameraHardware(  181): getCameraInfo: IN
I/QualcommCameraHardware(  181): getCameraInfo: loading libqcamera at 0x40073370
E/mm-camif(  181): mm_camera_get_camera_info: controlfd is invalid No such file or directory
I/QualcommCameraHardware(  181): getCameraInfo: numOfCameras = 0
I/QualcommCameraHardware(  181): getCameraInfo: OUT
I/AudioPolicyManagerBase(  181): loadAudioPolicyConfig() loaded /system/etc/audio_policy.conf
I/AudioHardwareMSM76XXA(  181): get_audpp_filter
I/AudioHardwareMSM76XXA(  181): open /system/etc/AudioFilter.csv success.
I/AudioHardwareMSM76XXA(  181): EQ flag = 00.
E/AudioHardwareMSM76XXA(  181): audioeq library open failure
I/AudioHardwareMSM76XXA(  181): failed to set audpp parameters, exiting.
D/AudioHardwareMSM76XXA(  181): Auto Volume Enabled= 1
I/AudioHardwareMSM76XXA(  181): Set master volume to 7.
D/AudioHardwareMSM76XXA(  181): rpc_snd_set_volume(0, 0, 7)
D/AudioHardwareMSM76XXA(  181): rpc_snd_set_volume(6, 0, 7)
D/libEGL  (  281): loaded /system/lib/egl/libEGL_adreno200.so
D/libEGL  (  281): loaded /system/lib/egl/libGLESv1_CM_adreno200.so
D/AudioHardwareMSM76XXA(  181): rpc_snd_set_volume(-1, 0, 7)
D/AudioHardwareMSM76XXA(  181): rpc_snd_set_volume(12, 0, 7)
D/AudioHardwareMSM76XXA(  181): rpc_snd_set_volume(3, 0, 7)
D/libEGL  (  281): loaded /system/lib/egl/libGLESv2_adreno200.so
D/AudioHardwareMSM76XXA(  181): rpc_snd_set_volume(16, 0, 7)
I/Adreno200-EGL(  281): <qeglDrvAPI_eglInitialize:294>: EGL 1.4 QUALCOMM build: AU_LINUX_ANDROID_JB.04.01.01.00.036_msm8960_JB_CL2644550_release_AU (CL2644550)
I/Adreno200-EGL(  281): Build Date: 07/31/12 Tue
I/Adreno200-EGL(  281): Local Branch: 
I/Adreno200-EGL(  281): Remote Branch: quic/master
I/Adreno200-EGL(  281): Local Patches: NONE
I/Adreno200-EGL(  281): Reconstruct Branch: AU_LINUX_ANDROID_JB.04.01.01.00.036 +  NOTHING
D/AudioHardwareMSM76XXA(  181): rpc_snd_set_volume(25, 0, 7)
E/cutils-trace(  281): Error opening trace file: No such file or directory (2)
D/AudioHardwareMSM76XXA(  181): rpc_snd_set_volume(8, 0, 1)
D/AudioHardwareMSM76XXA(  181): rpc_snd_set_volume(9, 0, 1)
I/AudioFlinger(  181): loadHwModule() Loaded primary audio interface from QCOM Audio HW HAL (audio) handle 1
I/AudioFlinger(  181): HAL output buffer size 1200 frames, normal mix buffer size 1200 frames
I/AudioMixer(  181): found effect "Multichannel Downmix To Stereo" from The Android Open Source Project
I/AudioFlinger(  181): Using module 1 has the primary audio interface
D/AudioHardwareInterface(  181): setMode(NORMAL)
I/AudioFlinger(  181): AudioFlinger's thread 0x40dff008 ready to run
W/AudioFlinger(  181): Thread AudioOut_2 cannot connect to the power manager service
I/AudioHardwareMSM76XXA(  181): Routing audio to Speakerphone
W/AudioHardwareMSM76XXA(  181): rpc_snd_set_device(6, 1, 1)
D/AudioHardwareMSM76XXA(  181): setVoiceVolume(0.400000)
I/AudioHardwareMSM76XXA(  181): Setting in-call volume to 2 (available range is 2 to 7)
D/AudioHardwareMSM76XXA(  181): rpc_snd_set_volume(2147483646, 0, 2)
W/AudioFlinger(  181): Thread AudioOut_2 cannot connect to the power manager service
W/AudioFlinger(  181): Thread AudioOut_2 cannot connect to the power manager service
E/AudioFlinger(  181): no wake lock to update!
I/audio_a2dp_hw(  181): adev_open:  adev_open in A2dp_hw module
I/AudioFlinger(  181): loadHwModule() Loaded a2dp audio interface from A2DP Audio HW HAL (audio) handle 3
I/AudioPolicyService(  181): Loaded audio policy from QCOM Audio Policy HAL (audio_policy)
W/SurfaceFlinger(  178): Timed out waiting for hw vsync; faking it
D/AndroidRuntime(  179): 
D/AndroidRuntime(  179): >>>>>> AndroidRuntime START com.android.internal.os.ZygoteInit <<<<<<
D/AndroidRuntime(  179): CheckJNI is OFF
D/dalvikvm(  179): DexOpt: --- BEGIN 'core.jar' (bootstrap=1) ---
I/auditd  (  375): Starting up
E/auditd  (  375): Failed on audit_set_pid with error: Protocol not supported
I/auditd  (  375): Exiting
D/dalvikvm(  346): Ignoring duplicate verify attempt on Ljava/lang/Object;
W/libc    (  193): WARNING: generic atexit() called from legacy shared library
D/dalvikvm(  346): Ignoring duplicate verify attempt on Ljava/lang/Class;
W/libc    (  193): WARNING: generic atexit() called from legacy shared library
W/libc    (  193): WARNING: generic atexit() called from legacy shared library
D/dalvikvm(  346): Ignoring duplicate verify attempt on Ljava/lang/ref/Reference;
D/dalvikvm(  346): Ignoring duplicate verify attempt on Ljava/lang/ref/ReferenceQueue;
D/dalvikvm(  346): Ignoring duplicate verify attempt on Ljava/lang/ref/FinalizerReference;
W/libc    (  177): WARNING: generic atexit() called from legacy shared library
V/NatController(  175): runCmd(/system/bin/iptables -F natctrl_FORWARD) res=0
V/NatController(  175): runCmd(/system/bin/iptables -A natctrl_FORWARD -j DROP) res=0
V/NatController(  175): runCmd(/system/bin/iptables -t nat -F natctrl_nat_POSTROUTING) res=0
V/NatController(  175): runCmd(/system/bin/ip route flush cache) res=0
V/NatController(  175): runCmd(/system/bin/iptables -F natctrl_tether_counters) res=1
V/NatController(  175): runCmd(/system/bin/iptables -X natctrl_tether_counters) res=1
V/NatController(  175): runCmd(/system/bin/iptables -N natctrl_tether_counters) res=0
D/MDnsDS  (  175): MDnsSdListener::Hander starting up
D/MDnsDS  (  175): MDnsSdListener starting to monitor
D/MDnsDS  (  175): Going to poll with pollCount 1
D/dalvikvm(  346): DexOpt: load 349ms, verify+opt 4648ms, 1514108 bytes
D/dalvikvm(  179): DexOpt: --- END 'core.jar' (success) ---
D/dalvikvm(  179): DEX prep '/system/framework/core.jar': unzip in 714ms, rewrite 6148ms
D/dalvikvm(  179): DexOpt: --- BEGIN 'conscrypt.jar' (bootstrap=1) ---
I/auditd  (  578): Starting up
E/auditd  (  578): Failed on audit_set_pid with error: Protocol not supported
I/auditd  (  578): Exiting
D/dalvikvm(  577): DexOpt: load 24ms, verify+opt 252ms, 422604 bytes
D/dalvikvm(  179): DexOpt: --- END 'conscrypt.jar' (success) ---
D/dalvikvm(  179): DEX prep '/system/framework/conscrypt.jar': unzip in 24ms, rewrite 458ms
D/dalvikvm(  179): DexOpt: --- BEGIN 'okhttp.jar' (bootstrap=1) ---
D/dalvikvm(  581): DexOpt: load 15ms, verify+opt 127ms, 346252 bytes
D/dalvikvm(  179): DexOpt: --- END 'okhttp.jar' (success) ---
D/dalvikvm(  179): DEX prep '/system/framework/okhttp.jar': unzip in 14ms, rewrite 286ms
D/dalvikvm(  179): DexOpt: --- BEGIN 'core-junit.jar' (bootstrap=1) ---
D/dalvikvm(  582): DexOpt: load 6ms, verify+opt 20ms, 144188 bytes
D/dalvikvm(  179): DexOpt: --- END 'core-junit.jar' (success) ---
D/dalvikvm(  179): DEX prep '/system/framework/core-junit.jar': unzip in 1ms, rewrite 127ms
D/dalvikvm(  179): DexOpt: --- BEGIN 'bouncycastle.jar' (bootstrap=1) ---
D/dalvikvm(  583): DexOpt: load 47ms, verify+opt 693ms, 694804 bytes
D/dalvikvm(  179): DexOpt: --- END 'bouncycastle.jar' (success) ---
D/dalvikvm(  179): DEX prep '/system/framework/bouncycastle.jar': unzip in 67ms, rewrite 1091ms
D/dalvikvm(  179): DexOpt: --- BEGIN 'ext.jar' (bootstrap=1) ---
D/dalvikvm(  584): DexOpt: load 70ms, verify+opt 967ms, 945156 bytes
D/dalvikvm(  179): DexOpt: --- END 'ext.jar' (success) ---
D/dalvikvm(  179): DEX prep '/system/framework/ext.jar': unzip in 117ms, rewrite 1477ms
D/dalvikvm(  179): DexOpt: --- BEGIN 'framework.jar' (bootstrap=1) ---
I/auditd  (  586): Starting up
E/auditd  (  586): Failed on audit_set_pid with error: Protocol not supported
I/auditd  (  586): Exiting
D/dalvikvm(  585): Note: class Landroid/app/ActivityManagerNative; has 180 unimplemented (abstract) methods
I/auditd  (  589): Starting up
E/auditd  (  589): Failed on audit_set_pid with error: Protocol not supported
I/auditd  (  589): Exiting
D/dalvikvm(  585): DexOpt: load 621ms, verify+opt 4704ms, 4964580 bytes
D/dalvikvm(  179): DexOpt: --- END 'framework.jar' (success) ---
D/dalvikvm(  179): DEX prep '/system/framework/framework.jar': unzip in 611ms, rewrite 6990ms
D/dalvikvm(  179): DexOpt: --- BEGIN 'framework2.jar' (bootstrap=1) ---
D/dalvikvm(  594): Note: class Landroid/app/ActivityManagerNative; has 180 unimplemented (abstract) methods
D/dalvikvm(  594): DexOpt: load 217ms, verify+opt 990ms, 1917596 bytes
D/dalvikvm(  179): DexOpt: --- END 'framework2.jar' (success) ---
D/dalvikvm(  179): DEX prep '/system/framework/framework2.jar': unzip in 103ms, rewrite 1726ms
D/dalvikvm(  179): DexOpt: --- BEGIN 'telephony-common.jar' (bootstrap=1) ---
D/dalvikvm(  596): Note: class Landroid/app/ActivityManagerNative; has 180 unimplemented (abstract) methods
D/dalvikvm(  596): DexOpt: load 174ms, verify+opt 1215ms, 1211540 bytes
D/dalvikvm(  179): DexOpt: --- END 'telephony-common.jar' (success) ---
D/dalvikvm(  179): DEX prep '/system/framework/telephony-common.jar': unzip in 98ms, rewrite 1911ms
D/dalvikvm(  179): DexOpt: --- BEGIN 'voip-common.jar' (bootstrap=1) ---
D/dalvikvm(  597): DexOpt: load 16ms, verify+opt 114ms, 350388 bytes
I/auditd  (  598): Starting up
E/auditd  (  598): Failed on audit_set_pid with error: Protocol not supported
I/auditd  (  598): Exiting
D/dalvikvm(  179): DexOpt: --- END 'voip-common.jar' (success) ---
D/dalvikvm(  179): DEX prep '/system/framework/voip-common.jar': unzip in 10ms, rewrite 272ms
D/dalvikvm(  179): DexOpt: --- BEGIN 'mms-common.jar' (bootstrap=1) ---
D/dalvikvm(  601): DexOpt: load 12ms, verify+opt 130ms, 224380 bytes
D/dalvikvm(  179): DexOpt: --- END 'mms-common.jar' (success) ---
D/dalvikvm(  179): DEX prep '/system/framework/mms-common.jar': unzip in 5ms, rewrite 281ms
D/dalvikvm(  179): DexOpt: --- BEGIN 'android.policy.jar' (bootstrap=1) ---
D/dalvikvm(  602): Note: class Landroid/app/ActivityManagerNative; has 180 unimplemented (abstract) methods
D/dalvikvm(  602): DexOpt: load 53ms, verify+opt 345ms, 899084 bytes
D/dalvikvm(  179): DexOpt: --- END 'android.policy.jar' (success) ---
D/dalvikvm(  179): DEX prep '/system/framework/android.policy.jar': unzip in 15ms, rewrite 563ms
D/dalvikvm(  179): DexOpt: --- BEGIN 'services.jar' (bootstrap=1) ---
D/dalvikvm(  603): Note: class Landroid/app/ActivityManagerNative; has 180 unimplemented (abstract) methods
I/auditd  (  604): Starting up
E/auditd  (  604): Failed on audit_set_pid with error: Protocol not supported
I/auditd  (  604): Exiting
D/dalvikvm(  603): DexOpt: load 152ms, verify+opt 3540ms, 2721372 bytes
D/dalvikvm(  179): DexOpt: --- END 'services.jar' (success) ---
D/dalvikvm(  179): DEX prep '/system/framework/services.jar': unzip in 237ms, rewrite 4356ms
D/dalvikvm(  179): DexOpt: --- BEGIN 'apache-xml.jar' (bootstrap=1) ---
D/dalvikvm(  607): DexOpt: load 88ms, verify+opt 794ms, 839500 bytes
D/dalvikvm(  179): DexOpt: --- END 'apache-xml.jar' (success) ---
D/dalvikvm(  179): DEX prep '/system/framework/apache-xml.jar': unzip in 89ms, rewrite 1281ms
D/dalvikvm(  179): DexOpt: --- BEGIN 'webviewchromium.jar' (bootstrap=1) ---
D/dalvikvm(  608): DexOpt: load 94ms, verify+opt 474ms, 1321860 bytes
D/dalvikvm(  179): DexOpt: --- END 'webviewchromium.jar' (success) ---
D/dalvikvm(  179): DEX prep '/system/framework/webviewchromium.jar': unzip in 41ms, rewrite 854ms
D/dalvikvm(  179): DexOpt: --- BEGIN 'telephony-msim.jar' (bootstrap=1) ---
D/dalvikvm(  609): Note: class Landroid/app/ActivityManagerNative; has 180 unimplemented (abstract) methods
D/dalvikvm(  609): DexOpt: load 43ms, verify+opt 148ms, 586108 bytes
D/dalvikvm(  179): DexOpt: --- END 'telephony-msim.jar' (success) ---
D/dalvikvm(  179): DEX prep '/system/framework/telephony-msim.jar': unzip in 9ms, rewrite 331ms
D/dalvikvm(  179): Trying to load lib libjavacore.so 0x0
D/dalvikvm(  179): Added shared lib libjavacore.so 0x0
D/dalvikvm(  179): Trying to load lib libnativehelper.so 0x0
D/dalvikvm(  179): Added shared lib libnativehelper.so 0x0
D/dalvikvm(  179): No JNI_OnLoad found in libnativehelper.so 0x0, skipping init
D/dalvikvm(  179): Note: class Landroid/app/ActivityManagerNative; has 180 unimplemented (abstract) methods
I/SamplingProfilerIntegration(  179): Profiling disabled.
I/Zygote  (  179): Preloading classes...
E/cutils-trace(  179): Error opening trace file: No such file or directory (2)
I/auditd  (  613): Starting up
E/auditd  (  613): Failed on audit_set_pid with error: Protocol not supported
I/auditd  (  613): Exiting
D/idmap   (  616): error: no read access to /vendor/overlay: No such file or directory
D/TextLayoutCache(  179): Using debug level = 0 - Debug Enabled = 0
I/dalvikvm(  179): threadid=1: recursive native library load attempt (/system/lib/libmedia_jni.so)
D/MtpDeviceJNI(  179): register_android_mtp_MtpDevice
I/dalvikvm(  179): threadid=1: recursive native library load attempt (/system/lib/libmedia_jni.so)
I/dalvikvm(  179): threadid=1: recursive native library load attempt (/system/lib/libmedia_jni.so)
I/dalvikvm(  179): threadid=1: recursive native library load attempt (/system/lib/libmedia_jni.so)
I/LibraryLoader(  179): loading: webviewchromium
I/LibraryLoader(  179): loaded: webviewchromium
W/Zygote  (  179): Class not found for preloading: java.lang.UnsafeByteSequence
I/System  (  179): Loaded time zone names for "" in 168ms (158ms in ICU)
I/System  (  179): Loaded time zone names for "en_US" in 106ms (91ms in ICU)
I/Zygote  (  179): ...preloaded 2777 classes in 5083ms.
I/auditd  (  620): Starting up
E/auditd  (  620): Failed on audit_set_pid with error: Protocol not supported
I/auditd  (  620): Exiting
I/dalvikvm(  179): System server process 623 has been created
I/Zygote  (  179): Accepting command socket connections
D/SensorService(  623): nuSensorService starting...
I/SystemServer(  623): Entered the Android system server!
I/SensorService(  623): AK8975 3-axis Magnetic field sensor
I/SensorService(  623): AK8975 Orientation sensor
I/SensorService(  623): BMA250 3-axis Accelerometer
I/SensorService(  623): QPDS-S702 Proximity sensor
D/SensorService(  623): Max socket buffer size 1048576
D/SensorService(  623): nuSensorService thread starting...
I/installd(  182): new connection
E/installd(  182): invalid size 26478
I/installd(  182): closing connection
I/SystemServer(  623): Waiting for installd to be ready.
I/Installer(  623): connecting...
I/SystemServer(  623): Enabled StrictMode logging for WM Looper
E/Installer(  623): read error -1
I/Installer(  623): disconnecting...
I/SystemServer(  623): Power Manager
I/SystemServer(  623): Activity Manager
I/ActivityManager(  623): Memory class: 48
I/AppOps  (  623): No existing app ops /data/system/appops.xml; starting empty
I/UiThread(  623): Enabled StrictMode logging for UI thread
I/IntentFirewall(  623): Read new rules (A:0 B:0 S:0)
I/ActivityManager(  623): Enabled StrictMode logging for AThread's Looper
I/SystemServer(  623): Display Manager
I/SystemServer(  623): Telephony Registry
I/DisplayManagerService(  623): Display device added: DisplayDeviceInfo{"Built-in Screen": 320 x 480, 60.000004 fps, density 160, 159.37254 x 160.42105 dpi, touch INTERNAL, rotation 0, type BUILT_IN, FLAG_DEFAULT_DISPLAY, FLAG_ROTATES_WITH_CONTENT, FLAG_SECURE, FLAG_SUPPORTS_PROTECTED_BUFFERS}
I/SystemServer(  623): Scheduling Policy
I/SystemServer(  623): Package Manager
W/FileUtils(  623): Failed to chmod(/data/system/packages.list): libcore.io.ErrnoException: chmod failed: ENOENT (No such file or directory)
W/PackageManager(  623): Got execption parsing permissions.
W/PackageManager(  623): org.xmlpull.v1.XmlPullParserException: No start tag found
W/PackageManager(  623): 	at com.android.internal.util.XmlUtils.beginDocument(XmlUtils.java:887)
W/PackageManager(  623): 	at com.android.server.pm.PackageManagerService.readPermissionsFromXml(PackageManagerService.java:1717)
W/PackageManager(  623): 	at com.android.server.pm.PackageManagerService.readPermissions(PackageManagerService.java:1695)
W/PackageManager(  623): 	at com.android.server.pm.PackageManagerService.<init>(PackageManagerService.java:1226)
W/PackageManager(  623): 	at com.android.server.pm.PackageManagerService.main(PackageManagerService.java:1126)
W/PackageManager(  623): 	at com.android.server.ServerThread.initAndLoop(SystemServer.java:308)
W/PackageManager(  623): 	at com.android.server.SystemServer.main(SystemServer.java:1406)
W/PackageManager(  623): 	at java.lang.reflect.Method.invokeNative(Native Method)
W/PackageManager(  623): 	at java.lang.reflect.Method.invoke(Method.java:515)
W/PackageManager(  623): 	at com.android.internal.os.ZygoteInit$MethodAndArgsCaller.run(ZygoteInit.java:789)
W/PackageManager(  623): 	at com.android.internal.os.ZygoteInit.main(ZygoteInit.java:605)
W/PackageManager(  623): 	at dalvik.system.NativeStart.main(Native Method)
W/PackageManager(  623): Got execption parsing permissions.
W/PackageManager(  623): org.xmlpull.v1.XmlPullParserException: No start tag found
W/PackageManager(  623): 	at com.android.internal.util.XmlUtils.beginDocument(XmlUtils.java:887)
W/PackageManager(  623): 	at com.android.server.pm.PackageManagerService.readPermissionsFromXml(PackageManagerService.java:1717)
W/PackageManager(  623): 	at com.android.server.pm.PackageManagerService.readPermissions(PackageManagerService.java:1695)
W/PackageManager(  623): 	at com.android.server.pm.PackageManagerService.<init>(PackageManagerService.java:1226)
W/PackageManager(  623): 	at com.android.server.pm.PackageManagerService.main(PackageManagerService.java:1126)
W/PackageManager(  623): 	at com.android.server.ServerThread.initAndLoop(SystemServer.java:308)
W/PackageManager(  623): 	at com.android.server.SystemServer.main(SystemServer.java:1406)
W/PackageManager(  623): 	at java.lang.reflect.Method.invokeNative(Native Method)
W/PackageManager(  623): 	at java.lang.reflect.Method.invoke(Method.java:515)
W/PackageManager(  623): 	at com.android.internal.os.ZygoteInit$MethodAndArgsCaller.run(ZygoteInit.java:789)
W/PackageManager(  623): 	at com.android.internal.os.ZygoteInit.main(ZygoteInit.java:605)
W/PackageManager(  623): 	at dalvik.system.NativeStart.main(Native Method)
W/PackageManager(  623): Got execption parsing permissions.
W/PackageManager(  623): org.xmlpull.v1.XmlPullParserException: No start tag found
W/PackageManager(  623): 	at com.android.internal.util.XmlUtils.beginDocument(XmlUtils.java:887)
W/PackageManager(  623): 	at com.android.server.pm.PackageManagerService.readPermissionsFromXml(PackageManagerService.java:1717)
W/PackageManager(  623): 	at com.android.server.pm.PackageManagerService.readPermissions(PackageManagerService.java:1695)
W/PackageManager(  623): 	at com.android.server.pm.PackageManagerService.<init>(PackageManagerService.java:1226)
W/PackageManager(  623): 	at com.android.server.pm.PackageManagerService.main(PackageManagerService.java:1126)
W/PackageManager(  623): 	at com.android.server.ServerThread.initAndLoop(SystemServer.java:308)
W/PackageManager(  623): 	at com.android.server.SystemServer.main(SystemServer.java:1406)
W/PackageManager(  623): 	at java.lang.reflect.Method.invokeNative(Native Method)
W/PackageManager(  623): 	at java.lang.reflect.Method.invoke(Method.java:515)
W/PackageManager(  623): 	at com.android.internal.os.ZygoteInit$MethodAndArgsCaller.run(ZygoteInit.java:789)
W/PackageManager(  623): 	at com.android.internal.os.ZygoteInit.main(ZygoteInit.java:605)
W/PackageManager(  623): 	at dalvik.system.NativeStart.main(Native Method)
W/PackageManager(  623): Got execption parsing permissions.
W/PackageManager(  623): org.xmlpull.v1.XmlPullParserException: No start tag found
W/PackageManager(  623): 	at com.android.internal.util.XmlUtils.beginDocument(XmlUtils.java:887)
W/PackageManager(  623): 	at com.android.server.pm.PackageManagerService.readPermissionsFromXml(PackageManagerService.java:1717)
W/PackageManager(  623): 	at com.android.server.pm.PackageManagerService.readPermissions(PackageManagerService.java:1695)
W/PackageManager(  623): 	at com.android.server.pm.PackageManagerService.<init>(PackageManagerService.java:1226)
W/PackageManager(  623): 	at com.android.server.pm.PackageManagerService.main(PackageManagerService.java:1126)
W/PackageManager(  623): 	at com.android.server.ServerThread.initAndLoop(SystemServer.java:308)
W/PackageManager(  623): 	at com.android.server.SystemServer.main(SystemServer.java:1406)
W/PackageManager(  623): 	at java.lang.reflect.Method.invokeNative(Native Method)
W/PackageManager(  623): 	at java.lang.reflect.Method.invoke(Method.java:515)
W/PackageManager(  623): 	at com.android.internal.os.ZygoteInit$MethodAndArgsCaller.run(ZygoteInit.java:789)
W/PackageManager(  623): 	at com.android.internal.os.ZygoteInit.main(ZygoteInit.java:605)
W/PackageManager(  623): 	at dalvik.system.NativeStart.main(Native Method)
D/SELinuxMMAC(  623): Couldn't find install policy /data/security/mac_permissions.xml
D/SELinuxMMAC(  623): Using install policy file /system/etc/security/mac_permissions.xml
I/PackageManager(  623): No settings file; creating initial state
I/installd(  182): new connection
E/installd(  182): invalid size 28536
I/installd(  182): closing connection
I/installd(  182): new connection
E/installd(  182): invalid size 28536
I/installd(  182): closing connection
I/Installer(  623): connecting...
E/Installer(  623): read exception
I/Installer(  623): disconnecting...
I/Installer(  623): connecting...
E/Installer(  623): read exception
I/Installer(  623): disconnecting...
I/installd(  182): new connection
E/installd(  182): invalid size 28536
I/installd(  182): closing connection
I/installd(  182): new connection
E/installd(  182): invalid size 28536
I/installd(  182): closing connection
I/installd(  182): new connection
E/installd(  182): invalid size 28536
I/installd(  182): closing connection
I/Installer(  623): connecting...
E/Installer(  623): read exception
I/Installer(  623): disconnecting...
I/Installer(  623): connecting...
E/Installer(  623): read exception
I/Installer(  623): disconnecting...
I/Installer(  623): connecting...
E/Installer(  623): read exception
I/Installer(  623): disconnecting...
I/installd(  182): new connection
E/installd(  182): invalid size 28536
I/installd(  182): closing connection
I/installd(  182): new connection
E/installd(  182): invalid size 28536
I/installd(  182): closing connection
I/Installer(  623): connecting...
E/Installer(  623): read exception
I/Installer(  623): disconnecting...
I/Installer(  623): connecting...
E/Installer(  623): read exception
I/Installer(  623): disconnecting...
I/installd(  182): new connection
E/installd(  182): invalid size 28536
I/installd(  182): closing connection
I/installd(  182): new connection
E/installd(  182): invalid size 28536
I/installd(  182): closing connection
I/installd(  182): new connection
I/Installer(  623): connecting...
E/Installer(  623): read exception
I/Installer(  623): disconnecting...
I/Installer(  623): connecting...
E/Installer(  623): read exception
I/Installer(  623): disconnecting...
I/Installer(  623): connecting...
E/installd(  182): invalid size 28536
I/installd(  182): closing connection
I/installd(  182): new connection
E/installd(  182): invalid size 28536
I/installd(  182): closing connection
I/installd(  182): new connection
E/installd(  182): invalid size 28536
I/installd(  182): closing connection
E/Installer(  623): read exception
I/Installer(  623): disconnecting...
I/Installer(  623): connecting...
E/Installer(  623): read exception
I/Installer(  623): disconnecting...
I/Installer(  623): connecting...
E/Installer(  623): read exception
I/Installer(  623): disconnecting...
I/installd(  182): new connection
E/installd(  182): invalid size 28536
I/installd(  182): closing connection
I/installd(  182): new connection
E/installd(  182): invalid size 28536
I/installd(  182): closing connection
I/Installer(  623): connecting...
E/Installer(  623): read exception
I/Installer(  623): disconnecting...
I/Installer(  623): connecting...
E/Installer(  623): read exception
I/Installer(  623): disconnecting...
I/installd(  182): new connection
E/installd(  182): invalid size 28536
I/installd(  182): closing connection
I/installd(  182): new connection
E/installd(  182): invalid size 28536
I/installd(  182): closing connection
I/Installer(  623): connecting...
E/Installer(  623): read exception
I/Installer(  623): disconnecting...
I/Installer(  623): connecting...
E/Installer(  623): read exception
I/Installer(  623): disconnecting...
I/installd(  182): new connection
E/installd(  182): invalid size 28536
I/installd(  182): closing connection
I/Installer(  623): connecting...
E/Installer(  623): read exception
I/Installer(  623): disconnecting...
I/installd(  182): new connection
E/installd(  182): invalid size 28536
I/installd(  182): closing connection
I/Installer(  623): connecting...
E/Installer(  623): read exception
I/Installer(  623): disconnecting...
I/installd(  182): new connection
E/installd(  182): invalid size 28536
I/installd(  182): closing connection
I/installd(  182): new connection
E/installd(  182): invalid size 28536
I/installd(  182): closing connection
I/Installer(  623): connecting...
E/Installer(  623): read exception
I/Installer(  623): disconnecting...
I/Installer(  623): connecting...
E/Installer(  623): read exception
I/Installer(  623): disconnecting...
I/Installer(  623): connecting...
I/installd(  182): new connection
E/installd(  182): invalid size 28536
I/installd(  182): closing connection
I/installd(  182): new connection
E/installd(  182): invalid size 28536
I/installd(  182): closing connection
E/Installer(  623): read exception
I/Installer(  623): disconnecting...
I/Installer(  623): connecting...
I/installd(  182): new connection
E/installd(  182): invalid size 28536
I/installd(  182): closing connection
D/PackageManager(  623): No files in app dir /vendor/overlay
E/Installer(  623): read exception
I/Installer(  623): disconnecting...
I/Installer(  623): connecting...
E/Installer(  623): read exception
I/Installer(  623): disconnecting...
D/StrictMode(  623): No activity manager; failed to Dropbox violation.
D/StrictMode(  623): No activity manager; failed to Dropbox violation.
D/StrictMode(  623): No activity manager; failed to Dropbox violation.
D/StrictMode(  623): No activity manager; failed to Dropbox violation.
I/PackageManager(  623): /system/framework/framework-res.apk changed; collecting certs
I/PackageManager(  623): /system/priv-app/BackupRestoreConfirmation.apk changed; collecting certs
I/installd(  182): new connection
E/installd(  182): invalid size 29811
I/installd(  182): closing connection
I/Installer(  623): connecting...
E/Installer(  623): read exception
I/Installer(  623): disconnecting...
I/PackageManager(  623): /system/priv-app/CMS.apk changed; collecting certs
E/PackageParser(  623): Package com.cyanogenmod.services has no certificates at entry AndroidManifest.xml; ignoring!
W/PackageManager(  623): Failed verifying certificates for package:com.cyanogenmod.services
I/PackageManager(  623): /system/priv-app/CalendarProvider.apk changed; collecting certs
I/PackageManager(  623): New shared user android.uid.calendar: id=10001
I/installd(  182): new connection
E/installd(  182): invalid size 29811
I/installd(  182): closing connection
I/Installer(  623): connecting...
E/Installer(  623): read exception
I/Installer(  623): disconnecting...
W/PackageParser(  623): No actions in intent filter at /system/priv-app/Contacts.apk Binary XML file line #375
I/PackageManager(  623): /system/priv-app/Contacts.apk changed; collecting certs
I/PackageManager(  623): New shared user android.uid.shared: id=10002
I/installd(  182): new connection
E/installd(  182): invalid size 29811
I/installd(  182): closing connection
I/Installer(  623): connecting...
E/Installer(  623): read exception
I/Installer(  623): disconnecting...
I/PackageManager(  623): /system/priv-app/ContactsProvider.apk changed; collecting certs
I/installd(  182): new connection
E/installd(  182): invalid size 29811
I/installd(  182): closing connection
I/Installer(  623): connecting...
E/Installer(  623): read exception
I/Installer(  623): disconnecting...
I/PackageManager(  623): /system/priv-app/DefaultContainerService.apk changed; collecting certs
I/installd(  182): new connection
E/installd(  182): invalid size 29811
I/installd(  182): closing connection
I/Installer(  623): connecting...
E/Installer(  623): read exception
I/Installer(  623): disconnecting...
W/PackageParser(  623): No actions in intent filter at /system/priv-app/Dialer.apk Binary XML file line #189
I/PackageManager(  623): /system/priv-app/Dialer.apk changed; collecting certs
I/PackageManager(  623): New shared user com.android.dialer: id=10004
I/installd(  182): new connection
I/Installer(  623): connecting...
E/installd(  182): invalid size 29811
I/installd(  182): closing connection
E/Installer(  623): read exception
I/Installer(  623): disconnecting...
I/PackageManager(  623): /system/priv-app/DownloadProvider.apk changed; collecting certs
I/PackageManager(  623): New shared user android.media: id=10005
I/installd(  182): new connection
E/installd(  182): invalid size 29811
I/installd(  182): closing connection
I/PackageManager(  623): /system/priv-app/ExternalStorageProvider.apk changed; collecting certs
I/Installer(  623): connecting...
E/Installer(  623): read exception
I/Installer(  623): disconnecting...
I/installd(  182): new connection
E/installd(  182): invalid size 29811
I/installd(  182): closing connection
I/PackageManager(  623): /system/priv-app/FusedLocation.apk changed; collecting certs
I/Installer(  623): connecting...
E/Installer(  623): read exception
I/Installer(  623): disconnecting...
I/installd(  182): new connection
E/installd(  182): invalid size 29811
I/installd(  182): closing connection
I/Installer(  623): connecting...
E/Installer(  623): read exception
I/Installer(  623): disconnecting...
I/PackageManager(  623): /system/priv-app/InputDevices.apk changed; collecting certs
I/installd(  182): new connection
E/installd(  182): invalid size 29811
I/installd(  182): closing connection
I/Installer(  623): connecting...
E/Installer(  623): read exception
I/Installer(  623): disconnecting...
I/PackageManager(  623): /system/priv-app/Keyguard.apk changed; collecting certs
I/PackageManager(  623): New shared user android.uid.systemui: id=10007
I/installd(  182): new connection
E/installd(  182): invalid size 29811
I/installd(  182): closing connection
I/Installer(  623): connecting...
E/Installer(  623): read exception
I/Installer(  623): disconnecting...
I/PackageManager(  623): /system/priv-app/MediaProvider.apk changed; collecting certs
I/installd(  182): new connection
E/installd(  182): invalid size 29811
I/installd(  182): closing connection
I/Installer(  623): connecting...
E/Installer(  623): read exception
I/Installer(  623): disconnecting...
I/PackageManager(  623): /system/priv-app/Mms.apk changed; collecting certs
I/auditd  (  651): Starting up
E/auditd  (  651): Failed on audit_set_pid with error: Protocol not supported
I/auditd  (  651): Exiting
I/installd(  182): new connection
E/installd(  182): invalid size 29811
I/installd(  182): closing connection
I/PackageManager(  623): /system/priv-app/OneTimeInitializer.apk changed; collecting certs
I/Installer(  623): connecting...
E/Installer(  623): read exception
I/Installer(  623): disconnecting...
I/installd(  182): new connection
E/installd(  182): invalid size 29811
I/installd(  182): closing connection
I/Installer(  623): connecting...
E/Installer(  623): read exception
I/Installer(  623): disconnecting...
I/PackageManager(  623): /system/priv-app/PicoTts.apk changed; collecting certs
I/installd(  182): new connection
E/installd(  182): invalid size 29811
I/installd(  182): closing connection
I/Installer(  623): connecting...
E/Installer(  623): read exception
I/Installer(  623): disconnecting...
I/PackageManager(  623): /system/priv-app/ProxyHandler.apk changed; collecting certs
I/installd(  182): new connection
E/installd(  182): invalid size 29811
I/installd(  182): closing connection
I/Installer(  623): connecting...
E/Installer(  623): read exception
I/Installer(  623): disconnecting...
I/PackageManager(  623): /system/priv-app/Settings.apk changed; collecting certs
I/installd(  182): new connection
E/installd(  182): invalid size 29811
I/installd(  182): closing connection
I/Installer(  623): connecting...
E/Installer(  623): read exception
I/Installer(  623): disconnecting...
I/PackageManager(  623): /system/priv-app/SettingsProvider.apk changed; collecting certs
I/installd(  182): new connection
E/installd(  182): invalid size 29811
I/installd(  182): closing connection
I/PackageManager(  623): /system/priv-app/SharedStorageBackup.apk changed; collecting certs
I/Installer(  623): connecting...
E/Installer(  623): read exception
I/Installer(  623): disconnecting...
I/installd(  182): new connection
E/installd(  182): invalid size 29811
I/installd(  182): closing connection
I/Installer(  623): connecting...
E/Installer(  623): read exception
I/Installer(  623): disconnecting...
I/PackageManager(  623): /system/priv-app/Shell.apk changed; collecting certs
I/installd(  182): new connection
E/installd(  182): invalid size 29811
I/installd(  182): closing connection
I/Installer(  623): connecting...
E/Installer(  623): read exception
I/Installer(  623): disconnecting...
I/PackageManager(  623): /system/priv-app/SystemUI.apk changed; collecting certs
I/installd(  182): new connection
E/installd(  182): invalid size 29811
I/installd(  182): closing connection
I/Installer(  623): connecting...
E/Installer(  623): read exception
I/Installer(  623): disconnecting...
I/PackageManager(  623): /system/priv-app/TeleService.apk changed; collecting certs
I/installd(  182): new connection
E/installd(  182): invalid size 29811
I/installd(  182): closing connection
I/Installer(  623): connecting...
I/PackageManager(  623): /system/priv-app/ThemeChooser.apk changed; collecting certs
E/Installer(  623): read exception
I/Installer(  623): disconnecting...
I/PackageManager(  623): New shared user org.cyanogenmod.themes: id=10013
I/installd(  182): new connection
E/installd(  182): invalid size 29811
I/installd(  182): closing connection
W/ResourceType(  623): Failure getting entry for 0x7f020000 (t=1 e=0) in package 0 (error -75)
I/Installer(  623): connecting...
E/Installer(  623): read exception
I/Installer(  623): disconnecting...
I/PackageManager(  623): /system/priv-app/ThemesProvider.apk changed; collecting certs
I/installd(  182): new connection
E/installd(  182): invalid size 29811
I/installd(  182): closing connection
I/Installer(  623): connecting...
E/Installer(  623): read exception
I/Installer(  623): disconnecting...
I/PackageManager(  623): /system/priv-app/Trebuchet.apk changed; collecting certs
I/installd(  182): new connection
I/Installer(  623): connecting...
E/installd(  182): invalid size 29811
I/installd(  182): closing connection
E/Installer(  623): read exception
I/Installer(  623): disconnecting...
I/PackageManager(  623): /system/priv-app/VoiceDialer.apk changed; collecting certs
I/installd(  182): new connection
E/installd(  182): invalid size 29811
I/installd(  182): closing connection
I/Installer(  623): connecting...
E/Installer(  623): read exception
I/Installer(  623): disconnecting...
I/PackageManager(  623): /system/priv-app/VpnDialogs.apk changed; collecting certs
I/installd(  182): new connection
E/installd(  182): invalid size 29811
I/installd(  182): closing connection
I/Installer(  623): connecting...
E/Installer(  623): read exception
I/Installer(  623): disconnecting...
I/PackageManager(  623): /system/priv-app/WallpaperCropper.apk changed; collecting certs
I/installd(  182): new connection
E/installd(  182): invalid size 29811
I/installd(  182): closing connection
D/asset   (  623): failed to open Zip archive '/system/priv-app/GoogleOneTimeInitializer.apk'
D/asset   (  623): failed to open Zip archive '/system/priv-app/GoogleLoginService.apk'
I/Installer(  623): connecting...
E/Installer(  623): read exception
I/Installer(  623): disconnecting...
W/PackageParser(  623): Unable to read AndroidManifest.xml of /system/priv-app/GoogleOneTimeInitializer.apk
W/PackageParser(  623): java.io.FileNotFoundException: AndroidManifest.xml
W/PackageParser(  623): 	at android.content.res.AssetManager.openXmlAssetNative(Native Method)
W/PackageParser(  623): 	at android.content.res.AssetManager.openXmlBlockAsset(AssetManager.java:507)
W/PackageParser(  623): 	at android.content.res.AssetManager.openXmlResourceParser(AssetManager.java:475)
W/PackageParser(  623): 	at android.content.pm.PackageParser.parsePackage(PackageParser.java:576)
W/PackageParser(  623): 	at com.android.server.pm.PackageManagerService.scanPackageLI(PackageManagerService.java:3749)
W/PackageParser(  623): 	at com.android.server.pm.PackageManagerService.scanDirLI(PackageManagerService.java:3672)
W/PackageParser(  623): 	at com.android.server.pm.PackageManagerService.<init>(PackageManagerService.java:1387)
W/PackageParser(  623): 	at com.android.server.pm.PackageManagerService.main(PackageManagerService.java:1126)
W/PackageParser(  623): 	at com.android.server.ServerThread.initAndLoop(SystemServer.java:308)
W/PackageParser(  623): 	at com.android.server.SystemServer.main(SystemServer.java:1406)
W/PackageParser(  623): 	at java.lang.reflect.Method.invokeNative(Native Method)
W/PackageParser(  623): 	at java.lang.reflect.Method.invoke(Method.java:515)
W/PackageParser(  623): 	at com.android.internal.os.ZygoteInit$MethodAndArgsCaller.run(ZygoteInit.java:789)
W/PackageParser(  623): 	at com.android.internal.os.ZygoteInit.main(ZygoteInit.java:605)
W/PackageParser(  623): 	at dalvik.system.NativeStart.main(Native Method)
D/asset   (  623): failed to open Zip archive '/system/priv-app/talkback.apk'
D/asset   (  623): failed to open Zip archive '/system/priv-app/GoogleServicesFramework.apk'
D/asset   (  623): failed to open Zip archive '/system/priv-app/GoogleFeedback.apk'
W/PackageParser(  623): Unable to read AndroidManifest.xml of /system/priv-app/GoogleLoginService.apk
W/PackageParser(  623): java.io.FileNotFoundException: AndroidManifest.xml
W/PackageParser(  623): 	at android.content.res.AssetManager.openXmlAssetNative(Native Method)
W/PackageParser(  623): 	at android.content.res.AssetManager.openXmlBlockAsset(AssetManager.java:507)
W/PackageParser(  623): 	at android.content.res.AssetManager.openXmlResourceParser(AssetManager.java:475)
W/PackageParser(  623): 	at android.content.pm.PackageParser.parsePackage(PackageParser.java:576)
W/PackageParser(  623): 	at com.android.server.pm.PackageManagerService.scanPackageLI(PackageManagerService.java:3749)
W/PackageParser(  623): 	at com.android.server.pm.PackageManagerService.scanDirLI(PackageManagerService.java:3672)
W/PackageParser(  623): 	at com.android.server.pm.PackageManagerService.<init>(PackageManagerService.java:1387)
W/PackageParser(  623): 	at com.android.server.pm.PackageManagerService.main(PackageManagerService.java:1126)
W/PackageParser(  623): 	at com.android.server.ServerThread.initAndLoop(SystemServer.java:308)
W/PackageParser(  623): 	at com.android.server.SystemServer.main(SystemServer.java:1406)
W/PackageParser(  623): 	at java.lang.reflect.Method.invokeNative(Native Method)
W/PackageParser(  623): 	at java.lang.reflect.Method.invoke(Method.java:515)
W/PackageParser(  623): 	at com.android.internal.os.ZygoteInit$MethodAndArgsCaller.run(ZygoteInit.java:789)
W/PackageParser(  623): 	at com.android.internal.os.ZygoteInit.main(ZygoteInit.java:605)
W/PackageParser(  623): 	at dalvik.system.NativeStart.main(Native Method)
W/PackageParser(  623): Unable to read AndroidManifest.xml of /system/priv-app/talkback.apk
W/PackageParser(  623): java.io.FileNotFoundException: AndroidManifest.xml
W/PackageParser(  623): 	at android.content.res.AssetManager.openXmlAssetNative(Native Method)
W/PackageParser(  623): 	at android.content.res.AssetManager.openXmlBlockAsset(AssetManager.java:507)
W/PackageParser(  623): 	at android.content.res.AssetManager.openXmlResourceParser(AssetManager.java:475)
W/PackageParser(  623): 	at android.content.pm.PackageParser.parsePackage(PackageParser.java:576)
W/PackageParser(  623): 	at com.android.server.pm.PackageManagerService.scanPackageLI(PackageManagerService.java:3749)
W/PackageParser(  623): 	at com.android.server.pm.PackageManagerService.scanDirLI(PackageManagerService.java:3672)
W/PackageParser(  623): 	at com.android.server.pm.PackageManagerService.<init>(PackageManagerService.java:1387)
W/PackageParser(  623): 	at com.android.server.pm.PackageManagerService.main(PackageManagerService.java:1126)
W/PackageParser(  623): 	at com.android.server.ServerThread.initAndLoop(SystemServer.java:308)
W/PackageParser(  623): 	at com.android.server.SystemServer.main(SystemServer.java:1406)
W/PackageParser(  623): 	at java.lang.reflect.Method.invokeNative(Native Method)
