I/ActivityManager(  643): Delay finish: com.android.gallery3d/.app.PackagesMonitor
I/ActivityManager(  643): Resuming delayed broadcast
D/AlarmScheduler( 1682): No events found starting within 1 week.
I/ActivityManager(  643): Waited long enough for: ServiceRecord{420c3c00 u0 com.android.calendar/.alerts.InitAlarmsService}
I/auditd  ( 1940): Starting up
E/auditd  ( 1940): Failed on audit_set_pid with error: Protocol not supported
I/auditd  ( 1940): Exiting
E/WifiNative-wlan0(  643): doBoolean: disable
D/wpa_supplicant( 1172): RX ctrl_iface - hexdump(len=9): 53 45 54 20 70 6e 6f 20 30
D/wpa_supplicant( 1172): wlan0: Control interface command 'SET pno 0'
D/wpa_supplicant( 1172): CTRL_IFACE SET 'pno'='0'
D/wpa_supplicant( 1172): RX ctrl_iface - hexdump(len=4): 53 43 41 4e
D/wpa_supplicant( 1172): wlan0: Control interface command 'SCAN'
D/wpa_supplicant( 1172): wlan0: Setting scan request: 0 sec 0 usec
D/wpa_supplicant( 1172): wlan0: State: INACTIVE -> SCANNING
D/wpa_supplicant( 1172): CTRL_IFACE monitor send - hexdump(len=39): 2f 64 61 74 61 2f 6d 69 73 63 2f 77 69 66 69 2f 73 6f 63 6b 65 74 73 2f 77 70 61 5f 63 74 72 6c ...
D/wpa_supplicant( 1172): wlan0: Starting AP scan for wildcard SSID
D/wpa_supplicant( 1172): WPS: Building WPS IE for Probe Request
D/wpa_supplicant( 1172): WPS:  * Version (hardcoded 0x10)
D/wpa_supplicant( 1172): WPS:  * Request Type
D/wpa_supplicant( 1172): WPS:  * Config Methods (4388)
D/wpa_supplicant( 1172): WPS:  * UUID-E
D/wpa_supplicant( 1172): WPS:  * Primary Device Type
D/wpa_supplicant( 1172): WPS:  * RF Bands (1)
D/wpa_supplicant( 1172): WPS:  * Association State
D/wpa_supplicant( 1172): WPS:  * Configuration Error (0)
D/wpa_supplicant( 1172): WPS:  * Device Password ID (0)
D/wpa_supplicant( 1172): WPS:  * Manufacturer
D/wpa_supplicant( 1172): WPS:  * Model Name
D/wpa_supplicant( 1172): WPS:  * Model Number
D/wpa_supplicant( 1172): WPS:  * Device Name
D/wpa_supplicant( 1172): WPS:  * Version2 (0x20)
D/wpa_supplicant( 1172): P2P: * P2P IE header
D/wpa_supplicant( 1172): P2P: * Capability dev=25 group=00
D/wpa_supplicant( 1172): P2P: * Listen Channel: Regulatory Class 81 Channel 11
D/wpa_supplicant( 1172): wlan0: nl80211: scan request
D/wpa_supplicant( 1172): nl80211: Scan SSID - hexdump(len=0): [NULL]
D/wpa_supplicant( 1172): nl80211: Scan extra IEs - hexdump(len=154): dd 85 00 50 f2 04 10 4a 00 01 10 10 3a 00 01 00 10 08 00 02 43 88 10 47 00 10 b7 cf 11 de 6f 65 ...
D/wpa_supplicant( 1172): Scan requested (ret=0) - scan timeout 30 seconds
D/wpa_supplicant( 1172): nl80211: Event message available
D/wpa_supplicant( 1172): nl80211: Drv Event 33 (NL80211_CMD_TRIGGER_SCAN) received for wlan0
D/wpa_supplicant( 1172): wlan0: nl80211: Scan trigger
D/wpa_supplicant( 1172): nl80211: Event message available
D/wpa_supplicant( 1172): nl80211: Drv Event 34 (NL80211_CMD_NEW_SCAN_RESULTS) received for wlan0
D/wpa_supplicant( 1172): wlan0: nl80211: New scan results available
D/wpa_supplicant( 1172): wlan0: Event SCAN_RESULTS (3) received
D/wpa_supplicant( 1172): nl80211: Received scan results (2 BSSes)
D/wpa_supplicant( 1172): nl80211: Survey data missing
D/wpa_supplicant( 1172): Sorted scan results
D/wpa_supplicant( 1172): 2c:e4:12:79:6b:29 freq=2437 qual=0 noise=0 level=-66 flags=0xb age=0
D/wpa_supplicant( 1172): IEs - hexdump(len=307): 00 0a 53 41 47 45 4d 5f 36 42 32 38 01 08 82 84 8b 96 24 30 48 6c 03 01 06 2a 01 00 2f 01 00 30 ...
D/wpa_supplicant( 1172): 00:1d:7e:ad:1a:6c freq=2462 qual=0 noise=0 level=-72 flags=0xb age=0
D/wpa_supplicant( 1172): IEs - hexdump(len=54): 00 07 6c 69 6e 6b 73 79 73 01 05 82 84 8b 96 2c 03 01 0b 2a 01 00 30 14 01 00 00 0f ac 04 01 00 ...
D/wpa_supplicant( 1172): wlan0: BSS: Start scan result update 8
D/wpa_supplicant( 1172): BSS: last_scan_res_used=2/32 last_scan_full=0
D/wpa_supplicant( 1172): Add randomness: count=40 entropy=38
D/wpa_supplicant( 1172): random pool - hexdump(len=128): [REMOVED]
D/wpa_supplicant( 1172): random_mix_pool - hexdump(len=8): [REMOVED]
D/wpa_supplicant( 1172): random_mix_pool - hexdump(len=5): [REMOVED]
D/wpa_supplicant( 1172): random pool - hexdump(len=128): [REMOVED]
D/wpa_supplicant( 1172): Add randomness: count=41 entropy=39
D/wpa_supplicant( 1172): random pool - hexdump(len=128): [REMOVED]
D/wpa_supplicant( 1172): random_mix_pool - hexdump(len=8): [REMOVED]
D/wpa_supplicant( 1172): random_mix_pool - hexdump(len=5): [REMOVED]
D/wpa_supplicant( 1172): random pool - hexdump(len=128): [REMOVED]
D/wpa_supplicant( 1172): wlan0: New scan results available
D/wpa_supplicant( 1172): CTRL_IFACE monitor send - hexdump(len=39): 2f 64 61 74 61 2f 6d 69 73 63 2f 77 69 66 69 2f 73 6f 63 6b 65 74 73 2f 77 70 61 5f 63 74 72 6c ...
D/wpa_supplicant( 1172): WPS: attr type=0x104a len=1
D/wpa_supplicant( 1172): WPS: attr type=0x1044 len=1
D/wpa_supplicant( 1172): WPS: attr type=0x1041 len=1
D/wpa_supplicant( 1172): WPS: attr type=0x103b len=1
D/wpa_supplicant( 1172): WPS: attr type=0x1047 len=16
D/wpa_supplicant( 1172): WPS: attr type=0x1021 len=8
D/wpa_supplicant( 1172): WPS: attr type=0x1023 len=8
D/wpa_supplicant( 1172): WPS: attr type=0x1024 len=6
D/wpa_supplicant( 1172): WPS: attr type=0x1042 len=4
D/wpa_supplicant( 1172): WPS: attr type=0x1054 len=8
D/wpa_supplicant( 1172): WPS: attr type=0x1011 len=10
D/wpa_supplicant( 1172): WPS: attr type=0x1008 len=2
D/wpa_supplicant( 1172): WPS: attr type=0x103c len=1
D/wpa_supplicant( 1172): WPS: attr type=0x104a len=1
D/wpa_supplicant( 1172): WPS: attr type=0x1044 len=1
D/wpa_supplicant( 1172): WPS: attr type=0x1041 len=1
D/wpa_supplicant( 1172): WPS: attr type=0x103b len=1
D/wpa_supplicant( 1172): WPS: attr type=0x1047 len=16
D/wpa_supplicant( 1172): WPS: attr type=0x1021 len=8
D/wpa_supplicant( 1172): WPS: attr type=0x1023 len=8
D/wpa_supplicant( 1172): WPS: attr type=0x1024 len=6
D/wpa_supplicant( 1172): WPS: attr type=0x1042 len=4
D/wpa_supplicant( 1172): WPS: attr type=0x1054 len=8
D/wpa_supplicant( 1172): WPS: attr type=0x1011 len=10
D/wpa_supplicant( 1172): WPS: attr type=0x1008 len=2
D/wpa_supplicant( 1172): WPS: attr type=0x103c len=1
D/wpa_supplicant( 1172): WPS: attr type=0x104a len=1
D/wpa_supplicant( 1172): WPS: attr type=0x1044 len=1
D/wpa_supplicant( 1172): WPS: attr type=0x1041 len=1
D/wpa_supplicant( 1172): WPS: attr type=0x103b len=1
D/wpa_supplicant( 1172): WPS: attr type=0x1047 len=16
D/wpa_supplicant( 1172): WPS: attr type=0x1021 len=8
D/wpa_supplicant( 1172): WPS: attr type=0x1023 len=8
D/wpa_supplicant( 1172): WPS: attr type=0x1024 len=6
D/wpa_supplicant( 1172): WPS: attr type=0x1042 len=4
D/wpa_supplicant( 1172): WPS: attr type=0x1054 len=8
D/wpa_supplicant( 1172): WPS: attr type=0x1011 len=10
D/wpa_supplicant( 1172): WPS: attr type=0x1008 len=2
D/wpa_supplicant( 1172): WPS: attr type=0x103c len=1
D/wpa_supplicant( 1172): CTRL_IFACE monitor send - hexdump(len=39): 2f 64 61 74 61 2f 6d 69 73 63 2f 77 69 66 69 2f 73 6f 63 6b 65 74 73 2f 77 70 61 5f 63 74 72 6c ...
D/wpa_supplicant( 1172): WPS: attr type=0x104a len=1
D/wpa_supplicant( 1172): WPS: attr type=0x1044 len=1
D/wpa_supplicant( 1172): WPS: attr type=0x1041 len=1
D/wpa_supplicant( 1172): WPS: attr type=0x103b len=1
D/wpa_supplicant( 1172): WPS: attr type=0x1047 len=16
D/wpa_supplicant( 1172): WPS: attr type=0x1021 len=8
D/wpa_supplicant( 1172): WPS: attr type=0x1023 len=8
D/wpa_supplicant( 1172): WPS: attr type=0x1024 len=6
D/wpa_supplicant( 1172): WPS: attr type=0x1042 len=4
D/wpa_supplicant( 1172): WPS: attr type=0x1054 len=8
D/wpa_supplicant( 1172): WPS: attr type=0x1011 len=10
D/wpa_supplicant( 1172): WPS: attr type=0x1008 len=2
D/wpa_supplicant( 1172): WPS: attr type=0x103c len=1
D/wpa_supplicant( 1172): WPS: AP[0] 2c:e4:12:79:6b:29 type=0 tries=0 last_attempt=-1 sec ago blacklist=0
D/wpa_supplicant( 1172): wlan0: No suitable network found
D/wpa_supplicant( 1172): wlan0: Short-circuit new scan request since there are no enabled networks
D/wpa_supplicant( 1172): wlan0: State: SCANNING -> INACTIVE
D/wpa_supplicant( 1172): CTRL_IFACE monitor send - hexdump(len=39): 2f 64 61 74 61 2f 6d 69 73 63 2f 77 69 66 69 2f 73 6f 63 6b 65 74 73 2f 77 70 61 5f 63 74 72 6c ...
D/wpa_supplicant( 1172): wlan0: Checking for other virtual interfaces sharing same radio (phy0) in event_scan_results
D/wpa_supplicant( 1172): p2p0: Updating scan results from sibling
D/wpa_supplicant( 1172): nl80211: Received scan results (2 BSSes)
D/wpa_supplicant( 1172): nl80211: Survey data missing
D/wpa_supplicant( 1172): Sorted scan results
D/wpa_supplicant( 1172): 2c:e4:12:79:6b:29 freq=2437 qual=0 noise=0 level=-66 flags=0xb age=0
D/wpa_supplicant( 1172): IEs - hexdump(len=307): 00 0a 53 41 47 45 4d 5f 36 42 32 38 01 08 82 84 8b 96 24 30 48 6c 03 01 06 2a 01 00 2f 01 00 30 ...
D/wpa_supplicant( 1172): 00:1d:7e:ad:1a:6c freq=2462 qual=0 noise=0 level=-72 flags=0xb age=0
D/wpa_supplicant( 1172): IEs - hexdump(len=54): 00 07 6c 69 6e 6b 73 79 73 01 05 82 84 8b 96 2c 03 01 0b 2a 01 00 30 14 01 00 00 0f ac 04 01 00 ...
D/wpa_supplicant( 1172): p2p0: BSS: Start scan result update 8
D/wpa_supplicant( 1172): BSS: last_scan_res_used=2/32 last_scan_full=0
D/wpa_supplicant( 1172): Add randomness: count=42 entropy=40
D/wpa_supplicant( 1172): random pool - hexdump(len=128): [REMOVED]
D/wpa_supplicant( 1172): random_mix_pool - hexdump(len=8): [REMOVED]
D/wpa_supplicant( 1172): random_mix_pool - hexdump(len=5): [REMOVED]
D/wpa_supplicant( 1172): random pool - hexdump(len=128): [REMOVED]
D/wpa_supplicant( 1172): Add randomness: count=43 entropy=41
D/wpa_supplicant( 1172): random pool - hexdump(len=128): [REMOVED]
D/wpa_supplicant( 1172): random_mix_pool - hexdump(len=8): [REMOVED]
D/wpa_supplicant( 1172): random_mix_pool - hexdump(len=5): [REMOVED]
D/wpa_supplicant( 1172): random pool - hexdump(len=128): [REMOVED]
D/wpa_supplicant( 1172): p2p0: New scan results available
D/wpa_supplicant( 1172): CTRL_IFACE monitor send - hexdump(len=39): 2f 64 61 74 61 2f 6d 69 73 63 2f 77 69 66 69 2f 73 6f 63 6b 65 74 73 2f 77 70 61 5f 63 74 72 6c ...
D/wpa_supplicant( 1172): WPS: attr type=0x104a len=1
D/wpa_supplicant( 1172): WPS: attr type=0x1044 len=1
D/wpa_supplicant( 1172): WPS: attr type=0x1041 len=1
D/wpa_supplicant( 1172): WPS: attr type=0x103b len=1
D/wpa_supplicant( 1172): WPS: attr type=0x1047 len=16
D/wpa_supplicant( 1172): WPS: attr type=0x1021 len=8
D/wpa_supplicant( 1172): WPS: attr type=0x1023 len=8
D/wpa_supplicant( 1172): WPS: attr type=0x1024 len=6
D/wpa_supplicant( 1172): WPS: attr type=0x1042 len=4
D/wpa_supplicant( 1172): WPS: attr type=0x1054 len=8
D/wpa_supplicant( 1172): WPS: attr type=0x1011 len=10
D/wpa_supplicant( 1172): WPS: attr type=0x1008 len=2
D/wpa_supplicant( 1172): WPS: attr type=0x103c len=1
D/wpa_supplicant( 1172): WPS: attr type=0x104a len=1
D/wpa_supplicant( 1172): WPS: attr type=0x1044 len=1
D/wpa_supplicant( 1172): WPS: attr type=0x1041 len=1
D/wpa_supplicant( 1172): WPS: attr type=0x103b len=1
D/wpa_supplicant( 1172): WPS: attr type=0x1047 len=16
D/wpa_supplicant( 1172): WPS: attr type=0x1021 len=8
D/wpa_supplicant( 1172): WPS: attr type=0x1023 len=8
D/wpa_supplicant( 1172): WPS: attr type=0x1024 len=6
D/wpa_supplicant( 1172): WPS: attr type=0x1042 len=4
D/wpa_supplicant( 1172): WPS: attr type=0x1054 len=8
D/wpa_supplicant( 1172): WPS: attr type=0x1011 len=10
D/wpa_supplicant( 1172): WPS: attr type=0x1008 len=2
D/wpa_supplicant( 1172): WPS: attr type=0x103c len=1
D/wpa_supplicant( 1172): WPS: attr type=0x104a len=1
D/wpa_supplicant( 1172): WPS: attr type=0x1044 len=1
D/wpa_supplicant( 1172): WPS: attr type=0x1041 len=1
D/wpa_supplicant( 1172): WPS: attr type=0x103b len=1
D/wpa_supplicant( 1172): WPS: attr type=0x1047 len=16
D/wpa_supplicant( 1172): WPS: attr type=0x1021 len=8
D/wpa_supplicant( 1172): WPS: attr type=0x1023 len=8
D/wpa_supplicant( 1172): WPS: attr type=0x1024 len=6
D/wpa_supplicant( 1172): WPS: attr type=0x1042 len=4
D/wpa_supplicant( 1172): WPS: attr type=0x1054 len=8
D/wpa_supplicant( 1172): WPS: attr type=0x1011 len=10
D/wpa_supplicant( 1172): WPS: attr type=0x1008 len=2
D/wpa_supplicant( 1172): WPS: attr type=0x103c len=1
D/wpa_supplicant( 1172): CTRL_IFACE monitor send - hexdump(len=39): 2f 64 61 74 61 2f 6d 69 73 63 2f 77 69 66 69 2f 73 6f 63 6b 65 74 73 2f 77 70 61 5f 63 74 72 6c ...
D/wpa_supplicant( 1172): WPS: attr type=0x104a len=1
D/wpa_supplicant( 1172): WPS: attr type=0x1044 len=1
D/wpa_supplicant( 1172): WPS: attr type=0x1041 len=1
D/wpa_supplicant( 1172): WPS: attr type=0x103b len=1
D/wpa_supplicant( 1172): WPS: attr type=0x1047 len=16
D/wpa_supplicant( 1172): WPS: attr type=0x1021 len=8
D/wpa_supplicant( 1172): WPS: attr type=0x1023 len=8
D/wpa_supplicant( 1172): WPS: attr type=0x1024 len=6
D/wpa_supplicant( 1172): WPS: attr type=0x1042 len=4
D/wpa_supplicant( 1172): WPS: attr type=0x1054 len=8
D/wpa_supplicant( 1172): WPS: attr type=0x1011 len=10
D/wpa_supplicant( 1172): WPS: attr type=0x1008 len=2
D/wpa_supplicant( 1172): WPS: attr type=0x103c len=1
D/wpa_supplicant( 1172): WPS: AP[0] 2c:e4:12:79:6b:29 type=0 tries=0 last_attempt=-1 sec ago blacklist=0
D/wpa_supplicant( 1172): p2p0: No suitable network found
D/wpa_supplicant( 1172): p2p0: Short-circuit new scan request since there are no enabled networks
D/wpa_supplicant( 1172): p2p0: State: INACTIVE -> INACTIVE
D/wpa_supplicant( 1172): wlan0: P2P: Station mode scan operation not pending anymore (sta_scan_pending=0 p2p_cb_on_scan_complete=0)
E/WifiNative-wlan0(  643): doBoolean: enable
D/wpa_supplicant( 1172): RX ctrl_iface - hexdump(len=9): 53 45 54 20 70 6e 6f 20 31
D/wpa_supplicant( 1172): wlan0: Control interface command 'SET pno 1'
D/wpa_supplicant( 1172): CTRL_IFACE SET 'pno'='1'
D/wpa_supplicant( 1172): PNO: No configured SSIDs
D/wpa_supplicant( 1172): RX ctrl_iface - hexdump(len=25): 42 53 53 20 52 41 4e 47 45 3d 30 2d 20 4d 41 53 4b 3d 30 78 32 31 39 38 37
D/wpa_supplicant( 1172): wlan0: Control interface command 'BSS RANGE=0- MASK=0x21987'
D/wpa_supplicant( 1172): WPS: attr type=0x104a len=1
D/wpa_supplicant( 1172): WPS: attr type=0x1044 len=1
D/wpa_supplicant( 1172): WPS: attr type=0x1041 len=1
D/wpa_supplicant( 1172): WPS: attr type=0x103b len=1
D/wpa_supplicant( 1172): WPS: attr type=0x1047 len=16
D/wpa_supplicant( 1172): WPS: attr type=0x1021 len=8
D/wpa_supplicant( 1172): WPS: attr type=0x1023 len=8
D/wpa_supplicant( 1172): WPS: attr type=0x1024 len=6
D/wpa_supplicant( 1172): WPS: attr type=0x1042 len=4
D/wpa_supplicant( 1172): WPS: attr type=0x1054 len=8
D/wpa_supplicant( 1172): WPS: attr type=0x1011 len=10
D/wpa_supplicant( 1172): WPS: attr type=0x1008 len=2
D/wpa_supplicant( 1172): WPS: attr type=0x103c len=1
D/wpa_supplicant( 1172): WPS: attr type=0x104a len=1
D/wpa_supplicant( 1172): WPS: attr type=0x1044 len=1
D/wpa_supplicant( 1172): WPS: attr type=0x1041 len=1
D/wpa_supplicant( 1172): WPS: attr type=0x103b len=1
D/wpa_supplicant( 1172): WPS: attr type=0x1047 len=16
D/wpa_supplicant( 1172): WPS: attr type=0x1021 len=8
D/wpa_supplicant( 1172): WPS: attr type=0x1023 len=8
D/wpa_supplicant( 1172): WPS: attr type=0x1024 len=6
D/wpa_supplicant( 1172): WPS: attr type=0x1042 len=4
D/wpa_supplicant( 1172): WPS: attr type=0x1054 len=8
D/wpa_supplicant( 1172): WPS: attr type=0x1011 len=10
D/wpa_supplicant( 1172): WPS: attr type=0x1008 len=2
D/wpa_supplicant( 1172): WPS: attr type=0x103c len=1
D/wpa_supplicant( 1172): WPS: attr type=0x104a len=1
D/wpa_supplicant( 1172): WPS: attr type=0x1044 len=1
D/wpa_supplicant( 1172): WPS: attr type=0x1041 len=1
D/wpa_supplicant( 1172): WPS: attr type=0x103b len=1
D/wpa_supplicant( 1172): WPS: attr type=0x1047 len=16
D/wpa_supplicant( 1172): WPS: attr type=0x1021 len=8
D/wpa_supplicant( 1172): WPS: attr type=0x1023 len=8
D/wpa_supplicant( 1172): WPS: attr type=0x1024 len=6
D/wpa_supplicant( 1172): WPS: attr type=0x1042 len=4
D/wpa_supplicant( 1172): WPS: attr type=0x1054 len=8
D/wpa_supplicant( 1172): WPS: attr type=0x1011 len=10
D/wpa_supplicant( 1172): WPS: attr type=0x1008 len=2
D/wpa_supplicant( 1172): WPS: attr type=0x103c len=1
I/PowerManagerService(  643): Waking up from sleep...
I/auditd  ( 1943): Starting up
I/WindowManager(  643): Lock screen displayed!
E/auditd  ( 1943): Failed on audit_set_pid with error: Protocol not supported
I/auditd  ( 1943): Exiting
E/Sensors (  643): SensorBase: write_attr failed to open /sys/class/compass/akm8975/accel (Permission denied)
E/WifiNative-wlan0(  643): doBoolean: disable
D/wpa_supplicant( 1172): RX ctrl_iface - hexdump(len=9): 53 45 54 20 70 6e 6f 20 30
D/wpa_supplicant( 1172): wlan0: Control interface command 'SET pno 0'
D/wpa_supplicant( 1172): CTRL_IFACE SET 'pno'='0'
D/wpa_supplicant( 1172): RX ctrl_iface - hexdump(len=23): 44 52 49 56 45 52 20 53 45 54 53 55 53 50 45 4e 44 4d 4f 44 45 20 30
D/wpa_supplicant( 1172): wlan0: Control interface command 'DRIVER SETSUSPENDMODE 0'
D/wpa_supplicant( 1172): wpa_driver_nl80211_driver_cmd  len = 0, 0
D/PowerManagerService-JNI(  643): Excessive delay in autosuspend_disable() while turning screen on: 238ms
D/SurfaceFlinger(  194): Screen acquired, type=0 flinger=0x4118f450
E/Sensors (  643): SensorBase: write_attr failed to open /sys/class/compass/akm8975/accel (Permission denied)
E/Sensors (  643): SensorBase: write_attr failed to open /sys/class/compass/akm8975/accel (Permission denied)
D/SurfaceControl(  643): Excessive delay in unblankDisplay() while turning screen on: 455ms
W/SurfaceFlinger(  194): HWC_FRAMEBUFFER_TARGET found in hwc list (index=0)
W/SurfaceFlinger(  194): HWC_FRAMEBUFFER_TARGET found in hwc list (index=1)
W/SurfaceFlinger(  194): HWC_FRAMEBUFFER_TARGET found in hwc list (index=2)
W/SurfaceFlinger(  194): HWC_FRAMEBUFFER_TARGET found in hwc list (index=0)
W/SurfaceFlinger(  194): HWC_FRAMEBUFFER_TARGET found in hwc list (index=1)
W/SurfaceFlinger(  194): HWC_FRAMEBUFFER_TARGET found in hwc list (index=2)
E/Sensors (  643): SensorBase: write_attr failed to open /sys/class/compass/akm8975/accel (Permission denied)
W/SurfaceFlinger(  194): HWC_FRAMEBUFFER_TARGET found in hwc list (index=0)
W/SurfaceFlinger(  194): HWC_FRAMEBUFFER_TARGET found in hwc list (index=1)
W/SurfaceFlinger(  194): HWC_FRAMEBUFFER_TARGET found in hwc list (index=2)
W/SurfaceFlinger(  194): HWC_FRAMEBUFFER_TARGET found in hwc list (index=0)
W/SurfaceFlinger(  194): HWC_FRAMEBUFFER_TARGET found in hwc list (index=1)
W/SurfaceFlinger(  194): HWC_FRAMEBUFFER_TARGET found in hwc list (index=2)
D/LightsService(  643): Excessive delay setting light: 116ms
W/SurfaceFlinger(  194): HWC_FRAMEBUFFER_TARGET found in hwc list (index=0)
W/SurfaceFlinger(  194): HWC_FRAMEBUFFER_TARGET found in hwc list (index=1)
W/SurfaceFlinger(  194): HWC_FRAMEBUFFER_TARGET found in hwc list (index=2)
W/SurfaceFlinger(  194): HWC_FRAMEBUFFER_TARGET found in hwc list (index=0)
W/SurfaceFlinger(  194): HWC_FRAMEBUFFER_TARGET found in hwc list (index=1)
W/SurfaceFlinger(  194): HWC_FRAMEBUFFER_TARGET found in hwc list (index=2)
W/SurfaceFlinger(  194): HWC_FRAMEBUFFER_TARGET found in hwc list (index=0)
W/SurfaceFlinger(  194): HWC_FRAMEBUFFER_TARGET found in hwc list (index=1)
W/SurfaceFlinger(  194): HWC_FRAMEBUFFER_TARGET found in hwc list (index=2)
W/SurfaceFlinger(  194): HWC_FRAMEBUFFER_TARGET found in hwc list (index=0)
W/SurfaceFlinger(  194): HWC_FRAMEBUFFER_TARGET found in hwc list (index=1)
W/SurfaceFlinger(  194): HWC_FRAMEBUFFER_TARGET found in hwc list (index=2)
E/Sensors (  643): SensorBase: write_attr failed to open /sys/class/compass/akm8975/accel (Permission denied)
W/SurfaceFlinger(  194): HWC_FRAMEBUFFER_TARGET found in hwc list (index=0)
W/SurfaceFlinger(  194): HWC_FRAMEBUFFER_TARGET found in hwc list (index=1)
W/SurfaceFlinger(  194): HWC_FRAMEBUFFER_TARGET found in hwc list (index=2)
W/SurfaceFlinger(  194): HWC_FRAMEBUFFER_TARGET found in hwc list (index=0)
W/SurfaceFlinger(  194): HWC_FRAMEBUFFER_TARGET found in hwc list (index=1)
W/SurfaceFlinger(  194): HWC_FRAMEBUFFER_TARGET found in hwc list (index=2)
W/SurfaceFlinger(  194): HWC_FRAMEBUFFER_TARGET found in hwc list (index=0)
W/SurfaceFlinger(  194): HWC_FRAMEBUFFER_TARGET found in hwc list (index=1)
W/SurfaceFlinger(  194): HWC_FRAMEBUFFER_TARGET found in hwc list (index=2)
W/SurfaceFlinger(  194): HWC_FRAMEBUFFER_TARGET found in hwc list (index=0)
W/SurfaceFlinger(  194): HWC_FRAMEBUFFER_TARGET found in hwc list (index=1)
W/SurfaceFlinger(  194): HWC_FRAMEBUFFER_TARGET found in hwc list (index=2)
W/SurfaceFlinger(  194): HWC_FRAMEBUFFER_TARGET found in hwc list (index=0)
W/SurfaceFlinger(  194): HWC_FRAMEBUFFER_TARGET found in hwc list (index=1)
W/SurfaceFlinger(  194): HWC_FRAMEBUFFER_TARGET found in hwc list (index=2)
W/SurfaceFlinger(  194): HWC_FRAMEBUFFER_TARGET found in hwc list (index=0)
W/SurfaceFlinger(  194): HWC_FRAMEBUFFER_TARGET found in hwc list (index=1)
W/SurfaceFlinger(  194): HWC_FRAMEBUFFER_TARGET found in hwc list (index=2)
W/SurfaceFlinger(  194): HWC_FRAMEBUFFER_TARGET found in hwc list (index=0)
W/SurfaceFlinger(  194): HWC_FRAMEBUFFER_TARGET found in hwc list (index=1)
W/SurfaceFlinger(  194): HWC_FRAMEBUFFER_TARGET found in hwc list (index=2)
E/Sensors (  643): SensorBase: write_attr failed to open /sys/class/compass/akm8975/accel (Permission denied)
W/SurfaceFlinger(  194): HWC_FRAMEBUFFER_TARGET found in hwc list (index=0)
W/SurfaceFlinger(  194): HWC_FRAMEBUFFER_TARGET found in hwc list (index=1)
W/SurfaceFlinger(  194): HWC_FRAMEBUFFER_TARGET found in hwc list (index=2)
W/SurfaceFlinger(  194): HWC_FRAMEBUFFER_TARGET found in hwc list (index=0)
W/SurfaceFlinger(  194): HWC_FRAMEBUFFER_TARGET found in hwc list (index=1)
W/SurfaceFlinger(  194): HWC_FRAMEBUFFER_TARGET found in hwc list (index=2)
W/SurfaceFlinger(  194): HWC_FRAMEBUFFER_TARGET found in hwc list (index=0)
W/SurfaceFlinger(  194): HWC_FRAMEBUFFER_TARGET found in hwc list (index=1)
W/SurfaceFlinger(  194): HWC_FRAMEBUFFER_TARGET found in hwc list (index=2)
W/SurfaceFlinger(  194): HWC_FRAMEBUFFER_TARGET found in hwc list (index=0)
W/SurfaceFlinger(  194): HWC_FRAMEBUFFER_TARGET found in hwc list (index=1)
W/SurfaceFlinger(  194): HWC_FRAMEBUFFER_TARGET found in hwc list (index=2)
W/SurfaceFlinger(  194): HWC_FRAMEBUFFER_TARGET found in hwc list (index=0)
W/SurfaceFlinger(  194): HWC_FRAMEBUFFER_TARGET found in hwc list (index=1)
W/SurfaceFlinger(  194): HWC_FRAMEBUFFER_TARGET found in hwc list (index=2)
W/SurfaceFlinger(  194): HWC_FRAMEBUFFER_TARGET found in hwc list (index=0)
W/SurfaceFlinger(  194): HWC_FRAMEBUFFER_TARGET found in hwc list (index=1)
W/SurfaceFlinger(  194): HWC_FRAMEBUFFER_TARGET found in hwc list (index=2)
W/SurfaceFlinger(  194): HWC_FRAMEBUFFER_TARGET found in hwc list (index=0)
W/SurfaceFlinger(  194): HWC_FRAMEBUFFER_TARGET found in hwc list (index=1)
W/SurfaceFlinger(  194): HWC_FRAMEBUFFER_TARGET found in hwc list (index=2)
E/Sensors (  643): SensorBase: write_attr failed to open /sys/class/compass/akm8975/accel (Permission denied)
W/SurfaceFlinger(  194): HWC_FRAMEBUFFER_TARGET found in hwc list (index=0)
W/SurfaceFlinger(  194): HWC_FRAMEBUFFER_TARGET found in hwc list (index=1)
W/SurfaceFlinger(  194): HWC_FRAMEBUFFER_TARGET found in hwc list (index=2)
W/SurfaceFlinger(  194): HWC_FRAMEBUFFER_TARGET found in hwc list (index=0)
W/SurfaceFlinger(  194): HWC_FRAMEBUFFER_TARGET found in hwc list (index=1)
W/SurfaceFlinger(  194): HWC_FRAMEBUFFER_TARGET found in hwc list (index=2)
E/Sensors (  643): SensorBase: write_attr failed to open /sys/class/compass/akm8975/accel (Permission denied)
E/Sensors (  643): SensorBase: write_attr failed to open /sys/class/compass/akm8975/accel (Permission denied)
E/Sensors (  643): SensorBase: write_attr failed to open /sys/class/compass/akm8975/accel (Permission denied)
W/SurfaceFlinger(  194): HWC_FRAMEBUFFER_TARGET found in hwc list (index=0)
W/SurfaceFlinger(  194): HWC_FRAMEBUFFER_TARGET found in hwc list (index=1)
W/SurfaceFlinger(  194): HWC_FRAMEBUFFER_TARGET found in hwc list (index=2)
E/Sensors (  643): SensorBase: write_attr failed to open /sys/class/compass/akm8975/accel (Permission denied)
W/SurfaceFlinger(  194): HWC_FRAMEBUFFER_TARGET found in hwc list (index=0)
W/SurfaceFlinger(  194): HWC_FRAMEBUFFER_TARGET found in hwc list (index=1)
W/SurfaceFlinger(  194): HWC_FRAMEBUFFER_TARGET found in hwc list (index=2)
W/SurfaceFlinger(  194): HWC_FRAMEBUFFER_TARGET found in hwc list (index=0)
W/SurfaceFlinger(  194): HWC_FRAMEBUFFER_TARGET found in hwc list (index=1)
W/SurfaceFlinger(  194): HWC_FRAMEBUFFER_TARGET found in hwc list (index=2)
W/SurfaceFlinger(  194): HWC_FRAMEBUFFER_TARGET found in hwc list (index=0)
W/SurfaceFlinger(  194): HWC_FRAMEBUFFER_TARGET found in hwc list (index=1)
W/SurfaceFlinger(  194): HWC_FRAMEBUFFER_TARGET found in hwc list (index=2)
W/SurfaceFlinger(  194): HWC_FRAMEBUFFER_TARGET found in hwc list (index=0)
W/SurfaceFlinger(  194): HWC_FRAMEBUFFER_TARGET found in hwc list (index=1)
W/SurfaceFlinger(  194): HWC_FRAMEBUFFER_TARGET found in hwc list (index=2)
W/SurfaceFlinger(  194): HWC_FRAMEBUFFER_TARGET found in hwc list (index=0)
W/SurfaceFlinger(  194): HWC_FRAMEBUFFER_TARGET found in hwc list (index=1)
W/SurfaceFlinger(  194): HWC_FRAMEBUFFER_TARGET found in hwc list (index=2)
E/Sensors (  643): SensorBase: write_attr failed to open /sys/class/compass/akm8975/accel (Permission denied)
W/SurfaceFlinger(  194): HWC_FRAMEBUFFER_TARGET found in hwc list (index=0)
W/SurfaceFlinger(  194): HWC_FRAMEBUFFER_TARGET found in hwc list (index=1)
W/SurfaceFlinger(  194): HWC_FRAMEBUFFER_TARGET found in hwc list (index=2)
W/SurfaceFlinger(  194): HWC_FRAMEBUFFER_TARGET found in hwc list (index=0)
W/SurfaceFlinger(  194): HWC_FRAMEBUFFER_TARGET found in hwc list (index=1)
W/SurfaceFlinger(  194): HWC_FRAMEBUFFER_TARGET found in hwc list (index=2)
W/SurfaceFlinger(  194): HWC_FRAMEBUFFER_TARGET found in hwc list (index=0)
W/SurfaceFlinger(  194): HWC_FRAMEBUFFER_TARGET found in hwc list (index=1)
W/SurfaceFlinger(  194): HWC_FRAMEBUFFER_TARGET found in hwc list (index=2)
W/SurfaceFlinger(  194): HWC_FRAMEBUFFER_TARGET found in hwc list (index=0)
W/SurfaceFlinger(  194): HWC_FRAMEBUFFER_TARGET found in hwc list (index=1)
W/SurfaceFlinger(  194): HWC_FRAMEBUFFER_TARGET found in hwc list (index=2)
W/SurfaceFlinger(  194): HWC_FRAMEBUFFER_TARGET found in hwc list (index=0)
W/SurfaceFlinger(  194): HWC_FRAMEBUFFER_TARGET found in hwc list (index=1)
W/SurfaceFlinger(  194): HWC_FRAMEBUFFER_TARGET found in hwc list (index=2)
E/Sensors (  643): SensorBase: write_attr failed to open /sys/class/compass/akm8975/accel (Permission denied)
W/SurfaceFlinger(  194): HWC_FRAMEBUFFER_TARGET found in hwc list (index=0)
W/SurfaceFlinger(  194): HWC_FRAMEBUFFER_TARGET found in hwc list (index=1)
W/SurfaceFlinger(  194): HWC_FRAMEBUFFER_TARGET found in hwc list (index=2)
W/SurfaceFlinger(  194): HWC_FRAMEBUFFER_TARGET found in hwc list (index=0)
W/SurfaceFlinger(  194): HWC_FRAMEBUFFER_TARGET found in hwc list (index=1)
W/SurfaceFlinger(  194): HWC_FRAMEBUFFER_TARGET found in hwc list (index=2)
W/SurfaceFlinger(  194): HWC_FRAMEBUFFER_TARGET found in hwc list (index=0)
W/SurfaceFlinger(  194): HWC_FRAMEBUFFER_TARGET found in hwc list (index=1)
W/SurfaceFlinger(  194): HWC_FRAMEBUFFER_TARGET found in hwc list (index=2)
W/SurfaceFlinger(  194): HWC_FRAMEBUFFER_TARGET found in hwc list (index=0)
W/SurfaceFlinger(  194): HWC_FRAMEBUFFER_TARGET found in hwc list (index=1)
W/SurfaceFlinger(  194): HWC_FRAMEBUFFER_TARGET found in hwc list (index=2)
W/SurfaceFlinger(  194): HWC_FRAMEBUFFER_TARGET found in hwc list (index=0)
W/SurfaceFlinger(  194): HWC_FRAMEBUFFER_TARGET found in hwc list (index=1)
W/SurfaceFlinger(  194): HWC_FRAMEBUFFER_TARGET found in hwc list (index=2)
E/Sensors (  643): SensorBase: write_attr failed to open /sys/class/compass/akm8975/accel (Permission denied)
W/SurfaceFlinger(  194): HWC_FRAMEBUFFER_TARGET found in hwc list (index=0)
W/SurfaceFlinger(  194): HWC_FRAMEBUFFER_TARGET found in hwc list (index=1)
W/SurfaceFlinger(  194): HWC_FRAMEBUFFER_TARGET found in hwc list (index=2)
W/SurfaceFlinger(  194): HWC_FRAMEBUFFER_TARGET found in hwc list (index=0)
W/SurfaceFlinger(  194): HWC_FRAMEBUFFER_TARGET found in hwc list (index=1)
W/SurfaceFlinger(  194): HWC_FRAMEBUFFER_TARGET found in hwc list (index=2)
W/SurfaceFlinger(  194): HWC_FRAMEBUFFER_TARGET found in hwc list (index=0)
W/SurfaceFlinger(  194): HWC_FRAMEBUFFER_TARGET found in hwc list (index=1)
W/SurfaceFlinger(  194): HWC_FRAMEBUFFER_TARGET found in hwc list (index=2)
W/SurfaceFlinger(  194): HWC_FRAMEBUFFER_TARGET found in hwc list (index=0)
W/SurfaceFlinger(  194): HWC_FRAMEBUFFER_TARGET found in hwc list (index=1)
W/SurfaceFlinger(  194): HWC_FRAMEBUFFER_TARGET found in hwc list (index=2)
W/SurfaceFlinger(  194): HWC_FRAMEBUFFER_TARGET found in hwc list (index=0)
W/SurfaceFlinger(  194): HWC_FRAMEBUFFER_TARGET found in hwc list (index=1)
W/SurfaceFlinger(  194): HWC_FRAMEBUFFER_TARGET found in hwc list (index=2)
W/SurfaceFlinger(  194): HWC_FRAMEBUFFER_TARGET found in hwc list (index=0)
W/SurfaceFlinger(  194): HWC_FRAMEBUFFER_TARGET found in hwc list (index=1)
W/SurfaceFlinger(  194): HWC_FRAMEBUFFER_TARGET found in hwc list (index=2)
E/Sensors (  643): SensorBase: write_attr failed to open /sys/class/compass/akm8975/accel (Permission denied)
W/SurfaceFlinger(  194): HWC_FRAMEBUFFER_TARGET found in hwc list (index=0)
W/SurfaceFlinger(  194): HWC_FRAMEBUFFER_TARGET found in hwc list (index=1)
W/SurfaceFlinger(  194): HWC_FRAMEBUFFER_TARGET found in hwc list (index=2)
W/SurfaceFlinger(  194): HWC_FRAMEBUFFER_TARGET found in hwc list (index=0)
W/SurfaceFlinger(  194): HWC_FRAMEBUFFER_TARGET found in hwc list (index=1)
W/SurfaceFlinger(  194): HWC_FRAMEBUFFER_TARGET found in hwc list (index=2)
W/SurfaceFlinger(  194): HWC_FRAMEBUFFER_TARGET found in hwc list (index=0)
W/SurfaceFlinger(  194): HWC_FRAMEBUFFER_TARGET found in hwc list (index=1)
W/SurfaceFlinger(  194): HWC_FRAMEBUFFER_TARGET found in hwc list (index=2)
W/SurfaceFlinger(  194): HWC_FRAMEBUFFER_TARGET found in hwc list (index=0)
W/SurfaceFlinger(  194): HWC_FRAMEBUFFER_TARGET found in hwc list (index=1)
W/SurfaceFlinger(  194): HWC_FRAMEBUFFER_TARGET found in hwc list (index=2)
W/SurfaceFlinger(  194): HWC_FRAMEBUFFER_TARGET found in hwc list (index=0)
W/SurfaceFlinger(  194): HWC_FRAMEBUFFER_TARGET found in hwc list (index=1)
W/SurfaceFlinger(  194): HWC_FRAMEBUFFER_TARGET found in hwc list (index=2)
W/SurfaceFlinger(  194): HWC_FRAMEBUFFER_TARGET found in hwc list (index=0)
W/SurfaceFlinger(  194): HWC_FRAMEBUFFER_TARGET found in hwc list (index=1)
W/SurfaceFlinger(  194): HWC_FRAMEBUFFER_TARGET found in hwc list (index=2)
E/Sensors (  643): SensorBase: write_attr failed to open /sys/class/compass/akm8975/accel (Permission denied)
W/SurfaceFlinger(  194): HWC_FRAMEBUFFER_TARGET found in hwc list (index=0)
W/SurfaceFlinger(  194): HWC_FRAMEBUFFER_TARGET found in hwc list (index=1)
W/SurfaceFlinger(  194): HWC_FRAMEBUFFER_TARGET found in hwc list (index=2)
W/SurfaceFlinger(  194): HWC_FRAMEBUFFER_TARGET found in hwc list (index=0)
W/SurfaceFlinger(  194): HWC_FRAMEBUFFER_TARGET found in hwc list (index=1)
W/SurfaceFlinger(  194): HWC_FRAMEBUFFER_TARGET found in hwc list (index=2)
W/SurfaceFlinger(  194): HWC_FRAMEBUFFER_TARGET found in hwc list (index=0)
W/SurfaceFlinger(  194): HWC_FRAMEBUFFER_TARGET found in hwc list (index=1)
W/SurfaceFlinger(  194): HWC_FRAMEBUFFER_TARGET found in hwc list (index=2)
W/SurfaceFlinger(  194): HWC_FRAMEBUFFER_TARGET found in hwc list (index=0)
W/SurfaceFlinger(  194): HWC_FRAMEBUFFER_TARGET found in hwc list (index=1)
W/SurfaceFlinger(  194): HWC_FRAMEBUFFER_TARGET found in hwc list (index=2)
E/Sensors (  643): SensorBase: write_attr failed to open /sys/class/compass/akm8975/accel (Permission denied)
W/SurfaceFlinger(  194): HWC_FRAMEBUFFER_TARGET found in hwc list (index=0)
W/SurfaceFlinger(  194): HWC_FRAMEBUFFER_TARGET found in hwc list (index=1)
W/SurfaceFlinger(  194): HWC_FRAMEBUFFER_TARGET found in hwc list (index=2)
W/SurfaceFlinger(  194): HWC_FRAMEBUFFER_TARGET found in hwc list (index=0)
W/SurfaceFlinger(  194): HWC_FRAMEBUFFER_TARGET found in hwc list (index=1)
W/SurfaceFlinger(  194): HWC_FRAMEBUFFER_TARGET found in hwc list (index=2)
W/SurfaceFlinger(  194): HWC_FRAMEBUFFER_TARGET found in hwc list (index=0)
W/SurfaceFlinger(  194): HWC_FRAMEBUFFER_TARGET found in hwc list (index=1)
W/SurfaceFlinger(  194): HWC_FRAMEBUFFER_TARGET found in hwc list (index=2)
W/SurfaceFlinger(  194): HWC_FRAMEBUFFER_TARGET found in hwc list (index=0)
W/SurfaceFlinger(  194): HWC_FRAMEBUFFER_TARGET found in hwc list (index=1)
W/SurfaceFlinger(  194): HWC_FRAMEBUFFER_TARGET found in hwc list (index=2)
E/Sensors (  643): SensorBase: write_attr failed to open /sys/class/compass/akm8975/accel (Permission denied)
W/SurfaceFlinger(  194): HWC_FRAMEBUFFER_TARGET found in hwc list (index=0)
W/SurfaceFlinger(  194): HWC_FRAMEBUFFER_TARGET found in hwc list (index=1)
W/SurfaceFlinger(  194): HWC_FRAMEBUFFER_TARGET found in hwc list (index=2)
E/Sensors (  643): SensorBase: write_attr failed to open /sys/class/compass/akm8975/accel (Permission denied)
D/PhoneStatusBar( 1208): disable: < expand icons alerts ticker system_info back* home* recent* clock* search* >
W/SurfaceFlinger(  194): HWC_FRAMEBUFFER_TARGET found in hwc list (index=0)
W/SurfaceFlinger(  194): HWC_FRAMEBUFFER_TARGET found in hwc list (index=1)
W/SurfaceFlinger(  194): HWC_FRAMEBUFFER_TARGET found in hwc list (index=2)
E/Sensors (  643): SensorBase: write_attr failed to open /sys/class/compass/akm8975/accel (Permission denied)
W/SurfaceFlinger(  194): HWC_FRAMEBUFFER_TARGET found in hwc list (index=0)
W/SurfaceFlinger(  194): HWC_FRAMEBUFFER_TARGET found in hwc list (index=1)
E/Sensors (  643): SensorBase: write_attr failed to open /sys/class/compass/akm8975/accel (Permission denied)
W/SurfaceFlinger(  194): HWC_FRAMEBUFFER_TARGET found in hwc list (index=0)
W/SurfaceFlinger(  194): HWC_FRAMEBUFFER_TARGET found in hwc list (index=1)
W/SurfaceFlinger(  194): HWC_FRAMEBUFFER_TARGET found in hwc list (index=2)
E/Sensors (  643): SensorBase: write_attr failed to open /sys/class/compass/akm8975/accel (Permission denied)
W/InputMethodManagerService(  643): Window already focused, ignoring focus gain of: com.android.internal.view.IInputMethodClient$Stub$Proxy@41f978a0 attribute=android.view.inputmethod.EditorInfo@41e3efe8, token = android.os.BinderProxy@41be4b98
W/SurfaceFlinger(  194): HWC_FRAMEBUFFER_TARGET found in hwc list (index=0)
W/SurfaceFlinger(  194): HWC_FRAMEBUFFER_TARGET found in hwc list (index=1)
W/SurfaceFlinger(  194): HWC_FRAMEBUFFER_TARGET found in hwc list (index=2)
I/ActivityManager( 1393): Timeline: Activity_idle id: android.os.BinderProxy@41af0198 time:251347
W/SurfaceFlinger(  194): HWC_FRAMEBUFFER_TARGET found in hwc list (index=0)
W/SurfaceFlinger(  194): HWC_FRAMEBUFFER_TARGET found in hwc list (index=1)
W/SurfaceFlinger(  194): HWC_FRAMEBUFFER_TARGET found in hwc list (index=2)
E/Sensors (  643): SensorBase: write_attr failed to open /sys/class/compass/akm8975/accel (Permission denied)
E/Sensors (  643): SensorBase: write_attr failed to open /sys/class/compass/akm8975/accel (Permission denied)
E/Sensors (  643): SensorBase: write_attr failed to open /sys/class/compass/akm8975/accel (Permission denied)
E/Sensors (  643): SensorBase: write_attr failed to open /sys/class/compass/akm8975/accel (Permission denied)
I/auditd  ( 1949): Starting up
E/auditd  ( 1949): Failed on audit_set_pid with error: Protocol not supported
I/auditd  ( 1949): Exiting
E/Sensors (  643): SensorBase: write_attr failed to open /sys/class/compass/akm8975/accel (Permission denied)
E/Sensors (  643): SensorBase: write_attr failed to open /sys/class/compass/akm8975/accel (Permission denied)
W/SurfaceFlinger(  194): HWC_FRAMEBUFFER_TARGET found in hwc list (index=0)
W/SurfaceFlinger(  194): HWC_FRAMEBUFFER_TARGET found in hwc list (index=1)
W/SurfaceFlinger(  194): HWC_FRAMEBUFFER_TARGET found in hwc list (index=2)
W/SurfaceFlinger(  194): HWC_FRAMEBUFFER_TARGET found in hwc list (index=0)
W/SurfaceFlinger(  194): HWC_FRAMEBUFFER_TARGET found in hwc list (index=1)
W/SurfaceFlinger(  194): HWC_FRAMEBUFFER_TARGET found in hwc list (index=2)
W/SurfaceFlinger(  194): HWC_FRAMEBUFFER_TARGET found in hwc list (index=0)
W/SurfaceFlinger(  194): HWC_FRAMEBUFFER_TARGET found in hwc list (index=1)
W/SurfaceFlinger(  194): HWC_FRAMEBUFFER_TARGET found in hwc list (index=2)
E/Sensors (  643): SensorBase: write_attr failed to open /sys/class/compass/akm8975/accel (Permission denied)
W/SurfaceFlinger(  194): HWC_FRAMEBUFFER_TARGET found in hwc list (index=0)
W/SurfaceFlinger(  194): HWC_FRAMEBUFFER_TARGET found in hwc list (index=1)
W/SurfaceFlinger(  194): HWC_FRAMEBUFFER_TARGET found in hwc list (index=2)
W/SurfaceFlinger(  194): HWC_FRAMEBUFFER_TARGET found in hwc list (index=0)
W/SurfaceFlinger(  194): HWC_FRAMEBUFFER_TARGET found in hwc list (index=1)
W/SurfaceFlinger(  194): HWC_FRAMEBUFFER_TARGET found in hwc list (index=2)
W/SurfaceFlinger(  194): HWC_FRAMEBUFFER_TARGET found in hwc list (index=0)
W/SurfaceFlinger(  194): HWC_FRAMEBUFFER_TARGET found in hwc list (index=1)
W/SurfaceFlinger(  194): HWC_FRAMEBUFFER_TARGET found in hwc list (index=2)
W/SurfaceFlinger(  194): HWC_FRAMEBUFFER_TARGET found in hwc list (index=0)
W/SurfaceFlinger(  194): HWC_FRAMEBUFFER_TARGET found in hwc list (index=1)
W/SurfaceFlinger(  194): HWC_FRAMEBUFFER_TARGET found in hwc list (index=2)
E/Sensors (  643): SensorBase: write_attr failed to open /sys/class/compass/akm8975/accel (Permission denied)
W/SurfaceFlinger(  194): HWC_FRAMEBUFFER_TARGET found in hwc list (index=0)
W/SurfaceFlinger(  194): HWC_FRAMEBUFFER_TARGET found in hwc list (index=1)
W/SurfaceFlinger(  194): HWC_FRAMEBUFFER_TARGET found in hwc list (index=2)
W/SurfaceFlinger(  194): HWC_FRAMEBUFFER_TARGET found in hwc list (index=0)
W/SurfaceFlinger(  194): HWC_FRAMEBUFFER_TARGET found in hwc list (index=1)
W/SurfaceFlinger(  194): HWC_FRAMEBUFFER_TARGET found in hwc list (index=2)
W/SurfaceFlinger(  194): HWC_FRAMEBUFFER_TARGET found in hwc list (index=0)
W/SurfaceFlinger(  194): HWC_FRAMEBUFFER_TARGET found in hwc list (index=1)
W/SurfaceFlinger(  194): HWC_FRAMEBUFFER_TARGET found in hwc list (index=2)
W/SurfaceFlinger(  194): HWC_FRAMEBUFFER_TARGET found in hwc list (index=0)
W/SurfaceFlinger(  194): HWC_FRAMEBUFFER_TARGET found in hwc list (index=1)
W/SurfaceFlinger(  194): HWC_FRAMEBUFFER_TARGET found in hwc list (index=2)
W/SurfaceFlinger(  194): HWC_FRAMEBUFFER_TARGET found in hwc list (index=0)
W/SurfaceFlinger(  194): HWC_FRAMEBUFFER_TARGET found in hwc list (index=1)
W/SurfaceFlinger(  194): HWC_FRAMEBUFFER_TARGET found in hwc list (index=2)
E/Sensors (  643): SensorBase: write_attr failed to open /sys/class/compass/akm8975/accel (Permission denied)
W/SurfaceFlinger(  194): HWC_FRAMEBUFFER_TARGET found in hwc list (index=0)
W/SurfaceFlinger(  194): HWC_FRAMEBUFFER_TARGET found in hwc list (index=1)
W/SurfaceFlinger(  194): HWC_FRAMEBUFFER_TARGET found in hwc list (index=2)
W/SurfaceFlinger(  194): HWC_FRAMEBUFFER_TARGET found in hwc list (index=0)
W/SurfaceFlinger(  194): HWC_FRAMEBUFFER_TARGET found in hwc list (index=1)
W/SurfaceFlinger(  194): HWC_FRAMEBUFFER_TARGET found in hwc list (index=2)
W/SurfaceFlinger(  194): HWC_FRAMEBUFFER_TARGET found in hwc list (index=0)
W/SurfaceFlinger(  194): HWC_FRAMEBUFFER_TARGET found in hwc list (index=1)
W/SurfaceFlinger(  194): HWC_FRAMEBUFFER_TARGET found in hwc list (index=2)
W/SurfaceFlinger(  194): HWC_FRAMEBUFFER_TARGET found in hwc list (index=0)
W/SurfaceFlinger(  194): HWC_FRAMEBUFFER_TARGET found in hwc list (index=1)
W/SurfaceFlinger(  194): HWC_FRAMEBUFFER_TARGET found in hwc list (index=2)
E/Sensors (  643): SensorBase: write_attr failed to open /sys/class/compass/akm8975/accel (Permission denied)
W/SurfaceFlinger(  194): HWC_FRAMEBUFFER_TARGET found in hwc list (index=0)
W/SurfaceFlinger(  194): HWC_FRAMEBUFFER_TARGET found in hwc list (index=1)
W/SurfaceFlinger(  194): HWC_FRAMEBUFFER_TARGET found in hwc list (index=2)
W/SurfaceFlinger(  194): HWC_FRAMEBUFFER_TARGET found in hwc list (index=0)
W/SurfaceFlinger(  194): HWC_FRAMEBUFFER_TARGET found in hwc list (index=1)
W/SurfaceFlinger(  194): HWC_FRAMEBUFFER_TARGET found in hwc list (index=2)
W/SurfaceFlinger(  194): HWC_FRAMEBUFFER_TARGET found in hwc list (index=0)
W/SurfaceFlinger(  194): HWC_FRAMEBUFFER_TARGET found in hwc list (index=1)
W/SurfaceFlinger(  194): HWC_FRAMEBUFFER_TARGET found in hwc list (index=2)
W/SurfaceFlinger(  194): HWC_FRAMEBUFFER_TARGET found in hwc list (index=0)
W/SurfaceFlinger(  194): HWC_FRAMEBUFFER_TARGET found in hwc list (index=1)
W/SurfaceFlinger(  194): HWC_FRAMEBUFFER_TARGET found in hwc list (index=2)
E/Sensors (  643): SensorBase: write_attr failed to open /sys/class/compass/akm8975/accel (Permission denied)
W/SurfaceFlinger(  194): HWC_FRAMEBUFFER_TARGET found in hwc list (index=0)
W/SurfaceFlinger(  194): HWC_FRAMEBUFFER_TARGET found in hwc list (index=1)
W/SurfaceFlinger(  194): HWC_FRAMEBUFFER_TARGET found in hwc list (index=2)
V/PanelView( 1208): animationTick called with dtms=0; nothing to do (h=854.0 v=578.5442)
V/PanelView( 1208): animationTick called with dtms=-6; nothing to do (h=854.0 v=578.5442)
W/SurfaceFlinger(  194): HWC_FRAMEBUFFER_TARGET found in hwc list (index=0)
W/SurfaceFlinger(  194): HWC_FRAMEBUFFER_TARGET found in hwc list (index=1)
W/SurfaceFlinger(  194): HWC_FRAMEBUFFER_TARGET found in hwc list (index=2)
W/SurfaceFlinger(  194): HWC_FRAMEBUFFER_TARGET found in hwc list (index=0)
W/SurfaceFlinger(  194): HWC_FRAMEBUFFER_TARGET found in hwc list (index=1)
W/SurfaceFlinger(  194): HWC_FRAMEBUFFER_TARGET found in hwc list (index=2)
W/SurfaceFlinger(  194): HWC_FRAMEBUFFER_TARGET found in hwc list (index=0)
W/SurfaceFlinger(  194): HWC_FRAMEBUFFER_TARGET found in hwc list (index=1)
W/SurfaceFlinger(  194): HWC_FRAMEBUFFER_TARGET found in hwc list (index=2)
E/Sensors (  643): SensorBase: write_attr failed to open /sys/class/compass/akm8975/accel (Permission denied)
E/Sensors (  643): SensorBase: write_attr failed to open /sys/class/compass/akm8975/accel (Permission denied)
E/Sensors (  643): SensorBase: write_attr failed to open /sys/class/compass/akm8975/accel (Permission denied)
E/Sensors (  643): SensorBase: write_attr failed to open /sys/class/compass/akm8975/accel (Permission denied)
E/Sensors (  643): SensorBase: write_attr failed to open /sys/class/compass/akm8975/accel (Permission denied)
E/Sensors (  643): SensorBase: write_attr failed to open /sys/class/compass/akm8975/accel (Permission denied)
E/Sensors (  643): SensorBase: write_attr failed to open /sys/class/compass/akm8975/accel (Permission denied)
E/Sensors (  643): SensorBase: write_attr failed to open /sys/class/compass/akm8975/accel (Permission denied)
E/Sensors (  643): SensorBase: write_attr failed to open /sys/class/compass/akm8975/accel (Permission denied)
W/SurfaceFlinger(  194): HWC_FRAMEBUFFER_TARGET found in hwc list (index=0)
W/SurfaceFlinger(  194): HWC_FRAMEBUFFER_TARGET found in hwc list (index=1)
W/SurfaceFlinger(  194): HWC_FRAMEBUFFER_TARGET found in hwc list (index=2)
E/AudioResamplerSinc(  197): Could not open audio-resampler library: dlopen failed: library "libaudio-resampler.so" not found
W/SurfaceFlinger(  194): HWC_FRAMEBUFFER_TARGET found in hwc list (index=0)
W/SurfaceFlinger(  194): HWC_FRAMEBUFFER_TARGET found in hwc list (index=1)
W/SurfaceFlinger(  194): HWC_FRAMEBUFFER_TARGET found in hwc list (index=2)
E/Sensors (  643): SensorBase: write_attr failed to open /sys/class/compass/akm8975/accel (Permission denied)
W/SurfaceFlinger(  194): HWC_FRAMEBUFFER_TARGET found in hwc list (index=0)
W/SurfaceFlinger(  194): HWC_FRAMEBUFFER_TARGET found in hwc list (index=1)
W/SurfaceFlinger(  194): HWC_FRAMEBUFFER_TARGET found in hwc list (index=2)
W/SurfaceFlinger(  194): HWC_FRAMEBUFFER_TARGET found in hwc list (index=0)
W/SurfaceFlinger(  194): HWC_FRAMEBUFFER_TARGET found in hwc list (index=1)
W/SurfaceFlinger(  194): HWC_FRAMEBUFFER_TARGET found in hwc list (index=2)
W/SurfaceFlinger(  194): HWC_FRAMEBUFFER_TARGET found in hwc list (index=0)
W/SurfaceFlinger(  194): HWC_FRAMEBUFFER_TARGET found in hwc list (index=1)
W/SurfaceFlinger(  194): HWC_FRAMEBUFFER_TARGET found in hwc list (index=2)
W/SurfaceFlinger(  194): HWC_FRAMEBUFFER_TARGET found in hwc list (index=0)
W/SurfaceFlinger(  194): HWC_FRAMEBUFFER_TARGET found in hwc list (index=1)
W/SurfaceFlinger(  194): HWC_FRAMEBUFFER_TARGET found in hwc list (index=2)
W/SurfaceFlinger(  194): HWC_FRAMEBUFFER_TARGET found in hwc list (index=0)
W/SurfaceFlinger(  194): HWC_FRAMEBUFFER_TARGET found in hwc list (index=1)
W/SurfaceFlinger(  194): HWC_FRAMEBUFFER_TARGET found in hwc list (index=2)
E/Sensors (  643): SensorBase: write_attr failed to open /sys/class/compass/akm8975/accel (Permission denied)
W/SurfaceFlinger(  194): HWC_FRAMEBUFFER_TARGET found in hwc list (index=0)
W/SurfaceFlinger(  194): HWC_FRAMEBUFFER_TARGET found in hwc list (index=1)
W/SurfaceFlinger(  194): HWC_FRAMEBUFFER_TARGET found in hwc list (index=2)
W/SurfaceFlinger(  194): HWC_FRAMEBUFFER_TARGET found in hwc list (index=0)
W/SurfaceFlinger(  194): HWC_FRAMEBUFFER_TARGET found in hwc list (index=1)
W/SurfaceFlinger(  194): HWC_FRAMEBUFFER_TARGET found in hwc list (index=2)
W/SurfaceFlinger(  194): HWC_FRAMEBUFFER_TARGET found in hwc list (index=0)
W/SurfaceFlinger(  194): HWC_FRAMEBUFFER_TARGET found in hwc list (index=1)
W/SurfaceFlinger(  194): HWC_FRAMEBUFFER_TARGET found in hwc list (index=2)
W/SurfaceFlinger(  194): HWC_FRAMEBUFFER_TARGET found in hwc list (index=0)
W/SurfaceFlinger(  194): HWC_FRAMEBUFFER_TARGET found in hwc list (index=1)
W/SurfaceFlinger(  194): HWC_FRAMEBUFFER_TARGET found in hwc list (index=2)
E/Sensors (  643): SensorBase: write_attr failed to open /sys/class/compass/akm8975/accel (Permission denied)
W/SurfaceFlinger(  194): HWC_FRAMEBUFFER_TARGET found in hwc list (index=0)
W/SurfaceFlinger(  194): HWC_FRAMEBUFFER_TARGET found in hwc list (index=1)
W/SurfaceFlinger(  194): HWC_FRAMEBUFFER_TARGET found in hwc list (index=2)
W/SurfaceFlinger(  194): HWC_FRAMEBUFFER_TARGET found in hwc list (index=0)
W/SurfaceFlinger(  194): HWC_FRAMEBUFFER_TARGET found in hwc list (index=1)
W/SurfaceFlinger(  194): HWC_FRAMEBUFFER_TARGET found in hwc list (index=2)
E/Sensors (  643): SensorBase: write_attr failed to open /sys/class/compass/akm8975/accel (Permission denied)
E/Sensors (  643): SensorBase: write_attr failed to open /sys/class/compass/akm8975/accel (Permission denied)
E/Sensors (  643): SensorBase: write_attr failed to open /sys/class/compass/akm8975/accel (Permission denied)
E/Sensors (  643): SensorBase: write_attr failed to open /sys/class/compass/akm8975/accel (Permission denied)
W/SurfaceFlinger(  194): HWC_FRAMEBUFFER_TARGET found in hwc list (index=0)
W/SurfaceFlinger(  194): HWC_FRAMEBUFFER_TARGET found in hwc list (index=1)
W/SurfaceFlinger(  194): HWC_FRAMEBUFFER_TARGET found in hwc list (index=2)
I/ActivityManager(  643): START u0 {act=android.settings.SETTINGS flg=0x14000000 cmp=com.android.settings/.Settings} from pid 1208
E/Sensors (  643): SensorBase: write_attr failed to open /sys/class/compass/akm8975/accel (Permission denied)
W/SurfaceFlinger(  194): HWC_FRAMEBUFFER_TARGET found in hwc list (index=0)
W/SurfaceFlinger(  194): HWC_FRAMEBUFFER_TARGET found in hwc list (index=1)
W/SurfaceFlinger(  194): HWC_FRAMEBUFFER_TARGET found in hwc list (index=2)
E/libgenlock(  194): perform_lock_unlock_operation: GENLOCK_IOC_DREADLOCK failed (lockType0x2,err=Bad file number fd=71)
W/Adreno200-EGLSUB(  194): <LockImage:1938>: genlock_lock_buffer GENLOCK_READ_LOCK failed
W/Adreno200-ES20(  194): <qgl2DrvAPI_glEGLImageTargetTexture2DOES:3878>: GL_INVALID_OPERATION
E/SurfaceFlinger(  194): glCheckFramebufferStatusOES error 36054
E/SurfaceFlinger(  194): got GL_FRAMEBUFFER_COMPLETE_OES error while taking screenshot
E/libgenlock(  194): perform_lock_unlock_operation: GENLOCK_IOC_DREADLOCK failed (lockType0x0,err=Bad file number fd=71)
W/Adreno200-EGLSUB(  194): <UnlockImage:1965>: genlock_unlock_buffer failed
W/WindowManager(  643): Screenshot failure taking screenshot for (246x437) to layer 21005
D/InitAlarmsService( 1682): Clearing and rescheduling alarms.
V/PanelView( 1208): animationTick called with dtms=0; nothing to do (h=854.0 v=-3000.0)
E/Sensors (  643): SensorBase: write_attr failed to open /sys/class/compass/akm8975/accel (Permission denied)
W/GLConsumer(  194): [StatusBar] bindTextureImage: clearing GL error: 0x502
W/SurfaceFlinger(  194): HWC_FRAMEBUFFER_TARGET found in hwc list (index=0)
W/SurfaceFlinger(  194): HWC_FRAMEBUFFER_TARGET found in hwc list (index=1)
W/SurfaceFlinger(  194): HWC_FRAMEBUFFER_TARGET found in hwc list (index=2)
W/SurfaceFlinger(  194): HWC_FRAMEBUFFER_TARGET found in hwc list (index=0)
W/SurfaceFlinger(  194): HWC_FRAMEBUFFER_TARGET found in hwc list (index=1)
W/SurfaceFlinger(  194): HWC_FRAMEBUFFER_TARGET found in hwc list (index=2)
W/SurfaceFlinger(  194): HWC_FRAMEBUFFER_TARGET found in hwc list (index=0)
W/SurfaceFlinger(  194): HWC_FRAMEBUFFER_TARGET found in hwc list (index=1)
W/SurfaceFlinger(  194): HWC_FRAMEBUFFER_TARGET found in hwc list (index=2)
W/SurfaceFlinger(  194): HWC_FRAMEBUFFER_TARGET found in hwc list (index=0)
W/SurfaceFlinger(  194): HWC_FRAMEBUFFER_TARGET found in hwc list (index=1)
W/SurfaceFlinger(  194): HWC_FRAMEBUFFER_TARGET found in hwc list (index=2)
E/Sensors (  643): SensorBase: write_attr failed to open /sys/class/compass/akm8975/accel (Permission denied)
W/SurfaceFlinger(  194): HWC_FRAMEBUFFER_TARGET found in hwc list (index=0)
W/SurfaceFlinger(  194): HWC_FRAMEBUFFER_TARGET found in hwc list (index=1)
W/SurfaceFlinger(  194): HWC_FRAMEBUFFER_TARGET found in hwc list (index=2)
I/ActivityManager(  643): Killing 1077:com.cyanogenmod.account/u0a20 (adj 15): empty #17
W/SurfaceFlinger(  194): HWC_FRAMEBUFFER_TARGET found in hwc list (index=0)
W/SurfaceFlinger(  194): HWC_FRAMEBUFFER_TARGET found in hwc list (index=1)
