D/wpa_supplicant(  677): nl80211: if_removed already cleared - ignore event

D/wpa_supplicant(  677): RTM_NEWLINK: operstate=0 ifi_flags=0x11003 ([UP][LOWER_UP])

D/wpa_supplicant(  677): RTM_NEWLINK, IFLA_IFNAME: Interface 'wlan0' added

D/wpa_supplicant(  677): nl80211: if_removed already cleared - ignore event

W/SurfaceFlinger(  195): HWC_FRAMEBUFFER_TARGET found in hwc list (index=0)

I/BackupManagerService(  607): Found stale backup journal, scheduling

I/BackupManagerService(  607):   com.android.calendar

W/SurfaceFlinger(  195): HWC_FRAMEBUFFER_TARGET found in hwc list (index=0)

I/BackupManagerService(  607):   com.android.browser

I/BackupManagerService(  607):   com.android.providers.userdictionary

I/BackupManagerService(  607):   com.android.sharedstoragebackup

I/BackupManagerService(  607):   android

I/BackupManagerService(  607):   com.android.providers.telephony

I/BackupManagerService(  607):   com.android.dialer

I/BackupManagerService(  607):   com.android.providers.settings

I/BackupManagerService(  607): Backup enabled => false

I/BackupManagerService(  607): Opting out of backup

I/SystemServer(  607): AppWidget Service

I/SystemServer(  607): Recognition Service

I/SystemServer(  607): DiskStats Service

W/SurfaceFlinger(  195): HWC_FRAMEBUFFER_TARGET found in hwc list (index=0)

I/SystemServer(  607): SamplingProfiler Service

D/wpa_supplicant(  677): RX ctrl_iface - hexdump(len=14): 44 52 49 56 45 52 20 4d 41 43 41 44 44 52

D/wpa_supplicant(  677): wlan0: Control interface command 'DRIVER MACADDR'

D/WifiConfigStore(  607): Loading config and enabling all networks

I/SystemServer(  607): NetworkTimeUpdateService

I/SystemServer(  607): CommonTimeManagementService

I/SystemServer(  607): CertBlacklister

W/SurfaceFlinger(  195): HWC_FRAMEBUFFER_TARGET found in hwc list (index=0)

D/wpa_supplicant(  677): RX ctrl_iface - hexdump(len=13): 4c 49 53 54 5f 4e 45 54 57 4f 52 4b 53

D/wpa_supplicant(  677): wlan0: Control interface command 'LIST_NETWORKS'

E/WifiConfigStore(  607): Error parsing configurationjava.io.FileNotFoundException: /data/misc/wifi/ipconfig.txt: open failed: ENOENT (No such file or directory)

I/SystemServer(  607): Dreams Service

D/wpa_supplicant(  677): RX ctrl_iface - hexdump(len=31): 53 45 54 20 64 65 76 69 63 65 5f 6e 61 6d 65 20 53 54 32 33 69 5f 31 32 35 37 2d 34 30 30 39

D/wpa_supplicant(  677): wlan0: Control interface command 'SET device_name ST23i_1257-4009'

D/wpa_supplicant(  677): CTRL_IFACE SET 'device_name'='ST23i_1257-4009'

D/wpa_supplicant(  677): device_name='ST23i_1257-4009'

D/wpa_supplicant(  677): P2P: New SSID postfix: -Android_91c4

I/SystemServer(  607): Assets Atlas Service

I/SystemServer(  607): IdleMaintenanceService

I/SystemServer(  607): Print Service

W/SurfaceFlinger(  195): HWC_FRAMEBUFFER_TARGET found in hwc list (index=0)

D/Atlas   (  607): Computing best atlas configuration...

D/Atlas   (  607): Running Thread-65

D/wpa_supplicant(  677): RX ctrl_iface - hexdump(len=21): 53 45 54 20 6d 61 6e 75 66 61 63 74 75 72 65 72 20 53 6f 6e 79

D/wpa_supplicant(  677): wlan0: Control interface command 'SET manufacturer Sony'

D/wpa_supplicant(  677): CTRL_IFACE SET 'manufacturer'='Sony'

D/wpa_supplicant(  677): manufacturer='Sony'

I/SystemServer(  607): Media Router Service

D/wpa_supplicant(  677): RX ctrl_iface - hexdump(len=26): 53 45 54 20 6d 6f 64 65 6c 5f 6e 61 6d 65 20 58 70 65 72 69 61 20 4d 69 72 6f

D/wpa_supplicant(  677): wlan0: Control interface command 'SET model_name Xperia Miro'

D/wpa_supplicant(  677): CTRL_IFACE SET 'model_name'='Xperia Miro'

D/wpa_supplicant(  677): model_name='Xperia Miro'

I/WindowManager(  607): SAFE MODE not enabled

I/SystemServer(  607): AssetRedirectionManager Service

I/SystemServer(  607): EdgeGesture service

D/wpa_supplicant(  677): RX ctrl_iface - hexdump(len=28): 53 45 54 20 6d 6f 64 65 6c 5f 6e 75 6d 62 65 72 20 58 70 65 72 69 61 20 4d 69 72 6f

D/wpa_supplicant(  677): wlan0: Control interface command 'SET model_number Xperia Miro'

D/wpa_supplicant(  677): CTRL_IFACE SET 'model_number'='Xperia Miro'

D/wpa_supplicant(  677): model_number='Xperia Miro'

W/SurfaceFlinger(  195): HWC_FRAMEBUFFER_TARGET found in hwc list (index=0)

D/wpa_supplicant(  677): RX ctrl_iface - hexdump(len=26): 53 45 54 20 73 65 72 69 61 6c 5f 6e 75 6d 62 65 72 20 33 37 37 31 34 65 63 64

D/wpa_supplicant(  677): wlan0: Control interface command 'SET serial_number 37714ecd'

D/wpa_supplicant(  677): CTRL_IFACE SET 'serial_number'='37714ecd'

D/wpa_supplicant(  677): serial_number='37714ecd'

W/SurfaceFlinger(  195): HWC_FRAMEBUFFER_TARGET found in hwc list (index=0)

D/wpa_supplicant(  677): RX ctrl_iface - hexdump(len=55): 53 45 54 20 63 6f 6e 66 69 67 5f 6d 65 74 68 6f 64 73 20 70 68 79 73 69 63 61 6c 5f 64 69 73 70 ...

D/wpa_supplicant(  677): wlan0: Control interface command 'SET config_methods physical_display virtual_push_button'

D/wpa_supplicant(  677): CTRL_IFACE SET 'config_methods'='physical_display virtual_push_button'

D/wpa_supplicant(  677): config_methods='physical_display virtual_push_button'

D/dalvikvm(  607): JIT started for system_server

W/SurfaceFlinger(  195): HWC_FRAMEBUFFER_TARGET found in hwc list (index=0)

D/wpa_supplicant(  677): RX ctrl_iface - hexdump(len=29): 53 45 54 20 64 65 76 69 63 65 5f 74 79 70 65 20 31 30 2d 30 30 35 30 46 32 30 34 2d 35

D/wpa_supplicant(  677): wlan0: Control interface command 'SET device_type 10-0050F204-5'

D/wpa_supplicant(  677): CTRL_IFACE SET 'device_type'='10-0050F204-5'

W/SurfaceFlinger(  195): HWC_FRAMEBUFFER_TARGET found in hwc list (index=0)

D/wpa_supplicant(  677): RX ctrl_iface - hexdump(len=20): 47 45 54 5f 43 41 50 41 42 49 4c 49 54 59 20 6d 6f 64 65 73

D/wpa_supplicant(  677): wlan0: Control interface command 'GET_CAPABILITY modes'

D/wpa_supplicant(  677): CTRL_IFACE: GET_CAPABILITY 'modes' 

D/wpa_supplicant(  677): RX ctrl_iface - hexdump(len=19): 47 45 54 5f 43 41 50 41 42 49 4c 49 54 59 20 66 72 65 71

D/wpa_supplicant(  677): wlan0: Control interface command 'GET_CAPABILITY freq'

D/wpa_supplicant(  677): CTRL_IFACE: GET_CAPABILITY 'freq' 

W/SurfaceFlinger(  195): HWC_FRAMEBUFFER_TARGET found in hwc list (index=0)

W/SurfaceFlinger(  195): HWC_FRAMEBUFFER_TARGET found in hwc list (index=0)

W/SurfaceFlinger(  195): HWC_FRAMEBUFFER_TARGET found in hwc list (index=0)

D/wpa_supplicant(  677): RX ctrl_iface - hexdump(len=16): 53 43 41 4e 5f 49 4e 54 45 52 56 41 4c 20 31 35

D/wpa_supplicant(  677): wlan0: Control interface command 'SCAN_INTERVAL 15'

D/wpa_supplicant(  677): wlan0: Setting scan interval: 15 sec

D/wpa_supplicant(  677): RX ctrl_iface - hexdump(len=22): 44 52 49 56 45 52 20 42 54 43 4f 45 58 53 43 41 4e 2d 53 54 4f 50

D/wpa_supplicant(  677): wlan0: Control interface command 'DRIVER BTCOEXSCAN-STOP'

D/wpa_supplicant(  677): wpa_driver_nl80211_driver_cmd  len = 0, 0

W/SurfaceFlinger(  195): HWC_FRAMEBUFFER_TARGET found in hwc list (index=0)

W/SurfaceFlinger(  195): HWC_FRAMEBUFFER_TARGET found in hwc list (index=0)

W/SurfaceFlinger(  195): HWC_FRAMEBUFFER_TARGET found in hwc list (index=0)

W/SurfaceFlinger(  195): HWC_FRAMEBUFFER_TARGET found in hwc list (index=0)

D/wpa_supplicant(  677): RX ctrl_iface - hexdump(len=20): 44 52 49 56 45 52 20 52 58 46 49 4c 54 45 52 2d 53 54 4f 50

D/wpa_supplicant(  677): wlan0: Control interface command 'DRIVER RXFILTER-STOP'

D/wpa_supplicant(  677): wpa_driver_nl80211_driver_cmd  len = 0, 0

D/wpa_supplicant(  677): RX ctrl_iface - hexdump(len=21): 44 52 49 56 45 52 20 52 58 46 49 4c 54 45 52 2d 41 44 44 20 33

D/wpa_supplicant(  677): wlan0: Control interface command 'DRIVER RXFILTER-ADD 3'

D/wpa_supplicant(  677): wpa_driver_nl80211_driver_cmd  len = 0, 0

W/SurfaceFlinger(  195): HWC_FRAMEBUFFER_TARGET found in hwc list (index=0)

D/wpa_supplicant(  677): RX ctrl_iface - hexdump(len=21): 44 52 49 56 45 52 20 52 58 46 49 4c 54 45 52 2d 53 54 41 52 54

D/wpa_supplicant(  677): wlan0: Control interface command 'DRIVER RXFILTER-START'

D/wpa_supplicant(  677): wpa_driver_nl80211_driver_cmd  len = 0, 0

W/SurfaceFlinger(  195): HWC_FRAMEBUFFER_TARGET found in hwc list (index=0)

D/wpa_supplicant(  677): RX ctrl_iface - hexdump(len=20): 44 52 49 56 45 52 20 52 58 46 49 4c 54 45 52 2d 53 54 4f 50

D/wpa_supplicant(  677): wlan0: Control interface command 'DRIVER RXFILTER-STOP'

D/wpa_supplicant(  677): wpa_driver_nl80211_driver_cmd  len = 0, 0

D/wpa_supplicant(  677): RX ctrl_iface - hexdump(len=24): 44 52 49 56 45 52 20 52 58 46 49 4c 54 45 52 2d 52 45 4d 4f 56 45 20 32

D/wpa_supplicant(  677): wlan0: Control interface command 'DRIVER RXFILTER-REMOVE 2'

D/wpa_supplicant(  677): wpa_driver_nl80211_driver_cmd  len = 0, 0

D/wpa_supplicant(  677): RX ctrl_iface - hexdump(len=21): 44 52 49 56 45 52 20 52 58 46 49 4c 54 45 52 2d 53 54 41 52 54

D/wpa_supplicant(  677): wlan0: Control interface command 'DRIVER RXFILTER-START'

D/wpa_supplicant(  677): wpa_driver_nl80211_driver_cmd  len = 0, 0

W/SurfaceFlinger(  195): HWC_FRAMEBUFFER_TARGET found in hwc list (index=0)

D/Atlas   (  607): Found best atlas configuration in 0.29s

D/Atlas   (  607): Loaded configuration: null

W/SurfaceFlinger(  195): HWC_FRAMEBUFFER_TARGET found in hwc list (index=0)

D/wpa_supplicant(  677): RX ctrl_iface - hexdump(len=9): 52 45 43 4f 4e 4e 45 43 54

D/wpa_supplicant(  677): wlan0: Control interface command 'RECONNECT'

D/wpa_supplicant(  677): RX ctrl_iface - hexdump(len=6): 53 54 41 54 55 53

D/wpa_supplicant(  677): wlan0: Control interface command 'STATUS'

D/wpa_supplicant(  677): CTRL_IFACE monitor send - hexdump(len=39): 2f 64 61 74 61 2f 6d 69 73 63 2f 77 69 66 69 2f 73 6f 63 6b 65 74 73 2f 77 70 61 5f 63 74 72 6c ...

D/wpa_supplicant(  677): RX ctrl_iface - hexdump(len=8): 53 45 54 20 70 73 20 31

D/wpa_supplicant(  677): wlan0: Control interface command 'SET ps 1'

D/wpa_supplicant(  677): CTRL_IFACE SET 'ps'='1'

D/wpa_supplicant(  677): nl80211: set_p2p_powersave (legacy_ps=1 opp_ps=-1 ctwindow=-1)

D/CommandListener(  192): Setting iface cfg

D/CommandListener(  192): Trying to bring up p2p0

W/SurfaceFlinger(  195): HWC_FRAMEBUFFER_TARGET found in hwc list (index=0)

D/WifiMonitor(  607): startMonitoring(p2p0) with mConnected = true

W/SurfaceFlinger(  195): HWC_FRAMEBUFFER_TARGET found in hwc list (index=0)

D/wpa_supplicant(  677): RX ctrl_iface - hexdump(len=17): 44 52 49 56 45 52 20 43 4f 55 4e 54 52 59 20 49 4e

D/wpa_supplicant(  677): wlan0: Control interface command 'DRIVER COUNTRY IN'

W/SurfaceFlinger(  195): HWC_FRAMEBUFFER_TARGET found in hwc list (index=0)

D/wpa_supplicant(  677): wlan0: Event CHANNEL_LIST_CHANGED (31) received

D/wpa_supplicant(  677): nl80211: Regulatory information - country=00

D/wpa_supplicant(  677): nl80211: 2402-2472 @ 40 MHz

D/wpa_supplicant(  677): nl80211: 2457-2482 @ 20 MHz

D/wpa_supplicant(  677): nl80211: 2474-2494 @ 20 MHz

D/wpa_supplicant(  677): nl80211: 5170-5250 @ 40 MHz

D/wpa_supplicant(  677): nl80211: 5735-5835 @ 40 MHz

D/wpa_supplicant(  677): nl80211: Added 802.11b mode based on 802.11g information

D/wpa_supplicant(  677): P2P: Add operating class 81

D/wpa_supplicant(  677): P2P: Channels - hexdump(len=13): 01 02 03 04 05 06 07 08 09 0a 0b 0c 0d

D/wpa_supplicant(  677): P2P: Update channel list

D/wpa_supplicant(  677): wlan0: Checking for other virtual interfaces sharing same radio (phy0) in event_channel_list_change

D/wpa_supplicant(  677): p2p0: Updating hw mode

D/wpa_supplicant(  677): nl80211: Regulatory information - country=00

D/wpa_supplicant(  677): nl80211: 2402-2472 @ 40 MHz

D/wpa_supplicant(  677): nl80211: 2457-2482 @ 20 MHz

D/wpa_supplicant(  677): nl80211: 2474-2494 @ 20 MHz

D/wpa_supplicant(  677): nl80211: 5170-5250 @ 40 MHz

D/wpa_supplicant(  677): nl80211: 5735-5835 @ 40 MHz

D/wpa_supplicant(  677): nl80211: Added 802.11b mode based on 802.11g information

D/wpa_supplicant(  677): wpa_driver_nl80211_driver_cmd  len = 0, 0

D/wpa_supplicant(  677): RX ctrl_iface - hexdump(len=16): 44 52 49 56 45 52 20 53 45 54 42 41 4e 44 20 30

D/wpa_supplicant(  677): wlan0: Control interface command 'DRIVER SETBAND 0'

D/wpa_supplicant(  677): SETBAND: 0

D/wpa_supplicant(  677): wlan0: Event CHANNEL_LIST_CHANGED (31) received

D/wpa_supplicant(  677): nl80211: Regulatory information - country=00

D/wpa_supplicant(  677): nl80211: 2402-2472 @ 40 MHz

D/wpa_supplicant(  677): nl80211: 2457-2482 @ 20 MHz

D/wpa_supplicant(  677): nl80211: 2474-2494 @ 20 MHz

D/wpa_supplicant(  677): nl80211: 5170-5250 @ 40 MHz

D/wpa_supplicant(  677): nl80211: 5735-5835 @ 40 MHz

D/wpa_supplicant(  677): nl80211: Added 802.11b mode based on 802.11g information

D/wpa_supplicant(  677): P2P: Add operating class 81

D/wpa_supplicant(  677): P2P: Channels - hexdump(len=13): 01 02 03 04 05 06 07 08 09 0a 0b 0c 0d

D/wpa_supplicant(  677): P2P: Update channel list

D/wpa_supplicant(  677): wlan0: Checking for other virtual interfaces sharing same radio (phy0) in event_channel_list_change

D/wpa_supplicant(  677): p2p0: Updating hw mode

D/wpa_supplicant(  677): nl80211: Regulatory information - country=00

D/wpa_supplicant(  677): nl80211: 2402-2472 @ 40 MHz

D/wpa_supplicant(  677): nl80211: 2457-2482 @ 20 MHz

D/wpa_supplicant(  677): nl80211: 2474-2494 @ 20 MHz

D/wpa_supplicant(  677): nl80211: 5170-5250 @ 40 MHz

D/wpa_supplicant(  677): nl80211: 5735-5835 @ 40 MHz

D/wpa_supplicant(  677): nl80211: Added 802.11b mode based on 802.11g information

D/wpa_supplicant(  677): wpa_driver_nl80211_driver_cmd  len = 0, 0

W/SurfaceFlinger(  195): HWC_FRAMEBUFFER_TARGET found in hwc list (index=0)

D/wpa_supplicant(  677): RX ctrl_iface - hexdump(len=11): 42 53 53 5f 46 4c 55 53 48 20 30

D/wpa_supplicant(  677): wlan0: Control interface command 'BSS_FLUSH 0'

D/wpa_supplicant(  677): RX ctrl_iface - hexdump(len=4): 53 43 41 4e

D/wpa_supplicant(  677): wlan0: Control interface command 'SCAN'

D/wpa_supplicant(  677): wlan0: Setting scan request: 0 sec 0 usec

D/wpa_supplicant(  677): wlan0: State: DISCONNECTED -> SCANNING

D/wpa_supplicant(  677): CTRL_IFACE monitor send - hexdump(len=39): 2f 64 61 74 61 2f 6d 69 73 63 2f 77 69 66 69 2f 73 6f 63 6b 65 74 73 2f 77 70 61 5f 63 74 72 6c ...

D/wpa_supplicant(  677): wlan0: Starting AP scan for wildcard SSID

D/wpa_supplicant(  677): WPS: Building WPS IE for Probe Request

D/wpa_supplicant(  677): WPS:  * Version (hardcoded 0x10)

D/wpa_supplicant(  677): WPS:  * Request Type

D/wpa_supplicant(  677): WPS:  * Config Methods (4288)

D/wpa_supplicant(  677): WPS:  * UUID-E

D/wpa_supplicant(  677): WPS:  * Primary Device Type

D/wpa_supplicant(  677): WPS:  * RF Bands (1)

D/wpa_supplicant(  677): WPS:  * Association State

D/wpa_supplicant(  677): WPS:  * Configuration Error (0)

D/wpa_supplicant(  677): WPS:  * Device Password ID (0)

D/wpa_supplicant(  677): WPS:  * Manufacturer

D/wpa_supplicant(  677): WPS:  * Model Name

D/wpa_supplicant(  677): WPS:  * Model Number

D/wpa_supplicant(  677): WPS:  * Device Name

D/wpa_supplicant(  677): WPS:  * Version2 (0x20)

D/wpa_supplicant(  677): P2P: * P2P IE header

D/wpa_supplicant(  677): P2P: * Capability dev=25 group=00

D/wpa_supplicant(  677): P2P: * Listen Channel: Regulatory Class 81 Channel 1

D/wpa_supplicant(  677): wlan0: nl80211: scan request

D/wpa_supplicant(  677): nl80211: Scan SSID - hexdump(len=0): [NULL]

D/wpa_supplicant(  677): nl80211: Scan extra IEs - hexdump(len=163): dd 8e 00 50 f2 04 10 4a 00 01 10 10 3a 00 01 00 10 08 00 02 42 88 10 47 00 10 66 01 a8 cf 86 8f ...

D/wpa_supplicant(  677): Scan requested (ret=0) - scan timeout 10 seconds

D/wpa_supplicant(  677): nl80211: Event message available

D/wpa_supplicant(  677): nl80211: Drv Event 33 (NL80211_CMD_TRIGGER_SCAN) received for wlan0

D/wpa_supplicant(  677): wlan0: nl80211: Scan trigger

W/SurfaceFlinger(  195): HWC_FRAMEBUFFER_TARGET found in hwc list (index=0)

W/SurfaceFlinger(  195): HWC_FRAMEBUFFER_TARGET found in hwc list (index=0)

E/WifiNative-wlan0(  607): doBoolean: disable

D/wpa_supplicant(  677): RX ctrl_iface - hexdump(len=9): 53 45 54 20 70 6e 6f 20 30

D/wpa_supplicant(  677): wlan0: Control interface command 'SET pno 0'

D/wpa_supplicant(  677): CTRL_IFACE SET 'pno'='0'

D/wpa_supplicant(  677): wlan0: Setting scan request: 0 sec 0 usec

D/wpa_supplicant(  677): wlan0: Skip scan - already scanning

I/Zygote  (  607): Process: zygote socket opened

V/Zygote  (  684): Switching descriptor 31 to /dev/null

D/wpa_supplicant(  677): RX ctrl_iface - hexdump(len=26): 53 45 54 20 70 65 72 73 69 73 74 65 6e 74 5f 72 65 63 6f 6e 6e 65 63 74 20 31

D/wpa_supplicant(  677): wlan0: Control interface command 'SET persistent_reconnect 1'

D/wpa_supplicant(  677): CTRL_IFACE SET 'persistent_reconnect'='1'

D/wpa_supplicant(  677): persistent_reconnect=1

D/wpa_supplicant(  677): RX ctrl_iface - hexdump(len=28): 53 45 54 20 64 65 76 69 63 65 5f 6e 61 6d 65 20 41 6e 64 72 6f 69 64 5f 39 31 63 34

D/wpa_supplicant(  677): wlan0: Control interface command 'SET device_name Android_91c4'

D/wpa_supplicant(  677): CTRL_IFACE SET 'device_name'='Android_91c4'

D/wpa_supplicant(  677): device_name='Android_91c4'

V/Zygote  (  684): Switching descriptor 9 to /dev/null

D/wpa_supplicant(  677): RX ctrl_iface - hexdump(len=34): 53 45 54 20 70 32 70 5f 73 73 69 64 5f 70 6f 73 74 66 69 78 20 2d 41 6e 64 72 6f 69 64 5f 39 31 ...

D/wpa_supplicant(  677): wlan0: Control interface command 'SET p2p_ssid_postfix -Android_91c4'

D/wpa_supplicant(  677): CTRL_IFACE SET 'p2p_ssid_postfix'='-Android_91c4'

D/wpa_supplicant(  677): p2p_ssid_postfix='-Android_91c4'

D/wpa_supplicant(  677): P2P: New SSID postfix: -Android_91c4

W/SurfaceFlinger(  195): HWC_FRAMEBUFFER_TARGET found in hwc list (index=0)

I/ActivityManager(  607): Start proc com.android.systemui for service com.android.keyguard/.KeyguardService: pid=684 uid=10008 gids={50008, 1028, 1015, 1035, 1006, 3002, 3001}

W/SurfaceFlinger(  195): HWC_FRAMEBUFFER_TARGET found in hwc list (index=0)

D/wpa_supplicant(  677): RX ctrl_iface - hexdump(len=29): 53 45 54 20 64 65 76 69 63 65 5f 74 79 70 65 20 31 30 2d 30 30 35 30 46 32 30 34 2d 35

D/wpa_supplicant(  677): wlan0: Control interface command 'SET device_type 10-0050F204-5'

D/wpa_supplicant(  677): CTRL_IFACE SET 'device_type'='10-0050F204-5'

W/SurfaceFlinger(  195): HWC_FRAMEBUFFER_TARGET found in hwc list (index=0)

D/wpa_supplicant(  677): RX ctrl_iface - hexdump(len=62): 53 45 54 20 63 6f 6e 66 69 67 5f 6d 65 74 68 6f 64 73 20 76 69 72 74 75 61 6c 5f 70 75 73 68 5f ...

D/wpa_supplicant(  677): wlan0: Control interface command 'SET config_methods virtual_push_button physical_display keypad'

D/wpa_supplicant(  677): CTRL_IFACE SET 'config_methods'='virtual_push_button physical_display keypad'

D/wpa_supplicant(  677): config_methods='virtual_push_button physical_display keypad'

W/SurfaceFlinger(  195): HWC_FRAMEBUFFER_TARGET found in hwc list (index=0)

D/wpa_supplicant(  677): RX ctrl_iface - hexdump(len=21): 50 32 50 5f 53 45 54 20 63 6f 6e 63 5f 70 72 65 66 20 73 74 61

D/wpa_supplicant(  677): wlan0: Control interface command 'P2P_SET conc_pref sta'

D/wpa_supplicant(  677): Single channel concurrency preference: sta

D/wpa_supplicant(  677): RX global ctrl_iface - hexdump(len=6): 53 54 41 54 55 53

W/SurfaceFlinger(  195): HWC_FRAMEBUFFER_TARGET found in hwc list (index=0)

D/wpa_supplicant(  677): RX ctrl_iface - hexdump(len=9): 50 32 50 5f 46 4c 55 53 48

D/wpa_supplicant(  677): wlan0: Control interface command 'P2P_FLUSH'

D/wpa_supplicant(  677): P2P: Stopping find

D/wpa_supplicant(  677): P2P: Clear timeout (state=IDLE)

D/wpa_supplicant(  677): P2P: State IDLE -> IDLE

D/wpa_supplicant(  677): wpa_driver_set_ap_wps_p2p_ie: Entry

D/wpa_supplicant(  677): RX ctrl_iface - hexdump(len=17): 50 32 50 5f 53 45 52 56 49 43 45 5f 46 4c 55 53 48

D/wpa_supplicant(  677): wlan0: Control interface command 'P2P_SERVICE_FLUSH'

D/wpa_supplicant(  677): RX ctrl_iface - hexdump(len=13): 4c 49 53 54 5f 4e 45 54 57 4f 52 4b 53

D/wpa_supplicant(  677): wlan0: Control interface command 'LIST_NETWORKS'

D/wpa_supplicant(  677): RX ctrl_iface - hexdump(len=11): 53 41 56 45 5f 43 4f 4e 46 49 47

D/wpa_supplicant(  677): wlan0: Control interface command 'SAVE_CONFIG'

D/wpa_supplicant(  677): Writing configuration file '/data/misc/wifi/wpa_supplicant.conf'

D/wpa_supplicant(  677): Configuration file '/data/misc/wifi/wpa_supplicant.conf' written successfully

D/wpa_supplicant(  677): CTRL_IFACE: SAVE_CONFIG - Configuration updated

W/SurfaceFlinger(  195): HWC_FRAMEBUFFER_TARGET found in hwc list (index=0)

W/SurfaceFlinger(  195): HWC_FRAMEBUFFER_TARGET found in hwc list (index=0)

E/lights.sony(  607): write_int failed to open /sys/devices/platform/msm_fb.590593/leds/lcd-backlight/brightness

D/wpa_supplicant(  677): RX ctrl_iface - hexdump(len=17): 44 52 49 56 45 52 20 43 4f 55 4e 54 52 59 20 49 4e

D/wpa_supplicant(  677): wlan0: Control interface command 'DRIVER COUNTRY IN'

D/wpa_supplicant(  677): wlan0: Event CHANNEL_LIST_CHANGED (31) received

D/wpa_supplicant(  677): nl80211: Regulatory information - country=00

D/wpa_supplicant(  677): nl80211: 2402-2472 @ 40 MHz

D/wpa_supplicant(  677): nl80211: 2457-2482 @ 20 MHz

D/wpa_supplicant(  677): nl80211: 2474-2494 @ 20 MHz

D/wpa_supplicant(  677): nl80211: 5170-5250 @ 40 MHz

D/wpa_supplicant(  677): nl80211: 5735-5835 @ 40 MHz

D/wpa_supplicant(  677): nl80211: Added 802.11b mode based on 802.11g information

D/wpa_supplicant(  677): P2P: Add operating class 81

D/wpa_supplicant(  677): P2P: Channels - hexdump(len=13): 01 02 03 04 05 06 07 08 09 0a 0b 0c 0d

D/wpa_supplicant(  677): P2P: Update channel list

D/wpa_supplicant(  677): wlan0: Checking for other virtual interfaces sharing same radio (phy0) in event_channel_list_change

D/wpa_supplicant(  677): p2p0: Updating hw mode

D/wpa_supplicant(  677): nl80211: Regulatory information - country=00

D/wpa_supplicant(  677): nl80211: 2402-2472 @ 40 MHz

D/wpa_supplicant(  677): nl80211: 2457-2482 @ 20 MHz

D/wpa_supplicant(  677): nl80211: 2474-2494 @ 20 MHz

D/wpa_supplicant(  677): nl80211: 5170-5250 @ 40 MHz

D/wpa_supplicant(  677): nl80211: 5735-5835 @ 40 MHz

D/wpa_supplicant(  677): nl80211: Added 802.11b mode based on 802.11g information

D/wpa_supplicant(  677): wpa_driver_nl80211_driver_cmd  len = 0, 0

W/SurfaceFlinger(  195): HWC_FRAMEBUFFER_TARGET found in hwc list (index=0)

W/SurfaceFlinger(  195): HWC_FRAMEBUFFER_TARGET found in hwc list (index=0)

I/ActivityManager(  607): System now ready

I/SystemServer(  607): Making services ready

W/SurfaceFlinger(  195): HWC_FRAMEBUFFER_TARGET found in hwc list (index=0)

D/NetworkManagementService(  607): enabling bandwidth control

D/DirectVolume(  190): Disc has only one partition.

I/Vold    (  190): /dev/block/vold/179:32 being considered for volume sdcard1

D/Vold    (  190): Volume sdcard1 state changing 1 (Idle-Unmounted) -> 3 (Checking)

D/Vold    (  190): Trying to get filesystem type for /dev/block/vold/179:32 

W/SurfaceFlinger(  195): HWC_FRAMEBUFFER_TARGET found in hwc list (index=0)

D/MountService(  607): volume state changed for /storage/sdcard1 (unmounted -> checking)

D/MountService(  607): sendStorageIntent Intent { act=android.intent.action.MEDIA_CHECKING dat=file:///storage/sdcard1 (has extras) } to UserHandle{-1}

W/SurfaceFlinger(  195): HWC_FRAMEBUFFER_TARGET found in hwc list (index=0)

W/SurfaceFlinger(  195): HWC_FRAMEBUFFER_TARGET found in hwc list (index=0)

W/SurfaceFlinger(  195): HWC_FRAMEBUFFER_TARGET found in hwc list (index=0)

W/SurfaceFlinger(  195): HWC_FRAMEBUFFER_TARGET found in hwc list (index=0)

D/wpa_supplicant(  677): EAPOL: disable timer tick

D/wpa_supplicant(  677): EAPOL: Supplicant port status: Unauthorized

D/wpa_supplicant(  677): nl80211: Set supplicant port unauthorized for 00:00:00:00:00:00

W/SurfaceFlinger(  195): HWC_FRAMEBUFFER_TARGET found in hwc list (index=0)

W/SurfaceFlinger(  195): HWC_FRAMEBUFFER_TARGET found in hwc list (index=0)

W/SurfaceFlinger(  195): HWC_FRAMEBUFFER_TARGET found in hwc list (index=0)

W/SurfaceFlinger(  195): HWC_FRAMEBUFFER_TARGET found in hwc list (index=0)

W/SurfaceFlinger(  195): HWC_FRAMEBUFFER_TARGET found in hwc list (index=0)

D/wpa_supplicant(  677): EAPOL: disable timer tick

D/wpa_supplicant(  677): EAPOL: Supplicant port status: Unauthorized

D/wpa_supplicant(  677): nl80211: Set supplicant port unauthorized for 00:00:00:00:00:00

W/SurfaceFlinger(  195): HWC_FRAMEBUFFER_TARGET found in hwc list (index=0)

W/SurfaceFlinger(  195): HWC_FRAMEBUFFER_TARGET found in hwc list (index=0)

W/SurfaceFlinger(  195): HWC_FRAMEBUFFER_TARGET found in hwc list (index=0)

D/Vold    (  190): Found vfat filesystem on /dev/block/vold/179:32

W/SurfaceFlinger(  195): HWC_FRAMEBUFFER_TARGET found in hwc list (index=0)

I/fsck_msdos(  190): ** /dev/block/vold/179:32

I/fsck_msdos(  190): ** Phase 1 - Read and Compare FATs

I/fsck_msdos(  190): Attempting to allocate 3778 KB for FAT

D/wpa_supplicant(  677): nl80211: Event message available

D/wpa_supplicant(  677): nl80211: Drv Event 34 (NL80211_CMD_NEW_SCAN_RESULTS) received for wlan0

D/wpa_supplicant(  677): wlan0: nl80211: New scan results available

D/wpa_supplicant(  677): wlan0: Event SCAN_RESULTS (3) received

D/wpa_supplicant(  677): nl80211: Received scan results (3 BSSes)

D/wpa_supplicant(  677): nl80211: Survey data missing

D/wpa_supplicant(  677): Sorted scan results

D/wpa_supplicant(  677): 48:f8:b3:32:91:1a freq=2412 qual=0 noise=0 level=-47 flags=0xb age=0

D/wpa_supplicant(  677): IEs - hexdump(len=285): 00 0a 53 50 49 44 49 47 4f 5f 35 30 01 08 82 84 8b 96 24 30 48 6c 03 01 01 2a 01 04 2f 01 04 30 ...

D/wpa_supplicant(  677): 00:1a:a9:6d:0b:51 freq=2462 qual=0 noise=0 level=-84 flags=0xb age=0

D/wpa_supplicant(  677): IEs - hexdump(len=77): 00 06 68 6a 73 68 61 68 01 04 82 84 8b 96 03 01 0b 07 0a 55 53 20 01 0b 1e 01 0b 1e 00 2a 01 00 ...

D/wpa_supplicant(  677): 00:1e:a6:04:5b:24 freq=2427 qual=0 noise=0 level=-93 flags=0xb age=0

D/wpa_supplicant(  677): IEs - hexdump(len=385): 00 0b 69 42 61 6c 6c 2d 42 61 74 6f 6e 01 08 82 84 8b 96 0c 12 18 24 03 01 04 30 14 01 00 00 0f ...

D/wpa_supplicant(  677): wlan0: BSS: Start scan result update 1

D/wpa_supplicant(  677): wlan0: BSS: Add new id 0 BSSID 48:f8:b3:32:91:1a SSID 'SPIDIGO_50'

D/wpa_supplicant(  677): CTRL_IFACE monitor send - hexdump(len=39): 2f 64 61 74 61 2f 6d 69 73 63 2f 77 69 66 69 2f 73 6f 63 6b 65 74 73 2f 77 70 61 5f 63 74 72 6c ...

D/wpa_supplicant(  677): wlan0: BSS: Add new id 1 BSSID 00:1a:a9:6d:0b:51 SSID 'hjshah'

D/wpa_supplicant(  677): CTRL_IFACE monitor send - hexdump(len=39): 2f 64 61 74 61 2f 6d 69 73 63 2f 77 69 66 69 2f 73 6f 63 6b 65 74 73 2f 77 70 61 5f 63 74 72 6c ...

D/wpa_supplicant(  677): wlan0: BSS: Add new id 2 BSSID 00:1e:a6:04:5b:24 SSID 'iBall-Baton'

D/wpa_supplicant(  677): CTRL_IFACE monitor send - hexdump(len=39): 2f 64 61 74 61 2f 6d 69 73 63 2f 77 69 66 69 2f 73 6f 63 6b 65 74 73 2f 77 70 61 5f 63 74 72 6c ...

D/wpa_supplicant(  677): BSS: last_scan_res_used=3/32 last_scan_full=0

D/wpa_supplicant(  677): Add randomness: count=2 entropy=0

D/wpa_supplicant(  677): random pool - hexdump(len=128): [REMOVED]

D/wpa_supplicant(  677): random_mix_pool - hexdump(len=8): [REMOVED]

D/wpa_supplicant(  677): random_mix_pool - hexdump(len=5): [REMOVED]

D/wpa_supplicant(  677): random pool - hexdump(len=128): [REMOVED]

D/wpa_supplicant(  677): Add randomness: count=3 entropy=1

D/wpa_supplicant(  677): random pool - hexdump(len=128): [REMOVED]

D/wpa_supplicant(  677): random_mix_pool - hexdump(len=8): [REMOVED]

D/wpa_supplicant(  677): random_mix_pool - hexdump(len=5): [REMOVED]

D/wpa_supplicant(  677): random pool - hexdump(len=128): [REMOVED]

D/wpa_supplicant(  677): Add randomness: count=4 entropy=2

D/wpa_supplicant(  677): random pool - hexdump(len=128): [REMOVED]

D/wpa_supplicant(  677): random_mix_pool - hexdump(len=8): [REMOVED]

D/wpa_supplicant(  677): random_mix_pool - hexdump(len=5): [REMOVED]

D/wpa_supplicant(  677): random pool - hexdump(len=128): [REMOVED]

D/wpa_supplicant(  677): wlan0: New scan results available

D/wpa_supplicant(  677): CTRL_IFACE monitor send - hexdump(len=39): 2f 64 61 74 61 2f 6d 69 73 63 2f 77 69 66 69 2f 73 6f 63 6b 65 74 73 2f 77 70 61 5f 63 74 72 6c ...

D/wpa_supplicant(  677): WPS: attr type=0x104a len=1

D/wpa_supplicant(  677): WPS: attr type=0x1044 len=1

D/wpa_supplicant(  677): WPS: attr type=0x103b len=1

D/wpa_supplicant(  677): WPS: attr type=0x1047 len=16

D/wpa_supplicant(  677): WPS: attr type=0x1021 len=7

D/wpa_supplicant(  677): WPS: attr type=0x1023 len=4

D/wpa_supplicant(  677): WPS: attr type=0x1024 len=7

D/wpa_supplicant(  677): WPS: attr type=0x1042 len=2

D/wpa_supplicant(  677): WPS: attr type=0x1054 len=8

D/wpa_supplicant(  677): WPS: attr type=0x1011 len=4

D/wpa_supplicant(  677): WPS: attr type=0x1008 len=2

D/wpa_supplicant(  677): WPS: attr type=0x103c len=1

D/wpa_supplicant(  677): WPS: attr type=0x1049 len=6

D/wpa_supplicant(  677): WPS: WFA subelement id=0 len=1

D/wpa_supplicant(  677): WPS: attr type=0x104a len=1

D/wpa_supplicant(  677): WPS: attr type=0x1044 len=1

D/wpa_supplicant(  677): WPS: attr type=0x103b len=1

D/wpa_supplicant(  677): WPS: attr type=0x1047 len=16

D/wpa_supplicant(  677): WPS: attr type=0x1021 len=7

D/wpa_supplicant(  677): WPS: attr type=0x1023 len=4

D/wpa_supplicant(  677): WPS: attr type=0x1024 len=7

D/wpa_supplicant(  677): WPS: attr type=0x1042 len=2

D/wpa_supplicant(  677): WPS: attr type=0x1054 len=8

D/wpa_supplicant(  677): WPS: attr type=0x1011 len=4

D/wpa_supplicant(  677): WPS: attr type=0x1008 len=2

D/wpa_supplicant(  677): WPS: attr type=0x103c len=1

D/wpa_supplicant(  677): WPS: attr type=0x1049 len=6

D/wpa_supplicant(  677): WPS: WFA subelement id=0 len=1

D/wpa_supplicant(  677): WPS: attr type=0x104a len=1

D/wpa_supplicant(  677): WPS: attr type=0x1044 len=1

D/wpa_supplicant(  677): WPS: attr type=0x103b len=1

D/wpa_supplicant(  677): WPS: attr type=0x1047 len=16

D/wpa_supplicant(  677): WPS: attr type=0x1021 len=7

D/wpa_supplicant(  677): WPS: attr type=0x1023 len=4

D/wpa_supplicant(  677): WPS: attr type=0x1024 len=7

D/wpa_supplicant(  677): WPS: attr type=0x1042 len=2

D/wpa_supplicant(  677): WPS: attr type=0x1054 len=8

D/wpa_supplicant(  677): WPS: attr type=0x1011 len=4

D/wpa_supplicant(  677): WPS: attr type=0x1008 len=2

D/wpa_supplicant(  677): WPS: attr type=0x103c len=1

D/wpa_supplicant(  677): WPS: attr type=0x1049 len=6

D/wpa_supplicant(  677): WPS: WFA subelement id=0 len=1

D/wpa_supplicant(  677): WPS: attr type=0x104a len=1

D/wpa_supplicant(  677): WPS: attr type=0x1044 len=1

D/wpa_supplicant(  677): WPS: attr type=0x103b len=1

D/wpa_supplicant(  677): WPS: attr type=0x1047 len=16

D/wpa_supplicant(  677): WPS: attr type=0x1021 len=11

D/wpa_supplicant(  677): WPS: attr type=0x1023 len=10

D/wpa_supplicant(  677): WPS: attr type=0x1024 len=3

D/wpa_supplicant(  677): WPS: attr type=0x1042 len=3

D/wpa_supplicant(  677): WPS: attr type=0x1054 len=8

D/wpa_supplicant(  677): WPS: attr type=0x1011 len=32

D/wpa_supplicant(  677): WPS: attr type=0x1008 len=2

D/wpa_supplicant(  677): WPS: attr type=0x103c len=1

D/wpa_supplicant(  677): WPS: attr type=0x104a len=1

D/wpa_supplicant(  677): WPS: attr type=0x1044 len=1

D/wpa_supplicant(  677): WPS: attr type=0x103b len=1

D/wpa_supplicant(  677): WPS: attr type=0x1047 len=16

D/wpa_supplicant(  677): WPS: attr type=0x1021 len=11

D/wpa_supplicant(  677): WPS: attr type=0x1023 len=10

D/wpa_supplicant(  677): WPS: attr type=0x1024 len=3

D/wpa_supplicant(  677): WPS: attr type=0x1042 len=3

D/wpa_supplicant(  677): WPS: attr type=0x1054 len=8

D/wpa_supplicant(  677): WPS: attr type=0x1011 len=32

D/wpa_supplicant(  677): WPS: attr type=0x1008 len=2

D/wpa_supplicant(  677): WPS: attr type=0x103c len=1

D/wpa_supplicant(  677): WPS: attr type=0x104a len=1

D/wpa_supplicant(  677): WPS: attr type=0x1044 len=1

D/wpa_supplicant(  677): WPS: attr type=0x103b len=1

D/wpa_supplicant(  677): WPS: attr type=0x1047 len=16

D/wpa_supplicant(  677): WPS: attr type=0x1021 len=11

D/wpa_supplicant(  677): WPS: attr type=0x1023 len=10

D/wpa_supplicant(  677): WPS: attr type=0x1024 len=3

D/wpa_supplicant(  677): WPS: attr type=0x1042 len=3

D/wpa_supplicant(  677): WPS: attr type=0x1054 len=8

D/wpa_supplicant(  677): WPS: attr type=0x1011 len=32

D/wpa_supplicant(  677): WPS: attr type=0x1008 len=2

D/wpa_supplicant(  677): WPS: attr type=0x103c len=1

D/wpa_supplicant(  677): CTRL_IFACE monitor send - hexdump(len=39): 2f 64 61 74 61 2f 6d 69 73 63 2f 77 69 66 69 2f 73 6f 63 6b 65 74 73 2f 77 70 61 5f 63 74 72 6c ...

D/wpa_supplicant(  677): WPS: attr type=0x104a len=1

D/wpa_supplicant(  677): WPS: attr type=0x1044 len=1

D/wpa_supplicant(  677): WPS: attr type=0x103b len=1

D/wpa_supplicant(  677): WPS: attr type=0x1047 len=16

D/wpa_supplicant(  677): WPS: attr type=0x1021 len=7

D/wpa_supplicant(  677): WPS: attr type=0x1023 len=4

D/wpa_supplicant(  677): WPS: attr type=0x1024 len=7

D/wpa_supplicant(  677): WPS: attr type=0x1042 len=2

D/wpa_supplicant(  677): WPS: attr type=0x1054 len=8

D/wpa_supplicant(  677): WPS: attr type=0x1011 len=4

D/wpa_supplicant(  677): WPS: attr type=0x1008 len=2

D/wpa_supplicant(  677): WPS: attr type=0x103c len=1

D/wpa_supplicant(  677): WPS: attr type=0x1049 len=6

D/wpa_supplicant(  677): WPS: WFA subelement id=0 len=1

D/wpa_supplicant(  677): WPS: AP 48:f8:b3:32:91:1a type 0 added

D/wpa_supplicant(  677): WPS: attr type=0x104a len=1

D/wpa_supplicant(  677): WPS: attr type=0x1044 len=1

D/wpa_supplicant(  677): WPS: attr type=0x103b len=1

D/wpa_supplicant(  677): WPS: attr type=0x1047 len=16

D/wpa_supplicant(  677): WPS: attr type=0x1021 len=11

D/wpa_supplicant(  677): WPS: attr type=0x1023 len=10

D/wpa_supplicant(  677): WPS: attr type=0x1024 len=3

D/wpa_supplicant(  677): WPS: attr type=0x1042 len=3

D/wpa_supplicant(  677): WPS: attr type=0x1054 len=8

D/wpa_supplicant(  677): WPS: attr type=0x1011 len=32

D/wpa_supplicant(  677): WPS: attr type=0x1008 len=2

D/wpa_supplicant(  677): WPS: attr type=0x103c len=1

D/wpa_supplicant(  677): WPS: AP 00:1e:a6:04:5b:24 type 0 added

D/wpa_supplicant(  677): WPS: AP[0] 48:f8:b3:32:91:1a type=0 tries=0 last_attempt=-1 sec ago blacklist=0

D/wpa_supplicant(  677): WPS: AP[1] 00:1e:a6:04:5b:24 type=0 tries=0 last_attempt=-1 sec ago blacklist=0

D/wpa_supplicant(  677): wlan0: No suitable network found

D/wpa_supplicant(  677): wlan0: Short-circuit new scan request since there are no enabled networks

D/wpa_supplicant(  677): wlan0: State: SCANNING -> INACTIVE

D/wpa_supplicant(  677): CTRL_IFACE monitor send - hexdump(len=39): 2f 64 61 74 61 2f 6d 69 73 63 2f 77 69 66 69 2f 73 6f 63 6b 65 74 73 2f 77 70 61 5f 63 74 72 6c ...

D/wpa_supplicant(  677): wlan0: Checking for other virtual interfaces sharing same radio (phy0) in event_scan_results

D/wpa_supplicant(  677): p2p0: Updating scan results from sibling

D/wpa_supplicant(  677): nl80211: Received scan results (3 BSSes)

D/wpa_supplicant(  677): nl80211: Survey data missing

D/wpa_supplicant(  677): Sorted scan results

D/wpa_supplicant(  677): 48:f8:b3:32:91:1a freq=2412 qual=0 noise=0 level=-47 flags=0xb age=0

D/wpa_supplicant(  677): IEs - hexdump(len=285): 00 0a 53 50 49 44 49 47 4f 5f 35 30 01 08 82 84 8b 96 24 30 48 6c 03 01 01 2a 01 04 2f 01 04 30 ...

D/wpa_supplicant(  677): 00:1a:a9:6d:0b:51 freq=2462 qual=0 noise=0 level=-84 flags=0xb age=0

D/wpa_supplicant(  677): IEs - hexdump(len=77): 00 06 68 6a 73 68 61 68 01 04 82 84 8b 96 03 01 0b 07 0a 55 53 20 01 0b 1e 01 0b 1e 00 2a 01 00 ...

D/wpa_supplicant(  677): 00:1e:a6:04:5b:24 freq=2427 qual=0 noise=0 level=-93 flags=0xb age=0

D/wpa_supplicant(  677): IEs - hexdump(len=385): 00 0b 69 42 61 6c 6c 2d 42 61 74 6f 6e 01 08 82 84 8b 96 0c 12 18 24 03 01 04 30 14 01 00 00 0f ...

D/wpa_supplicant(  677): p2p0: BSS: Start scan result update 1

D/wpa_supplicant(  677): p2p0: BSS: Add new id 0 BSSID 48:f8:b3:32:91:1a SSID 'SPIDIGO_50'

D/wpa_supplicant(  677): CTRL_IFACE monitor send - hexdump(len=39): 2f 64 61 74 61 2f 6d 69 73 63 2f 77 69 66 69 2f 73 6f 63 6b 65 74 73 2f 77 70 61 5f 63 74 72 6c ...

D/wpa_supplicant(  677): p2p0: BSS: Add new id 1 BSSID 00:1a:a9:6d:0b:51 SSID 'hjshah'

D/wpa_supplicant(  677): CTRL_IFACE monitor send - hexdump(len=39): 2f 64 61 74 61 2f 6d 69 73 63 2f 77 69 66 69 2f 73 6f 63 6b 65 74 73 2f 77 70 61 5f 63 74 72 6c ...

D/wpa_supplicant(  677): p2p0: BSS: Add new id 2 BSSID 00:1e:a6:04:5b:24 SSID 'iBall-Baton'

D/wpa_supplicant(  677): CTRL_IFACE monitor send - hexdump(len=39): 2f 64 61 74 61 2f 6d 69 73 63 2f 77 69 66 69 2f 73 6f 63 6b 65 74 73 2f 77 70 61 5f 63 74 72 6c ...

D/wpa_supplicant(  677): BSS: last_scan_res_used=3/32 last_scan_full=0

D/wpa_supplicant(  677): Add randomness: count=5 entropy=3

D/wpa_supplicant(  677): random pool - hexdump(len=128): [REMOVED]

D/wpa_supplicant(  677): random_mix_pool - hexdump(len=8): [REMOVED]

D/wpa_supplicant(  677): random_mix_pool - hexdump(len=5): [REMOVED]

D/wpa_supplicant(  677): random pool - hexdump(len=128): [REMOVED]

D/wpa_supplicant(  677): Add randomness: count=6 entropy=4

D/wpa_supplicant(  677): random pool - hexdump(len=128): [REMOVED]

D/wpa_supplicant(  677): random_mix_pool - hexdump(len=8): [REMOVED]

D/wpa_supplicant(  677): random_mix_pool - hexdump(len=5): [REMOVED]

D/wpa_supplicant(  677): random pool - hexdump(len=128): [REMOVED]

D/wpa_supplicant(  677): Add randomness: count=7 entropy=5

D/wpa_supplicant(  677): random pool - hexdump(len=128): [REMOVED]

D/wpa_supplicant(  677): random_mix_pool - hexdump(len=8): [REMOVED]

D/wpa_supplicant(  677): random_mix_pool - hexdump(len=5): [REMOVED]

D/wpa_supplicant(  677): random pool - hexdump(len=128): [REMOVED]

D/wpa_supplicant(  677): p2p0: New scan results available

D/wpa_supplicant(  677): CTRL_IFACE monitor send - hexdump(len=39): 2f 64 61 74 61 2f 6d 69 73 63 2f 77 69 66 69 2f 73 6f 63 6b 65 74 73 2f 77 70 61 5f 63 74 72 6c ...

D/wpa_supplicant(  677): WPS: attr type=0x104a len=1

D/wpa_supplicant(  677): WPS: attr type=0x1044 len=1

D/wpa_supplicant(  677): WPS: attr type=0x103b len=1

D/wpa_supplicant(  677): WPS: attr type=0x1047 len=16

D/wpa_supplicant(  677): WPS: attr type=0x1021 len=7

D/wpa_supplicant(  677): WPS: attr type=0x1023 len=4

D/wpa_supplicant(  677): WPS: attr type=0x1024 len=7

D/wpa_supplicant(  677): WPS: attr type=0x1042 len=2

D/wpa_supplicant(  677): WPS: attr type=0x1054 len=8

D/wpa_supplicant(  677): WPS: attr type=0x1011 len=4

D/wpa_supplicant(  677): WPS: attr type=0x1008 len=2

D/wpa_supplicant(  677): WPS: attr type=0x103c len=1

D/wpa_supplicant(  677): WPS: attr type=0x1049 len=6

D/wpa_supplicant(  677): WPS: WFA subelement id=0 len=1

D/wpa_supplicant(  677): WPS: attr type=0x104a len=1

D/wpa_supplicant(  677): WPS: attr type=0x1044 len=1

D/wpa_supplicant(  677): WPS: attr type=0x103b len=1

D/wpa_supplicant(  677): WPS: attr type=0x1047 len=16

D/wpa_supplicant(  677): WPS: attr type=0x1021 len=7

D/wpa_supplicant(  677): WPS: attr type=0x1023 len=4

D/wpa_supplicant(  677): WPS: attr type=0x1024 len=7

D/wpa_supplicant(  677): WPS: attr type=0x1042 len=2

D/wpa_supplicant(  677): WPS: attr type=0x1054 len=8

D/wpa_supplicant(  677): WPS: attr type=0x1011 len=4

D/wpa_supplicant(  677): WPS: attr type=0x1008 len=2

D/wpa_supplicant(  677): WPS: attr type=0x103c len=1

D/wpa_supplicant(  677): WPS: attr type=0x1049 len=6

D/wpa_supplicant(  677): WPS: WFA subelement id=0 len=1

D/wpa_supplicant(  677): WPS: attr type=0x104a len=1

D/wpa_supplicant(  677): WPS: attr type=0x1044 len=1

D/wpa_supplicant(  677): WPS: attr type=0x103b len=1

D/wpa_supplicant(  677): WPS: attr type=0x1047 len=16

D/wpa_supplicant(  677): WPS: attr type=0x1021 len=7

D/wpa_supplicant(  677): WPS: attr type=0x1023 len=4

D/wpa_supplicant(  677): WPS: attr type=0x1024 len=7

D/wpa_supplicant(  677): WPS: attr type=0x1042 len=2

D/wpa_supplicant(  677): WPS: attr type=0x1054 len=8

D/wpa_supplicant(  677): WPS: attr type=0x1011 len=4

D/wpa_supplicant(  677): WPS: attr type=0x1008 len=2

D/wpa_supplicant(  677): WPS: attr type=0x103c len=1

D/wpa_supplicant(  677): WPS: attr type=0x1049 len=6

D/wpa_supplicant(  677): WPS: WFA subelement id=0 len=1

D/wpa_supplicant(  677): WPS: attr type=0x104a len=1

D/wpa_supplicant(  677): WPS: attr type=0x1044 len=1

D/wpa_supplicant(  677): WPS: attr type=0x103b len=1

D/wpa_supplicant(  677): WPS: attr type=0x1047 len=16

D/wpa_supplicant(  677): WPS: attr type=0x1021 len=11

D/wpa_supplicant(  677): WPS: attr type=0x1023 len=10

D/wpa_supplicant(  677): WPS: attr type=0x1024 len=3

D/wpa_supplicant(  677): WPS: attr type=0x1042 len=3

D/wpa_supplicant(  677): WPS: attr type=0x1054 len=8

D/wpa_supplicant(  677): WPS: attr type=0x1011 len=32

D/wpa_supplicant(  677): WPS: attr type=0x1008 len=2

D/wpa_supplicant(  677): WPS: attr type=0x103c len=1

D/wpa_supplicant(  677): WPS: attr type=0x104a len=1

D/wpa_supplicant(  677): WPS: attr type=0x1044 len=1

D/wpa_supplicant(  677): WPS: attr type=0x103b len=1

D/wpa_supplicant(  677): WPS: attr type=0x1047 len=16

D/wpa_supplicant(  677): WPS: attr type=0x1021 len=11

D/wpa_supplicant(  677): WPS: attr type=0x1023 len=10

D/wpa_supplicant(  677): WPS: attr type=0x1024 len=3

D/wpa_supplicant(  677): WPS: attr type=0x1042 len=3

D/wpa_supplicant(  677): WPS: attr type=0x1054 len=8

D/wpa_supplicant(  677): WPS: attr type=0x1011 len=32

D/wpa_supplicant(  677): WPS: attr type=0x1008 len=2

D/wpa_supplicant(  677): WPS: attr type=0x103c len=1

D/wpa_supplicant(  677): WPS: attr type=0x104a len=1

D/wpa_supplicant(  677): WPS: attr type=0x1044 len=1

D/wpa_supplicant(  677): WPS: attr type=0x103b len=1

D/wpa_supplicant(  677): WPS: attr type=0x1047 len=16

D/wpa_supplicant(  677): WPS: attr type=0x1021 len=11

D/wpa_supplicant(  677): WPS: attr type=0x1023 len=10

D/wpa_supplicant(  677): WPS: attr type=0x1024 len=3

D/wpa_supplicant(  677): WPS: attr type=0x1042 len=3

D/wpa_supplicant(  677): WPS: attr type=0x1054 len=8

D/wpa_supplicant(  677): WPS: attr type=0x1011 len=32

D/wpa_supplicant(  677): WPS: attr type=0x1008 len=2

D/wpa_supplicant(  677): WPS: attr type=0x103c len=1

D/wpa_supplicant(  677): CTRL_IFACE monitor send - hexdump(len=39): 2f 64 61 74 61 2f 6d 69 73 63 2f 77 69 66 69 2f 73 6f 63 6b 65 74 73 2f 77 70 61 5f 63 74 72 6c ...

D/wpa_supplicant(  677): WPS: attr type=0x104a len=1

D/wpa_supplicant(  677): WPS: attr type=0x1044 len=1

D/wpa_supplicant(  677): WPS: attr type=0x103b len=1

D/wpa_supplicant(  677): WPS: attr type=0x1047 len=16

D/wpa_supplicant(  677): WPS: attr type=0x1021 len=7

D/wpa_supplicant(  677): WPS: attr type=0x1023 len=4

D/wpa_supplicant(  677): WPS: attr type=0x1024 len=7

D/wpa_supplicant(  677): WPS: attr type=0x1042 len=2

D/wpa_supplicant(  677): WPS: attr type=0x1054 len=8

D/wpa_supplicant(  677): WPS: attr type=0x1011 len=4

D/wpa_supplicant(  677): WPS: attr type=0x1008 len=2

D/wpa_supplicant(  677): WPS: attr type=0x103c len=1

D/wpa_supplicant(  677): WPS: attr type=0x1049 len=6

D/wpa_supplicant(  677): WPS: WFA subelement id=0 len=1

D/wpa_supplicant(  677): WPS: AP 48:f8:b3:32:91:1a type 0 added

D/wpa_supplicant(  677): WPS: attr type=0x104a len=1

D/wpa_supplicant(  677): WPS: attr type=0x1044 len=1

D/wpa_supplicant(  677): WPS: attr type=0x103b len=1

D/wpa_supplicant(  677): WPS: attr type=0x1047 len=16

D/wpa_supplicant(  677): WPS: attr type=0x1021 len=11

D/wpa_supplicant(  677): WPS: attr type=0x1023 len=10

D/wpa_supplicant(  677): WPS: attr type=0x1024 len=3

D/wpa_supplicant(  677): WPS: attr type=0x1042 len=3

D/wpa_supplicant(  677): WPS: attr type=0x1054 len=8

D/wpa_supplicant(  677): WPS: attr type=0x1011 len=32

D/wpa_supplicant(  677): WPS: attr type=0x1008 len=2

D/wpa_supplicant(  677): WPS: attr type=0x103c len=1

D/wpa_supplicant(  677): WPS: AP 00:1e:a6:04:5b:24 type 0 added

D/wpa_supplicant(  677): WPS: AP[0] 48:f8:b3:32:91:1a type=0 tries=0 last_attempt=-1 sec ago blacklist=0

D/wpa_supplicant(  677): WPS: AP[1] 00:1e:a6:04:5b:24 type=0 tries=0 last_attempt=-1 sec ago blacklist=0

D/wpa_supplicant(  677): p2p0: No suitable network found

D/wpa_supplicant(  677): p2p0: Short-circuit new scan request since there are no enabled networks

D/wpa_supplicant(  677): p2p0: State: DISCONNECTED -> INACTIVE

D/wpa_supplicant(  677): CTRL_IFACE monitor send - hexdump(len=39): 2f 64 61 74 61 2f 6d 69 73 63 2f 77 69 66 69 2f 73 6f 63 6b 65 74 73 2f 77 70 61 5f 63 74 72 6c ...

D/wpa_supplicant(  677): wlan0: P2P: Station mode scan operation not pending anymore (sta_scan_pending=0 p2p_cb_on_scan_complete=0)

D/wpa_supplicant(  677): RX ctrl_iface - hexdump(len=25): 42 53 53 20 52 41 4e 47 45 3d 30 2d 20 4d 41 53 4b 3d 30 78 32 31 39 38 37

D/wpa_supplicant(  677): wlan0: Control interface command 'BSS RANGE=0- MASK=0x21987'

D/wpa_supplicant(  677): WPS: attr type=0x104a len=1

D/wpa_supplicant(  677): WPS: attr type=0x1044 len=1

D/wpa_supplicant(  677): WPS: attr type=0x103b len=1

D/wpa_supplicant(  677): WPS: attr type=0x1047 len=16

D/wpa_supplicant(  677): WPS: attr type=0x1021 len=7

D/wpa_supplicant(  677): WPS: attr type=0x1023 len=4

D/wpa_supplicant(  677): WPS: attr type=0x1024 len=7

D/wpa_supplicant(  677): WPS: attr type=0x1042 len=2

D/wpa_supplicant(  677): WPS: attr type=0x1054 len=8

D/wpa_supplicant(  677): WPS: attr type=0x1011 len=4

D/wpa_supplicant(  677): WPS: attr type=0x1008 len=2

D/wpa_supplicant(  677): WPS: attr type=0x103c len=1

D/wpa_supplicant(  677): WPS: attr type=0x1049 len=6

D/wpa_supplicant(  677): WPS: WFA subelement id=0 len=1

D/wpa_supplicant(  677): WPS: attr type=0x104a len=1

D/wpa_supplicant(  677): WPS: attr type=0x1044 len=1

D/wpa_supplicant(  677): WPS: attr type=0x103b len=1

D/wpa_supplicant(  677): WPS: attr type=0x1047 len=16

D/wpa_supplicant(  677): WPS: attr type=0x1021 len=7

D/wpa_supplicant(  677): WPS: attr type=0x1023 len=4

D/wpa_supplicant(  677): WPS: attr type=0x1024 len=7

D/wpa_supplicant(  677): WPS: attr type=0x1042 len=2

D/wpa_supplicant(  677): WPS: attr type=0x1054 len=8

D/wpa_supplicant(  677): WPS: attr type=0x1011 len=4

D/wpa_supplicant(  677): WPS: attr type=0x1008 len=2

D/wpa_supplicant(  677): WPS: attr type=0x103c len=1

D/wpa_supplicant(  677): WPS: attr type=0x1049 len=6

D/wpa_supplicant(  677): WPS: WFA subelement id=0 len=1

D/wpa_supplicant(  677): WPS: attr type=0x104a len=1

D/wpa_supplicant(  677): WPS: attr type=0x1044 len=1

D/wpa_supplicant(  677): WPS: attr type=0x103b len=1

D/wpa_supplicant(  677): WPS: attr type=0x1047 len=16

D/wpa_supplicant(  677): WPS: attr type=0x1021 len=7

D/wpa_supplicant(  677): WPS: attr type=0x1023 len=4

D/wpa_supplicant(  677): WPS: attr type=0x1024 len=7

D/wpa_supplicant(  677): WPS: attr type=0x1042 len=2

D/wpa_supplicant(  677): WPS: attr type=0x1054 len=8

D/wpa_supplicant(  677): WPS: attr type=0x1011 len=4

D/wpa_supplicant(  677): WPS: attr type=0x1008 len=2

D/wpa_supplicant(  677): WPS: attr type=0x103c len=1

D/wpa_supplicant(  677): WPS: attr type=0x1049 len=6

D/wpa_supplicant(  677): WPS: WFA subelement id=0 len=1

D/wpa_supplicant(  677): WPS: attr type=0x104a len=1

D/wpa_supplicant(  677): WPS: attr type=0x1044 len=1

D/wpa_supplicant(  677): WPS: attr type=0x103b len=1

D/wpa_supplicant(  677): WPS: attr type=0x1047 len=16

D/wpa_supplicant(  677): WPS: attr type=0x1021 len=11

D/wpa_supplicant(  677): WPS: attr type=0x1023 len=10

D/wpa_supplicant(  677): WPS: attr type=0x1024 len=3

D/wpa_supplicant(  677): WPS: attr type=0x1042 len=3

D/wpa_supplicant(  677): WPS: attr type=0x1054 len=8

D/wpa_supplicant(  677): WPS: attr type=0x1011 len=32

D/wpa_supplicant(  677): WPS: attr type=0x1008 len=2

D/wpa_supplicant(  677): WPS: attr type=0x103c len=1

D/wpa_supplicant(  677): WPS: attr type=0x104a len=1

D/wpa_supplicant(  677): WPS: attr type=0x1044 len=1

D/wpa_supplicant(  677): WPS: attr type=0x103b len=1

D/wpa_supplicant(  677): WPS: attr type=0x1047 len=16

D/wpa_supplicant(  677): WPS: attr type=0x1021 len=11

D/wpa_supplicant(  677): WPS: attr type=0x1023 len=10

D/wpa_supplicant(  677): WPS: attr type=0x1024 len=3

D/wpa_supplicant(  677): WPS: attr type=0x1042 len=3

D/wpa_supplicant(  677): WPS: attr type=0x1054 len=8

D/wpa_supplicant(  677): WPS: attr type=0x1011 len=32

D/wpa_supplicant(  677): WPS: attr type=0x1008 len=2

D/wpa_supplicant(  677): WPS: attr type=0x103c len=1

D/wpa_supplicant(  677): WPS: attr type=0x104a len=1

D/wpa_supplicant(  677): WPS: attr type=0x1044 len=1

D/wpa_supplicant(  677): WPS: attr type=0x103b len=1

D/wpa_supplicant(  677): WPS: attr type=0x1047 len=16

D/wpa_supplicant(  677): WPS: attr type=0x1021 len=11

D/wpa_supplicant(  677): WPS: attr type=0x1023 len=10

D/wpa_supplicant(  677): WPS: attr type=0x1024 len=3

D/wpa_supplicant(  677): WPS: attr type=0x1042 len=3

D/wpa_supplicant(  677): WPS: attr type=0x1054 len=8

D/wpa_supplicant(  677): WPS: attr type=0x1011 len=32

D/wpa_supplicant(  677): WPS: attr type=0x1008 len=2

D/wpa_supplicant(  677): WPS: attr type=0x103c len=1

W/SurfaceFlinger(  195): HWC_FRAMEBUFFER_TARGET found in hwc list (index=0)

W/SurfaceFlinger(  195): HWC_FRAMEBUFFER_TARGET found in hwc list (index=0)

W/SurfaceFlinger(  195): HWC_FRAMEBUFFER_TARGET found in hwc list (index=0)

W/SurfaceFlinger(  195): HWC_FRAMEBUFFER_TARGET found in hwc list (index=0)

W/SurfaceFlinger(  195): HWC_FRAMEBUFFER_TARGET found in hwc list (index=0)

W/SurfaceFlinger(  195): HWC_FRAMEBUFFER_TARGET found in hwc list (index=0)

W/SurfaceFlinger(  195): HWC_FRAMEBUFFER_TARGET found in hwc list (index=0)

W/SurfaceFlinger(  195): HWC_FRAMEBUFFER_TARGET found in hwc list (index=0)

