W/SurfaceFlinger(  195): HWC_FRAMEBUFFER_TARGET found in hwc list (index=0)

W/SurfaceFlinger(  195): HWC_FRAMEBUFFER_TARGET found in hwc list (index=0)

W/SurfaceFlinger(  195): HWC_FRAMEBUFFER_TARGET found in hwc list (index=0)

W/SurfaceFlinger(  195): HWC_FRAMEBUFFER_TARGET found in hwc list (index=0)

W/SurfaceFlinger(  195): HWC_FRAMEBUFFER_TARGET found in hwc list (index=0)

I/PackageManager(  607):   Action: "android.intent.action.SENDTO"

I/PackageManager(  607): Adding preferred activity ComponentInfo{com.android.mms/com.android.mms.ui.ComposeMessageActivity} for user 0 :

I/PackageManager(  607):   Category: "android.intent.category.DEFAULT"

I/PackageManager(  607):   Scheme: "mms"

W/SurfaceFlinger(  195): HWC_FRAMEBUFFER_TARGET found in hwc list (index=0)

W/SurfaceFlinger(  195): HWC_FRAMEBUFFER_TARGET found in hwc list (index=0)

D/BluetoothAdapter(  684): 1100783064: getState() :  mService = null. Returning STATE_OFF

D/BluetoothAdapter(  684): 1100783064: getState() :  mService = null. Returning STATE_OFF

W/SurfaceFlinger(  195): HWC_FRAMEBUFFER_TARGET found in hwc list (index=0)

I/PackageManager(  607):   Action: "android.intent.action.SENDTO"

I/PackageManager(  607): Adding preferred activity ComponentInfo{com.android.mms/com.android.mms.ui.ComposeMessageActivity} for user 0 :

I/PackageManager(  607):   Category: "android.intent.category.DEFAULT"

I/PackageManager(  607):   Scheme: "mmsto"

W/SurfaceFlinger(  195): HWC_FRAMEBUFFER_TARGET found in hwc list (index=0)

W/SurfaceFlinger(  195): HWC_FRAMEBUFFER_TARGET found in hwc list (index=0)

W/SurfaceFlinger(  195): HWC_FRAMEBUFFER_TARGET found in hwc list (index=0)

W/SurfaceFlinger(  195): HWC_FRAMEBUFFER_TARGET found in hwc list (index=0)

D/PhoneStatusBar(  684): heads up is disabled

W/SurfaceFlinger(  195): HWC_FRAMEBUFFER_TARGET found in hwc list (index=0)

W/SurfaceFlinger(  195): HWC_FRAMEBUFFER_TARGET found in hwc list (index=0)

W/SurfaceFlinger(  195): HWC_FRAMEBUFFER_TARGET found in hwc list (index=0)

W/SurfaceFlinger(  195): HWC_FRAMEBUFFER_TARGET found in hwc list (index=0)

W/SurfaceFlinger(  195): HWC_FRAMEBUFFER_TARGET found in hwc list (index=0)

I/Choreographer(  684): Skipped 316 frames!  The application may be doing too much work on its main thread.

W/SurfaceFlinger(  195): HWC_FRAMEBUFFER_TARGET found in hwc list (index=0)

W/SurfaceFlinger(  195): HWC_FRAMEBUFFER_TARGET found in hwc list (index=0)

I/Choreographer(  833): Skipped 40 frames!  The application may be doing too much work on its main thread.

W/SurfaceFlinger(  195): HWC_FRAMEBUFFER_TARGET found in hwc list (index=0)

W/SurfaceFlinger(  195): HWC_FRAMEBUFFER_TARGET found in hwc list (index=0)

D/BluetoothManagerService(  607): Message: 20

D/BluetoothManagerService(  607): Added callback: android.bluetooth.IBluetoothManagerCallback$Stub$Proxy@41c020e0:true

W/SurfaceFlinger(  195): HWC_FRAMEBUFFER_TARGET found in hwc list (index=0)

W/SurfaceFlinger(  195): HWC_FRAMEBUFFER_TARGET found in hwc list (index=0)

W/SurfaceFlinger(  195): HWC_FRAMEBUFFER_TARGET found in hwc list (index=0)

W/SurfaceFlinger(  195): HWC_FRAMEBUFFER_TARGET found in hwc list (index=0)

W/SurfaceFlinger(  195): HWC_FRAMEBUFFER_TARGET found in hwc list (index=0)

W/SurfaceFlinger(  195): HWC_FRAMEBUFFER_TARGET found in hwc list (index=0)

W/SurfaceFlinger(  195): HWC_FRAMEBUFFER_TARGET found in hwc list (index=0)

W/SurfaceFlinger(  195): HWC_FRAMEBUFFER_TARGET found in hwc list (index=0)

W/SurfaceFlinger(  195): HWC_FRAMEBUFFER_TARGET found in hwc list (index=0)

W/SurfaceFlinger(  195): HWC_FRAMEBUFFER_TARGET found in hwc list (index=0)

W/SurfaceFlinger(  195): HWC_FRAMEBUFFER_TARGET found in hwc list (index=0)

D/BluetoothManagerService(  607): Message: 30

W/SurfaceFlinger(  195): HWC_FRAMEBUFFER_TARGET found in hwc list (index=0)

W/SurfaceFlinger(  195): HWC_FRAMEBUFFER_TARGET found in hwc list (index=0)

W/SurfaceFlinger(  195): HWC_FRAMEBUFFER_TARGET found in hwc list (index=0)

W/SurfaceFlinger(  195): HWC_FRAMEBUFFER_TARGET found in hwc list (index=0)

W/SurfaceFlinger(  195): HWC_FRAMEBUFFER_TARGET found in hwc list (index=0)

W/SurfaceFlinger(  195): HWC_FRAMEBUFFER_TARGET found in hwc list (index=0)

W/SurfaceFlinger(  195): HWC_FRAMEBUFFER_TARGET found in hwc list (index=0)

D/libEGL  (  833): loaded /system/lib/egl/libEGL_adreno200.so

W/SurfaceFlinger(  195): HWC_FRAMEBUFFER_TARGET found in hwc list (index=0)

D/libEGL  (  833): loaded /system/lib/egl/libGLESv1_CM_adreno200.so

W/SurfaceFlinger(  195): HWC_FRAMEBUFFER_TARGET found in hwc list (index=0)

D/libEGL  (  833): loaded /system/lib/egl/libGLESv2_adreno200.so

W/SurfaceFlinger(  195): HWC_FRAMEBUFFER_TARGET found in hwc list (index=0)

I/Adreno200-EGL(  833): <qeglDrvAPI_eglInitialize:294>: EGL 1.4 QUALCOMM build: AU_LINUX_ANDROID_JB.04.01.01.00.036_msm8960_JB_CL2644550_release_AU (CL2644550)

I/Adreno200-EGL(  833): Build Date: 07/31/12 Tue

I/Adreno200-EGL(  833): Local Branch: 

I/Adreno200-EGL(  833): Remote Branch: quic/master

I/Adreno200-EGL(  833): Local Patches: NONE

I/Adreno200-EGL(  833): Reconstruct Branch: AU_LINUX_ANDROID_JB.04.01.01.00.036 +  NOTHING

W/SurfaceFlinger(  195): HWC_FRAMEBUFFER_TARGET found in hwc list (index=0)

W/SurfaceFlinger(  195): HWC_FRAMEBUFFER_TARGET found in hwc list (index=0)

W/SurfaceFlinger(  195): HWC_FRAMEBUFFER_TARGET found in hwc list (index=0)

W/SurfaceFlinger(  195): HWC_FRAMEBUFFER_TARGET found in hwc list (index=0)

W/SurfaceFlinger(  195): HWC_FRAMEBUFFER_TARGET found in hwc list (index=0)

W/SurfaceFlinger(  195): HWC_FRAMEBUFFER_TARGET found in hwc list (index=0)

W/SurfaceFlinger(  195): HWC_FRAMEBUFFER_TARGET found in hwc list (index=0)

W/SurfaceFlinger(  195): HWC_FRAMEBUFFER_TARGET found in hwc list (index=0)

W/SurfaceFlinger(  195): HWC_FRAMEBUFFER_TARGET found in hwc list (index=0)

W/SurfaceFlinger(  195): HWC_FRAMEBUFFER_TARGET found in hwc list (index=0)

W/AudioPolicyManagerBase(  199): getOutput() could not find output for stream 0, samplingRate 0,format 0, channels 3, flags 0

E/ToneGenerator(  798): Unable to marshal AudioFlinger

E/ToneGenerator(  798): ToneGenerator init failed

D/CallNotifier(  798): CallNotifier: mSignalInfoToneGenerator created when toneplay

D/BluetoothManagerService(  607): Message: 30

D/OpenGLRenderer(  833): Enabling debug mode 0

W/SurfaceFlinger(  195): HWC_FRAMEBUFFER_TARGET found in hwc list (index=0)

W/SurfaceFlinger(  195): HWC_FRAMEBUFFER_TARGET found in hwc list (index=0)

W/SurfaceFlinger(  195): HWC_FRAMEBUFFER_TARGET found in hwc list (index=0)

W/SurfaceFlinger(  195): HWC_FRAMEBUFFER_TARGET found in hwc list (index=0)

D/libEGL  (  684): loaded /system/lib/egl/libEGL_adreno200.so

W/SurfaceFlinger(  195): HWC_FRAMEBUFFER_TARGET found in hwc list (index=0)

D/libEGL  (  684): loaded /system/lib/egl/libGLESv1_CM_adreno200.so

W/SurfaceFlinger(  195): HWC_FRAMEBUFFER_TARGET found in hwc list (index=0)

D/libEGL  (  684): loaded /system/lib/egl/libGLESv2_adreno200.so

W/SurfaceFlinger(  195): HWC_FRAMEBUFFER_TARGET found in hwc list (index=0)

I/Adreno200-EGL(  684): <qeglDrvAPI_eglInitialize:294>: EGL 1.4 QUALCOMM build: AU_LINUX_ANDROID_JB.04.01.01.00.036_msm8960_JB_CL2644550_release_AU (CL2644550)

I/Adreno200-EGL(  684): Build Date: 07/31/12 Tue

I/Adreno200-EGL(  684): Local Branch: 

I/Adreno200-EGL(  684): Remote Branch: quic/master

I/Adreno200-EGL(  684): Local Patches: NONE

I/Adreno200-EGL(  684): Reconstruct Branch: AU_LINUX_ANDROID_JB.04.01.01.00.036 +  NOTHING

W/SurfaceFlinger(  195): HWC_FRAMEBUFFER_TARGET found in hwc list (index=0)

W/SurfaceFlinger(  195): HWC_FRAMEBUFFER_TARGET found in hwc list (index=0)

W/SurfaceFlinger(  195): HWC_FRAMEBUFFER_TARGET found in hwc list (index=0)

W/SurfaceFlinger(  195): HWC_FRAMEBUFFER_TARGET found in hwc list (index=0)

W/SurfaceFlinger(  195): HWC_FRAMEBUFFER_TARGET found in hwc list (index=0)

D/OpenGLRenderer(  684): Enabling debug mode 0

I/ActivityManager(  607): Displayed com.cyanogenmod.trebuchet/com.android.launcher3.Launcher: +6s943ms

W/SurfaceFlinger(  195): HWC_FRAMEBUFFER_TARGET found in hwc list (index=0)

I/ActivityManager(  607): Timeline: Activity_windows_visible id: ActivityRecord{41c89728 u0 com.cyanogenmod.trebuchet/com.android.launcher3.Launcher t1} time:51227

I/ThemeManager(  818): VerifyInstalledThemesThread took 4881 ms.

W/SurfaceFlinger(  195): HWC_FRAMEBUFFER_TARGET found in hwc list (index=0)

W/SurfaceFlinger(  195): HWC_FRAMEBUFFER_TARGET found in hwc list (index=0)

W/SurfaceFlinger(  195): HWC_FRAMEBUFFER_TARGET found in hwc list (index=0)

W/SurfaceFlinger(  195): HWC_FRAMEBUFFER_TARGET found in hwc list (index=0)

W/SurfaceFlinger(  195): HWC_FRAMEBUFFER_TARGET found in hwc list (index=0)

W/SurfaceFlinger(  195): HWC_FRAMEBUFFER_TARGET found in hwc list (index=0)

W/SurfaceFlinger(  195): HWC_FRAMEBUFFER_TARGET found in hwc list (index=0)

W/SurfaceFlinger(  195): HWC_FRAMEBUFFER_TARGET found in hwc list (index=0)

D/MobileDataStateTracker(  607): dun: Broadcast received: android.intent.action.ANY_DATA_STATE apnType=dun

W/SurfaceFlinger(  195): HWC_FRAMEBUFFER_TARGET found in hwc list (index=0)

D/MobileDataStateTracker(  607): dun: Received state=DISCONNECTED, old=DISCONNECTED, reason=radioTurnedOff

D/MobileDataStateTracker(  607): supl: Broadcast received: android.intent.action.ANY_DATA_STATE apnType=supl

D/MobileDataStateTracker(  607): supl: Received state=DISCONNECTED, old=DISCONNECTED, reason=radioTurnedOff

W/SurfaceFlinger(  195): HWC_FRAMEBUFFER_TARGET found in hwc list (index=0)

D/MobileDataStateTracker(  607): hipri: Broadcast received: android.intent.action.ANY_DATA_STATE apnType=hipri

D/MobileDataStateTracker(  607): hipri: Received state=DISCONNECTED, old=DISCONNECTED, reason=radioTurnedOff

W/SurfaceFlinger(  195): HWC_FRAMEBUFFER_TARGET found in hwc list (index=0)

D/MobileDataStateTracker(  607): default: Broadcast received: android.intent.action.ANY_DATA_STATE apnType=default

D/MobileDataStateTracker(  607): default: Received state=DISCONNECTED, old=DISCONNECTED, reason=radioTurnedOff

W/SurfaceFlinger(  195): HWC_FRAMEBUFFER_TARGET found in hwc list (index=0)

D/MobileDataStateTracker(  607): mms: Broadcast received: android.intent.action.ANY_DATA_STATE apnType=mms

D/MobileDataStateTracker(  607): mms: Received state=DISCONNECTED, old=DISCONNECTED, reason=radioTurnedOff

W/SurfaceFlinger(  195): HWC_FRAMEBUFFER_TARGET found in hwc list (index=0)

D/MobileDataStateTracker(  607): dun: Broadcast received: android.intent.action.ANY_DATA_STATE apnType=dun

D/MobileDataStateTracker(  607): dun: Received state=DISCONNECTED, old=DISCONNECTED, reason=radioTurnedOff

D/MobileDataStateTracker(  607): supl: Broadcast received: android.intent.action.ANY_DATA_STATE apnType=supl

D/MobileDataStateTracker(  607): supl: Received state=DISCONNECTED, old=DISCONNECTED, reason=radioTurnedOff

W/SurfaceFlinger(  195): HWC_FRAMEBUFFER_TARGET found in hwc list (index=0)

D/MobileDataStateTracker(  607): hipri: Broadcast received: android.intent.action.ANY_DATA_STATE apnType=hipri

D/MobileDataStateTracker(  607): hipri: Received state=DISCONNECTED, old=DISCONNECTED, reason=radioTurnedOff

W/SurfaceFlinger(  195): HWC_FRAMEBUFFER_TARGET found in hwc list (index=0)

W/SurfaceFlinger(  195): HWC_FRAMEBUFFER_TARGET found in hwc list (index=0)

W/SurfaceFlinger(  195): HWC_FRAMEBUFFER_TARGET found in hwc list (index=0)

W/SurfaceFlinger(  195): HWC_FRAMEBUFFER_TARGET found in hwc list (index=0)

W/SurfaceFlinger(  195): HWC_FRAMEBUFFER_TARGET found in hwc list (index=0)

W/SurfaceFlinger(  195): HWC_FRAMEBUFFER_TARGET found in hwc list (index=0)

D/MobileDataStateTracker(  607): default: Broadcast received: android.intent.action.ANY_DATA_STATE apnType=default

W/SurfaceFlinger(  195): HWC_FRAMEBUFFER_TARGET found in hwc list (index=0)

D/MobileDataStateTracker(  607): default: Received state=DISCONNECTED, old=DISCONNECTED, reason=radioTurnedOff

D/MobileDataStateTracker(  607): mms: Broadcast received: android.intent.action.ANY_DATA_STATE apnType=mms

D/MobileDataStateTracker(  607): mms: Received state=DISCONNECTED, old=DISCONNECTED, reason=radioTurnedOff

D/MobileDataStateTracker(  607): dun: Broadcast received: android.intent.action.ANY_DATA_STATE apnType=dun

W/SurfaceFlinger(  195): HWC_FRAMEBUFFER_TARGET found in hwc list (index=0)

D/MobileDataStateTracker(  607): dun: Received state=DISCONNECTED, old=DISCONNECTED, reason=dataDetached

W/SurfaceFlinger(  195): HWC_FRAMEBUFFER_TARGET found in hwc list (index=0)

D/MobileDataStateTracker(  607): supl: Broadcast received: android.intent.action.ANY_DATA_STATE apnType=supl

W/SurfaceFlinger(  195): HWC_FRAMEBUFFER_TARGET found in hwc list (index=0)

D/MobileDataStateTracker(  607): supl: Received state=DISCONNECTED, old=DISCONNECTED, reason=dataDetached

D/MobileDataStateTracker(  607): hipri: Broadcast received: android.intent.action.ANY_DATA_STATE apnType=hipri

W/SurfaceFlinger(  195): HWC_FRAMEBUFFER_TARGET found in hwc list (index=0)

D/MobileDataStateTracker(  607): hipri: Received state=DISCONNECTED, old=DISCONNECTED, reason=dataDetached

D/MobileDataStateTracker(  607): default: Broadcast received: android.intent.action.ANY_DATA_STATE apnType=default

W/SurfaceFlinger(  195): HWC_FRAMEBUFFER_TARGET found in hwc list (index=0)

D/MobileDataStateTracker(  607): default: Received state=DISCONNECTED, old=DISCONNECTED, reason=dataDetached

D/MobileDataStateTracker(  607): mms: Broadcast received: android.intent.action.ANY_DATA_STATE apnType=mms

W/SurfaceFlinger(  195): HWC_FRAMEBUFFER_TARGET found in hwc list (index=0)

D/MobileDataStateTracker(  607): mms: Received state=DISCONNECTED, old=DISCONNECTED, reason=dataDetached

W/SurfaceFlinger(  195): HWC_FRAMEBUFFER_TARGET found in hwc list (index=0)

D/TelephonyDebugService(  798): TelephonyDebugService()

W/SurfaceFlinger(  195): HWC_FRAMEBUFFER_TARGET found in hwc list (index=0)

W/SurfaceFlinger(  195): HWC_FRAMEBUFFER_TARGET found in hwc list (index=0)

W/SurfaceFlinger(  195): HWC_FRAMEBUFFER_TARGET found in hwc list (index=0)

W/SurfaceFlinger(  195): HWC_FRAMEBUFFER_TARGET found in hwc list (index=0)

W/SurfaceFlinger(  195): HWC_FRAMEBUFFER_TARGET found in hwc list (index=0)

D/BluetoothManagerService(  607): Message: 30

W/SurfaceFlinger(  195): HWC_FRAMEBUFFER_TARGET found in hwc list (index=0)

E/BluetoothPhoneService(  798): Could not get a handle on Connection object for the call

W/SurfaceFlinger(  195): HWC_FRAMEBUFFER_TARGET found in hwc list (index=0)

W/SurfaceFlinger(  195): HWC_FRAMEBUFFER_TARGET found in hwc list (index=0)

W/SurfaceFlinger(  195): HWC_FRAMEBUFFER_TARGET found in hwc list (index=0)

W/SurfaceFlinger(  195): HWC_FRAMEBUFFER_TARGET found in hwc list (index=0)

W/SurfaceFlinger(  195): HWC_FRAMEBUFFER_TARGET found in hwc list (index=0)

W/SurfaceFlinger(  195): HWC_FRAMEBUFFER_TARGET found in hwc list (index=0)

W/SurfaceFlinger(  195): HWC_FRAMEBUFFER_TARGET found in hwc list (index=0)

W/SurfaceFlinger(  195): HWC_FRAMEBUFFER_TARGET found in hwc list (index=0)

W/SurfaceFlinger(  195): HWC_FRAMEBUFFER_TARGET found in hwc list (index=0)

W/SurfaceFlinger(  195): HWC_FRAMEBUFFER_TARGET found in hwc list (index=0)

W/SurfaceFlinger(  195): HWC_FRAMEBUFFER_TARGET found in hwc list (index=0)

W/SurfaceFlinger(  195): HWC_FRAMEBUFFER_TARGET found in hwc list (index=0)

W/SurfaceFlinger(  195): HWC_FRAMEBUFFER_TARGET found in hwc list (index=0)

W/SurfaceFlinger(  195): HWC_FRAMEBUFFER_TARGET found in hwc list (index=0)

W/SurfaceFlinger(  195): HWC_FRAMEBUFFER_TARGET found in hwc list (index=0)

W/SurfaceFlinger(  195): HWC_FRAMEBUFFER_TARGET found in hwc list (index=0)

D/PhoneStatusBar(  684): disable: < expand icons alerts ticker system_info back home RECENT* clock SEARCH* >

W/SurfaceFlinger(  195): HWC_FRAMEBUFFER_TARGET found in hwc list (index=0)

W/SurfaceFlinger(  195): HWC_FRAMEBUFFER_TARGET found in hwc list (index=0)

W/SurfaceFlinger(  195): HWC_FRAMEBUFFER_TARGET found in hwc list (index=0)

W/SurfaceFlinger(  195): HWC_FRAMEBUFFER_TARGET found in hwc list (index=0)

W/SurfaceFlinger(  195): HWC_FRAMEBUFFER_TARGET found in hwc list (index=0)

W/SurfaceFlinger(  195): HWC_FRAMEBUFFER_TARGET found in hwc list (index=0)

W/SurfaceFlinger(  195): HWC_FRAMEBUFFER_TARGET found in hwc list (index=0)

W/SurfaceFlinger(  195): HWC_FRAMEBUFFER_TARGET found in hwc list (index=0)

W/SurfaceFlinger(  195): HWC_FRAMEBUFFER_TARGET found in hwc list (index=0)

W/SurfaceFlinger(  195): HWC_FRAMEBUFFER_TARGET found in hwc list (index=0)

W/SurfaceFlinger(  195): HWC_FRAMEBUFFER_TARGET found in hwc list (index=0)

W/SurfaceFlinger(  195): HWC_FRAMEBUFFER_TARGET found in hwc list (index=0)

W/SurfaceFlinger(  195): HWC_FRAMEBUFFER_TARGET found in hwc list (index=0)

W/SurfaceFlinger(  195): HWC_FRAMEBUFFER_TARGET found in hwc list (index=0)

W/SurfaceFlinger(  195): HWC_FRAMEBUFFER_TARGET found in hwc list (index=0)

W/SurfaceFlinger(  195): HWC_FRAMEBUFFER_TARGET found in hwc list (index=0)

W/SurfaceFlinger(  195): HWC_FRAMEBUFFER_TARGET found in hwc list (index=0)

W/WindowManager(  607): Window freeze timeout expired.

W/WindowManager(  607): Force clearing orientation change: Window{41bba020 u0 StatusBar}

W/SurfaceFlinger(  195): HWC_FRAMEBUFFER_TARGET found in hwc list (index=0)

W/SurfaceFlinger(  195): HWC_FRAMEBUFFER_TARGET found in hwc list (index=0)

W/SurfaceFlinger(  195): HWC_FRAMEBUFFER_TARGET found in hwc list (index=0)

W/SurfaceFlinger(  195): HWC_FRAMEBUFFER_TARGET found in hwc list (index=0)

W/SurfaceFlinger(  195): HWC_FRAMEBUFFER_TARGET found in hwc list (index=0)

W/SurfaceFlinger(  195): HWC_FRAMEBUFFER_TARGET found in hwc list (index=0)

W/SurfaceFlinger(  195): HWC_FRAMEBUFFER_TARGET found in hwc list (index=0)

W/SurfaceFlinger(  195): HWC_FRAMEBUFFER_TARGET found in hwc list (index=0)

W/SurfaceFlinger(  195): HWC_FRAMEBUFFER_TARGET found in hwc list (index=0)

W/SurfaceFlinger(  195): HWC_FRAMEBUFFER_TARGET found in hwc list (index=0)

W/SurfaceFlinger(  195): HWC_FRAMEBUFFER_TARGET found in hwc list (index=0)

W/SurfaceFlinger(  195): HWC_FRAMEBUFFER_TARGET found in hwc list (index=0)

W/SurfaceFlinger(  195): HWC_FRAMEBUFFER_TARGET found in hwc list (index=0)

W/SurfaceFlinger(  195): HWC_FRAMEBUFFER_TARGET found in hwc list (index=0)

W/SurfaceFlinger(  195): HWC_FRAMEBUFFER_TARGET found in hwc list (index=0)

W/SurfaceFlinger(  195): HWC_FRAMEBUFFER_TARGET found in hwc list (index=0)

W/SurfaceFlinger(  195): HWC_FRAMEBUFFER_TARGET found in hwc list (index=0)

W/SurfaceFlinger(  195): HWC_FRAMEBUFFER_TARGET found in hwc list (index=0)

W/SurfaceFlinger(  195): HWC_FRAMEBUFFER_TARGET found in hwc list (index=0)

I/Choreographer(  833): Skipped 55 frames!  The application may be doing too much work on its main thread.

W/SurfaceFlinger(  195): HWC_FRAMEBUFFER_TARGET found in hwc list (index=0)

W/SurfaceFlinger(  195): HWC_FRAMEBUFFER_TARGET found in hwc list (index=0)

W/SurfaceFlinger(  195): HWC_FRAMEBUFFER_TARGET found in hwc list (index=0)

W/SurfaceFlinger(  195): HWC_FRAMEBUFFER_TARGET found in hwc list (index=0)

W/SurfaceFlinger(  195): HWC_FRAMEBUFFER_TARGET found in hwc list (index=0)

W/SurfaceFlinger(  195): HWC_FRAMEBUFFER_TARGET found in hwc list (index=0)

W/SurfaceFlinger(  195): HWC_FRAMEBUFFER_TARGET found in hwc list (index=0)

W/SurfaceFlinger(  195): HWC_FRAMEBUFFER_TARGET found in hwc list (index=0)

I/auditd  (  982): Starting up

E/auditd  (  982): Failed on audit_set_pid with error: Protocol not supported

I/auditd  (  982): Exiting

W/SurfaceFlinger(  195): HWC_FRAMEBUFFER_TARGET found in hwc list (index=0)

W/SurfaceFlinger(  195): HWC_FRAMEBUFFER_TARGET found in hwc list (index=0)

W/SurfaceFlinger(  195): HWC_FRAMEBUFFER_TARGET found in hwc list (index=0)

W/SurfaceFlinger(  195): HWC_FRAMEBUFFER_TARGET found in hwc list (index=0)

W/SurfaceFlinger(  195): HWC_FRAMEBUFFER_TARGET found in hwc list (index=0)

W/SurfaceFlinger(  195): HWC_FRAMEBUFFER_TARGET found in hwc list (index=0)

I/PhoneApp(  798): Headset phone created, binding local service.

W/SurfaceFlinger(  195): HWC_FRAMEBUFFER_TARGET found in hwc list (index=0)

W/SurfaceFlinger(  195): HWC_FRAMEBUFFER_TARGET found in hwc list (index=0)

W/SurfaceFlinger(  195): HWC_FRAMEBUFFER_TARGET found in hwc list (index=0)

W/SurfaceFlinger(  195): HWC_FRAMEBUFFER_TARGET found in hwc list (index=0)

W/SurfaceFlinger(  195): HWC_FRAMEBUFFER_TARGET found in hwc list (index=0)

W/SurfaceFlinger(  195): HWC_FRAMEBUFFER_TARGET found in hwc list (index=0)

W/SurfaceFlinger(  195): HWC_FRAMEBUFFER_TARGET found in hwc list (index=0)

W/SurfaceFlinger(  195): HWC_FRAMEBUFFER_TARGET found in hwc list (index=0)

W/SurfaceFlinger(  195): HWC_FRAMEBUFFER_TARGET found in hwc list (index=0)

W/SurfaceFlinger(  195): HWC_FRAMEBUFFER_TARGET found in hwc list (index=0)

W/SurfaceFlinger(  195): HWC_FRAMEBUFFER_TARGET found in hwc list (index=0)

W/SurfaceFlinger(  195): HWC_FRAMEBUFFER_TARGET found in hwc list (index=0)

W/SurfaceFlinger(  195): HWC_FRAMEBUFFER_TARGET found in hwc list (index=0)

W/SurfaceFlinger(  195): HWC_FRAMEBUFFER_TARGET found in hwc list (index=0)

W/SurfaceFlinger(  195): HWC_FRAMEBUFFER_TARGET found in hwc list (index=0)

W/SurfaceFlinger(  195): HWC_FRAMEBUFFER_TARGET found in hwc list (index=0)

W/SurfaceFlinger(  195): HWC_FRAMEBUFFER_TARGET found in hwc list (index=0)

I/Choreographer(  833): Skipped 37 frames!  The application may be doing too much work on its main thread.

W/SurfaceFlinger(  195): HWC_FRAMEBUFFER_TARGET found in hwc list (index=0)

W/SurfaceFlinger(  195): HWC_FRAMEBUFFER_TARGET found in hwc list (index=0)

W/SurfaceFlinger(  195): HWC_FRAMEBUFFER_TARGET found in hwc list (index=0)

W/SurfaceFlinger(  195): HWC_FRAMEBUFFER_TARGET found in hwc list (index=0)

W/SurfaceFlinger(  195): HWC_FRAMEBUFFER_TARGET found in hwc list (index=0)

W/SurfaceFlinger(  195): HWC_FRAMEBUFFER_TARGET found in hwc list (index=0)

I/ActivityManager(  833): Timeline: Activity_idle id: android.os.BinderProxy@4198f9d0 time:53902

W/SurfaceFlinger(  195): HWC_FRAMEBUFFER_TARGET found in hwc list (index=0)

W/SurfaceFlinger(  195): HWC_FRAMEBUFFER_TARGET found in hwc list (index=0)

W/SurfaceFlinger(  195): HWC_FRAMEBUFFER_TARGET found in hwc list (index=0)

W/SurfaceFlinger(  195): HWC_FRAMEBUFFER_TARGET found in hwc list (index=0)

W/SurfaceFlinger(  195): HWC_FRAMEBUFFER_TARGET found in hwc list (index=0)

W/SurfaceFlinger(  195): HWC_FRAMEBUFFER_TARGET found in hwc list (index=0)

W/SurfaceFlinger(  195): HWC_FRAMEBUFFER_TARGET found in hwc list (index=0)

W/SurfaceFlinger(  195): HWC_FRAMEBUFFER_TARGET found in hwc list (index=0)

W/SurfaceFlinger(  195): HWC_FRAMEBUFFER_TARGET found in hwc list (index=0)

W/SurfaceFlinger(  195): HWC_FRAMEBUFFER_TARGET found in hwc list (index=0)

W/SurfaceFlinger(  195): HWC_FRAMEBUFFER_TARGET found in hwc list (index=0)

W/SurfaceFlinger(  195): HWC_FRAMEBUFFER_TARGET found in hwc list (index=0)

W/SurfaceFlinger(  195): HWC_FRAMEBUFFER_TARGET found in hwc list (index=0)

W/SurfaceFlinger(  195): HWC_FRAMEBUFFER_TARGET found in hwc list (index=0)

W/SurfaceFlinger(  195): HWC_FRAMEBUFFER_TARGET found in hwc list (index=0)

W/SurfaceFlinger(  195): HWC_FRAMEBUFFER_TARGET found in hwc list (index=0)

W/SurfaceFlinger(  195): HWC_FRAMEBUFFER_TARGET found in hwc list (index=0)

W/SurfaceFlinger(  195): HWC_FRAMEBUFFER_TARGET found in hwc list (index=0)

W/SurfaceFlinger(  195): HWC_FRAMEBUFFER_TARGET found in hwc list (index=0)

W/SurfaceFlinger(  195): HWC_FRAMEBUFFER_TARGET found in hwc list (index=0)

W/SurfaceFlinger(  195): HWC_FRAMEBUFFER_TARGET found in hwc list (index=0)

W/SurfaceFlinger(  195): HWC_FRAMEBUFFER_TARGET found in hwc list (index=0)

W/SurfaceFlinger(  195): HWC_FRAMEBUFFER_TARGET found in hwc list (index=0)

W/SurfaceFlinger(  195): HWC_FRAMEBUFFER_TARGET found in hwc list (index=0)

W/SurfaceFlinger(  195): HWC_FRAMEBUFFER_TARGET found in hwc list (index=0)

W/SurfaceFlinger(  195): HWC_FRAMEBUFFER_TARGET found in hwc list (index=0)

W/SurfaceFlinger(  195): HWC_FRAMEBUFFER_TARGET found in hwc list (index=0)

W/SurfaceFlinger(  195): HWC_FRAMEBUFFER_TARGET found in hwc list (index=0)

W/SurfaceFlinger(  195): HWC_FRAMEBUFFER_TARGET found in hwc list (index=0)

W/SurfaceFlinger(  195): HWC_FRAMEBUFFER_TARGET found in hwc list (index=0)

W/SurfaceFlinger(  195): HWC_FRAMEBUFFER_TARGET found in hwc list (index=0)

W/SurfaceFlinger(  195): HWC_FRAMEBUFFER_TARGET found in hwc list (index=0)

W/SurfaceFlinger(  195): HWC_FRAMEBUFFER_TARGET found in hwc list (index=0)

W/SurfaceFlinger(  195): HWC_FRAMEBUFFER_TARGET found in hwc list (index=0)

W/SurfaceFlinger(  195): HWC_FRAMEBUFFER_TARGET found in hwc list (index=0)

W/SurfaceFlinger(  195): HWC_FRAMEBUFFER_TARGET found in hwc list (index=0)

W/SurfaceFlinger(  195): HWC_FRAMEBUFFER_TARGET found in hwc list (index=0)

W/SurfaceFlinger(  195): HWC_FRAMEBUFFER_TARGET found in hwc list (index=0)

W/SurfaceFlinger(  195): HWC_FRAMEBUFFER_TARGET found in hwc list (index=0)

W/SurfaceFlinger(  195): HWC_FRAMEBUFFER_TARGET found in hwc list (index=0)

W/SurfaceFlinger(  195): HWC_FRAMEBUFFER_TARGET found in hwc list (index=0)

W/SurfaceFlinger(  195): HWC_FRAMEBUFFER_TARGET found in hwc list (index=0)

W/SurfaceFlinger(  195): HWC_FRAMEBUFFER_TARGET found in hwc list (index=0)

D/wpa_supplicant(  677): random: Got 20/20 bytes from /dev/random

D/wpa_supplicant(  677): Get randomness: len=20 entropy=6

W/SurfaceFlinger(  195): HWC_FRAMEBUFFER_TARGET found in hwc list (index=0)

D/wpa_supplicant(  677): random from os_get_random - hexdump(len=20): [REMOVED]

D/wpa_supplicant(  677): random_mix_pool - hexdump(len=20): [REMOVED]

D/wpa_supplicant(  677): random from internal pool - hexdump(len=16): [REMOVED]

D/wpa_supplicant(  677): random_mix_pool - hexdump(len=20): [REMOVED]

D/wpa_supplicant(  677): random from internal pool - hexdump(len=16): [REMOVED]

D/wpa_supplicant(  677): mixed random - hexdump(len=20): [REMOVED]

D/wpa_supplicant(  677): random: Updated entropy file /data/misc/wifi/entropy.bin (own_pool_ready=2)

W/SurfaceFlinger(  195): HWC_FRAMEBUFFER_TARGET found in hwc list (index=0)

W/SurfaceFlinger(  195): HWC_FRAMEBUFFER_TARGET found in hwc list (index=0)

W/SurfaceFlinger(  195): HWC_FRAMEBUFFER_TARGET found in hwc list (index=0)

W/SurfaceFlinger(  195): HWC_FRAMEBUFFER_TARGET found in hwc list (index=0)

W/SurfaceFlinger(  195): HWC_FRAMEBUFFER_TARGET found in hwc list (index=0)

W/SurfaceFlinger(  195): HWC_FRAMEBUFFER_TARGET found in hwc list (index=0)

W/SurfaceFlinger(  195): HWC_FRAMEBUFFER_TARGET found in hwc list (index=0)

W/SurfaceFlinger(  195): HWC_FRAMEBUFFER_TARGET found in hwc list (index=0)

W/SurfaceFlinger(  195): HWC_FRAMEBUFFER_TARGET found in hwc list (index=0)

W/SurfaceFlinger(  195): HWC_FRAMEBUFFER_TARGET found in hwc list (index=0)

W/SurfaceFlinger(  195): HWC_FRAMEBUFFER_TARGET found in hwc list (index=0)

V/Zygote  (  993): Switching descriptor 31 to /dev/null

V/Zygote  (  993): Switching descriptor 9 to /dev/null

W/SurfaceFlinger(  195): HWC_FRAMEBUFFER_TARGET found in hwc list (index=0)

I/ActivityManager(  607): Start proc com.android.externalstorage for broadcast com.android.externalstorage/.MountReceiver: pid=993 uid=10006 gids={50006, 1028, 1015, 1023}

W/SurfaceFlinger(  195): HWC_FRAMEBUFFER_TARGET found in hwc list (index=0)

W/SurfaceFlinger(  195): HWC_FRAMEBUFFER_TARGET found in hwc list (index=0)

W/SurfaceFlinger(  195): HWC_FRAMEBUFFER_TARGET found in hwc list (index=0)

W/SurfaceFlinger(  195): HWC_FRAMEBUFFER_TARGET found in hwc list (index=0)

D/wpa_supplicant(  677): RX ctrl_iface - hexdump(len=4): 53 43 41 4e

D/wpa_supplicant(  677): wlan0: Control interface command 'SCAN'

D/wpa_supplicant(  677): wlan0: Setting scan request: 0 sec 0 usec

D/wpa_supplicant(  677): wlan0: State: INACTIVE -> SCANNING

D/wpa_supplicant(  677): CTRL_IFACE monitor send - hexdump(len=39): 2f 64 61 74 61 2f 6d 69 73 63 2f 77 69 66 69 2f 73 6f 63 6b 65 74 73 2f 77 70 61 5f 63 74 72 6c ...

D/wpa_supplicant(  677): wlan0: Starting AP scan for wildcard SSID

D/wpa_supplicant(  677): WPS: Building WPS IE for Probe Request

D/wpa_supplicant(  677): WPS:  * Version (hardcoded 0x10)

D/wpa_supplicant(  677): WPS:  * Request Type

D/wpa_supplicant(  677): WPS:  * Config Methods (4388)

D/wpa_supplicant(  677): WPS:  * UUID-E

D/wpa_supplicant(  677): WPS:  * Primary Device Type

D/wpa_supplicant(  677): WPS:  * RF Bands (1)

D/wpa_supplicant(  677): WPS:  * Association State

D/wpa_supplicant(  677): WPS:  * Configuration Error (0)

D/wpa_supplicant(  677): WPS:  * Device Password ID (0)

D/wpa_supplicant(  677): WPS:  * Manufacturer

D/wpa_supplicant(  677): WPS:  * Model Name

D/wpa_supplicant(  677): WPS:  * Model Number

D/wpa_supplicant(  677): WPS:  * Device Name

D/wpa_supplicant(  677): WPS:  * Version2 (0x20)

D/wpa_supplicant(  677): P2P: * P2P IE header

D/wpa_supplicant(  677): P2P: * Capability dev=25 group=00

D/wpa_supplicant(  677): P2P: * Listen Channel: Regulatory Class 81 Channel 1

D/wpa_supplicant(  677): wlan0: nl80211: scan request

D/wpa_supplicant(  677): nl80211: Scan SSID - hexdump(len=0): [NULL]

D/wpa_supplicant(  677): nl80211: Scan extra IEs - hexdump(len=160): dd 8b 00 50 f2 04 10 4a 00 01 10 10 3a 00 01 00 10 08 00 02 43 88 10 47 00 10 66 01 a8 cf 86 8f ...

W/SurfaceFlinger(  195): HWC_FRAMEBUFFER_TARGET found in hwc list (index=0)

W/SurfaceFlinger(  195): HWC_FRAMEBUFFER_TARGET found in hwc list (index=0)

W/SurfaceFlinger(  195): HWC_FRAMEBUFFER_TARGET found in hwc list (index=0)

W/SurfaceFlinger(  195): HWC_FRAMEBUFFER_TARGET found in hwc list (index=0)

D/wpa_supplicant(  677): Scan requested (ret=0) - scan timeout 30 seconds

D/wpa_supplicant(  677): nl80211: Event message available

D/wpa_supplicant(  677): nl80211: Drv Event 33 (NL80211_CMD_TRIGGER_SCAN) received for wlan0

D/wpa_supplicant(  677): wlan0: nl80211: Scan trigger

W/SurfaceFlinger(  195): HWC_FRAMEBUFFER_TARGET found in hwc list (index=0)

W/SurfaceFlinger(  195): HWC_FRAMEBUFFER_TARGET found in hwc list (index=0)

W/SurfaceFlinger(  195): HWC_FRAMEBUFFER_TARGET found in hwc list (index=0)

W/SurfaceFlinger(  195): HWC_FRAMEBUFFER_TARGET found in hwc list (index=0)

W/SurfaceFlinger(  195): HWC_FRAMEBUFFER_TARGET found in hwc list (index=0)

W/SurfaceFlinger(  195): HWC_FRAMEBUFFER_TARGET found in hwc list (index=0)

W/SurfaceFlinger(  195): HWC_FRAMEBUFFER_TARGET found in hwc list (index=0)

D/Tethering(  607): Exception adding default nw to upstreamIfaceTypes: java.lang.NullPointerException

D/Tethering(  607): Exception adding default nw to upstreamIfaceTypes: java.lang.NullPointerException

W/SurfaceFlinger(  195): HWC_FRAMEBUFFER_TARGET found in hwc list (index=0)

W/SurfaceFlinger(  195): HWC_FRAMEBUFFER_TARGET found in hwc list (index=0)

W/SurfaceFlinger(  195): HWC_FRAMEBUFFER_TARGET found in hwc list (index=0)

W/SurfaceFlinger(  195): HWC_FRAMEBUFFER_TARGET found in hwc list (index=0)

W/SurfaceFlinger(  195): HWC_FRAMEBUFFER_TARGET found in hwc list (index=0)

W/SurfaceFlinger(  195): HWC_FRAMEBUFFER_TARGET found in hwc list (index=0)

W/SurfaceFlinger(  195): HWC_FRAMEBUFFER_TARGET found in hwc list (index=0)

W/SurfaceFlinger(  195): HWC_FRAMEBUFFER_TARGET found in hwc list (index=0)

W/SurfaceFlinger(  195): HWC_FRAMEBUFFER_TARGET found in hwc list (index=0)

W/SurfaceFlinger(  195): HWC_FRAMEBUFFER_TARGET found in hwc list (index=0)

W/SurfaceFlinger(  195): HWC_FRAMEBUFFER_TARGET found in hwc list (index=0)

W/SurfaceFlinger(  195): HWC_FRAMEBUFFER_TARGET found in hwc list (index=0)

W/SurfaceFlinger(  195): HWC_FRAMEBUFFER_TARGET found in hwc list (index=0)

W/SurfaceFlinger(  195): HWC_FRAMEBUFFER_TARGET found in hwc list (index=0)

W/SurfaceFlinger(  195): HWC_FRAMEBUFFER_TARGET found in hwc list (index=0)

W/SurfaceFlinger(  195): HWC_FRAMEBUFFER_TARGET found in hwc list (index=0)

W/SurfaceFlinger(  195): HWC_FRAMEBUFFER_TARGET found in hwc list (index=0)

W/SurfaceFlinger(  195): HWC_FRAMEBUFFER_TARGET found in hwc list (index=0)

W/SurfaceFlinger(  195): HWC_FRAMEBUFFER_TARGET found in hwc list (index=0)

W/SurfaceFlinger(  195): HWC_FRAMEBUFFER_TARGET found in hwc list (index=0)

D/MccTable(  798): updateMccMncConfiguration: mcc=405, mnc=30

D/MccTable(  798): getLocaleFromMcc to null_in mcc=405

D/MccTable(  798): getLocaleForLanguageCountry: skipping no language

D/MccTable(  798): WIFI_COUNTRY_CODE set to in

I/WifiService(  607): WifiService trying to set country code to in with persist set to true

D/wpa_supplicant(  677): nl80211: Event message available

D/wpa_supplicant(  677): nl80211: Drv Event 34 (NL80211_CMD_NEW_SCAN_RESULTS) received for wlan0

D/wpa_supplicant(  677): wlan0: nl80211: New scan results available

D/wpa_supplicant(  677): wlan0: Event SCAN_RESULTS (3) received

D/wpa_supplicant(  677): nl80211: Received scan results (3 BSSes)

D/wpa_supplicant(  677): nl80211: Survey data missing

D/wpa_supplicant(  677): Sorted scan results

D/wpa_supplicant(  677): 48:f8:b3:32:91:1a freq=2412 qual=0 noise=0 level=-50 flags=0xb age=0

D/wpa_supplicant(  677): IEs - hexdump(len=285): 00 0a 53 50 49 44 49 47 4f 5f 35 30 01 08 82 84 8b 96 24 30 48 6c 03 01 01 2a 01 04 2f 01 04 30 ...

D/wpa_supplicant(  677): 00:1e:a6:04:5b:24 freq=2427 qual=0 noise=0 level=-86 flags=0xb age=0

D/wpa_supplicant(  677): IEs - hexdump(len=385): 00 0b 69 42 61 6c 6c 2d 42 61 74 6f 6e 01 08 82 84 8b 96 0c 12 18 24 03 01 04 30 14 01 00 00 0f ...

D/wpa_supplicant(  677): 00:1a:a9:6d:0b:51 freq=2462 qual=0 noise=0 level=-88 flags=0xb age=0

D/wpa_supplicant(  677): IEs - hexdump(len=77): 00 06 68 6a 73 68 61 68 01 04 82 84 8b 96 03 01 0b 07 0a 55 53 20 01 0b 1e 01 0b 1e 00 2a 01 00 ...

D/wpa_supplicant(  677): wlan0: BSS: Start scan result update 2

D/wpa_supplicant(  677): BSS: last_scan_res_used=3/32 last_scan_full=0

D/wpa_supplicant(  677): Add randomness: count=8 entropy=0

D/wpa_supplicant(  677): random pool - hexdump(len=128): [REMOVED]

D/wpa_supplicant(  677): random_mix_pool - hexdump(len=8): [REMOVED]

D/wpa_supplicant(  677): random_mix_pool - hexdump(len=5): [REMOVED]

D/wpa_supplicant(  677): random pool - hexdump(len=128): [REMOVED]

D/wpa_supplicant(  677): Add randomness: count=9 entropy=1

D/wpa_supplicant(  677): random pool - hexdump(len=128): [REMOVED]

D/wpa_supplicant(  677): random_mix_pool - hexdump(len=8): [REMOVED]

D/wpa_supplicant(  677): random_mix_pool - hexdump(len=5): [REMOVED]

D/wpa_supplicant(  677): random pool - hexdump(len=128): [REMOVED]

D/wpa_supplicant(  677): Add randomness: count=10 entropy=2

D/wpa_supplicant(  677): random pool - hexdump(len=128): [REMOVED]

D/wpa_supplicant(  677): random_mix_pool - hexdump(len=8): [REMOVED]

D/wpa_supplicant(  677): random_mix_pool - hexdump(len=5): [REMOVED]

D/wpa_supplicant(  677): random pool - hexdump(len=128): [REMOVED]

D/wpa_supplicant(  677): wlan0: New scan results available

D/wpa_supplicant(  677): CTRL_IFACE monitor send - hexdump(len=39): 2f 64 61 74 61 2f 6d 69 73 63 2f 77 69 66 69 2f 73 6f 63 6b 65 74 73 2f 77 70 61 5f 63 74 72 6c ...

D/wpa_supplicant(  677): WPS: attr type=0x104a len=1

D/wpa_supplicant(  677): WPS: attr type=0x1044 len=1

D/wpa_supplicant(  677): WPS: attr type=0x103b len=1

D/wpa_supplicant(  677): WPS: attr type=0x1047 len=16

D/wpa_supplicant(  677): WPS: attr type=0x1021 len=7

D/wpa_supplicant(  677): WPS: attr type=0x1023 len=4

D/wpa_supplicant(  677): WPS: attr type=0x1024 len=7

D/wpa_supplicant(  677): WPS: attr type=0x1042 len=2

D/wpa_supplicant(  677): WPS: attr type=0x1054 len=8

D/wpa_supplicant(  677): WPS: attr type=0x1011 len=4

D/wpa_supplicant(  677): WPS: attr type=0x1008 len=2

D/wpa_supplicant(  677): WPS: attr type=0x103c len=1

D/wpa_supplicant(  677): WPS: attr type=0x1049 len=6

D/wpa_supplicant(  677): WPS: WFA subelement id=0 len=1

D/wpa_supplicant(  677): WPS: attr type=0x104a len=1

D/wpa_supplicant(  677): WPS: attr type=0x1044 len=1

D/wpa_supplicant(  677): WPS: attr type=0x103b len=1

D/wpa_supplicant(  677): WPS: attr type=0x1047 len=16

D/wpa_supplicant(  677): WPS: attr type=0x1021 len=7

D/wpa_supplicant(  677): WPS: attr type=0x1023 len=4

D/wpa_supplicant(  677): WPS: attr type=0x1024 len=7

D/wpa_supplicant(  677): WPS: attr type=0x1042 len=2

D/wpa_supplicant(  677): WPS: attr type=0x1054 len=8

D/wpa_supplicant(  677): WPS: attr type=0x1011 len=4

D/wpa_supplicant(  677): WPS: attr type=0x1008 len=2

D/wpa_supplicant(  677): WPS: attr type=0x103c len=1

D/wpa_supplicant(  677): WPS: attr type=0x1049 len=6

D/wpa_supplicant(  677): WPS: WFA subelement id=0 len=1

D/wpa_supplicant(  677): WPS: attr type=0x104a len=1

D/wpa_supplicant(  677): WPS: attr type=0x1044 len=1

D/wpa_supplicant(  677): WPS: attr type=0x103b len=1

D/wpa_supplicant(  677): WPS: attr type=0x1047 len=16

D/wpa_supplicant(  677): WPS: attr type=0x1021 len=7

D/wpa_supplicant(  677): WPS: attr type=0x1023 len=4

D/wpa_supplicant(  677): WPS: attr type=0x1024 len=7

D/wpa_supplicant(  677): WPS: attr type=0x1042 len=2

D/wpa_supplicant(  677): WPS: attr type=0x1054 len=8

D/wpa_supplicant(  677): WPS: attr type=0x1011 len=4

D/wpa_supplicant(  677): WPS: attr type=0x1008 len=2

D/wpa_supplicant(  677): WPS: attr type=0x103c len=1

D/wpa_supplicant(  677): WPS: attr type=0x1049 len=6

D/wpa_supplicant(  677): WPS: WFA subelement id=0 len=1

D/wpa_supplicant(  677): WPS: attr type=0x104a len=1

D/wpa_supplicant(  677): WPS: attr type=0x1044 len=1

D/wpa_supplicant(  677): WPS: attr type=0x103b len=1

D/wpa_supplicant(  677): WPS: attr type=0x1047 len=16

D/wpa_supplicant(  677): WPS: attr type=0x1021 len=11

D/wpa_supplicant(  677): WPS: attr type=0x1023 len=10

D/wpa_supplicant(  677): WPS: attr type=0x1024 len=3

D/wpa_supplicant(  677): WPS: attr type=0x1042 len=3

D/wpa_supplicant(  677): WPS: attr type=0x1054 len=8

D/wpa_supplicant(  677): WPS: attr type=0x1011 len=32

D/wpa_supplicant(  677): WPS: attr type=0x1008 len=2

D/wpa_supplicant(  677): WPS: attr type=0x103c len=1

D/wpa_supplicant(  677): WPS: attr type=0x104a len=1

D/wpa_supplicant(  677): WPS: attr type=0x1044 len=1

D/wpa_supplicant(  677): WPS: attr type=0x103b len=1

D/wpa_supplicant(  677): WPS: attr type=0x1047 len=16

D/wpa_supplicant(  677): WPS: attr type=0x1021 len=11

D/wpa_supplicant(  677): WPS: attr type=0x1023 len=10

D/wpa_supplicant(  677): WPS: attr type=0x1024 len=3

D/wpa_supplicant(  677): WPS: attr type=0x1042 len=3

D/wpa_supplicant(  677): WPS: attr type=0x1054 len=8

D/wpa_supplicant(  677): WPS: attr type=0x1011 len=32

D/wpa_supplicant(  677): WPS: attr type=0x1008 len=2

D/wpa_supplicant(  677): WPS: attr type=0x103c len=1

D/wpa_supplicant(  677): WPS: attr type=0x104a len=1

D/wpa_supplicant(  677): WPS: attr type=0x1044 len=1

D/wpa_supplicant(  677): WPS: attr type=0x103b len=1

D/wpa_supplicant(  677): WPS: attr type=0x1047 len=16

D/wpa_supplicant(  677): WPS: attr type=0x1021 len=11

D/wpa_supplicant(  677): WPS: attr type=0x1023 len=10

D/wpa_supplicant(  677): WPS: attr type=0x1024 len=3

D/wpa_supplicant(  677): WPS: attr type=0x1042 len=3

D/wpa_supplicant(  677): WPS: attr type=0x1054 len=8

D/wpa_supplicant(  677): WPS: attr type=0x1011 len=32

D/wpa_supplicant(  677): WPS: attr type=0x1008 len=2

D/wpa_supplicant(  677): WPS: attr type=0x103c len=1

D/wpa_supplicant(  677): CTRL_IFACE monitor send - hexdump(len=39): 2f 64 61 74 61 2f 6d 69 73 63 2f 77 69 66 69 2f 73 6f 63 6b 65 74 73 2f 77 70 61 5f 63 74 72 6c ...

D/wpa_supplicant(  677): WPS: attr type=0x104a len=1

D/wpa_supplicant(  677): WPS: attr type=0x1044 len=1

D/wpa_supplicant(  677): WPS: attr type=0x103b len=1

D/wpa_supplicant(  677): WPS: attr type=0x1047 len=16

D/wpa_supplicant(  677): WPS: attr type=0x1021 len=7

D/wpa_supplicant(  677): WPS: attr type=0x1023 len=4

D/wpa_supplicant(  677): WPS: attr type=0x1024 len=7

D/wpa_supplicant(  677): WPS: attr type=0x1042 len=2

D/wpa_supplicant(  677): WPS: attr type=0x1054 len=8

D/wpa_supplicant(  677): WPS: attr type=0x1011 len=4

D/wpa_supplicant(  677): WPS: attr type=0x1008 len=2

D/wpa_supplicant(  677): WPS: attr type=0x103c len=1

D/wpa_supplicant(  677): WPS: attr type=0x1049 len=6

D/wpa_supplicant(  677): WPS: WFA subelement id=0 len=1

D/wpa_supplicant(  677): WPS: attr type=0x104a len=1

D/wpa_supplicant(  677): WPS: attr type=0x1044 len=1

D/wpa_supplicant(  677): WPS: attr type=0x103b len=1

D/wpa_supplicant(  677): WPS: attr type=0x1047 len=16

D/wpa_supplicant(  677): WPS: attr type=0x1021 len=11

D/wpa_supplicant(  677): WPS: attr type=0x1023 len=10

D/wpa_supplicant(  677): WPS: attr type=0x1024 len=3

D/wpa_supplicant(  677): WPS: attr type=0x1042 len=3

D/wpa_supplicant(  677): WPS: attr type=0x1054 len=8

D/wpa_supplicant(  677): WPS: attr type=0x1011 len=32

D/wpa_supplicant(  677): WPS: attr type=0x1008 len=2

D/wpa_supplicant(  677): WPS: attr type=0x103c len=1

D/wpa_supplicant(  677): WPS: AP[0] 48:f8:b3:32:91:1a type=0 tries=0 last_attempt=-1 sec ago blacklist=0

D/wpa_supplicant(  677): WPS: AP[1] 00:1e:a6:04:5b:24 type=0 tries=0 last_attempt=-1 sec ago blacklist=0

D/wpa_supplicant(  677): wlan0: No suitable network found

D/wpa_supplicant(  677): wlan0: Short-circuit new scan request since there are no enabled networks

D/wpa_supplicant(  677): wlan0: State: SCANNING -> INACTIVE

D/wpa_supplicant(  677): CTRL_IFACE monitor send - hexdump(len=39): 2f 64 61 74 61 2f 6d 69 73 63 2f 77 69 66 69 2f 73 6f 63 6b 65 74 73 2f 77 70 61 5f 63 74 72 6c ...

D/wpa_supplicant(  677): wlan0: Checking for other virtual interfaces sharing same radio (phy0) in event_scan_results

D/wpa_supplicant(  677): p2p0: Updating scan results from sibling

D/wpa_supplicant(  677): nl80211: Received scan results (3 BSSes)

D/wpa_supplicant(  677): nl80211: Survey data missing

D/wpa_supplicant(  677): Sorted scan results

D/wpa_supplicant(  677): 48:f8:b3:32:91:1a freq=2412 qual=0 noise=0 level=-50 flags=0xb age=0

D/wpa_supplicant(  677): IEs - hexdump(len=285): 00 0a 53 50 49 44 49 47 4f 5f 35 30 01 08 82 84 8b 96 24 30 48 6c 03 01 01 2a 01 04 2f 01 04 30 ...

D/wpa_supplicant(  677): 00:1e:a6:04:5b:24 freq=2427 qual=0 noise=0 level=-86 flags=0xb age=0

D/wpa_supplicant(  677): IEs - hexdump(len=385): 00 0b 69 42 61 6c 6c 2d 42 61 74 6f 6e 01 08 82 84 8b 96 0c 12 18 24 03 01 04 30 14 01 00 00 0f ...

D/wpa_supplicant(  677): 00:1a:a9:6d:0b:51 freq=2462 qual=0 noise=0 level=-88 flags=0xb age=0

D/wpa_supplicant(  677): IEs - hexdump(len=77): 00 06 68 6a 73 68 61 68 01 04 82 84 8b 96 03 01 0b 07 0a 55 53 20 01 0b 1e 01 0b 1e 00 2a 01 00 ...

D/wpa_supplicant(  677): p2p0: BSS: Start scan result update 2

D/wpa_supplicant(  677): BSS: last_scan_res_used=3/32 last_scan_full=0

D/wpa_supplicant(  677): Add randomness: count=11 entropy=3

D/wpa_supplicant(  677): random pool - hexdump(len=128): [REMOVED]

D/wpa_supplicant(  677): random_mix_pool - hexdump(len=8): [REMOVED]

D/wpa_supplicant(  677): random_mix_pool - hexdump(len=5): [REMOVED]

D/wpa_supplicant(  677): random pool - hexdump(len=128): [REMOVED]

D/wpa_supplicant(  677): Add randomness: count=12 entropy=4

D/wpa_supplicant(  677): random pool - hexdump(len=128): [REMOVED]

D/wpa_supplicant(  677): random_mix_pool - hexdump(len=8): [REMOVED]

D/wpa_supplicant(  677): random_mix_pool - hexdump(len=5): [REMOVED]

D/wpa_supplicant(  677): random pool - hexdump(len=128): [REMOVED]

D/wpa_supplicant(  677): Add randomness: count=13 entropy=5

D/wpa_supplicant(  677): random pool - hexdump(len=128): [REMOVED]

D/wpa_supplicant(  677): random_mix_pool - hexdump(len=8): [REMOVED]

D/wpa_supplicant(  677): random_mix_pool - hexdump(len=5): [REMOVED]

D/wpa_supplicant(  677): random pool - hexdump(len=128): [REMOVED]

D/wpa_supplicant(  677): p2p0: New scan results available

D/wpa_supplicant(  677): CTRL_IFACE monitor send - hexdump(len=39): 2f 64 61 74 61 2f 6d 69 73 63 2f 77 69 66 69 2f 73 6f 63 6b 65 74 73 2f 77 70 61 5f 63 74 72 6c ...

D/wpa_supplicant(  677): WPS: attr type=0x104a len=1

D/wpa_supplicant(  677): WPS: attr type=0x1044 len=1

D/wpa_supplicant(  677): WPS: attr type=0x103b len=1

D/wpa_supplicant(  677): WPS: attr type=0x1047 len=16

D/wpa_supplicant(  677): WPS: attr type=0x1021 len=7

D/wpa_supplicant(  677): WPS: attr type=0x1023 len=4

D/wpa_supplicant(  677): WPS: attr type=0x1024 len=7

D/wpa_supplicant(  677): WPS: attr type=0x1042 len=2

D/wpa_supplicant(  677): WPS: attr type=0x1054 len=8

D/wpa_supplicant(  677): WPS: attr type=0x1011 len=4

D/wpa_supplicant(  677): WPS: attr type=0x1008 len=2

D/wpa_supplicant(  677): WPS: attr type=0x103c len=1

D/wpa_supplicant(  677): WPS: attr type=0x1049 len=6

D/wpa_supplicant(  677): WPS: WFA subelement id=0 len=1

D/wpa_supplicant(  677): WPS: attr type=0x104a len=1

D/wpa_supplicant(  677): WPS: attr type=0x1044 len=1

D/wpa_supplicant(  677): WPS: attr type=0x103b len=1

D/wpa_supplicant(  677): WPS: attr type=0x1047 len=16

D/wpa_supplicant(  677): WPS: attr type=0x1021 len=7

D/wpa_supplicant(  677): WPS: attr type=0x1023 len=4

D/wpa_supplicant(  677): WPS: attr type=0x1024 len=7

D/wpa_supplicant(  677): WPS: attr type=0x1042 len=2

D/wpa_supplicant(  677): WPS: attr type=0x1054 len=8

D/wpa_supplicant(  677): WPS: attr type=0x1011 len=4

D/wpa_supplicant(  677): WPS: attr type=0x1008 len=2

D/wpa_supplicant(  677): WPS: attr type=0x103c len=1

D/wpa_supplicant(  677): WPS: attr type=0x1049 len=6

D/wpa_supplicant(  677): WPS: WFA subelement id=0 len=1

D/wpa_supplicant(  677): WPS: attr type=0x104a len=1

D/wpa_supplicant(  677): WPS: attr type=0x1044 len=1

D/wpa_supplicant(  677): WPS: attr type=0x103b len=1

D/wpa_supplicant(  677): WPS: attr type=0x1047 len=16

D/wpa_supplicant(  677): WPS: attr type=0x1021 len=7

D/wpa_supplicant(  677): WPS: attr type=0x1023 len=4

D/wpa_supplicant(  677): WPS: attr type=0x1024 len=7

D/wpa_supplicant(  677): WPS: attr type=0x1042 len=2

D/wpa_supplicant(  677): WPS: attr type=0x1054 len=8

D/wpa_supplicant(  677): WPS: attr type=0x1011 len=4

D/wpa_supplicant(  677): WPS: attr type=0x1008 len=2

D/wpa_supplicant(  677): WPS: attr type=0x103c len=1

D/wpa_supplicant(  677): WPS: attr type=0x1049 len=6

D/wpa_supplicant(  677): WPS: WFA subelement id=0 len=1

D/wpa_supplicant(  677): WPS: attr type=0x104a len=1

D/wpa_supplicant(  677): WPS: attr type=0x1044 len=1

D/wpa_supplicant(  677): WPS: attr type=0x103b len=1

D/wpa_supplicant(  677): WPS: attr type=0x1047 len=16

D/wpa_supplicant(  677): WPS: attr type=0x1021 len=11

D/wpa_supplicant(  677): WPS: attr type=0x1023 len=10

D/wpa_supplicant(  677): WPS: attr type=0x1024 len=3

D/wpa_supplicant(  677): WPS: attr type=0x1042 len=3

D/wpa_supplicant(  677): WPS: attr type=0x1054 len=8

D/wpa_supplicant(  677): WPS: attr type=0x1011 len=32

D/wpa_supplicant(  677): WPS: attr type=0x1008 len=2

D/wpa_supplicant(  677): WPS: attr type=0x103c len=1

D/wpa_supplicant(  677): WPS: attr type=0x104a len=1

D/wpa_supplicant(  677): WPS: attr type=0x1044 len=1

D/wpa_supplicant(  677): WPS: attr type=0x103b len=1

D/wpa_supplicant(  677): WPS: attr type=0x1047 len=16

D/wpa_supplicant(  677): WPS: attr type=0x1021 len=11

D/wpa_supplicant(  677): WPS: attr type=0x1023 len=10

D/wpa_supplicant(  677): WPS: attr type=0x1024 len=3

D/wpa_supplicant(  677): WPS: attr type=0x1042 len=3

D/wpa_supplicant(  677): WPS: attr type=0x1054 len=8

D/wpa_supplicant(  677): WPS: attr type=0x1011 len=32

D/wpa_supplicant(  677): WPS: attr type=0x1008 len=2

D/wpa_supplicant(  677): WPS: attr type=0x103c len=1

D/wpa_supplicant(  677): WPS: attr type=0x104a len=1

D/wpa_supplicant(  677): WPS: attr type=0x1044 len=1

D/wpa_supplicant(  677): WPS: attr type=0x103b len=1

D/wpa_supplicant(  677): WPS: attr type=0x1047 len=16

D/wpa_supplicant(  677): WPS: attr type=0x1021 len=11

D/wpa_supplicant(  677): WPS: attr type=0x1023 len=10

D/wpa_supplicant(  677): WPS: attr type=0x1024 len=3

D/wpa_supplicant(  677): WPS: attr type=0x1042 len=3

D/wpa_supplicant(  677): WPS: attr type=0x1054 len=8

D/wpa_supplicant(  677): WPS: attr type=0x1011 len=32

D/wpa_supplicant(  677): WPS: attr type=0x1008 len=2

D/wpa_supplicant(  677): WPS: attr type=0x103c len=1

D/wpa_supplicant(  677): CTRL_IFACE monitor send - hexdump(len=39): 2f 64 61 74 61 2f 6d 69 73 63 2f 77 69 66 69 2f 73 6f 63 6b 65 74 73 2f 77 70 61 5f 63 74 72 6c ...

D/wpa_supplicant(  677): WPS: attr type=0x104a len=1

D/wpa_supplicant(  677): WPS: attr type=0x1044 len=1

D/wpa_supplicant(  677): WPS: attr type=0x103b len=1

D/wpa_supplicant(  677): WPS: attr type=0x1047 len=16

D/wpa_supplicant(  677): WPS: attr type=0x1021 len=7

D/wpa_supplicant(  677): WPS: attr type=0x1023 len=4

D/wpa_supplicant(  677): WPS: attr type=0x1024 len=7

D/wpa_supplicant(  677): WPS: attr type=0x1042 len=2

D/wpa_supplicant(  677): WPS: attr type=0x1054 len=8

D/wpa_supplicant(  677): WPS: attr type=0x1011 len=4

D/wpa_supplicant(  677): WPS: attr type=0x1008 len=2

D/wpa_supplicant(  677): WPS: attr type=0x103c len=1

D/wpa_supplicant(  677): WPS: attr type=0x1049 len=6

D/wpa_supplicant(  677): WPS: WFA subelement id=0 len=1

D/wpa_supplicant(  677): WPS: attr type=0x104a len=1

D/wpa_supplicant(  677): WPS: attr type=0x1044 len=1

D/wpa_supplicant(  677): WPS: attr type=0x103b len=1

D/wpa_supplicant(  677): WPS: attr type=0x1047 len=16

D/wpa_supplicant(  677): WPS: attr type=0x1021 len=11

D/wpa_supplicant(  677): WPS: attr type=0x1023 len=10

D/wpa_supplicant(  677): WPS: attr type=0x1024 len=3

D/wpa_supplicant(  677): WPS: attr type=0x1042 len=3

D/wpa_supplicant(  677): WPS: attr type=0x1054 len=8

D/wpa_supplicant(  677): WPS: attr type=0x1011 len=32

D/wpa_supplicant(  677): WPS: attr type=0x1008 len=2

D/wpa_supplicant(  677): WPS: attr type=0x103c len=1

