E/Installer( 1261): read exception
I/Installer( 1261): disconnecting...
I/installd(  182): new connection
E/installd(  182): invalid size 29811
I/installd(  182): closing connection
I/Installer( 1261): connecting...
I/PackageManager( 1261): /system/app/KeyChain.apk changed; collecting certs
E/Installer( 1261): read exception
I/Installer( 1261): disconnecting...
I/installd(  182): new connection
E/installd(  182): invalid size 29811
I/installd(  182): closing connection
I/Installer( 1261): connecting...
E/Installer( 1261): read exception
I/Installer( 1261): disconnecting...
I/PackageManager( 1261): /system/app/LatinIME.apk changed; collecting certs
I/installd(  182): new connection
E/installd(  182): invalid size 29811
I/installd(  182): closing connection
I/Installer( 1261): connecting...
E/Installer( 1261): read exception
I/Installer( 1261): disconnecting...
I/PackageManager( 1261): /system/app/LiveWallpapers.apk changed; collecting certs
I/installd(  182): new connection
E/installd(  182): invalid size 29811
I/installd(  182): closing connection
I/Installer( 1261): connecting...
E/Installer( 1261): read exception
I/Installer( 1261): disconnecting...
I/PackageManager( 1261): /system/app/LiveWallpapersPicker.apk changed; collecting certs
I/installd(  182): new connection
E/installd(  182): invalid size 29811
I/installd(  182): closing connection
I/Installer( 1261): connecting...
E/Installer( 1261): read exception
I/Installer( 1261): disconnecting...
I/PackageManager( 1261): /system/app/LockClock.apk changed; collecting certs
W/PackageParser( 1261): Unknown element under <application>: reciever at /system/app/LockClock.apk Binary XML file line #104
I/installd(  182): new connection
E/installd(  182): invalid size 29811
I/installd(  182): closing connection
I/Installer( 1261): connecting...
E/Installer( 1261): read exception
I/PackageManager( 1261): /system/app/MagicSmokeWallpapers.apk changed; collecting certs
I/Installer( 1261): disconnecting...
I/installd(  182): new connection
E/installd(  182): invalid size 29811
I/installd(  182): closing connection
I/PackageManager( 1261): /system/app/NoiseField.apk changed; collecting certs
I/Installer( 1261): connecting...
E/Installer( 1261): read exception
I/Installer( 1261): disconnecting...
I/installd(  182): new connection
E/installd(  182): invalid size 29811
I/installd(  182): closing connection
I/PackageManager( 1261): /system/app/PacProcessor.apk changed; collecting certs
I/Installer( 1261): connecting...
E/Installer( 1261): read exception
I/Installer( 1261): disconnecting...
I/installd(  182): new connection
E/installd(  182): invalid size 29811
I/installd(  182): closing connection
I/PackageManager( 1261): /system/app/PackageInstaller.apk changed; collecting certs
I/Installer( 1261): connecting...
E/Installer( 1261): read exception
I/Installer( 1261): disconnecting...
I/installd(  182): new connection
E/installd(  182): invalid size 29811
I/installd(  182): closing connection
I/Installer( 1261): connecting...
E/Installer( 1261): read exception
I/Installer( 1261): disconnecting...
I/PackageManager( 1261): /system/app/PhaseBeam.apk changed; collecting certs
I/installd(  182): new connection
E/installd(  182): invalid size 29811
I/installd(  182): closing connection
I/PackageManager( 1261): /system/app/PhotoTable.apk changed; collecting certs
I/Installer( 1261): connecting...
E/Installer( 1261): read exception
I/Installer( 1261): disconnecting...
I/installd(  182): new connection
E/installd(  182): invalid size 29811
I/installd(  182): closing connection
I/PackageManager( 1261): /system/app/PrintSpooler.apk changed; collecting certs
I/Installer( 1261): connecting...
E/Installer( 1261): read exception
I/Installer( 1261): disconnecting...
I/installd(  182): new connection
I/Installer( 1261): connecting...
E/installd(  182): invalid size 29811
I/installd(  182): closing connection
E/Installer( 1261): read exception
I/Installer( 1261): disconnecting...
I/PackageManager( 1261): /system/app/SoundRecorder.apk changed; collecting certs
I/auditd  ( 1295): Starting up
E/auditd  ( 1295): Failed on audit_set_pid with error: Protocol not supported
I/auditd  ( 1295): Exiting
I/installd(  182): new connection
E/installd(  182): invalid size 29811
I/installd(  182): closing connection
I/Installer( 1261): connecting...
E/Installer( 1261): read exception
I/Installer( 1261): disconnecting...
I/PackageManager( 1261): /system/app/Stk.apk changed; collecting certs
I/installd(  182): new connection
E/installd(  182): invalid size 29811
I/installd(  182): closing connection
I/PackageManager( 1261): /system/app/TelephonyProvider.apk changed; collecting certs
I/Installer( 1261): connecting...
E/Installer( 1261): read exception
I/Installer( 1261): disconnecting...
I/installd(  182): new connection
I/Installer( 1261): connecting...
E/installd(  182): invalid size 29811
I/installd(  182): closing connection
E/Installer( 1261): read exception
I/Installer( 1261): disconnecting...
I/PackageManager( 1261): /system/app/Term.apk changed; collecting certs
I/installd(  182): new connection
E/installd(  182): invalid size 29811
I/installd(  182): closing connection
I/Installer( 1261): connecting...
E/Installer( 1261): read exception
I/Installer( 1261): disconnecting...
I/PackageManager( 1261): /system/app/Torch.apk changed; collecting certs
I/installd(  182): new connection
I/Installer( 1261): connecting...
E/installd(  182): invalid size 29811
I/installd(  182): closing connection
E/Installer( 1261): read exception
I/Installer( 1261): disconnecting...
I/PackageManager( 1261): /system/app/UserDictionaryProvider.apk changed; collecting certs
I/installd(  182): new connection
E/installd(  182): invalid size 29811
I/installd(  182): closing connection
I/Installer( 1261): connecting...
E/Installer( 1261): read exception
I/Installer( 1261): disconnecting...
I/PackageManager( 1261): /system/app/VideoEditor.apk changed; collecting certs
I/installd(  182): new connection
E/installd(  182): invalid size 29811
I/installd(  182): closing connection
I/Installer( 1261): connecting...
E/Installer( 1261): read exception
I/Installer( 1261): disconnecting...
I/PackageManager( 1261): /system/app/VisualizationWallpapers.apk changed; collecting certs
I/installd(  182): new connection
E/installd(  182): invalid size 29811
I/installd(  182): closing connection
I/Installer( 1261): connecting...
E/Installer( 1261): read exception
I/Installer( 1261): disconnecting...
I/PackageManager( 1261): /system/app/VoicePlus.apk changed; collecting certs
I/installd(  182): new connection
E/installd(  182): invalid size 29811
I/installd(  182): closing connection
I/Installer( 1261): connecting...
E/Installer( 1261): read exception
I/Installer( 1261): disconnecting...
I/PackageManager( 1261): /system/app/WAPPushManager.apk changed; collecting certs
I/installd(  182): new connection
E/installd(  182): invalid size 29811
I/installd(  182): closing connection
I/Installer( 1261): connecting...
E/Installer( 1261): read exception
I/Installer( 1261): disconnecting...
I/PackageManager( 1261): /system/app/WhisperPush.apk changed; collecting certs
I/installd(  182): new connection
E/installd(  182): invalid size 29811
I/installd(  182): closing connection
D/asset   ( 1261): failed to open Zip archive '/system/app/MediaUploader.apk'
D/asset   ( 1261): failed to open Zip archive '/system/app/GoogleContactsSyncAdapter.apk'
I/Installer( 1261): connecting...
E/Installer( 1261): read exception
I/Installer( 1261): disconnecting...
W/PackageParser( 1261): Unable to read AndroidManifest.xml of /system/app/MediaUploader.apk
W/PackageParser( 1261): java.io.FileNotFoundException: AndroidManifest.xml
W/PackageParser( 1261): 	at android.content.res.AssetManager.openXmlAssetNative(Native Method)
W/PackageParser( 1261): 	at android.content.res.AssetManager.openXmlBlockAsset(AssetManager.java:507)
W/PackageParser( 1261): 	at android.content.res.AssetManager.openXmlResourceParser(AssetManager.java:475)
W/PackageParser( 1261): 	at android.content.pm.PackageParser.parsePackage(PackageParser.java:576)
W/PackageParser( 1261): 	at com.android.server.pm.PackageManagerService.scanPackageLI(PackageManagerService.java:3749)
W/PackageParser( 1261): 	at com.android.server.pm.PackageManagerService.scanDirLI(PackageManagerService.java:3672)
W/PackageParser( 1261): 	at com.android.server.pm.PackageManagerService.<init>(PackageManagerService.java:1396)
W/PackageParser( 1261): 	at com.android.server.pm.PackageManagerService.main(PackageManagerService.java:1126)
W/PackageParser( 1261): 	at com.android.server.ServerThread.initAndLoop(SystemServer.java:308)
W/PackageParser( 1261): 	at com.android.server.SystemServer.main(SystemServer.java:1406)
W/PackageParser( 1261): 	at java.lang.reflect.Method.invokeNative(Native Method)
W/PackageParser( 1261): 	at java.lang.reflect.Method.invoke(Method.java:515)
W/PackageParser( 1261): 	at com.android.internal.os.ZygoteInit$MethodAndArgsCaller.run(ZygoteInit.java:789)
W/PackageParser( 1261): 	at com.android.internal.os.ZygoteInit.main(ZygoteInit.java:605)
W/PackageParser( 1261): 	at dalvik.system.NativeStart.main(Native Method)
D/asset   ( 1261): failed to open Zip archive '/system/app/GoogleEars.apk'
D/asset   ( 1261): failed to open Zip archive '/system/app/GoogleTTS.apk'
D/asset   ( 1261): failed to open Zip archive '/system/app/Gmail2.apk'
W/PackageParser( 1261): Unable to read AndroidManifest.xml of /system/app/GoogleContactsSyncAdapter.apk
W/PackageParser( 1261): java.io.FileNotFoundException: AndroidManifest.xml
W/PackageParser( 1261): 	at android.content.res.AssetManager.openXmlAssetNative(Native Method)
W/PackageParser( 1261): 	at android.content.res.AssetManager.openXmlBlockAsset(AssetManager.java:507)
W/PackageParser( 1261): 	at android.content.res.AssetManager.openXmlResourceParser(AssetManager.java:475)
W/PackageParser( 1261): 	at android.content.pm.PackageParser.parsePackage(PackageParser.java:576)
W/PackageParser( 1261): 	at com.android.server.pm.PackageManagerService.scanPackageLI(PackageManagerService.java:3749)
W/PackageParser( 1261): 	at com.android.server.pm.PackageManagerService.scanDirLI(PackageManagerService.java:3672)
W/PackageParser( 1261): 	at com.android.server.pm.PackageManagerService.<init>(PackageManagerService.java:1396)
W/PackageParser( 1261): 	at com.android.server.pm.PackageManagerService.main(PackageManagerService.java:1126)
W/PackageParser( 1261): 	at com.android.server.ServerThread.initAndLoop(SystemServer.java:308)
W/PackageParser( 1261): 	at com.android.server.SystemServer.main(SystemServer.java:1406)
W/PackageParser( 1261): 	at java.lang.reflect.Method.invokeNative(Native Method)
W/PackageParser( 1261): 	at java.lang.reflect.Method.invoke(Method.java:515)
W/PackageParser( 1261): 	at com.android.internal.os.ZygoteInit$MethodAndArgsCaller.run(ZygoteInit.java:789)
W/PackageParser( 1261): 	at com.android.internal.os.ZygoteInit.main(ZygoteInit.java:605)
W/PackageParser( 1261): 	at dalvik.system.NativeStart.main(Native Method)
W/PackageParser( 1261): Unable to read AndroidManifest.xml of /system/app/GoogleEars.apk
W/PackageParser( 1261): java.io.FileNotFoundException: AndroidManifest.xml
W/PackageParser( 1261): 	at android.content.res.AssetManager.openXmlAssetNative(Native Method)
W/PackageParser( 1261): 	at android.content.res.AssetManager.openXmlBlockAsset(AssetManager.java:507)
W/PackageParser( 1261): 	at android.content.res.AssetManager.openXmlResourceParser(AssetManager.java:475)
W/PackageParser( 1261): 	at android.content.pm.PackageParser.parsePackage(PackageParser.java:576)
W/PackageParser( 1261): 	at com.android.server.pm.PackageManagerService.scanPackageLI(PackageManagerService.java:3749)
W/PackageParser( 1261): 	at com.android.server.pm.PackageManagerService.scanDirLI(PackageManagerService.java:3672)
W/PackageParser( 1261): 	at com.android.server.pm.PackageManagerService.<init>(PackageManagerService.java:1396)
W/PackageParser( 1261): 	at com.android.server.pm.PackageManagerService.main(PackageManagerService.java:1126)
W/PackageParser( 1261): 	at com.android.server.ServerThread.initAndLoop(SystemServer.java:308)
W/PackageParser( 1261): 	at com.android.server.SystemServer.main(SystemServer.java:1406)
W/PackageParser( 1261): 	at java.lang.reflect.Method.invokeNative(Native Method)
W/PackageParser( 1261): 	at java.lang.reflect.Method.invoke(Method.java:515)
W/PackageParser( 1261): 	at com.android.internal.os.ZygoteInit$MethodAndArgsCaller.run(ZygoteInit.java:789)
W/PackageParser( 1261): 	at com.android.internal.os.ZygoteInit.main(ZygoteInit.java:605)
W/PackageParser( 1261): 	at dalvik.system.NativeStart.main(Native Method)
W/PackageParser( 1261): Unable to read AndroidManifest.xml of /system/app/GoogleTTS.apk
W/PackageParser( 1261): java.io.FileNotFoundException: AndroidManifest.xml
W/PackageParser( 1261): 	at android.content.res.AssetManager.openXmlAssetNative(Native Method)
W/PackageParser( 1261): 	at android.content.res.AssetManager.openXmlBlockAsset(AssetManager.java:507)
W/PackageParser( 1261): 	at android.content.res.AssetManager.openXmlResourceParser(AssetManager.java:475)
W/PackageParser( 1261): 	at android.content.pm.PackageParser.parsePackage(PackageParser.java:576)
W/PackageParser( 1261): 	at com.android.server.pm.PackageManagerService.scanPackageLI(PackageManagerService.java:3749)
W/PackageParser( 1261): 	at com.android.server.pm.PackageManagerService.scanDirLI(PackageManagerService.java:3672)
W/PackageParser( 1261): 	at com.android.server.pm.PackageManagerService.<init>(PackageManagerService.java:1396)
W/PackageParser( 1261): 	at com.android.server.pm.PackageManagerService.main(PackageManagerService.java:1126)
W/PackageParser( 1261): 	at com.android.server.ServerThread.initAndLoop(SystemServer.java:308)
W/PackageParser( 1261): 	at com.android.server.SystemServer.main(SystemServer.java:1406)
W/PackageParser( 1261): 	at java.lang.reflect.Method.invokeNative(Native Method)
W/PackageParser( 1261): 	at java.lang.reflect.Method.invoke(Method.java:515)
W/PackageParser( 1261): 	at com.android.internal.os.ZygoteInit$MethodAndArgsCaller.run(ZygoteInit.java:789)
W/PackageParser( 1261): 	at com.android.internal.os.ZygoteInit.main(ZygoteInit.java:605)
W/PackageParser( 1261): 	at dalvik.system.NativeStart.main(Native Method)
D/asset   ( 1261): failed to open Zip archive '/system/app/GoogleCalendarSyncAdapter.apk'
D/asset   ( 1261): failed to open Zip archive '/system/app/Hangouts.apk'
D/asset   ( 1261): failed to open Zip archive '/system/app/GenieWidget.apk'
W/PackageParser( 1261): Unable to read AndroidManifest.xml of /system/app/Gmail2.apk
W/PackageParser( 1261): java.io.FileNotFoundException: AndroidManifest.xml
W/PackageParser( 1261): 	at android.content.res.AssetManager.openXmlAssetNative(Native Method)
W/PackageParser( 1261): 	at android.content.res.AssetManager.openXmlBlockAsset(AssetManager.java:507)
W/PackageParser( 1261): 	at android.content.res.AssetManager.openXmlResourceParser(AssetManager.java:475)
W/PackageParser( 1261): 	at android.content.pm.PackageParser.parsePackage(PackageParser.java:576)
W/PackageParser( 1261): 	at com.android.server.pm.PackageManagerService.scanPackageLI(PackageManagerService.java:3749)
W/PackageParser( 1261): 	at com.android.server.pm.PackageManagerService.scanDirLI(PackageManagerService.java:3672)
W/PackageParser( 1261): 	at com.android.server.pm.PackageManagerService.<init>(PackageManagerService.java:1396)
W/PackageParser( 1261): 	at com.android.server.pm.PackageManagerService.main(PackageManagerService.java:1126)
W/PackageParser( 1261): 	at com.android.server.ServerThread.initAndLoop(SystemServer.java:308)
W/PackageParser( 1261): 	at com.android.server.SystemServer.main(SystemServer.java:1406)
W/PackageParser( 1261): 	at java.lang.reflect.Method.invokeNative(Native Method)
W/PackageParser( 1261): 	at java.lang.reflect.Method.invoke(Method.java:515)
W/PackageParser( 1261): 	at com.android.internal.os.ZygoteInit$MethodAndArgsCaller.run(ZygoteInit.java:789)
W/PackageParser( 1261): 	at com.android.internal.os.ZygoteInit.main(ZygoteInit.java:605)
W/PackageParser( 1261): 	at dalvik.system.NativeStart.main(Native Method)
W/PackageParser( 1261): Unable to read AndroidManifest.xml of /system/app/GoogleCalendarSyncAdapter.apk
W/PackageParser( 1261): java.io.FileNotFoundException: AndroidManifest.xml
W/PackageParser( 1261): 	at android.content.res.AssetManager.openXmlAssetNative(Native Method)
W/PackageParser( 1261): 	at android.content.res.AssetManager.openXmlBlockAsset(AssetManager.java:507)
W/PackageParser( 1261): 	at android.content.res.AssetManager.openXmlResourceParser(AssetManager.java:475)
W/PackageParser( 1261): 	at android.content.pm.PackageParser.parsePackage(PackageParser.java:576)
W/PackageParser( 1261): 	at com.android.server.pm.PackageManagerService.scanPackageLI(PackageManagerService.java:3749)
W/PackageParser( 1261): 	at com.android.server.pm.PackageManagerService.scanDirLI(PackageManagerService.java:3672)
W/PackageParser( 1261): 	at com.android.server.pm.PackageManagerService.<init>(PackageManagerService.java:1396)
W/PackageParser( 1261): 	at com.android.server.pm.PackageManagerService.main(PackageManagerService.java:1126)
W/PackageParser( 1261): 	at com.android.server.ServerThread.initAndLoop(SystemServer.java:308)
W/PackageParser( 1261): 	at com.android.server.SystemServer.main(SystemServer.java:1406)
W/PackageParser( 1261): 	at java.lang.reflect.Method.invokeNative(Native Method)
W/PackageParser( 1261): 	at java.lang.reflect.Method.invoke(Method.java:515)
W/PackageParser( 1261): 	at com.android.internal.os.ZygoteInit$MethodAndArgsCaller.run(ZygoteInit.java:789)
W/PackageParser( 1261): 	at com.android.internal.os.ZygoteInit.main(ZygoteInit.java:605)
W/PackageParser( 1261): 	at dalvik.system.NativeStart.main(Native Method)
W/PackageParser( 1261): Unable to read AndroidManifest.xml of /system/app/Hangouts.apk
W/PackageParser( 1261): java.io.FileNotFoundException: AndroidManifest.xml
W/PackageParser( 1261): 	at android.content.res.AssetManager.openXmlAssetNative(Native Method)
W/PackageParser( 1261): 	at android.content.res.AssetManager.openXmlBlockAsset(AssetManager.java:507)
W/PackageParser( 1261): 	at android.content.res.AssetManager.openXmlResourceParser(AssetManager.java:475)
W/PackageParser( 1261): 	at android.content.pm.PackageParser.parsePackage(PackageParser.java:576)
W/PackageParser( 1261): 	at com.android.server.pm.PackageManagerService.scanPackageLI(PackageManagerService.java:3749)
W/PackageParser( 1261): 	at com.android.server.pm.PackageManagerService.scanDirLI(PackageManagerService.java:3672)
W/PackageParser( 1261): 	at com.android.server.pm.PackageManagerService.<init>(PackageManagerService.java:1396)
W/PackageParser( 1261): 	at com.android.server.pm.PackageManagerService.main(PackageManagerService.java:1126)
W/PackageParser( 1261): 	at com.android.server.ServerThread.initAndLoop(SystemServer.java:308)
W/PackageParser( 1261): 	at com.android.server.SystemServer.main(SystemServer.java:1406)
W/PackageParser( 1261): 	at java.lang.reflect.Method.invokeNative(Native Method)
W/PackageParser( 1261): 	at java.lang.reflect.Method.invoke(Method.java:515)
W/PackageParser( 1261): 	at com.android.internal.os.ZygoteInit$MethodAndArgsCaller.run(ZygoteInit.java:789)
W/PackageParser( 1261): 	at com.android.internal.os.ZygoteInit.main(ZygoteInit.java:605)
W/PackageParser( 1261): 	at dalvik.system.NativeStart.main(Native Method)
W/PackageParser( 1261): Unable to read AndroidManifest.xml of /system/app/GenieWidget.apk
W/PackageParser( 1261): java.io.FileNotFoundException: AndroidManifest.xml
W/PackageParser( 1261): 	at android.content.res.AssetManager.openXmlAssetNative(Native Method)
W/PackageParser( 1261): 	at android.content.res.AssetManager.openXmlBlockAsset(AssetManager.java:507)
W/PackageParser( 1261): 	at android.content.res.AssetManager.openXmlResourceParser(AssetManager.java:475)
W/PackageParser( 1261): 	at android.content.pm.PackageParser.parsePackage(PackageParser.java:576)
W/PackageParser( 1261): 	at com.android.server.pm.PackageManagerService.scanPackageLI(PackageManagerService.java:3749)
W/PackageParser( 1261): 	at com.android.server.pm.PackageManagerService.scanDirLI(PackageManagerService.java:3672)
W/PackageParser( 1261): 	at com.android.server.pm.PackageManagerService.<init>(PackageManagerService.java:1396)
W/PackageParser( 1261): 	at com.android.server.pm.PackageManagerService.main(PackageManagerService.java:1126)
W/PackageParser( 1261): 	at com.android.server.ServerThread.initAndLoop(SystemServer.java:308)
W/PackageParser( 1261): 	at com.android.server.SystemServer.main(SystemServer.java:1406)
W/PackageParser( 1261): 	at java.lang.reflect.Method.invokeNative(Native Method)
W/PackageParser( 1261): 	at java.lang.reflect.Method.invoke(Method.java:515)
W/PackageParser( 1261): 	at com.android.internal.os.ZygoteInit$MethodAndArgsCaller.run(ZygoteInit.java:789)
W/PackageParser( 1261): 	at com.android.internal.os.ZygoteInit.main(ZygoteInit.java:605)
W/PackageParser( 1261): 	at dalvik.system.NativeStart.main(Native Method)
D/PackageManager( 1261): No files in app dir /vendor/app
I/installd(  182): new connection
E/installd(  182): invalid size 25974
I/installd(  182): closing connection
I/Installer( 1261): connecting...
E/Installer( 1261): read exception
I/Installer( 1261): disconnecting...
I/PackageManager( 1261): Time to scan packages: 12.046 seconds
W/PackageManager( 1261): Removing dangling permission: com.qti.permission.DIAG from package null
V/PackageManager( 1261): Disabling com.google.android.gsf/com.google.android.gsf.update.SystemUpdateActivity
W/PackageManager( 1261): Unable to disable com.google.android.gsf/com.google.android.gsf.update.SystemUpdateActivity
V/PackageManager( 1261): Disabling com.google.android.gsf/com.google.android.gsf.update.SystemUpdateService
W/PackageManager( 1261): Unable to disable com.google.android.gsf/com.google.android.gsf.update.SystemUpdateService
V/PackageManager( 1261): Disabling com.google.android.gsf/com.google.android.gsf.update.SystemUpdateService$Receiver
W/PackageManager( 1261): Unable to disable com.google.android.gsf/com.google.android.gsf.update.SystemUpdateService$Receiver
I/installd(  182): new connection
E/installd(  182): invalid size 29811
I/installd(  182): closing connection
E/SELinuxMMAC( 1261): Error opening /data/system/seapp_hash. Assuming first boot.
E/SELinuxMMAC( 1261): java.io.FileNotFoundException: /data/system/seapp_hash: open failed: ENOENT (No such file or directory)
E/SELinuxMMAC( 1261): 	at libcore.io.IoBridge.open(IoBridge.java:409)
E/SELinuxMMAC( 1261): 	at libcore.io.IoUtils$FileReader.<init>(IoUtils.java:207)
E/SELinuxMMAC( 1261): 	at libcore.io.IoUtils.readFileAsByteArray(IoUtils.java:107)
E/SELinuxMMAC( 1261): 	at com.android.server.pm.SELinuxMMAC.shouldRestorecon(SELinuxMMAC.java:427)
E/SELinuxMMAC( 1261): 	at com.android.server.pm.PackageManagerService.<init>(PackageManagerService.java:1572)
E/SELinuxMMAC( 1261): 	at com.android.server.pm.PackageManagerService.main(PackageManagerService.java:1126)
E/SELinuxMMAC( 1261): 	at com.android.server.ServerThread.initAndLoop(SystemServer.java:308)
E/SELinuxMMAC( 1261): 	at com.android.server.SystemServer.main(SystemServer.java:1406)
E/SELinuxMMAC( 1261): 	at java.lang.reflect.Method.invokeNative(Native Method)
E/SELinuxMMAC( 1261): 	at java.lang.reflect.Method.invoke(Method.java:515)
E/SELinuxMMAC( 1261): 	at com.android.internal.os.ZygoteInit$MethodAndArgsCaller.run(ZygoteInit.java:789)
E/SELinuxMMAC( 1261): 	at com.android.internal.os.ZygoteInit.main(ZygoteInit.java:605)
E/SELinuxMMAC( 1261): 	at dalvik.system.NativeStart.main(Native Method)
E/SELinuxMMAC( 1261): Caused by: libcore.io.ErrnoException: open failed: ENOENT (No such file or directory)
E/SELinuxMMAC( 1261): 	at libcore.io.Posix.open(Native Method)
E/SELinuxMMAC( 1261): 	at libcore.io.BlockGuardOs.open(BlockGuardOs.java:110)
E/SELinuxMMAC( 1261): 	at libcore.io.IoBridge.open(IoBridge.java:393)
E/SELinuxMMAC( 1261): 	... 12 more
I/PackageManager( 1261): Relabeling of /data/data and /data/user issued.
I/Installer( 1261): connecting...
E/Installer( 1261): read exception
I/Installer( 1261): disconnecting...
I/SystemServer( 1261): Entropy Mixer
I/EntropyMixer( 1261): Writing entropy...
I/SystemServer( 1261): User Service
I/SystemServer( 1261): Account Manager
I/SystemServer( 1261): Content Manager
I/SystemServer( 1261): System Content Providers
E/ActivityThread( 1261): Failed to find provider info for settings
E/System  ( 1261): ******************************************
E/System  ( 1261): ************ Failure starting core service
E/System  ( 1261): java.lang.NullPointerException
E/System  ( 1261): 	at android.provider.Settings$NameValueCache.getStringForUser(Settings.java:950)
E/System  ( 1261): 	at android.provider.Settings$Secure.getStringForUser(Settings.java:4086)
E/System  ( 1261): 	at android.provider.Settings$Secure.getIntForUser(Settings.java:4190)
E/System  ( 1261): 	at android.provider.Settings$Secure.getInt(Settings.java:4179)
E/System  ( 1261): 	at com.android.server.am.CoreSettingsObserver.populateCoreSettings(CoreSettingsObserver.java:93)
E/System  ( 1261): 	at com.android.server.am.CoreSettingsObserver.sendCoreSettings(CoreSettingsObserver.java:70)
E/System  ( 1261): 	at com.android.server.am.CoreSettingsObserver.<init>(CoreSettingsObserver.java:55)
E/System  ( 1261): 	at com.android.server.am.ActivityManagerService.installSystemProviders(ActivityManagerService.java:8214)
E/System  ( 1261): 	at com.android.server.ServerThread.initAndLoop(SystemServer.java:342)
E/System  ( 1261): 	at com.android.server.SystemServer.main(SystemServer.java:1406)
E/System  ( 1261): 	at java.lang.reflect.Method.invokeNative(Native Method)
E/System  ( 1261): 	at java.lang.reflect.Method.invoke(Method.java:515)
E/System  ( 1261): 	at com.android.internal.os.ZygoteInit$MethodAndArgsCaller.run(ZygoteInit.java:789)
E/System  ( 1261): 	at com.android.internal.os.ZygoteInit.main(ZygoteInit.java:605)
E/System  ( 1261): 	at dalvik.system.NativeStart.main(Native Method)
I/SystemServer( 1261): Input Method Service
W/InputMethodManagerService( 1261): Couldn't create dir.: /data/system/inputmethod
E/ActivityThread( 1261): Failed to find provider info for settings
W/SystemServer( 1261): ***********************************************
F/SystemServer( 1261): BOOT FAILURE starting Input Manager Service
F/SystemServer( 1261): java.lang.NullPointerException
F/SystemServer( 1261): 	at android.provider.Settings$NameValueCache.getStringForUser(Settings.java:950)
F/SystemServer( 1261): 	at android.provider.Settings$Secure.getStringForUser(Settings.java:4086)
F/SystemServer( 1261): 	at com.android.internal.inputmethod.InputMethodUtils$InputMethodSettings.getSelectedInputMethod(InputMethodUtils.java:922)
F/SystemServer( 1261): 	at com.android.server.InputMethodManagerService.<init>(InputMethodManagerService.java:694)
F/SystemServer( 1261): 	at com.android.server.ServerThread.initAndLoop(SystemServer.java:442)
F/SystemServer( 1261): 	at com.android.server.SystemServer.main(SystemServer.java:1406)
F/SystemServer( 1261): 	at java.lang.reflect.Method.invokeNative(Native Method)
F/SystemServer( 1261): 	at java.lang.reflect.Method.invoke(Method.java:515)
F/SystemServer( 1261): 	at com.android.internal.os.ZygoteInit$MethodAndArgsCaller.run(ZygoteInit.java:789)
F/SystemServer( 1261): 	at com.android.internal.os.ZygoteInit.main(ZygoteInit.java:605)
F/SystemServer( 1261): 	at dalvik.system.NativeStart.main(Native Method)
I/SystemServer( 1261): Accessibility Manager
W/SystemServer( 1261): ***********************************************
F/SystemServer( 1261): BOOT FAILURE making display ready
F/SystemServer( 1261): java.lang.NullPointerException
F/SystemServer( 1261): 	at com.android.server.ServerThread.initAndLoop(SystemServer.java:459)
F/SystemServer( 1261): 	at com.android.server.SystemServer.main(SystemServer.java:1406)
F/SystemServer( 1261): 	at java.lang.reflect.Method.invokeNative(Native Method)
F/SystemServer( 1261): 	at java.lang.reflect.Method.invoke(Method.java:515)
F/SystemServer( 1261): 	at com.android.internal.os.ZygoteInit$MethodAndArgsCaller.run(ZygoteInit.java:789)
F/SystemServer( 1261): 	at com.android.internal.os.ZygoteInit.main(ZygoteInit.java:605)
F/SystemServer( 1261): 	at dalvik.system.NativeStart.main(Native Method)
D/AndroidRuntime( 1261): Shutting down VM
W/dalvikvm( 1261): threadid=1: thread exiting with uncaught exception (group=0x415c8ce0)
I/Process ( 1261): Sending signal. PID: 1261 SIG: 9
E/AndroidRuntime( 1261): *** FATAL EXCEPTION IN SYSTEM PROCESS: main
E/AndroidRuntime( 1261): java.lang.NullPointerException
E/AndroidRuntime( 1261): 	at com.android.server.am.ActivityManagerService.showBootMessage(ActivityManagerService.java:5211)
E/AndroidRuntime( 1261): 	at com.android.server.ServerThread.initAndLoop(SystemServer.java:471)
E/AndroidRuntime( 1261): 	at com.android.server.SystemServer.main(SystemServer.java:1406)
E/AndroidRuntime( 1261): 	at java.lang.reflect.Method.invokeNative(Native Method)
E/AndroidRuntime( 1261): 	at java.lang.reflect.Method.invoke(Method.java:515)
E/AndroidRuntime( 1261): 	at com.android.internal.os.ZygoteInit$MethodAndArgsCaller.run(ZygoteInit.java:789)
E/AndroidRuntime( 1261): 	at com.android.internal.os.ZygoteInit.main(ZygoteInit.java:605)
E/AndroidRuntime( 1261): 	at dalvik.system.NativeStart.main(Native Method)
I/ServiceManager(  172): service 'package' died
I/ServiceManager(  172): service 'gfxinfo' died
I/ServiceManager(  172): service 'content' died
I/ServiceManager(  172): service 'sensorservice' died
I/ServiceManager(  172): service 'power' died
I/ServiceManager(  172): service 'procstats' died
I/ServiceManager(  172): service 'meminfo' died
I/ServiceManager(  172): service 'account' died
I/ServiceManager(  172): service 'batterystats' died
I/ServiceManager(  172): service 'scheduling_policy' died
I/ServiceManager(  172): service 'usagestats' died
I/ServiceManager(  172): service 'appops' died
I/ServiceManager(  172): service 'display' died
I/ServiceManager(  172): service 'telephony.registry' died
I/ServiceManager(  172): service 'dbinfo' died
I/ServiceManager(  172): service 'cpuinfo' died
I/ServiceManager(  172): service 'permission' died
I/ServiceManager(  172): service 'entropy' died
I/ServiceManager(  172): service 'user' died
I/ServiceManager(  172): service 'accessibility' died
I/ServiceManager(  172): service 'activity' died
I/Zygote  (  981): Exit zygote because system server (1261) has terminated
I/ServiceManager(  172): service 'media.audio_flinger' died
I/ServiceManager(  172): service 'media.player' died
I/ServiceManager(  172): service 'media.camera' died
I/ServiceManager(  172): service 'media.audio_policy' died
I/Netd    ( 1299): Netd 1.0 starting
W/InterfaceController( 1299): Warning (dlopen failed: library "/system/lib/libnetcmdiface.so" not found) while opening the net interface command library
I/mediaserver( 1300): ServiceManager: 0x1356448
I/AudioFlinger( 1300): Using default 3000 mSec as standby time.
E/MediaPlayerFactory( 1300): calling dlopen on FACTORY_LIB
E/MediaPlayerFactory( 1300): calling dlsym on pFactoryLib for FACTORY_CREATE_FN 
E/MediaPlayerFactory( 1300): registering DASH Player factory...
I/CameraService( 1300): CameraService started (pid=1300)
I/CameraService( 1300): Loaded "Qcamera" camera module
I/QualcommCamera( 1300): Qint android::get_number_of_cameras(): E
I/QualcommCameraHardware( 1300): getCameraInfo: IN
I/QualcommCameraHardware( 1300): getCameraInfo: loading libqcamera at 0x40024370
E/mm-camif( 1300): mm_camera_get_camera_info: controlfd is invalid No such file or directory
I/QualcommCameraHardware( 1300): getCameraInfo: numOfCameras = 0
I/QualcommCameraHardware( 1300): getCameraInfo: OUT
I/AudioPolicyManagerBase( 1300): loadAudioPolicyConfig() loaded /system/etc/audio_policy.conf
I/AudioHardwareMSM76XXA( 1300): get_audpp_filter
I/AudioHardwareMSM76XXA( 1300): open /system/etc/AudioFilter.csv success.
I/AudioHardwareMSM76XXA( 1300): EQ flag = 00.
E/AudioHardwareMSM76XXA( 1300): audioeq library open failure
I/AudioHardwareMSM76XXA( 1300): failed to set audpp parameters, exiting.
D/AudioHardwareMSM76XXA( 1300): Auto Volume Enabled= 1
I/AudioHardwareMSM76XXA( 1300): Set master volume to 7.
D/AudioHardwareMSM76XXA( 1300): rpc_snd_set_volume(0, 0, 7)
D/AudioHardwareMSM76XXA( 1300): rpc_snd_set_volume(6, 0, 7)
D/AudioHardwareMSM76XXA( 1300): rpc_snd_set_volume(-1, 0, 7)
D/AudioHardwareMSM76XXA( 1300): rpc_snd_set_volume(12, 0, 7)
D/AudioHardwareMSM76XXA( 1300): rpc_snd_set_volume(3, 0, 7)
D/AudioHardwareMSM76XXA( 1300): rpc_snd_set_volume(16, 0, 7)
D/AudioHardwareMSM76XXA( 1300): rpc_snd_set_volume(25, 0, 7)
D/AudioHardwareMSM76XXA( 1300): rpc_snd_set_volume(8, 0, 1)
D/AudioHardwareMSM76XXA( 1300): rpc_snd_set_volume(9, 0, 1)
I/AudioFlinger( 1300): loadHwModule() Loaded primary audio interface from QCOM Audio HW HAL (audio) handle 1
I/AudioFlinger( 1300): HAL output buffer size 1200 frames, normal mix buffer size 1200 frames
I/AudioMixer( 1300): found effect "Multichannel Downmix To Stereo" from The Android Open Source Project
I/AudioFlinger( 1300): Using module 1 has the primary audio interface
D/AudioHardwareInterface( 1300): setMode(NORMAL)
I/AudioFlinger( 1300): AudioFlinger's thread 0x4107f008 ready to run
W/AudioFlinger( 1300): Thread AudioOut_2 cannot connect to the power manager service
I/AudioHardwareMSM76XXA( 1300): Routing audio to Speakerphone
W/AudioHardwareMSM76XXA( 1300): rpc_snd_set_device(6, 1, 1)
D/AudioHardwareMSM76XXA( 1300): setVoiceVolume(0.400000)
I/AudioHardwareMSM76XXA( 1300): Setting in-call volume to 2 (available range is 2 to 7)
D/AudioHardwareMSM76XXA( 1300): rpc_snd_set_volume(2147483646, 0, 2)
I/audio_a2dp_hw( 1300): adev_open:  adev_open in A2dp_hw module
I/AudioFlinger( 1300): loadHwModule() Loaded a2dp audio interface from A2DP Audio HW HAL (audio) handle 3
I/AudioPolicyService( 1300): Loaded audio policy from QCOM Audio Policy HAL (audio_policy)
W/AudioFlinger( 1300): Thread AudioOut_2 cannot connect to the power manager service
W/AudioFlinger( 1300): Thread AudioOut_2 cannot connect to the power manager service
E/AudioFlinger( 1300): no wake lock to update!
D/AndroidRuntime( 1298): 
D/AndroidRuntime( 1298): >>>>>> AndroidRuntime START com.android.internal.os.ZygoteInit <<<<<<
D/AndroidRuntime( 1298): CheckJNI is OFF
D/dalvikvm( 1298): Trying to load lib libjavacore.so 0x0
D/dalvikvm( 1298): Added shared lib libjavacore.so 0x0
D/dalvikvm( 1298): Trying to load lib libnativehelper.so 0x0
D/dalvikvm( 1298): Added shared lib libnativehelper.so 0x0
D/dalvikvm( 1298): No JNI_OnLoad found in libnativehelper.so 0x0, skipping init
D/dalvikvm( 1298): Note: class Landroid/app/ActivityManagerNative; has 180 unimplemented (abstract) methods
I/SamplingProfilerIntegration( 1298): Profiling disabled.
I/Zygote  ( 1298): Preloading classes...
E/cutils-trace( 1298): Error opening trace file: No such file or directory (2)
I/auditd  ( 1424): Starting up
E/auditd  ( 1424): Failed on audit_set_pid with error: Protocol not supported
I/auditd  ( 1424): Exiting
D/idmap   ( 1454): error: no read access to /vendor/overlay: No such file or directory
D/TextLayoutCache( 1298): Using debug level = 0 - Debug Enabled = 0
I/dalvikvm( 1298): threadid=1: recursive native library load attempt (/system/lib/libmedia_jni.so)
D/MtpDeviceJNI( 1298): register_android_mtp_MtpDevice
V/NatController( 1299): runCmd(/system/bin/iptables -F natctrl_FORWARD) res=0
I/dalvikvm( 1298): threadid=1: recursive native library load attempt (/system/lib/libmedia_jni.so)
I/dalvikvm( 1298): threadid=1: recursive native library load attempt (/system/lib/libmedia_jni.so)
I/dalvikvm( 1298): threadid=1: recursive native library load attempt (/system/lib/libmedia_jni.so)
V/NatController( 1299): runCmd(/system/bin/iptables -A natctrl_FORWARD -j DROP) res=0
V/NatController( 1299): runCmd(/system/bin/iptables -t nat -F natctrl_nat_POSTROUTING) res=0
V/NatController( 1299): runCmd(/system/bin/ip route flush cache) res=0
V/NatController( 1299): runCmd(/system/bin/iptables -F natctrl_tether_counters) res=0
V/NatController( 1299): runCmd(/system/bin/iptables -X natctrl_tether_counters) res=0
V/NatController( 1299): runCmd(/system/bin/iptables -N natctrl_tether_counters) res=0
I/LibraryLoader( 1298): loading: webviewchromium
D/MDnsDS  ( 1299): MDnsSdListener::Hander starting up
D/MDnsDS  ( 1299): MDnsSdListener starting to monitor
D/MDnsDS  ( 1299): Going to poll with pollCount 1
I/LibraryLoader( 1298): loaded: webviewchromium
I/auditd  ( 1576): Starting up
E/auditd  ( 1576): Failed on audit_set_pid with error: Protocol not supported
I/auditd  ( 1576): Exiting
W/Zygote  ( 1298): Class not found for preloading: java.lang.UnsafeByteSequence
I/System  ( 1298): Loaded time zone names for "" in 139ms (129ms in ICU)
I/System  ( 1298): Loaded time zone names for "en_US" in 97ms (83ms in ICU)
I/Zygote  ( 1298): ...preloaded 2777 classes in 6921ms.
I/dalvikvm( 1298): System server process 1581 has been created
I/Zygote  ( 1298): Accepting command socket connections
D/SensorService( 1581): nuSensorService starting...
I/SystemServer( 1581): Entered the Android system server!
I/SensorService( 1581): AK8975 3-axis Magnetic field sensor
I/SensorService( 1581): AK8975 Orientation sensor
I/SensorService( 1581): BMA250 3-axis Accelerometer
I/SensorService( 1581): QPDS-S702 Proximity sensor
D/SensorService( 1581): Max socket buffer size 1048576
D/SensorService( 1581): nuSensorService thread starting...
I/SystemServer( 1581): Waiting for installd to be ready.
I/Installer( 1581): connecting...
I/SystemServer( 1581): Enabled StrictMode logging for WM Looper
I/installd(  182): new connection
E/installd(  182): invalid size 26478
I/installd(  182): closing connection
E/Installer( 1581): read error -1
I/Installer( 1581): disconnecting...
I/SystemServer( 1581): Power Manager
I/SystemServer( 1581): Activity Manager
I/ActivityManager( 1581): Memory class: 48
W/UsageStats( 1581): Usage stats version changed; dropping
I/AppOps  ( 1581): No existing app ops /data/system/appops.xml; starting empty
I/UiThread( 1581): Enabled StrictMode logging for UI thread
I/IntentFirewall( 1581): Read new rules (A:0 B:0 S:0)
I/ActivityManager( 1581): Enabled StrictMode logging for AThread's Looper
I/SystemServer( 1581): Display Manager
I/SystemServer( 1581): Telephony Registry
I/DisplayManagerService( 1581): Display device added: DisplayDeviceInfo{"Built-in Screen": 320 x 480, 60.000004 fps, density 160, 159.37254 x 160.42105 dpi, touch INTERNAL, rotation 0, type BUILT_IN, FLAG_DEFAULT_DISPLAY, FLAG_ROTATES_WITH_CONTENT, FLAG_SECURE, FLAG_SUPPORTS_PROTECTED_BUFFERS}
I/SystemServer( 1581): Scheduling Policy
I/SystemServer( 1581): Package Manager
W/PackageManager( 1581): Got execption parsing permissions.
W/PackageManager( 1581): org.xmlpull.v1.XmlPullParserException: No start tag found
W/PackageManager( 1581): 	at com.android.internal.util.XmlUtils.beginDocument(XmlUtils.java:887)
W/PackageManager( 1581): 	at com.android.server.pm.PackageManagerService.readPermissionsFromXml(PackageManagerService.java:1717)
W/PackageManager( 1581): 	at com.android.server.pm.PackageManagerService.readPermissions(PackageManagerService.java:1695)
W/PackageManager( 1581): 	at com.android.server.pm.PackageManagerService.<init>(PackageManagerService.java:1226)
W/PackageManager( 1581): 	at com.android.server.pm.PackageManagerService.main(PackageManagerService.java:1126)
W/PackageManager( 1581): 	at com.android.server.ServerThread.initAndLoop(SystemServer.java:308)
W/PackageManager( 1581): 	at com.android.server.SystemServer.main(SystemServer.java:1406)
W/PackageManager( 1581): 	at java.lang.reflect.Method.invokeNative(Native Method)
W/PackageManager( 1581): 	at java.lang.reflect.Method.invoke(Method.java:515)
W/PackageManager( 1581): 	at com.android.internal.os.ZygoteInit$MethodAndArgsCaller.run(ZygoteInit.java:789)
W/PackageManager( 1581): 	at com.android.internal.os.ZygoteInit.main(ZygoteInit.java:605)
W/PackageManager( 1581): 	at dalvik.system.NativeStart.main(Native Method)
W/PackageManager( 1581): Got execption parsing permissions.
W/PackageManager( 1581): org.xmlpull.v1.XmlPullParserException: No start tag found
W/PackageManager( 1581): 	at com.android.internal.util.XmlUtils.beginDocument(XmlUtils.java:887)
W/PackageManager( 1581): 	at com.android.server.pm.PackageManagerService.readPermissionsFromXml(PackageManagerService.java:1717)
W/PackageManager( 1581): 	at com.android.server.pm.PackageManagerService.readPermissions(PackageManagerService.java:1695)
W/PackageManager( 1581): 	at com.android.server.pm.PackageManagerService.<init>(PackageManagerService.java:1226)
W/PackageManager( 1581): 	at com.android.server.pm.PackageManagerService.main(PackageManagerService.java:1126)
W/PackageManager( 1581): 	at com.android.server.ServerThread.initAndLoop(SystemServer.java:308)
W/PackageManager( 1581): 	at com.android.server.SystemServer.main(SystemServer.java:1406)
W/PackageManager( 1581): 	at java.lang.reflect.Method.invokeNative(Native Method)
W/PackageManager( 1581): 	at java.lang.reflect.Method.invoke(Method.java:515)
W/PackageManager( 1581): 	at com.android.internal.os.ZygoteInit$MethodAndArgsCaller.run(ZygoteInit.java:789)
W/PackageManager( 1581): 	at com.android.internal.os.ZygoteInit.main(ZygoteInit.java:605)
W/PackageManager( 1581): 	at dalvik.system.NativeStart.main(Native Method)
W/PackageManager( 1581): Got execption parsing permissions.
W/PackageManager( 1581): org.xmlpull.v1.XmlPullParserException: No start tag found
W/PackageManager( 1581): 	at com.android.internal.util.XmlUtils.beginDocument(XmlUtils.java:887)
W/PackageManager( 1581): 	at com.android.server.pm.PackageManagerService.readPermissionsFromXml(PackageManagerService.java:1717)
W/PackageManager( 1581): 	at com.android.server.pm.PackageManagerService.readPermissions(PackageManagerService.java:1695)
W/PackageManager( 1581): 	at com.android.server.pm.PackageManagerService.<init>(PackageManagerService.java:1226)
W/PackageManager( 1581): 	at com.android.server.pm.PackageManagerService.main(PackageManagerService.java:1126)
W/PackageManager( 1581): 	at com.android.server.ServerThread.initAndLoop(SystemServer.java:308)
W/PackageManager( 1581): 	at com.android.server.SystemServer.main(SystemServer.java:1406)
W/PackageManager( 1581): 	at java.lang.reflect.Method.invokeNative(Native Method)
W/PackageManager( 1581): 	at java.lang.reflect.Method.invoke(Method.java:515)
W/PackageManager( 1581): 	at com.android.internal.os.ZygoteInit$MethodAndArgsCaller.run(ZygoteInit.java:789)
W/PackageManager( 1581): 	at com.android.internal.os.ZygoteInit.main(ZygoteInit.java:605)
W/PackageManager( 1581): 	at dalvik.system.NativeStart.main(Native Method)
W/PackageManager( 1581): Got execption parsing permissions.
W/PackageManager( 1581): org.xmlpull.v1.XmlPullParserException: No start tag found
W/PackageManager( 1581): 	at com.android.internal.util.XmlUtils.beginDocument(XmlUtils.java:887)
W/PackageManager( 1581): 	at com.android.server.pm.PackageManagerService.readPermissionsFromXml(PackageManagerService.java:1717)
W/PackageManager( 1581): 	at com.android.server.pm.PackageManagerService.readPermissions(PackageManagerService.java:1695)
W/PackageManager( 1581): 	at com.android.server.pm.PackageManagerService.<init>(PackageManagerService.java:1226)
W/PackageManager( 1581): 	at com.android.server.pm.PackageManagerService.main(PackageManagerService.java:1126)
W/PackageManager( 1581): 	at com.android.server.ServerThread.initAndLoop(SystemServer.java:308)
W/PackageManager( 1581): 	at com.android.server.SystemServer.main(SystemServer.java:1406)
W/PackageManager( 1581): 	at java.lang.reflect.Method.invokeNative(Native Method)
W/PackageManager( 1581): 	at java.lang.reflect.Method.invoke(Method.java:515)
W/PackageManager( 1581): 	at com.android.internal.os.ZygoteInit$MethodAndArgsCaller.run(ZygoteInit.java:789)
W/PackageManager( 1581): 	at com.android.internal.os.ZygoteInit.main(ZygoteInit.java:605)
W/PackageManager( 1581): 	at dalvik.system.NativeStart.main(Native Method)
I/auditd  ( 1606): Starting up
D/SELinuxMMAC( 1581): Couldn't find install policy /data/security/mac_permissions.xml
E/auditd  ( 1606): Failed on audit_set_pid with error: Protocol not supported
I/auditd  ( 1606): Exiting
D/SELinuxMMAC( 1581): Using install policy file /system/etc/security/mac_permissions.xml
D/StrictMode( 1581): No activity manager; failed to Dropbox violation.
D/StrictMode( 1581): No activity manager; failed to Dropbox violation.
D/StrictMode( 1581): No activity manager; failed to Dropbox violation.
D/StrictMode( 1581): No activity manager; failed to Dropbox violation.
I/installd(  182): new connection
E/installd(  182): invalid size 28536
I/installd(  182): closing connection
I/Installer( 1581): connecting...
E/Installer( 1581): read exception
I/Installer( 1581): disconnecting...
I/installd(  182): new connection
E/installd(  182): invalid size 28536
I/installd(  182): closing connection
I/installd(  182): new connection
E/installd(  182): invalid size 28536
I/installd(  182): closing connection
I/installd(  182): new connection
E/installd(  182): invalid size 28536
I/installd(  182): closing connection
I/installd(  182): new connection
I/Installer( 1581): connecting...
E/Installer( 1581): read exception
I/Installer( 1581): disconnecting...
I/Installer( 1581): connecting...
E/Installer( 1581): read exception
I/Installer( 1581): disconnecting...
I/Installer( 1581): connecting...
E/Installer( 1581): read exception
I/Installer( 1581): disconnecting...
I/Installer( 1581): connecting...
E/installd(  182): invalid size 28536
I/installd(  182): closing connection
I/installd(  182): new connection
E/installd(  182): invalid size 28536
I/installd(  182): closing connection
E/Installer( 1581): read exception
I/Installer( 1581): disconnecting...
I/Installer( 1581): connecting...
E/Installer( 1581): read exception
I/Installer( 1581): disconnecting...
I/installd(  182): new connection
E/installd(  182): invalid size 28536
I/installd(  182): closing connection
I/installd(  182): new connection
E/installd(  182): invalid size 28536
I/installd(  182): closing connection
I/installd(  182): new connection
I/Installer( 1581): connecting...
E/Installer( 1581): read exception
I/Installer( 1581): disconnecting...
I/Installer( 1581): connecting...
E/Installer( 1581): read exception
I/Installer( 1581): disconnecting...
I/Installer( 1581): connecting...
E/installd(  182): invalid size 28536
I/installd(  182): closing connection
I/installd(  182): new connection
E/installd(  182): invalid size 28536
I/installd(  182): closing connection
I/installd(  182): new connection
E/installd(  182): invalid size 28536
I/installd(  182): closing connection
E/Installer( 1581): read exception
I/Installer( 1581): disconnecting...
I/Installer( 1581): connecting...
E/Installer( 1581): read exception
I/Installer( 1581): disconnecting...
I/Installer( 1581): connecting...
E/Installer( 1581): read exception
I/Installer( 1581): disconnecting...
I/Installer( 1581): connecting...
I/installd(  182): new connection
E/installd(  182): invalid size 28536
I/installd(  182): closing connection
I/installd(  182): new connection
E/installd(  182): invalid size 28536
I/installd(  182): closing connection
E/Installer( 1581): read exception
I/Installer( 1581): disconnecting...
I/Installer( 1581): connecting...
E/Installer( 1581): read exception
I/Installer( 1581): disconnecting...
I/installd(  182): new connection
E/installd(  182): invalid size 28536
I/installd(  182): closing connection
I/installd(  182): new connection
E/installd(  182): invalid size 28536
I/installd(  182): closing connection
I/installd(  182): new connection
E/installd(  182): invalid size 28536
I/installd(  182): closing connection
I/Installer( 1581): connecting...
E/Installer( 1581): read exception
I/Installer( 1581): disconnecting...
I/Installer( 1581): connecting...
E/Installer( 1581): read exception
I/Installer( 1581): disconnecting...
I/Installer( 1581): connecting...
I/installd(  182): new connection
E/installd(  182): invalid size 28536
I/installd(  182): closing connection
I/installd(  182): new connection
E/installd(  182): invalid size 28536
I/installd(  182): closing connection
E/Installer( 1581): read exception
I/Installer( 1581): disconnecting...
I/Installer( 1581): connecting...
E/Installer( 1581): read exception
I/Installer( 1581): disconnecting...
I/Installer( 1581): connecting...
E/Installer( 1581): read exception
I/Installer( 1581): disconnecting...
I/installd(  182): new connection
E/installd(  182): invalid size 28536
I/installd(  182): closing connection
I/installd(  182): new connection
E/installd(  182): invalid size 28536
I/installd(  182): closing connection
I/Installer( 1581): connecting...
E/Installer( 1581): read exception
I/Installer( 1581): disconnecting...
I/Installer( 1581): connecting...
E/Installer( 1581): read exception
I/Installer( 1581): disconnecting...
I/Installer( 1581): connecting...
I/installd(  182): new connection
E/installd(  182): invalid size 28536
I/installd(  182): closing connection
I/installd(  182): new connection
E/installd(  182): invalid size 28536
I/installd(  182): closing connection
I/installd(  182): new connection
E/Installer( 1581): read exception
I/Installer( 1581): disconnecting...
I/Installer( 1581): connecting...
E/Installer( 1581): read exception
I/Installer( 1581): disconnecting...
I/Installer( 1581): connecting...
E/installd(  182): invalid size 28536
I/installd(  182): closing connection
D/PackageManager( 1581): No files in app dir /vendor/overlay
E/Installer( 1581): read exception
I/Installer( 1581): disconnecting...
I/PackageManager( 1581): /system/priv-app/BackupRestoreConfirmation.apk changed; collecting certs
I/installd(  182): new connection
E/installd(  182): invalid size 29811
I/installd(  182): closing connection
