D/wpa_supplicant( 1172): WPS: Building WPS IE for Probe Request
D/wpa_supplicant( 1172): WPS:  * Version (hardcoded 0x10)
D/wpa_supplicant( 1172): WPS:  * Request Type
D/wpa_supplicant( 1172): WPS:  * Config Methods (4388)
D/wpa_supplicant( 1172): WPS:  * UUID-E
D/wpa_supplicant( 1172): WPS:  * Primary Device Type
D/wpa_supplicant( 1172): WPS:  * RF Bands (1)
D/wpa_supplicant( 1172): WPS:  * Association State
D/wpa_supplicant( 1172): WPS:  * Configuration Error (0)
D/wpa_supplicant( 1172): WPS:  * Device Password ID (0)
D/wpa_supplicant( 1172): WPS:  * Manufacturer
D/wpa_supplicant( 1172): WPS:  * Model Name
D/wpa_supplicant( 1172): WPS:  * Model Number
D/wpa_supplicant( 1172): WPS:  * Device Name
D/wpa_supplicant( 1172): WPS:  * Version2 (0x20)
D/wpa_supplicant( 1172): P2P: * P2P IE header
D/wpa_supplicant( 1172): P2P: * Capability dev=25 group=00
D/wpa_supplicant( 1172): P2P: * Listen Channel: Regulatory Class 81 Channel 11
D/wpa_supplicant( 1172): wlan0: nl80211: scan request
D/wpa_supplicant( 1172): nl80211: Scan SSID - hexdump(len=0): [NULL]
D/wpa_supplicant( 1172): nl80211: Scan extra IEs - hexdump(len=154): dd 85 00 50 f2 04 10 4a 00 01 10 10 3a 00 01 00 10 08 00 02 43 88 10 47 00 10 b7 cf 11 de 6f 65 ...
W/StorageManager(  643): No primary storage defined
W/SurfaceFlinger(  194): HWC_FRAMEBUFFER_TARGET found in hwc list (index=0)
W/SurfaceFlinger(  194): HWC_FRAMEBUFFER_TARGET found in hwc list (index=1)
W/SurfaceFlinger(  194): HWC_FRAMEBUFFER_TARGET found in hwc list (index=2)
E/Sensors (  643): SensorBase: write_attr failed to open /sys/class/compass/akm8975/accel (Permission denied)
I/ActivityManager(  643): Start proc com.cyanogenmod.updater for broadcast com.cyanogenmod.updater/.receiver.UpdateCheckReceiver: pid=1837 uid=10001 gids={50001, 3003, 1028, 1015, 2001}
D/wpa_supplicant( 1172): Scan requested (ret=0) - scan timeout 30 seconds
D/wpa_supplicant( 1172): nl80211: Event message available
D/wpa_supplicant( 1172): nl80211: Drv Event 33 (NL80211_CMD_TRIGGER_SCAN) received for wlan0
D/wpa_supplicant( 1172): wlan0: nl80211: Scan trigger
I/UpdateCheckReceiver( 1837): Got connectivity change, has connection: true
I/UpdateCheckReceiver( 1837): Scheduling future, repeating update checks.
D/WeatherUpdateService( 1754): Service started, but shouldn't update ... stopping
D/BluetoothAdapter( 1000): 1102130272: getState() :  mService = null. Returning STATE_OFF
I/UpdateCheckService( 1837): Could not check for updates. Not connected to the network.
E/Sensors (  643): SensorBase: write_attr failed to open /sys/class/compass/akm8975/accel (Permission denied)
W/Launcher( 1393): setApplicationContext called twice! old=com.android.launcher3.LauncherApplication@41af5ca8 new=com.android.launcher3.LauncherApplication@41af5ca8
W/SurfaceFlinger(  194): HWC_FRAMEBUFFER_TARGET found in hwc list (index=0)
W/SurfaceFlinger(  194): HWC_FRAMEBUFFER_TARGET found in hwc list (index=1)
W/SurfaceFlinger(  194): HWC_FRAMEBUFFER_TARGET found in hwc list (index=2)
W/StorageManager(  643): No primary storage defined
I/ActivityManager(  643): Start proc org.cyanogenmod.voiceplus for broadcast org.cyanogenmod.voiceplus/.PackageChangeReceiver: pid=1854 uid=10050 gids={50050, 3003}
E/Sensors (  643): SensorBase: write_attr failed to open /sys/class/compass/akm8975/accel (Permission denied)
I/ActivityManager(  643): Force stopping org.cyanogenmod.voiceplus appid=10050 user=0: pkg changed
I/ActivityManager(  643): Killing 1854:org.cyanogenmod.voiceplus/u0a50 (adj 0): stop org.cyanogenmod.voiceplus
I/InputReader(  643): Reconfiguring input devices.  changes=0x00000010
I/PackageManager(  643):   Action: "android.intent.action.SENDTO"
I/PackageManager(  643):   Category: "android.intent.category.DEFAULT"
I/PackageManager(  643):   Scheme: "sms"
I/PackageManager(  643): Adding preferred activity ComponentInfo{com.android.mms/com.android.mms.ui.ComposeMessageActivity} for user 0 :
W/StorageManager(  643): No primary storage defined
D/ConnectivityService(  643): Sampling interval elapsed, updating statistics ..
E/Sensors (  643): SensorBase: write_attr failed to open /sys/class/compass/akm8975/accel (Permission denied)
D/ConnectivityService(  643): Done.
D/ConnectivityService(  643): Setting timer for 720seconds
D/MobileDataStateTracker(  643): default: setPolicyDataEnable(enabled=true)
I/PackageManager(  643): Adding preferred activity ComponentInfo{com.android.mms/com.android.mms.ui.ComposeMessageActivity} for user 0 :
I/PackageManager(  643):   Action: "android.intent.action.SENDTO"
I/PackageManager(  643):   Category: "android.intent.category.DEFAULT"
I/PackageManager(  643):   Scheme: "smsto"
D/wpa_supplicant( 1172): nl80211: Event message available
D/wpa_supplicant( 1172): nl80211: Drv Event 34 (NL80211_CMD_NEW_SCAN_RESULTS) received for wlan0
D/wpa_supplicant( 1172): wlan0: nl80211: New scan results available
D/wpa_supplicant( 1172): wlan0: Event SCAN_RESULTS (3) received
D/wpa_supplicant( 1172): nl80211: Received scan results (3 BSSes)
D/wpa_supplicant( 1172): nl80211: Survey data missing
D/wpa_supplicant( 1172): Sorted scan results
D/wpa_supplicant( 1172): 2c:e4:12:79:6b:29 freq=2437 qual=0 noise=0 level=-67 flags=0xb age=0
D/wpa_supplicant( 1172): IEs - hexdump(len=307): 00 0a 53 41 47 45 4d 5f 36 42 32 38 01 08 82 84 8b 96 24 30 48 6c 03 01 06 2a 01 00 2f 01 00 30 ...
D/wpa_supplicant( 1172): 00:1d:7e:ad:1a:6c freq=2462 qual=0 noise=0 level=-68 flags=0xb age=0
D/wpa_supplicant( 1172): IEs - hexdump(len=54): 00 07 6c 69 6e 6b 73 79 73 01 05 82 84 8b 96 2c 03 01 0b 2a 01 00 30 14 01 00 00 0f ac 04 01 00 ...
D/wpa_supplicant( 1172): 94:0c:6d:a1:5e:67 freq=2412 qual=0 noise=0 level=-92 flags=0xb age=0
D/wpa_supplicant( 1172): IEs - hexdump(len=63): 00 0b 57 79 73 74 61 77 53 6f 62 69 65 01 08 82 84 8b 96 0c 12 18 24 03 01 01 30 14 01 00 00 0f ...
D/wpa_supplicant( 1172): wlan0: BSS: Start scan result update 7
D/wpa_supplicant( 1172): wlan0: BSS: Add new id 4 BSSID 94:0c:6d:a1:5e:67 SSID 'WystawSobie'
D/wpa_supplicant( 1172): CTRL_IFACE monitor send - hexdump(len=39): 2f 64 61 74 61 2f 6d 69 73 63 2f 77 69 66 69 2f 73 6f 63 6b 65 74 73 2f 77 70 61 5f 63 74 72 6c ...
D/wpa_supplicant( 1172): BSS: last_scan_res_used=3/32 last_scan_full=0
D/wpa_supplicant( 1172): Add randomness: count=34 entropy=32
D/wpa_supplicant( 1172): random pool - hexdump(len=128): [REMOVED]
D/wpa_supplicant( 1172): random_mix_pool - hexdump(len=8): [REMOVED]
D/wpa_supplicant( 1172): random_mix_pool - hexdump(len=5): [REMOVED]
D/wpa_supplicant( 1172): random pool - hexdump(len=128): [REMOVED]
D/wpa_supplicant( 1172): Add randomness: count=35 entropy=33
D/wpa_supplicant( 1172): random pool - hexdump(len=128): [REMOVED]
D/wpa_supplicant( 1172): random_mix_pool - hexdump(len=8): [REMOVED]
D/wpa_supplicant( 1172): random_mix_pool - hexdump(len=5): [REMOVED]
D/wpa_supplicant( 1172): random pool - hexdump(len=128): [REMOVED]
D/wpa_supplicant( 1172): Add randomness: count=36 entropy=34
D/wpa_supplicant( 1172): random pool - hexdump(len=128): [REMOVED]
D/wpa_supplicant( 1172): random_mix_pool - hexdump(len=8): [REMOVED]
D/wpa_supplicant( 1172): random_mix_pool - hexdump(len=5): [REMOVED]
D/wpa_supplicant( 1172): random pool - hexdump(len=128): [REMOVED]
D/wpa_supplicant( 1172): wlan0: New scan results available
D/wpa_supplicant( 1172): CTRL_IFACE monitor send - hexdump(len=39): 2f 64 61 74 61 2f 6d 69 73 63 2f 77 69 66 69 2f 73 6f 63 6b 65 74 73 2f 77 70 61 5f 63 74 72 6c ...
D/wpa_supplicant( 1172): WPS: attr type=0x104a len=1
D/wpa_supplicant( 1172): WPS: attr type=0x1044 len=1
D/wpa_supplicant( 1172): WPS: attr type=0x1041 len=1
D/wpa_supplicant( 1172): WPS: attr type=0x103b len=1
D/wpa_supplicant( 1172): WPS: attr type=0x1047 len=16
D/wpa_supplicant( 1172): WPS: attr type=0x1021 len=8
D/wpa_supplicant( 1172): WPS: attr type=0x1023 len=8
D/wpa_supplicant( 1172): WPS: attr type=0x1024 len=6
D/wpa_supplicant( 1172): WPS: attr type=0x1042 len=4
D/wpa_supplicant( 1172): WPS: attr type=0x1054 len=8
D/wpa_supplicant( 1172): WPS: attr type=0x1011 len=10
D/wpa_supplicant( 1172): WPS: attr type=0x1008 len=2
D/wpa_supplicant( 1172): WPS: attr type=0x103c len=1
D/wpa_supplicant( 1172): WPS: attr type=0x104a len=1
D/wpa_supplicant( 1172): WPS: attr type=0x1044 len=1
D/wpa_supplicant( 1172): WPS: attr type=0x1041 len=1
D/wpa_supplicant( 1172): WPS: attr type=0x103b len=1
D/wpa_supplicant( 1172): WPS: attr type=0x1047 len=16
D/wpa_supplicant( 1172): WPS: attr type=0x1021 len=8
D/wpa_supplicant( 1172): WPS: attr type=0x1023 len=8
D/wpa_supplicant( 1172): WPS: attr type=0x1024 len=6
D/wpa_supplicant( 1172): WPS: attr type=0x1042 len=4
D/wpa_supplicant( 1172): WPS: attr type=0x1054 len=8
D/wpa_supplicant( 1172): WPS: attr type=0x1011 len=10
D/wpa_supplicant( 1172): WPS: attr type=0x1008 len=2
D/wpa_supplicant( 1172): WPS: attr type=0x103c len=1
D/wpa_supplicant( 1172): WPS: attr type=0x104a len=1
D/wpa_supplicant( 1172): WPS: attr type=0x1044 len=1
D/wpa_supplicant( 1172): WPS: attr type=0x1041 len=1
D/wpa_supplicant( 1172): WPS: attr type=0x103b len=1
D/wpa_supplicant( 1172): WPS: attr type=0x1047 len=16
D/wpa_supplicant( 1172): WPS: attr type=0x1021 len=8
D/wpa_supplicant( 1172): WPS: attr type=0x1023 len=8
D/wpa_supplicant( 1172): WPS: attr type=0x1024 len=6
D/wpa_supplicant( 1172): WPS: attr type=0x1042 len=4
D/wpa_supplicant( 1172): WPS: attr type=0x1054 len=8
D/wpa_supplicant( 1172): WPS: attr type=0x1011 len=10
D/wpa_supplicant( 1172): WPS: attr type=0x1008 len=2
D/wpa_supplicant( 1172): WPS: attr type=0x103c len=1
D/wpa_supplicant( 1172): CTRL_IFACE monitor send - hexdump(len=39): 2f 64 61 74 61 2f 6d 69 73 63 2f 77 69 66 69 2f 73 6f 63 6b 65 74 73 2f 77 70 61 5f 63 74 72 6c ...
D/wpa_supplicant( 1172): WPS: attr type=0x104a len=1
D/wpa_supplicant( 1172): WPS: attr type=0x1044 len=1
D/wpa_supplicant( 1172): WPS: attr type=0x1041 len=1
D/wpa_supplicant( 1172): WPS: attr type=0x103b len=1
D/wpa_supplicant( 1172): WPS: attr type=0x1047 len=16
D/wpa_supplicant( 1172): WPS: attr type=0x1021 len=8
D/wpa_supplicant( 1172): WPS: attr type=0x1023 len=8
D/wpa_supplicant( 1172): WPS: attr type=0x1024 len=6
D/wpa_supplicant( 1172): WPS: attr type=0x1042 len=4
D/wpa_supplicant( 1172): WPS: attr type=0x1054 len=8
D/wpa_supplicant( 1172): WPS: attr type=0x1011 len=10
D/wpa_supplicant( 1172): WPS: attr type=0x1008 len=2
D/wpa_supplicant( 1172): WPS: attr type=0x103c len=1
D/wpa_supplicant( 1172): WPS: AP[0] 2c:e4:12:79:6b:29 type=0 tries=0 last_attempt=-1 sec ago blacklist=0
D/wpa_supplicant( 1172): wlan0: No suitable network found
D/wpa_supplicant( 1172): wlan0: Short-circuit new scan request since there are no enabled networks
D/wpa_supplicant( 1172): wlan0: State: SCANNING -> INACTIVE
D/wpa_supplicant( 1172): CTRL_IFACE monitor send - hexdump(len=39): 2f 64 61 74 61 2f 6d 69 73 63 2f 77 69 66 69 2f 73 6f 63 6b 65 74 73 2f 77 70 61 5f 63 74 72 6c ...
D/wpa_supplicant( 1172): wlan0: Checking for other virtual interfaces sharing same radio (phy0) in event_scan_results
D/wpa_supplicant( 1172): p2p0: Updating scan results from sibling
D/wpa_supplicant( 1172): nl80211: Received scan results (3 BSSes)
D/wpa_supplicant( 1172): nl80211: Survey data missing
D/wpa_supplicant( 1172): Sorted scan results
D/wpa_supplicant( 1172): 2c:e4:12:79:6b:29 freq=2437 qual=0 noise=0 level=-67 flags=0xb age=0
D/wpa_supplicant( 1172): IEs - hexdump(len=307): 00 0a 53 41 47 45 4d 5f 36 42 32 38 01 08 82 84 8b 96 24 30 48 6c 03 01 06 2a 01 00 2f 01 00 30 ...
D/wpa_supplicant( 1172): 00:1d:7e:ad:1a:6c freq=2462 qual=0 noise=0 level=-68 flags=0xb age=0
D/wpa_supplicant( 1172): IEs - hexdump(len=54): 00 07 6c 69 6e 6b 73 79 73 01 05 82 84 8b 96 2c 03 01 0b 2a 01 00 30 14 01 00 00 0f ac 04 01 00 ...
D/wpa_supplicant( 1172): 94:0c:6d:a1:5e:67 freq=2412 qual=0 noise=0 level=-92 flags=0xb age=0
D/wpa_supplicant( 1172): IEs - hexdump(len=63): 00 0b 57 79 73 74 61 77 53 6f 62 69 65 01 08 82 84 8b 96 0c 12 18 24 03 01 01 30 14 01 00 00 0f ...
D/wpa_supplicant( 1172): p2p0: BSS: Start scan result update 7
D/wpa_supplicant( 1172): p2p0: BSS: Add new id 4 BSSID 94:0c:6d:a1:5e:67 SSID 'WystawSobie'
D/wpa_supplicant( 1172): CTRL_IFACE monitor send - hexdump(len=39): 2f 64 61 74 61 2f 6d 69 73 63 2f 77 69 66 69 2f 73 6f 63 6b 65 74 73 2f 77 70 61 5f 63 74 72 6c ...
D/wpa_supplicant( 1172): BSS: last_scan_res_used=3/32 last_scan_full=0
D/wpa_supplicant( 1172): Add randomness: count=37 entropy=35
D/wpa_supplicant( 1172): random pool - hexdump(len=128): [REMOVED]
D/wpa_supplicant( 1172): random_mix_pool - hexdump(len=8): [REMOVED]
D/wpa_supplicant( 1172): random_mix_pool - hexdump(len=5): [REMOVED]
D/wpa_supplicant( 1172): random pool - hexdump(len=128): [REMOVED]
D/wpa_supplicant( 1172): Add randomness: count=38 entropy=36
D/wpa_supplicant( 1172): random pool - hexdump(len=128): [REMOVED]
D/wpa_supplicant( 1172): random_mix_pool - hexdump(len=8): [REMOVED]
D/wpa_supplicant( 1172): random_mix_pool - hexdump(len=5): [REMOVED]
D/wpa_supplicant( 1172): random pool - hexdump(len=128): [REMOVED]
D/wpa_supplicant( 1172): Add randomness: count=39 entropy=37
D/wpa_supplicant( 1172): random pool - hexdump(len=128): [REMOVED]
D/wpa_supplicant( 1172): random_mix_pool - hexdump(len=8): [REMOVED]
D/wpa_supplicant( 1172): random_mix_pool - hexdump(len=5): [REMOVED]
D/wpa_supplicant( 1172): random pool - hexdump(len=128): [REMOVED]
D/wpa_supplicant( 1172): p2p0: New scan results available
D/wpa_supplicant( 1172): CTRL_IFACE monitor send - hexdump(len=39): 2f 64 61 74 61 2f 6d 69 73 63 2f 77 69 66 69 2f 73 6f 63 6b 65 74 73 2f 77 70 61 5f 63 74 72 6c ...
D/wpa_supplicant( 1172): WPS: attr type=0x104a len=1
D/wpa_supplicant( 1172): WPS: attr type=0x1044 len=1
D/wpa_supplicant( 1172): WPS: attr type=0x1041 len=1
D/wpa_supplicant( 1172): WPS: attr type=0x103b len=1
D/wpa_supplicant( 1172): WPS: attr type=0x1047 len=16
D/wpa_supplicant( 1172): WPS: attr type=0x1021 len=8
D/wpa_supplicant( 1172): WPS: attr type=0x1023 len=8
D/wpa_supplicant( 1172): WPS: attr type=0x1024 len=6
D/wpa_supplicant( 1172): WPS: attr type=0x1042 len=4
D/wpa_supplicant( 1172): WPS: attr type=0x1054 len=8
D/wpa_supplicant( 1172): WPS: attr type=0x1011 len=10
D/wpa_supplicant( 1172): WPS: attr type=0x1008 len=2
D/wpa_supplicant( 1172): WPS: attr type=0x103c len=1
D/wpa_supplicant( 1172): WPS: attr type=0x104a len=1
D/wpa_supplicant( 1172): WPS: attr type=0x1044 len=1
D/wpa_supplicant( 1172): WPS: attr type=0x1041 len=1
D/wpa_supplicant( 1172): WPS: attr type=0x103b len=1
D/wpa_supplicant( 1172): WPS: attr type=0x1047 len=16
D/wpa_supplicant( 1172): WPS: attr type=0x1021 len=8
D/wpa_supplicant( 1172): WPS: attr type=0x1023 len=8
D/wpa_supplicant( 1172): WPS: attr type=0x1024 len=6
D/wpa_supplicant( 1172): WPS: attr type=0x1042 len=4
D/wpa_supplicant( 1172): WPS: attr type=0x1054 len=8
D/wpa_supplicant( 1172): WPS: attr type=0x1011 len=10
D/wpa_supplicant( 1172): WPS: attr type=0x1008 len=2
D/wpa_supplicant( 1172): WPS: attr type=0x103c len=1
D/wpa_supplicant( 1172): WPS: attr type=0x104a len=1
D/wpa_supplicant( 1172): WPS: attr type=0x1044 len=1
D/wpa_supplicant( 1172): WPS: attr type=0x1041 len=1
D/wpa_supplicant( 1172): WPS: attr type=0x103b len=1
D/wpa_supplicant( 1172): WPS: attr type=0x1047 len=16
D/wpa_supplicant( 1172): WPS: attr type=0x1021 len=8
D/wpa_supplicant( 1172): WPS: attr type=0x1023 len=8
D/wpa_supplicant( 1172): WPS: attr type=0x1024 len=6
D/wpa_supplicant( 1172): WPS: attr type=0x1042 len=4
D/wpa_supplicant( 1172): WPS: attr type=0x1054 len=8
D/wpa_supplicant( 1172): WPS: attr type=0x1011 len=10
D/wpa_supplicant( 1172): WPS: attr type=0x1008 len=2
D/wpa_supplicant( 1172): WPS: attr type=0x103c len=1
D/wpa_supplicant( 1172): CTRL_IFACE monitor send - hexdump(len=39): 2f 64 61 74 61 2f 6d 69 73 63 2f 77 69 66 69 2f 73 6f 63 6b 65 74 73 2f 77 70 61 5f 63 74 72 6c ...
D/wpa_supplicant( 1172): WPS: attr type=0x104a len=1
D/wpa_supplicant( 1172): WPS: attr type=0x1044 len=1
D/wpa_supplicant( 1172): WPS: attr type=0x1041 len=1
D/wpa_supplicant( 1172): WPS: attr type=0x103b len=1
D/wpa_supplicant( 1172): WPS: attr type=0x1047 len=16
D/wpa_supplicant( 1172): WPS: attr type=0x1021 len=8
D/wpa_supplicant( 1172): WPS: attr type=0x1023 len=8
D/wpa_supplicant( 1172): WPS: attr type=0x1024 len=6
D/wpa_supplicant( 1172): WPS: attr type=0x1042 len=4
D/wpa_supplicant( 1172): WPS: attr type=0x1054 len=8
D/wpa_supplicant( 1172): WPS: attr type=0x1011 len=10
D/wpa_supplicant( 1172): WPS: attr type=0x1008 len=2
D/wpa_supplicant( 1172): WPS: attr type=0x103c len=1
D/wpa_supplicant( 1172): WPS: AP[0] 2c:e4:12:79:6b:29 type=0 tries=0 last_attempt=-1 sec ago blacklist=0
D/wpa_supplicant( 1172): p2p0: No suitable network found
D/wpa_supplicant( 1172): p2p0: Short-circuit new scan request since there are no enabled networks
D/wpa_supplicant( 1172): p2p0: State: INACTIVE -> INACTIVE
D/wpa_supplicant( 1172): wlan0: P2P: Station mode scan operation not pending anymore (sta_scan_pending=0 p2p_cb_on_scan_complete=0)
D/wpa_supplicant( 1172): RX ctrl_iface - hexdump(len=25): 42 53 53 20 52 41 4e 47 45 3d 30 2d 20 4d 41 53 4b 3d 30 78 32 31 39 38 37
D/wpa_supplicant( 1172): wlan0: Control interface command 'BSS RANGE=0- MASK=0x21987'
D/wpa_supplicant( 1172): WPS: attr type=0x104a len=1
D/wpa_supplicant( 1172): WPS: attr type=0x1044 len=1
D/wpa_supplicant( 1172): WPS: attr type=0x1041 len=1
D/wpa_supplicant( 1172): WPS: attr type=0x103b len=1
D/wpa_supplicant( 1172): WPS: attr type=0x1047 len=16
D/wpa_supplicant( 1172): WPS: attr type=0x1021 len=8
D/wpa_supplicant( 1172): WPS: attr type=0x1023 len=8
D/wpa_supplicant( 1172): WPS: attr type=0x1024 len=6
D/wpa_supplicant( 1172): WPS: attr type=0x1042 len=4
D/wpa_supplicant( 1172): WPS: attr type=0x1054 len=8
D/wpa_supplicant( 1172): WPS: attr type=0x1011 len=10
D/wpa_supplicant( 1172): WPS: attr type=0x1008 len=2
D/wpa_supplicant( 1172): WPS: attr type=0x103c len=1
D/wpa_supplicant( 1172): WPS: attr type=0x104a len=1
D/wpa_supplicant( 1172): WPS: attr type=0x1044 len=1
D/wpa_supplicant( 1172): WPS: attr type=0x1041 len=1
D/wpa_supplicant( 1172): WPS: attr type=0x103b len=1
D/wpa_supplicant( 1172): WPS: attr type=0x1047 len=16
D/wpa_supplicant( 1172): WPS: attr type=0x1021 len=8
D/wpa_supplicant( 1172): WPS: attr type=0x1023 len=8
D/wpa_supplicant( 1172): WPS: attr type=0x1024 len=6
D/wpa_supplicant( 1172): WPS: attr type=0x1042 len=4
D/wpa_supplicant( 1172): WPS: attr type=0x1054 len=8
D/wpa_supplicant( 1172): WPS: attr type=0x1011 len=10
D/wpa_supplicant( 1172): WPS: attr type=0x1008 len=2
D/wpa_supplicant( 1172): WPS: attr type=0x103c len=1
D/wpa_supplicant( 1172): WPS: attr type=0x104a len=1
D/wpa_supplicant( 1172): WPS: attr type=0x1044 len=1
D/wpa_supplicant( 1172): WPS: attr type=0x1041 len=1
D/wpa_supplicant( 1172): WPS: attr type=0x103b len=1
D/wpa_supplicant( 1172): WPS: attr type=0x1047 len=16
D/wpa_supplicant( 1172): WPS: attr type=0x1021 len=8
D/wpa_supplicant( 1172): WPS: attr type=0x1023 len=8
D/wpa_supplicant( 1172): WPS: attr type=0x1024 len=6
D/wpa_supplicant( 1172): WPS: attr type=0x1042 len=4
D/wpa_supplicant( 1172): WPS: attr type=0x1054 len=8
D/wpa_supplicant( 1172): WPS: attr type=0x1011 len=10
D/wpa_supplicant( 1172): WPS: attr type=0x1008 len=2
D/wpa_supplicant( 1172): WPS: attr type=0x103c len=1
I/ActivityManager(  643): Start proc com.andrew.apollo for broadcast com.andrew.apollo/.appwidgets.AppWidgetSmall: pid=1868 uid=10017 gids={50017, 1028, 1015, 3003}
I/PackageManager(  643):   Action: "android.intent.action.SENDTO"
I/PackageManager(  643):   Category: "android.intent.category.DEFAULT"
I/PackageManager(  643):   Scheme: "mms"
I/PackageManager(  643): Adding preferred activity ComponentInfo{com.android.mms/com.android.mms.ui.ComposeMessageActivity} for user 0 :
I/PackageManager(  643):   Action: "android.intent.action.SENDTO"
I/PackageManager(  643):   Category: "android.intent.category.DEFAULT"
I/PackageManager(  643):   Scheme: "mmsto"
I/PackageManager(  643): Adding preferred activity ComponentInfo{com.android.mms/com.android.mms.ui.ComposeMessageActivity} for user 0 :
I/Launcher( 1393): Deferring update until onResume
I/PackageManager(  643):   Action: "android.intent.action.SENDTO"
I/PackageManager(  643):   Category: "android.intent.category.DEFAULT"
I/PackageManager(  643):   Scheme: "sms"
I/PackageManager(  643): Adding preferred activity ComponentInfo{com.android.mms/com.android.mms.ui.ComposeMessageActivity} for user 0 :
E/Sensors (  643): SensorBase: write_attr failed to open /sys/class/compass/akm8975/accel (Permission denied)
E/Sensors (  643): SensorBase: write_attr failed to open /sys/class/compass/akm8975/accel (Permission denied)
E/Sensors (  643): SensorBase: write_attr failed to open /sys/class/compass/akm8975/accel (Permission denied)
I/PackageManager(  643):   Action: "android.intent.action.SENDTO"
I/PackageManager(  643):   Category: "android.intent.category.DEFAULT"
I/PackageManager(  643):   Scheme: "smsto"
I/PackageManager(  643): Adding preferred activity ComponentInfo{com.android.mms/com.android.mms.ui.ComposeMessageActivity} for user 0 :
E/Sensors (  643): SensorBase: write_attr failed to open /sys/class/compass/akm8975/accel (Permission denied)
E/Sensors (  643): SensorBase: write_attr failed to open /sys/class/compass/akm8975/accel (Permission denied)
E/Sensors (  643): SensorBase: write_attr failed to open /sys/class/compass/akm8975/accel (Permission denied)
I/PackageManager(  643):   Action: "android.intent.action.SENDTO"
I/PackageManager(  643):   Category: "android.intent.category.DEFAULT"
I/PackageManager(  643):   Scheme: "mms"
I/PackageManager(  643): Adding preferred activity ComponentInfo{com.android.mms/com.android.mms.ui.ComposeMessageActivity} for user 0 :
D/LightsService(  643): Excessive delay setting light: 52ms
I/PackageManager(  643):   Action: "android.intent.action.SENDTO"
I/PackageManager(  643):   Category: "android.intent.category.DEFAULT"
I/PackageManager(  643):   Scheme: "mmsto"
I/PackageManager(  643): Adding preferred activity ComponentInfo{com.android.mms/com.android.mms.ui.ComposeMessageActivity} for user 0 :
E/Sensors (  643): SensorBase: write_attr failed to open /sys/class/compass/akm8975/accel (Permission denied)
D/LightsService(  643): Excessive delay setting light: 101ms
D/WeatherUpdateService( 1754): Service started, but shouldn't update ... stopping
W/SurfaceFlinger(  194): HWC_FRAMEBUFFER_TARGET found in hwc list (index=0)
W/SurfaceFlinger(  194): HWC_FRAMEBUFFER_TARGET found in hwc list (index=1)
W/SurfaceFlinger(  194): HWC_FRAMEBUFFER_TARGET found in hwc list (index=2)
E/Sensors (  643): SensorBase: write_attr failed to open /sys/class/compass/akm8975/accel (Permission denied)
W/BroadcastQueue(  643): Permission Denial: broadcasting Intent { act=android.appwidget.action.APPWIDGET_UPDATE_OPTIONS flg=0x10 cmp=com.andrew.apollo/.appwidgets.AppWidgetSmall (has extras) } from android (pid=1393, uid=10009) is not exported from uid 10017 due to receiver com.andrew.apollo/.appwidgets.AppWidgetSmall
W/SurfaceFlinger(  194): HWC_FRAMEBUFFER_TARGET found in hwc list (index=0)
W/SurfaceFlinger(  194): HWC_FRAMEBUFFER_TARGET found in hwc list (index=1)
W/SurfaceFlinger(  194): HWC_FRAMEBUFFER_TARGET found in hwc list (index=2)
W/Launcher( 1393): setApplicationContext called twice! old=com.android.launcher3.LauncherApplication@41af5ca8 new=com.android.launcher3.LauncherApplication@41af5ca8
I/ActivityManager(  643): Delay finish: com.android.gallery3d/.app.PackagesMonitor
I/auditd  ( 1886): Starting up
E/Sensors (  643): SensorBase: write_attr failed to open /sys/class/compass/akm8975/accel (Permission denied)
E/auditd  ( 1886): Failed on audit_set_pid with error: Protocol not supported
I/auditd  ( 1886): Exiting
W/StorageManager(  643): No primary storage defined
I/ActivityManager(  643): Resuming delayed broadcast
I/ActivityManager(  643): Start proc org.cyanogenmod.voiceplus for broadcast org.cyanogenmod.voiceplus/.PackageChangeReceiver: pid=1889 uid=10050 gids={50050, 3003}
D/LightsService(  643): Excessive delay setting light: 472ms
I/ActivityManager(  643): Force stopping org.cyanogenmod.voiceplus appid=10050 user=0: pkg changed
I/ActivityManager(  643): Killing 1889:org.cyanogenmod.voiceplus/u0a50 (adj 0): stop org.cyanogenmod.voiceplus
E/Sensors (  643): SensorBase: write_attr failed to open /sys/class/compass/akm8975/accel (Permission denied)
I/InputReader(  643): Reconfiguring input devices.  changes=0x00000010
I/Launcher( 1393): Deferring update until onResume
I/PackageManager(  643):   Action: "android.intent.action.SENDTO"
I/PackageManager(  643):   Category: "android.intent.category.DEFAULT"
I/PackageManager(  643):   Scheme: "sms"
I/PackageManager(  643): Adding preferred activity ComponentInfo{com.android.mms/com.android.mms.ui.ComposeMessageActivity} for user 0 :
I/PackageManager(  643):   Action: "android.intent.action.SENDTO"
I/PackageManager(  643):   Category: "android.intent.category.DEFAULT"
I/PackageManager(  643):   Scheme: "smsto"
I/PackageManager(  643): Adding preferred activity ComponentInfo{com.android.mms/com.android.mms.ui.ComposeMessageActivity} for user 0 :
W/Launcher( 1393): setApplicationContext called twice! old=com.android.launcher3.LauncherApplication@41af5ca8 new=com.android.launcher3.LauncherApplication@41af5ca8
I/PackageManager(  643):   Action: "android.intent.action.SENDTO"
I/PackageManager(  643):   Category: "android.intent.category.DEFAULT"
I/PackageManager(  643):   Scheme: "mms"
I/PackageManager(  643): Adding preferred activity ComponentInfo{com.android.mms/com.android.mms.ui.ComposeMessageActivity} for user 0 :
D/LightsService(  643): Excessive delay setting light: 213ms
I/PackageManager(  643):   Action: "android.intent.action.SENDTO"
I/PackageManager(  643):   Category: "android.intent.category.DEFAULT"
I/PackageManager(  643):   Scheme: "mmsto"
I/PackageManager(  643): Adding preferred activity ComponentInfo{com.android.mms/com.android.mms.ui.ComposeMessageActivity} for user 0 :
E/Sensors (  643): SensorBase: write_attr failed to open /sys/class/compass/akm8975/accel (Permission denied)
I/PackageManager(  643):   Action: "android.intent.action.SENDTO"
I/PackageManager(  643):   Category: "android.intent.category.DEFAULT"
I/PackageManager(  643):   Scheme: "sms"
I/PackageManager(  643): Adding preferred activity ComponentInfo{com.android.mms/com.android.mms.ui.ComposeMessageActivity} for user 0 :
I/PackageManager(  643):   Action: "android.intent.action.SENDTO"
I/PackageManager(  643):   Category: "android.intent.category.DEFAULT"
I/PackageManager(  643):   Scheme: "smsto"
I/PackageManager(  643): Adding preferred activity ComponentInfo{com.android.mms/com.android.mms.ui.ComposeMessageActivity} for user 0 :
I/PackageManager(  643):   Action: "android.intent.action.SENDTO"
I/PackageManager(  643):   Category: "android.intent.category.DEFAULT"
I/PackageManager(  643):   Scheme: "mms"
I/PackageManager(  643): Adding preferred activity ComponentInfo{com.android.mms/com.android.mms.ui.ComposeMessageActivity} for user 0 :
W/StorageManager(  643): No primary storage defined
I/PackageManager(  643):   Action: "android.intent.action.SENDTO"
I/PackageManager(  643):   Category: "android.intent.category.DEFAULT"
I/PackageManager(  643):   Scheme: "mmsto"
I/PackageManager(  643): Adding preferred activity ComponentInfo{com.android.mms/com.android.mms.ui.ComposeMessageActivity} for user 0 :
I/ActivityManager(  643): Start proc org.cyanogenmod.voiceplus for broadcast org.cyanogenmod.voiceplus/.PackageChangeReceiver: pid=1903 uid=10050 gids={50050, 3003}
E/Sensors (  643): SensorBase: write_attr failed to open /sys/class/compass/akm8975/accel (Permission denied)
I/UpdateCheckReceiver( 1837): Got connectivity change, has connection: false
I/ActivityManager(  643): Killing 1645:com.android.onetimeinitializer/u0a11 (adj 15): empty #17
D/MobileDataStateTracker(  643): dun: Broadcast received: android.intent.action.ANY_DATA_STATE apnType=dun
D/MobileDataStateTracker(  643): dun: Received state=DISCONNECTED, old=DISCONNECTED, reason=dataDisabled
D/MobileDataStateTracker(  643): supl: Broadcast received: android.intent.action.ANY_DATA_STATE apnType=supl
D/MobileDataStateTracker(  643): supl: Received state=DISCONNECTED, old=DISCONNECTED, reason=dataDisabled
D/MobileDataStateTracker(  643): hipri: Broadcast received: android.intent.action.ANY_DATA_STATE apnType=hipri
E/Sensors (  643): SensorBase: write_attr failed to open /sys/class/compass/akm8975/accel (Permission denied)
D/MobileDataStateTracker(  643): hipri: Received state=DISCONNECTED, old=DISCONNECTED, reason=dataDisabled
D/MobileDataStateTracker(  643): mms: Broadcast received: android.intent.action.ANY_DATA_STATE apnType=mms
D/MobileDataStateTracker(  643): mms: Received state=DISCONNECTED, old=DISCONNECTED, reason=dataDisabled
D/WeatherUpdateService( 1754): Service started, but shouldn't update ... stopping
D/AlertReceiver( 1682): onReceive: a=android.intent.action.PROVIDER_CHANGED Intent { act=android.intent.action.PROVIDER_CHANGED dat=content://com.android.calendar flg=0x10 cmp=com.android.calendar/.alerts.AlertReceiver }
I/ActivityManager(  643): Delay finish: com.android.calendar/.alerts.AlertReceiver
D/AlertService( 1682): 0 Action = android.intent.action.PROVIDER_CHANGED
I/ActivityManager(  643): Resuming delayed broadcast
I/ActivityManager(  643): Delay finish: com.cyanogenmod.lockclock/.ClockWidgetProvider
I/ActivityManager(  643): Resuming delayed broadcast
V/SmsReceiverService( 1608): onStart: #1 mResultCode: -1 = Activity.RESULT_OK
I/ActivityManager(  643): Delay finish: com.android.providers.calendar/.CalendarProviderBroadcastReceiver
E/Sensors (  643): SensorBase: write_attr failed to open /sys/class/compass/akm8975/accel (Permission denied)
I/ContactLocale( 1799): AddressBook Labels [en_US]: [, A, B, C, D, E, F, G, H, I, J, K, L, M, N, O, P, Q, R, S, T, U, V, W, X, Y, Z, , , , , , , , , , , , , , , , , , , , , , , , , , , , , , , , , , , , , , , , , , , , , , , , , , , , , , , , , , , , , , , , , , , , , , , , , , , , , , , , , , , , , , , , , , , , , , , , , , , , , , , , , , , , , , , , , , , , , , , , , , , , , , , , , , , , , , , , , , , , , , , , , , , , , , , , , , , , , , , , , , , , , , , , , , , , , , , , , , , , , , #, ]
I/ActivityManager(  643): Resuming delayed broadcast
I/ActivityManager(  643): Delay finish: com.cyanogenmod.lockclock/.ClockWidgetProvider
I/ActivityManager(  643): Resuming delayed broadcast
E/Sensors (  643): SensorBase: write_attr failed to open /sys/class/compass/akm8975/accel (Permission denied)
W/Launcher( 1393): setApplicationContext called twice! old=com.android.launcher3.LauncherApplication@41af5ca8 new=com.android.launcher3.LauncherApplication@41af5ca8
W/SurfaceFlinger(  194): HWC_FRAMEBUFFER_TARGET found in hwc list (index=0)
W/SurfaceFlinger(  194): HWC_FRAMEBUFFER_TARGET found in hwc list (index=1)
W/SurfaceFlinger(  194): HWC_FRAMEBUFFER_TARGET found in hwc list (index=2)
I/ActivityManager(  643): Delay finish: com.android.gallery3d/.app.PackagesMonitor
I/ActivityManager(  643): Resuming delayed broadcast
W/Launcher( 1393): setApplicationContext called twice! old=com.android.launcher3.LauncherApplication@41af5ca8 new=com.android.launcher3.LauncherApplication@41af5ca8
I/ActivityManager(  643): Delay finish: com.android.gallery3d/.app.PackagesMonitor
I/PowerManagerService(  643): Going to sleep due to screen timeout...
E/Sensors (  643): SensorBase: write_attr failed to open /sys/class/compass/akm8975/accel (Permission denied)
W/SurfaceFlinger(  194): HWC_FRAMEBUFFER_TARGET found in hwc list (index=0)
W/SurfaceFlinger(  194): HWC_FRAMEBUFFER_TARGET found in hwc list (index=1)
W/SurfaceFlinger(  194): HWC_FRAMEBUFFER_TARGET found in hwc list (index=2)
I/ActivityManager(  643): Resuming delayed broadcast
W/SurfaceFlinger(  194): HWC_FRAMEBUFFER_TARGET found in hwc list (index=0)
W/SurfaceFlinger(  194): HWC_FRAMEBUFFER_TARGET found in hwc list (index=1)
W/SurfaceFlinger(  194): HWC_FRAMEBUFFER_TARGET found in hwc list (index=2)
I/ActivityManager(  643): Delay finish: com.cyanogenmod.lockclock/.ClockWidgetProvider
I/ActivityManager(  643): Resuming delayed broadcast
I/ActivityManager(  643): Delay finish: com.cyanogenmod.lockclock/.ClockWidgetProvider
I/ActivityManager(  643): Resuming delayed broadcast
W/Launcher( 1393): setApplicationContext called twice! old=com.android.launcher3.LauncherApplication@41af5ca8 new=com.android.launcher3.LauncherApplication@41af5ca8
I/ActivityManager(  643): Delay finish: com.android.gallery3d/.app.PackagesMonitor
E/Sensors (  643): SensorBase: write_attr failed to open /sys/class/compass/akm8975/accel (Permission denied)
I/ActivityManager(  643): Resuming delayed broadcast
W/Launcher( 1393): setApplicationContext called twice! old=com.android.launcher3.LauncherApplication@41af5ca8 new=com.android.launcher3.LauncherApplication@41af5ca8
I/ActivityManager(  643): Delay finish: com.android.gallery3d/.app.PackagesMonitor
I/ActivityManager(  643): Resuming delayed broadcast
E/Sensors (  643): SensorBase: write_attr failed to open /sys/class/compass/akm8975/accel (Permission denied)
D/LightsService(  643): Excessive delay setting light: 597ms
D/SurfaceFlinger(  194): Screen released, type=0 flinger=0x4118f450
I/Choreographer( 1208): Skipped 41 frames!  The application may be doing too much work on its main thread.
D/SurfaceControl(  643): Excessive delay in blankDisplay() while turning screen off: 339ms
E/WifiNative-wlan0(  643): doBoolean: enable
D/wpa_supplicant( 1172): RX ctrl_iface - hexdump(len=9): 53 45 54 20 70 6e 6f 20 31
D/wpa_supplicant( 1172): wlan0: Control interface command 'SET pno 1'
D/wpa_supplicant( 1172): CTRL_IFACE SET 'pno'='1'
D/wpa_supplicant( 1172): PNO: No configured SSIDs
D/wpa_supplicant( 1172): RX ctrl_iface - hexdump(len=23): 44 52 49 56 45 52 20 53 45 54 53 55 53 50 45 4e 44 4d 4f 44 45 20 31
D/wpa_supplicant( 1172): wlan0: Control interface command 'DRIVER SETSUSPENDMODE 1'
D/wpa_supplicant( 1172): wpa_driver_nl80211_driver_cmd  len = 0, 0
D/PowerManagerService-JNI(  643): Excessive delay in autosuspend_enable() while turning screen off: 179ms
I/InputReader(  643): Reconfiguring input devices.  changes=0x00000010
I/InputReader(  643): Reconfiguring input devices.  changes=0x00000010
I/PackageManager(  643):   Action: "android.intent.action.SENDTO"
I/PackageManager(  643):   Category: "android.intent.category.DEFAULT"
I/PackageManager(  643):   Scheme: "sms"
I/PackageManager(  643): Adding preferred activity ComponentInfo{com.android.mms/com.android.mms.ui.ComposeMessageActivity} for user 0 :
I/InputReader(  643): Reconfiguring input devices.  changes=0x00000010
W/BackupManagerService(  643): dataChanged but no participant pkg='com.android.launcher3' uid=10009
I/PackageManager(  643):   Action: "android.intent.action.SENDTO"
I/PackageManager(  643):   Category: "android.intent.category.DEFAULT"
I/PackageManager(  643):   Scheme: "smsto"
I/PackageManager(  643): Adding preferred activity ComponentInfo{com.android.mms/com.android.mms.ui.ComposeMessageActivity} for user 0 :
I/Launcher( 1393): Deferring update until onResume
W/BackupManagerService(  643): dataChanged but no participant pkg='com.android.launcher3' uid=10009
I/PackageManager(  643):   Action: "android.intent.action.SENDTO"
I/PackageManager(  643):   Category: "android.intent.category.DEFAULT"
I/PackageManager(  643):   Scheme: "mms"
I/InputReader(  643): Reconfiguring input devices.  changes=0x00000010
I/PackageManager(  643): Adding preferred activity ComponentInfo{com.android.mms/com.android.mms.ui.ComposeMessageActivity} for user 0 :
I/Launcher( 1393): Deferring update until onResume
W/Launcher( 1393): setApplicationContext called twice! old=com.android.launcher3.LauncherApplication@41af5ca8 new=com.android.launcher3.LauncherApplication@41af5ca8
I/PackageManager(  643):   Action: "android.intent.action.SENDTO"
I/PackageManager(  643):   Category: "android.intent.category.DEFAULT"
I/PackageManager(  643):   Scheme: "mmsto"
I/PackageManager(  643): Adding preferred activity ComponentInfo{com.android.mms/com.android.mms.ui.ComposeMessageActivity} for user 0 :
I/InputReader(  643): Reconfiguring input devices.  changes=0x00000010
I/Launcher( 1393): Deferring update until onResume
I/PackageManager(  643):   Action: "android.intent.action.SENDTO"
I/PackageManager(  643):   Category: "android.intent.category.DEFAULT"
I/PackageManager(  643):   Scheme: "sms"
I/PackageManager(  643): Adding preferred activity ComponentInfo{com.android.mms/com.android.mms.ui.ComposeMessageActivity} for user 0 :
I/Launcher( 1393): Deferring update until onResume
I/PackageManager(  643):   Action: "android.intent.action.SENDTO"
I/PackageManager(  643):   Category: "android.intent.category.DEFAULT"
I/PackageManager(  643):   Scheme: "smsto"
I/PackageManager(  643): Adding preferred activity ComponentInfo{com.android.mms/com.android.mms.ui.ComposeMessageActivity} for user 0 :
I/Launcher( 1393): Deferring update until onResume
I/PackageManager(  643):   Action: "android.intent.action.SENDTO"
I/PackageManager(  643):   Category: "android.intent.category.DEFAULT"
I/PackageManager(  643):   Scheme: "mms"
I/PackageManager(  643): Adding preferred activity ComponentInfo{com.android.mms/com.android.mms.ui.ComposeMessageActivity} for user 0 :
I/Launcher( 1393): Deferring update until onResume
I/PackageManager(  643):   Action: "android.intent.action.SENDTO"
I/PackageManager(  643):   Category: "android.intent.category.DEFAULT"
I/PackageManager(  643):   Scheme: "mmsto"
I/PackageManager(  643): Adding preferred activity ComponentInfo{com.android.mms/com.android.mms.ui.ComposeMessageActivity} for user 0 :
I/Launcher( 1393): Deferring update until onResume
I/ActivityManager(  643): Delay finish: com.android.gallery3d/.app.PackagesMonitor
I/Launcher( 1393): Deferring update until onResume
I/PackageManager(  643):   Action: "android.intent.action.SENDTO"
I/PackageManager(  643):   Category: "android.intent.category.DEFAULT"
I/PackageManager(  643):   Scheme: "sms"
I/PackageManager(  643): Adding preferred activity ComponentInfo{com.android.mms/com.android.mms.ui.ComposeMessageActivity} for user 0 :
I/ActivityManager(  643): Resuming delayed broadcast
I/Launcher( 1393): Deferring update until onResume
W/BackupManagerService(  643): dataChanged but no participant pkg='com.android.launcher3' uid=10009
I/PackageManager(  643):   Action: "android.intent.action.SENDTO"
I/PackageManager(  643):   Category: "android.intent.category.DEFAULT"
I/PackageManager(  643):   Scheme: "smsto"
I/PackageManager(  643): Adding preferred activity ComponentInfo{com.android.mms/com.android.mms.ui.ComposeMessageActivity} for user 0 :
I/Launcher( 1393): Deferring update until onResume
I/PackageManager(  643):   Action: "android.intent.action.SENDTO"
I/PackageManager(  643):   Category: "android.intent.category.DEFAULT"
I/PackageManager(  643):   Scheme: "mms"
I/PackageManager(  643): Adding preferred activity ComponentInfo{com.android.mms/com.android.mms.ui.ComposeMessageActivity} for user 0 :
I/PackageManager(  643):   Action: "android.intent.action.SENDTO"
I/PackageManager(  643):   Category: "android.intent.category.DEFAULT"
I/PackageManager(  643):   Scheme: "mmsto"
I/PackageManager(  643): Adding preferred activity ComponentInfo{com.android.mms/com.android.mms.ui.ComposeMessageActivity} for user 0 :
I/PackageManager(  643):   Action: "android.intent.action.SENDTO"
I/PackageManager(  643):   Category: "android.intent.category.DEFAULT"
I/PackageManager(  643):   Scheme: "sms"
I/PackageManager(  643): Adding preferred activity ComponentInfo{com.android.mms/com.android.mms.ui.ComposeMessageActivity} for user 0 :
I/auditd  ( 1933): Starting up
E/auditd  ( 1933): Failed on audit_set_pid with error: Protocol not supported
I/auditd  ( 1933): Exiting
I/PackageManager(  643):   Action: "android.intent.action.SENDTO"
I/PackageManager(  643):   Category: "android.intent.category.DEFAULT"
I/PackageManager(  643):   Scheme: "smsto"
I/PackageManager(  643): Adding preferred activity ComponentInfo{com.android.mms/com.android.mms.ui.ComposeMessageActivity} for user 0 :
I/PackageManager(  643):   Action: "android.intent.action.SENDTO"
I/PackageManager(  643):   Category: "android.intent.category.DEFAULT"
I/PackageManager(  643):   Scheme: "mms"
I/PackageManager(  643): Adding preferred activity ComponentInfo{com.android.mms/com.android.mms.ui.ComposeMessageActivity} for user 0 :
I/PackageManager(  643):   Action: "android.intent.action.SENDTO"
I/PackageManager(  643):   Category: "android.intent.category.DEFAULT"
I/PackageManager(  643):   Scheme: "mmsto"
I/PackageManager(  643): Adding preferred activity ComponentInfo{com.android.mms/com.android.mms.ui.ComposeMessageActivity} for user 0 :
I/PackageManager(  643):   Action: "android.intent.action.SENDTO"
I/PackageManager(  643):   Category: "android.intent.category.DEFAULT"
I/PackageManager(  643):   Scheme: "sms"
I/PackageManager(  643): Adding preferred activity ComponentInfo{com.android.mms/com.android.mms.ui.ComposeMessageActivity} for user 0 :
I/PackageManager(  643):   Action: "android.intent.action.SENDTO"
I/PackageManager(  643):   Category: "android.intent.category.DEFAULT"
I/PackageManager(  643):   Scheme: "smsto"
I/PackageManager(  643): Adding preferred activity ComponentInfo{com.android.mms/com.android.mms.ui.ComposeMessageActivity} for user 0 :
W/Launcher( 1393): setApplicationContext called twice! old=com.android.launcher3.LauncherApplication@41af5ca8 new=com.android.launcher3.LauncherApplication@41af5ca8
I/ActivityManager(  643): Killing 1516:com.android.bluetooth/1002 (adj 15): empty #17
I/PackageManager(  643):   Action: "android.intent.action.SENDTO"
I/PackageManager(  643):   Category: "android.intent.category.DEFAULT"
I/PackageManager(  643):   Scheme: "mms"
I/PackageManager(  643): Adding preferred activity ComponentInfo{com.android.mms/com.android.mms.ui.ComposeMessageActivity} for user 0 :
D/BluetoothTethering(  643): got CMD_CHANNEL_DISCONNECTED
E/BluetoothTethering(  643): attempted to stop reverse tether with nothing tethered
I/PackageManager(  643):   Action: "android.intent.action.SENDTO"
I/PackageManager(  643):   Category: "android.intent.category.DEFAULT"
I/PackageManager(  643):   Scheme: "mmsto"
I/PackageManager(  643): Adding preferred activity ComponentInfo{com.android.mms/com.android.mms.ui.ComposeMessageActivity} for user 0 :
I/PackageManager(  643):   Action: "android.intent.action.SENDTO"
I/PackageManager(  643):   Category: "android.intent.category.DEFAULT"
I/PackageManager(  643):   Scheme: "sms"
I/PackageManager(  643): Adding preferred activity ComponentInfo{com.android.mms/com.android.mms.ui.ComposeMessageActivity} for user 0 :
I/ActivityManager(  643): Delay finish: com.android.gallery3d/.app.PackagesMonitor
I/PackageManager(  643):   Action: "android.intent.action.SENDTO"
I/PackageManager(  643):   Category: "android.intent.category.DEFAULT"
I/PackageManager(  643):   Scheme: "smsto"
I/PackageManager(  643): Adding preferred activity ComponentInfo{com.android.mms/com.android.mms.ui.ComposeMessageActivity} for user 0 :
I/PackageManager(  643):   Action: "android.intent.action.SENDTO"
I/PackageManager(  643):   Category: "android.intent.category.DEFAULT"
I/PackageManager(  643):   Scheme: "mms"
I/PackageManager(  643): Adding preferred activity ComponentInfo{com.android.mms/com.android.mms.ui.ComposeMessageActivity} for user 0 :
I/ActivityManager(  643): Resuming delayed broadcast
I/PackageManager(  643):   Action: "android.intent.action.SENDTO"
I/PackageManager(  643):   Category: "android.intent.category.DEFAULT"
I/PackageManager(  643):   Scheme: "mmsto"
I/PackageManager(  643): Adding preferred activity ComponentInfo{com.android.mms/com.android.mms.ui.ComposeMessageActivity} for user 0 :
I/PackageManager(  643):   Action: "android.intent.action.SENDTO"
I/PackageManager(  643):   Category: "android.intent.category.DEFAULT"
I/PackageManager(  643):   Scheme: "sms"
I/PackageManager(  643): Adding preferred activity ComponentInfo{com.android.mms/com.android.mms.ui.ComposeMessageActivity} for user 0 :
I/PackageManager(  643):   Action: "android.intent.action.SENDTO"
I/PackageManager(  643):   Category: "android.intent.category.DEFAULT"
I/PackageManager(  643):   Scheme: "smsto"
I/PackageManager(  643): Adding preferred activity ComponentInfo{com.android.mms/com.android.mms.ui.ComposeMessageActivity} for user 0 :
I/PackageManager(  643):   Action: "android.intent.action.SENDTO"
I/PackageManager(  643):   Category: "android.intent.category.DEFAULT"
I/PackageManager(  643):   Scheme: "mms"
I/PackageManager(  643): Adding preferred activity ComponentInfo{com.android.mms/com.android.mms.ui.ComposeMessageActivity} for user 0 :
W/Launcher( 1393): setApplicationContext called twice! old=com.android.launcher3.LauncherApplication@41af5ca8 new=com.android.launcher3.LauncherApplication@41af5ca8
I/PackageManager(  643):   Action: "android.intent.action.SENDTO"
I/PackageManager(  643):   Category: "android.intent.category.DEFAULT"
I/PackageManager(  643):   Scheme: "mmsto"
I/PackageManager(  643): Adding preferred activity ComponentInfo{com.android.mms/com.android.mms.ui.ComposeMessageActivity} for user 0 :
I/PackageManager(  643):   Action: "android.intent.action.SENDTO"
I/PackageManager(  643):   Category: "android.intent.category.DEFAULT"
I/PackageManager(  643):   Scheme: "sms"
I/PackageManager(  643): Adding preferred activity ComponentInfo{com.android.mms/com.android.mms.ui.ComposeMessageActivity} for user 0 :
I/PackageManager(  643):   Action: "android.intent.action.SENDTO"
I/PackageManager(  643):   Category: "android.intent.category.DEFAULT"
I/PackageManager(  643):   Scheme: "smsto"
I/PackageManager(  643): Adding preferred activity ComponentInfo{com.android.mms/com.android.mms.ui.ComposeMessageActivity} for user 0 :
I/PackageManager(  643):   Action: "android.intent.action.SENDTO"
I/PackageManager(  643):   Category: "android.intent.category.DEFAULT"
I/PackageManager(  643):   Scheme: "mms"
I/PackageManager(  643): Adding preferred activity ComponentInfo{com.android.mms/com.android.mms.ui.ComposeMessageActivity} for user 0 :
I/PackageManager(  643):   Action: "android.intent.action.SENDTO"
I/PackageManager(  643):   Category: "android.intent.category.DEFAULT"
I/PackageManager(  643):   Scheme: "mmsto"
I/PackageManager(  643): Adding preferred activity ComponentInfo{com.android.mms/com.android.mms.ui.ComposeMessageActivity} for user 0 :
I/GlobalDismissManager( 1682): no sender configured
D/AlertService( 1682): Beginning updateAlertNotification
I/ActivityManager(  643): Delay finish: com.android.gallery3d/.app.PackagesMonitor
I/PackageManager(  643):   Action: "android.intent.action.SENDTO"
I/PackageManager(  643):   Category: "android.intent.category.DEFAULT"
I/PackageManager(  643):   Scheme: "sms"
I/PackageManager(  643): Adding preferred activity ComponentInfo{com.android.mms/com.android.mms.ui.ComposeMessageActivity} for user 0 :
I/ActivityManager(  643): Resuming delayed broadcast
I/PackageManager(  643):   Action: "android.intent.action.SENDTO"
I/PackageManager(  643):   Category: "android.intent.category.DEFAULT"
I/PackageManager(  643):   Scheme: "smsto"
I/PackageManager(  643): Adding preferred activity ComponentInfo{com.android.mms/com.android.mms.ui.ComposeMessageActivity} for user 0 :
I/PackageManager(  643):   Action: "android.intent.action.SENDTO"
I/PackageManager(  643):   Category: "android.intent.category.DEFAULT"
I/PackageManager(  643):   Scheme: "mms"
I/PackageManager(  643): Adding preferred activity ComponentInfo{com.android.mms/com.android.mms.ui.ComposeMessageActivity} for user 0 :
D/AlertService( 1682): No fired or scheduled alerts
I/PackageManager(  643):   Action: "android.intent.action.SENDTO"
I/PackageManager(  643):   Category: "android.intent.category.DEFAULT"
I/PackageManager(  643):   Scheme: "mmsto"
I/PackageManager(  643): Adding preferred activity ComponentInfo{com.android.mms/com.android.mms.ui.ComposeMessageActivity} for user 0 :
I/PackageManager(  643):   Action: "android.intent.action.SENDTO"
I/PackageManager(  643): Adding preferred activity ComponentInfo{com.android.mms/com.android.mms.ui.ComposeMessageActivity} for user 0 :
I/PackageManager(  643):   Category: "android.intent.category.DEFAULT"
I/PackageManager(  643):   Scheme: "sms"
I/PackageManager(  643):   Action: "android.intent.action.SENDTO"
I/PackageManager(  643):   Category: "android.intent.category.DEFAULT"
I/PackageManager(  643):   Scheme: "smsto"
I/PackageManager(  643): Adding preferred activity ComponentInfo{com.android.mms/com.android.mms.ui.ComposeMessageActivity} for user 0 :
I/PackageManager(  643):   Action: "android.intent.action.SENDTO"
I/PackageManager(  643):   Category: "android.intent.category.DEFAULT"
I/PackageManager(  643):   Scheme: "mms"
I/PackageManager(  643): Adding preferred activity ComponentInfo{com.android.mms/com.android.mms.ui.ComposeMessageActivity} for user 0 :
I/PackageManager(  643):   Action: "android.intent.action.SENDTO"
I/PackageManager(  643):   Category: "android.intent.category.DEFAULT"
I/PackageManager(  643):   Scheme: "mmsto"
I/PackageManager(  643): Adding preferred activity ComponentInfo{com.android.mms/com.android.mms.ui.ComposeMessageActivity} for user 0 :
W/Launcher( 1393): setApplicationContext called twice! old=com.android.launcher3.LauncherApplication@41af5ca8 new=com.android.launcher3.LauncherApplication@41af5ca8
I/ActivityManager(  643): Delay finish: com.android.gallery3d/.app.PackagesMonitor
D/AlertService( 1682): Scheduling next alarm with AlarmScheduler. sEventReminderReceived: null
I/ActivityManager(  643): Resuming delayed broadcast
W/Launcher( 1393): setApplicationContext called twice! old=com.android.launcher3.LauncherApplication@41af5ca8 new=com.android.launcher3.LauncherApplication@41af5ca8
