W/PackageParser(  623): 	at java.lang.reflect.Method.invoke(Method.java:515)
W/PackageParser(  623): 	at com.android.internal.os.ZygoteInit$MethodAndArgsCaller.run(ZygoteInit.java:789)
W/PackageParser(  623): 	at com.android.internal.os.ZygoteInit.main(ZygoteInit.java:605)
W/PackageParser(  623): 	at dalvik.system.NativeStart.main(Native Method)
W/PackageParser(  623): Unable to read AndroidManifest.xml of /system/priv-app/GoogleServicesFramework.apk
W/PackageParser(  623): java.io.FileNotFoundException: AndroidManifest.xml
W/PackageParser(  623): 	at android.content.res.AssetManager.openXmlAssetNative(Native Method)
W/PackageParser(  623): 	at android.content.res.AssetManager.openXmlBlockAsset(AssetManager.java:507)
W/PackageParser(  623): 	at android.content.res.AssetManager.openXmlResourceParser(AssetManager.java:475)
W/PackageParser(  623): 	at android.content.pm.PackageParser.parsePackage(PackageParser.java:576)
W/PackageParser(  623): 	at com.android.server.pm.PackageManagerService.scanPackageLI(PackageManagerService.java:3749)
W/PackageParser(  623): 	at com.android.server.pm.PackageManagerService.scanDirLI(PackageManagerService.java:3672)
W/PackageParser(  623): 	at com.android.server.pm.PackageManagerService.<init>(PackageManagerService.java:1387)
W/PackageParser(  623): 	at com.android.server.pm.PackageManagerService.main(PackageManagerService.java:1126)
W/PackageParser(  623): 	at com.android.server.ServerThread.initAndLoop(SystemServer.java:308)
W/PackageParser(  623): 	at com.android.server.SystemServer.main(SystemServer.java:1406)
W/PackageParser(  623): 	at java.lang.reflect.Method.invokeNative(Native Method)
W/PackageParser(  623): 	at java.lang.reflect.Method.invoke(Method.java:515)
W/PackageParser(  623): 	at com.android.internal.os.ZygoteInit$MethodAndArgsCaller.run(ZygoteInit.java:789)
W/PackageParser(  623): 	at com.android.internal.os.ZygoteInit.main(ZygoteInit.java:605)
W/PackageParser(  623): 	at dalvik.system.NativeStart.main(Native Method)
D/asset   (  623): failed to open Zip archive '/system/priv-app/GoogleBackupTransport.apk'
D/asset   (  623): failed to open Zip archive '/system/priv-app/Velvet.apk'
D/asset   (  623): failed to open Zip archive '/system/priv-app/Phonesky.apk'
W/PackageParser(  623): Unable to read AndroidManifest.xml of /system/priv-app/GoogleFeedback.apk
W/PackageParser(  623): java.io.FileNotFoundException: AndroidManifest.xml
W/PackageParser(  623): 	at android.content.res.AssetManager.openXmlAssetNative(Native Method)
W/PackageParser(  623): 	at android.content.res.AssetManager.openXmlBlockAsset(AssetManager.java:507)
W/PackageParser(  623): 	at android.content.res.AssetManager.openXmlResourceParser(AssetManager.java:475)
W/PackageParser(  623): 	at android.content.pm.PackageParser.parsePackage(PackageParser.java:576)
W/PackageParser(  623): 	at com.android.server.pm.PackageManagerService.scanPackageLI(PackageManagerService.java:3749)
W/PackageParser(  623): 	at com.android.server.pm.PackageManagerService.scanDirLI(PackageManagerService.java:3672)
W/PackageParser(  623): 	at com.android.server.pm.PackageManagerService.<init>(PackageManagerService.java:1387)
W/PackageParser(  623): 	at com.android.server.pm.PackageManagerService.main(PackageManagerService.java:1126)
W/PackageParser(  623): 	at com.android.server.ServerThread.initAndLoop(SystemServer.java:308)
W/PackageParser(  623): 	at com.android.server.SystemServer.main(SystemServer.java:1406)
W/PackageParser(  623): 	at java.lang.reflect.Method.invokeNative(Native Method)
W/PackageParser(  623): 	at java.lang.reflect.Method.invoke(Method.java:515)
W/PackageParser(  623): 	at com.android.internal.os.ZygoteInit$MethodAndArgsCaller.run(ZygoteInit.java:789)
W/PackageParser(  623): 	at com.android.internal.os.ZygoteInit.main(ZygoteInit.java:605)
W/PackageParser(  623): 	at dalvik.system.NativeStart.main(Native Method)
W/PackageParser(  623): Unable to read AndroidManifest.xml of /system/priv-app/GoogleBackupTransport.apk
W/PackageParser(  623): java.io.FileNotFoundException: AndroidManifest.xml
W/PackageParser(  623): 	at android.content.res.AssetManager.openXmlAssetNative(Native Method)
W/PackageParser(  623): 	at android.content.res.AssetManager.openXmlBlockAsset(AssetManager.java:507)
W/PackageParser(  623): 	at android.content.res.AssetManager.openXmlResourceParser(AssetManager.java:475)
W/PackageParser(  623): 	at android.content.pm.PackageParser.parsePackage(PackageParser.java:576)
W/PackageParser(  623): 	at com.android.server.pm.PackageManagerService.scanPackageLI(PackageManagerService.java:3749)
W/PackageParser(  623): 	at com.android.server.pm.PackageManagerService.scanDirLI(PackageManagerService.java:3672)
W/PackageParser(  623): 	at com.android.server.pm.PackageManagerService.<init>(PackageManagerService.java:1387)
W/PackageParser(  623): 	at com.android.server.pm.PackageManagerService.main(PackageManagerService.java:1126)
W/PackageParser(  623): 	at com.android.server.ServerThread.initAndLoop(SystemServer.java:308)
W/PackageParser(  623): 	at com.android.server.SystemServer.main(SystemServer.java:1406)
W/PackageParser(  623): 	at java.lang.reflect.Method.invokeNative(Native Method)
W/PackageParser(  623): 	at java.lang.reflect.Method.invoke(Method.java:515)
W/PackageParser(  623): 	at com.android.internal.os.ZygoteInit$MethodAndArgsCaller.run(ZygoteInit.java:789)
W/PackageParser(  623): 	at com.android.internal.os.ZygoteInit.main(ZygoteInit.java:605)
W/PackageParser(  623): 	at dalvik.system.NativeStart.main(Native Method)
W/PackageParser(  623): Unable to read AndroidManifest.xml of /system/priv-app/Velvet.apk
W/PackageParser(  623): java.io.FileNotFoundException: AndroidManifest.xml
W/PackageParser(  623): 	at android.content.res.AssetManager.openXmlAssetNative(Native Method)
W/PackageParser(  623): 	at android.content.res.AssetManager.openXmlBlockAsset(AssetManager.java:507)
W/PackageParser(  623): 	at android.content.res.AssetManager.openXmlResourceParser(AssetManager.java:475)
W/PackageParser(  623): 	at android.content.pm.PackageParser.parsePackage(PackageParser.java:576)
W/PackageParser(  623): 	at com.android.server.pm.PackageManagerService.scanPackageLI(PackageManagerService.java:3749)
W/PackageParser(  623): 	at com.android.server.pm.PackageManagerService.scanDirLI(PackageManagerService.java:3672)
W/PackageParser(  623): 	at com.android.server.pm.PackageManagerService.<init>(PackageManagerService.java:1387)
W/PackageParser(  623): 	at com.android.server.pm.PackageManagerService.main(PackageManagerService.java:1126)
W/PackageParser(  623): 	at com.android.server.ServerThread.initAndLoop(SystemServer.java:308)
W/PackageParser(  623): 	at com.android.server.SystemServer.main(SystemServer.java:1406)
W/PackageParser(  623): 	at java.lang.reflect.Method.invokeNative(Native Method)
W/PackageParser(  623): 	at java.lang.reflect.Method.invoke(Method.java:515)
W/PackageParser(  623): 	at com.android.internal.os.ZygoteInit$MethodAndArgsCaller.run(ZygoteInit.java:789)
W/PackageParser(  623): 	at com.android.internal.os.ZygoteInit.main(ZygoteInit.java:605)
W/PackageParser(  623): 	at dalvik.system.NativeStart.main(Native Method)
D/asset   (  623): failed to open Zip archive '/system/priv-app/GmsCore.apk'
D/asset   (  623): failed to open Zip archive '/system/priv-app/ConfigUpdater.apk'
D/asset   (  623): failed to open Zip archive '/system/priv-app/GooglePartnerSetup.apk'
W/PackageParser(  623): Unable to read AndroidManifest.xml of /system/priv-app/Phonesky.apk
W/PackageParser(  623): java.io.FileNotFoundException: AndroidManifest.xml
W/PackageParser(  623): 	at android.content.res.AssetManager.openXmlAssetNative(Native Method)
W/PackageParser(  623): 	at android.content.res.AssetManager.openXmlBlockAsset(AssetManager.java:507)
W/PackageParser(  623): 	at android.content.res.AssetManager.openXmlResourceParser(AssetManager.java:475)
W/PackageParser(  623): 	at android.content.pm.PackageParser.parsePackage(PackageParser.java:576)
W/PackageParser(  623): 	at com.android.server.pm.PackageManagerService.scanPackageLI(PackageManagerService.java:3749)
W/PackageParser(  623): 	at com.android.server.pm.PackageManagerService.scanDirLI(PackageManagerService.java:3672)
W/PackageParser(  623): 	at com.android.server.pm.PackageManagerService.<init>(PackageManagerService.java:1387)
W/PackageParser(  623): 	at com.android.server.pm.PackageManagerService.main(PackageManagerService.java:1126)
W/PackageParser(  623): 	at com.android.server.ServerThread.initAndLoop(SystemServer.java:308)
W/PackageParser(  623): 	at com.android.server.SystemServer.main(SystemServer.java:1406)
W/PackageParser(  623): 	at java.lang.reflect.Method.invokeNative(Native Method)
W/PackageParser(  623): 	at java.lang.reflect.Method.invoke(Method.java:515)
W/PackageParser(  623): 	at com.android.internal.os.ZygoteInit$MethodAndArgsCaller.run(ZygoteInit.java:789)
W/PackageParser(  623): 	at com.android.internal.os.ZygoteInit.main(ZygoteInit.java:605)
W/PackageParser(  623): 	at dalvik.system.NativeStart.main(Native Method)
W/PackageParser(  623): Unable to read AndroidManifest.xml of /system/priv-app/GmsCore.apk
W/PackageParser(  623): java.io.FileNotFoundException: AndroidManifest.xml
W/PackageParser(  623): 	at android.content.res.AssetManager.openXmlAssetNative(Native Method)
W/PackageParser(  623): 	at android.content.res.AssetManager.openXmlBlockAsset(AssetManager.java:507)
W/PackageParser(  623): 	at android.content.res.AssetManager.openXmlResourceParser(AssetManager.java:475)
W/PackageParser(  623): 	at android.content.pm.PackageParser.parsePackage(PackageParser.java:576)
W/PackageParser(  623): 	at com.android.server.pm.PackageManagerService.scanPackageLI(PackageManagerService.java:3749)
W/PackageParser(  623): 	at com.android.server.pm.PackageManagerService.scanDirLI(PackageManagerService.java:3672)
W/PackageParser(  623): 	at com.android.server.pm.PackageManagerService.<init>(PackageManagerService.java:1387)
W/PackageParser(  623): 	at com.android.server.pm.PackageManagerService.main(PackageManagerService.java:1126)
W/PackageParser(  623): 	at com.android.server.ServerThread.initAndLoop(SystemServer.java:308)
W/PackageParser(  623): 	at com.android.server.SystemServer.main(SystemServer.java:1406)
W/PackageParser(  623): 	at java.lang.reflect.Method.invokeNative(Native Method)
W/PackageParser(  623): 	at java.lang.reflect.Method.invoke(Method.java:515)
W/PackageParser(  623): 	at com.android.internal.os.ZygoteInit$MethodAndArgsCaller.run(ZygoteInit.java:789)
W/PackageParser(  623): 	at com.android.internal.os.ZygoteInit.main(ZygoteInit.java:605)
W/PackageParser(  623): 	at dalvik.system.NativeStart.main(Native Method)
W/PackageParser(  623): Unable to read AndroidManifest.xml of /system/priv-app/ConfigUpdater.apk
W/PackageParser(  623): java.io.FileNotFoundException: AndroidManifest.xml
W/PackageParser(  623): 	at android.content.res.AssetManager.openXmlAssetNative(Native Method)
W/PackageParser(  623): 	at android.content.res.AssetManager.openXmlBlockAsset(AssetManager.java:507)
W/PackageParser(  623): 	at android.content.res.AssetManager.openXmlResourceParser(AssetManager.java:475)
W/PackageParser(  623): 	at android.content.pm.PackageParser.parsePackage(PackageParser.java:576)
W/PackageParser(  623): 	at com.android.server.pm.PackageManagerService.scanPackageLI(PackageManagerService.java:3749)
W/PackageParser(  623): 	at com.android.server.pm.PackageManagerService.scanDirLI(PackageManagerService.java:3672)
W/PackageParser(  623): 	at com.android.server.pm.PackageManagerService.<init>(PackageManagerService.java:1387)
W/PackageParser(  623): 	at com.android.server.pm.PackageManagerService.main(PackageManagerService.java:1126)
W/PackageParser(  623): 	at com.android.server.ServerThread.initAndLoop(SystemServer.java:308)
W/PackageParser(  623): 	at com.android.server.SystemServer.main(SystemServer.java:1406)
W/PackageParser(  623): 	at java.lang.reflect.Method.invokeNative(Native Method)
W/PackageParser(  623): 	at java.lang.reflect.Method.invoke(Method.java:515)
W/PackageParser(  623): 	at com.android.internal.os.ZygoteInit$MethodAndArgsCaller.run(ZygoteInit.java:789)
W/PackageParser(  623): 	at com.android.internal.os.ZygoteInit.main(ZygoteInit.java:605)
W/PackageParser(  623): 	at dalvik.system.NativeStart.main(Native Method)
D/asset   (  623): failed to open Zip archive '/system/priv-app/SetupWizard.apk'
W/PackageParser(  623): Unable to read AndroidManifest.xml of /system/priv-app/GooglePartnerSetup.apk
W/PackageParser(  623): java.io.FileNotFoundException: AndroidManifest.xml
W/PackageParser(  623): 	at android.content.res.AssetManager.openXmlAssetNative(Native Method)
W/PackageParser(  623): 	at android.content.res.AssetManager.openXmlBlockAsset(AssetManager.java:507)
W/PackageParser(  623): 	at android.content.res.AssetManager.openXmlResourceParser(AssetManager.java:475)
W/PackageParser(  623): 	at android.content.pm.PackageParser.parsePackage(PackageParser.java:576)
W/PackageParser(  623): 	at com.android.server.pm.PackageManagerService.scanPackageLI(PackageManagerService.java:3749)
W/PackageParser(  623): 	at com.android.server.pm.PackageManagerService.scanDirLI(PackageManagerService.java:3672)
W/PackageParser(  623): 	at com.android.server.pm.PackageManagerService.<init>(PackageManagerService.java:1387)
W/PackageParser(  623): 	at com.android.server.pm.PackageManagerService.main(PackageManagerService.java:1126)
W/PackageParser(  623): 	at com.android.server.ServerThread.initAndLoop(SystemServer.java:308)
W/PackageParser(  623): 	at com.android.server.SystemServer.main(SystemServer.java:1406)
W/PackageParser(  623): 	at java.lang.reflect.Method.invokeNative(Native Method)
W/PackageParser(  623): 	at java.lang.reflect.Method.invoke(Method.java:515)
W/PackageParser(  623): 	at com.android.internal.os.ZygoteInit$MethodAndArgsCaller.run(ZygoteInit.java:789)
W/PackageParser(  623): 	at com.android.internal.os.ZygoteInit.main(ZygoteInit.java:605)
W/PackageParser(  623): 	at dalvik.system.NativeStart.main(Native Method)
W/PackageParser(  623): Unable to read AndroidManifest.xml of /system/priv-app/SetupWizard.apk
W/PackageParser(  623): java.io.FileNotFoundException: AndroidManifest.xml
W/PackageParser(  623): 	at android.content.res.AssetManager.openXmlAssetNative(Native Method)
W/PackageParser(  623): 	at android.content.res.AssetManager.openXmlBlockAsset(AssetManager.java:507)
W/PackageParser(  623): 	at android.content.res.AssetManager.openXmlResourceParser(AssetManager.java:475)
W/PackageParser(  623): 	at android.content.pm.PackageParser.parsePackage(PackageParser.java:576)
W/PackageParser(  623): 	at com.android.server.pm.PackageManagerService.scanPackageLI(PackageManagerService.java:3749)
W/PackageParser(  623): 	at com.android.server.pm.PackageManagerService.scanDirLI(PackageManagerService.java:3672)
W/PackageParser(  623): 	at com.android.server.pm.PackageManagerService.<init>(PackageManagerService.java:1387)
W/PackageParser(  623): 	at com.android.server.pm.PackageManagerService.main(PackageManagerService.java:1126)
W/PackageParser(  623): 	at com.android.server.ServerThread.initAndLoop(SystemServer.java:308)
W/PackageParser(  623): 	at com.android.server.SystemServer.main(SystemServer.java:1406)
W/PackageParser(  623): 	at java.lang.reflect.Method.invokeNative(Native Method)
W/PackageParser(  623): 	at java.lang.reflect.Method.invoke(Method.java:515)
W/PackageParser(  623): 	at com.android.internal.os.ZygoteInit$MethodAndArgsCaller.run(ZygoteInit.java:789)
W/PackageParser(  623): 	at com.android.internal.os.ZygoteInit.main(ZygoteInit.java:605)
W/PackageParser(  623): 	at dalvik.system.NativeStart.main(Native Method)
I/PackageManager(  623): /system/app/Apollo.apk changed; collecting certs
I/installd(  182): new connection
E/installd(  182): invalid size 29811
I/installd(  182): closing connection
I/PackageManager(  623): /system/app/BasicDreams.apk changed; collecting certs
I/Installer(  623): connecting...
E/Installer(  623): read exception
I/Installer(  623): disconnecting...
I/installd(  182): new connection
E/installd(  182): invalid size 29811
I/installd(  182): closing connection
I/Installer(  623): connecting...
E/Installer(  623): read exception
I/Installer(  623): disconnecting...
I/PackageManager(  623): /system/app/Bluetooth.apk changed; collecting certs
W/PackageParser(  623): No actions in intent filter at /system/app/Bluetooth.apk Binary XML file line #227
I/installd(  182): new connection
E/installd(  182): invalid size 29811
I/installd(  182): closing connection
I/Installer(  623): connecting...
E/Installer(  623): read exception
I/Installer(  623): disconnecting...
I/PackageManager(  623): /system/app/BluetoothExt.apk changed; collecting certs
W/PackageParser(  623): Unknown element under <application>: uses-feature at /system/app/BluetoothExt.apk Binary XML file line #55
W/PackageParser(  623): No actions in intent filter at /system/app/BluetoothExt.apk Binary XML file line #82
W/PackageParser(  623): No actions in intent filter at /system/app/BluetoothExt.apk Binary XML file line #106
W/PackageParser(  623): No actions in intent filter at /system/app/BluetoothExt.apk Binary XML file line #159
I/installd(  182): new connection
E/installd(  182): invalid size 29811
I/installd(  182): closing connection
I/Installer(  623): connecting...
E/Installer(  623): read exception
I/Installer(  623): disconnecting...
I/PackageManager(  623): /system/app/Browser.apk changed; collecting certs
I/installd(  182): new connection
E/installd(  182): invalid size 29811
I/installd(  182): closing connection
I/Installer(  623): connecting...
E/Installer(  623): read exception
I/Installer(  623): disconnecting...
I/PackageManager(  623): /system/app/CMAccount.apk changed; collecting certs
I/installd(  182): new connection
E/installd(  182): invalid size 29811
I/installd(  182): closing connection
I/Installer(  623): connecting...
E/Installer(  623): read exception
I/Installer(  623): disconnecting...
I/PackageManager(  623): /system/app/CMFileManager.apk changed; collecting certs
W/PackageParser(  623): No actions in intent filter at /system/app/CMFileManager.apk Binary XML file line #137
I/installd(  182): new connection
I/Installer(  623): connecting...
E/installd(  182): invalid size 29811
I/installd(  182): closing connection
E/Installer(  623): read exception
I/Installer(  623): disconnecting...
I/PackageManager(  623): /system/app/Calculator.apk changed; collecting certs
I/installd(  182): new connection
E/installd(  182): invalid size 29811
I/installd(  182): closing connection
I/Installer(  623): connecting...
E/Installer(  623): read exception
I/Installer(  623): disconnecting...
I/PackageManager(  623): /system/app/Calendar.apk changed; collecting certs
I/auditd  (  654): Starting up
E/auditd  (  654): Failed on audit_set_pid with error: Protocol not supported
I/auditd  (  654): Exiting
I/installd(  182): new connection
E/installd(  182): invalid size 29811
I/installd(  182): closing connection
I/Installer(  623): connecting...
E/Installer(  623): read exception
I/Installer(  623): disconnecting...
W/ResourceType(  623): Failure getting entry for 0x7f04000f (t=3 e=15) in package 0 (error -75)
W/ResourceType(  623): Failure getting entry for 0x7f04000f (t=3 e=15) in package 0 (error -75)
I/PackageManager(  623): /system/app/Camera2.apk changed; collecting certs
I/installd(  182): new connection
E/installd(  182): invalid size 29811
I/installd(  182): closing connection
I/Installer(  623): connecting...
E/Installer(  623): read exception
I/Installer(  623): disconnecting...
I/PackageManager(  623): /system/app/CellBroadcastReceiver.apk changed; collecting certs
I/installd(  182): new connection
E/installd(  182): invalid size 29811
I/installd(  182): closing connection
I/Installer(  623): connecting...
E/Installer(  623): read exception
I/Installer(  623): disconnecting...
I/PackageManager(  623): /system/app/CertInstaller.apk changed; collecting certs
I/installd(  182): new connection
E/installd(  182): invalid size 29811
I/installd(  182): closing connection
I/Installer(  623): connecting...
E/Installer(  623): read exception
I/Installer(  623): disconnecting...
I/PackageManager(  623): /system/app/DSPManager.apk changed; collecting certs
I/installd(  182): new connection
E/installd(  182): invalid size 29811
I/installd(  182): closing connection
I/Installer(  623): connecting...
E/Installer(  623): read exception
I/Installer(  623): disconnecting...
I/PackageManager(  623): /system/app/DeskClock.apk changed; collecting certs
I/installd(  182): new connection
E/installd(  182): invalid size 29811
I/installd(  182): closing connection
I/Installer(  623): connecting...
E/Installer(  623): read exception
I/Installer(  623): disconnecting...
I/PackageManager(  623): /system/app/Development.apk changed; collecting certs
I/installd(  182): new connection
E/installd(  182): invalid size 29811
I/installd(  182): closing connection
I/Installer(  623): connecting...
E/Installer(  623): read exception
I/Installer(  623): disconnecting...
I/PackageManager(  623): /system/app/DocumentsUI.apk changed; collecting certs
I/installd(  182): new connection
E/installd(  182): invalid size 29811
I/installd(  182): closing connection
I/Installer(  623): connecting...
E/Installer(  623): read exception
I/Installer(  623): disconnecting...
I/PackageManager(  623): /system/app/DownloadProviderUi.apk changed; collecting certs
I/installd(  182): new connection
E/installd(  182): invalid size 29811
I/installd(  182): closing connection
I/Installer(  623): connecting...
E/Installer(  623): read exception
I/Installer(  623): disconnecting...
I/PackageManager(  623): /system/app/Email.apk changed; collecting certs
I/installd(  182): new connection
E/installd(  182): invalid size 29811
I/installd(  182): closing connection
I/Installer(  623): connecting...
E/Installer(  623): read exception
I/Installer(  623): disconnecting...
I/PackageManager(  623): /system/app/Exchange2.apk changed; collecting certs
I/installd(  182): new connection
E/installd(  182): invalid size 29811
I/installd(  182): closing connection
I/Installer(  623): connecting...
E/Installer(  623): read exception
I/Installer(  623): disconnecting...
I/PackageManager(  623): /system/app/Galaxy4.apk changed; collecting certs
I/installd(  182): new connection
E/installd(  182): invalid size 29811
I/installd(  182): closing connection
I/Installer(  623): connecting...
E/Installer(  623): read exception
I/Installer(  623): disconnecting...
I/PackageManager(  623): /system/app/Gallery2.apk changed; collecting certs
W/PackageParser(  623): Unknown element under <application>: permission at /system/app/Gallery2.apk Binary XML file line #252
W/PackageParser(  623): Unknown element under <application>: permission at /system/app/Gallery2.apk Binary XML file line #255
I/installd(  182): new connection
E/installd(  182): invalid size 29811
I/installd(  182): closing connection
I/PackageManager(  623): /system/app/HTMLViewer.apk changed; collecting certs
I/Installer(  623): connecting...
E/Installer(  623): read exception
I/Installer(  623): disconnecting...
I/installd(  182): new connection
E/installd(  182): invalid size 29811
I/installd(  182): closing connection
I/Installer(  623): connecting...
E/Installer(  623): read exception
I/Installer(  623): disconnecting...
I/PackageManager(  623): /system/app/HoloSpiralWallpaper.apk changed; collecting certs
I/installd(  182): new connection
E/installd(  182): invalid size 29811
I/installd(  182): closing connection
I/Installer(  623): connecting...
E/Installer(  623): read exception
I/Installer(  623): disconnecting...
I/PackageManager(  623): /system/app/InCallUI.apk changed; collecting certs
I/installd(  182): new connection
E/installd(  182): invalid size 29811
I/installd(  182): closing connection
I/Installer(  623): connecting...
E/Installer(  623): read exception
I/Installer(  623): disconnecting...
I/PackageManager(  623): /system/app/KeyChain.apk changed; collecting certs
I/installd(  182): new connection
E/installd(  182): invalid size 29811
I/installd(  182): closing connection
I/Installer(  623): connecting...
E/Installer(  623): read exception
I/Installer(  623): disconnecting...
I/PackageManager(  623): /system/app/LatinIME.apk changed; collecting certs
I/installd(  182): new connection
E/installd(  182): invalid size 29811
I/installd(  182): closing connection
I/Installer(  623): connecting...
E/Installer(  623): read exception
I/Installer(  623): disconnecting...
I/PackageManager(  623): /system/app/LiveWallpapers.apk changed; collecting certs
I/installd(  182): new connection
E/installd(  182): invalid size 29811
I/installd(  182): closing connection
I/Installer(  623): connecting...
E/Installer(  623): read exception
I/Installer(  623): disconnecting...
I/PackageManager(  623): /system/app/LiveWallpapersPicker.apk changed; collecting certs
I/installd(  182): new connection
E/installd(  182): invalid size 29811
I/installd(  182): closing connection
I/Installer(  623): connecting...
E/Installer(  623): read exception
I/Installer(  623): disconnecting...
I/PackageManager(  623): /system/app/LockClock.apk changed; collecting certs
W/PackageParser(  623): Unknown element under <application>: reciever at /system/app/LockClock.apk Binary XML file line #104
I/installd(  182): new connection
E/installd(  182): invalid size 29811
I/installd(  182): closing connection
I/Installer(  623): connecting...
E/Installer(  623): read exception
I/Installer(  623): disconnecting...
I/PackageManager(  623): /system/app/MagicSmokeWallpapers.apk changed; collecting certs
I/installd(  182): new connection
E/installd(  182): invalid size 29811
I/installd(  182): closing connection
I/PackageManager(  623): /system/app/NoiseField.apk changed; collecting certs
I/Installer(  623): connecting...
E/Installer(  623): read exception
I/Installer(  623): disconnecting...
I/installd(  182): new connection
I/Installer(  623): connecting...
E/installd(  182): invalid size 29811
I/installd(  182): closing connection
I/PackageManager(  623): /system/app/PacProcessor.apk changed; collecting certs
E/Installer(  623): read exception
I/Installer(  623): disconnecting...
I/Installer(  623): connecting...
I/installd(  182): new connection
E/installd(  182): invalid size 29811
I/installd(  182): closing connection
E/Installer(  623): read exception
I/Installer(  623): disconnecting...
I/PackageManager(  623): /system/app/PackageInstaller.apk changed; collecting certs
I/installd(  182): new connection
E/installd(  182): invalid size 29811
I/installd(  182): closing connection
I/Installer(  623): connecting...
E/Installer(  623): read exception
I/Installer(  623): disconnecting...
I/PackageManager(  623): /system/app/PhaseBeam.apk changed; collecting certs
I/installd(  182): new connection
E/installd(  182): invalid size 29811
I/installd(  182): closing connection
I/Installer(  623): connecting...
E/Installer(  623): read exception
I/Installer(  623): disconnecting...
I/PackageManager(  623): /system/app/PhotoTable.apk changed; collecting certs
I/installd(  182): new connection
E/installd(  182): invalid size 29811
I/installd(  182): closing connection
I/Installer(  623): connecting...
E/Installer(  623): read exception
I/Installer(  623): disconnecting...
I/PackageManager(  623): /system/app/PrintSpooler.apk changed; collecting certs
I/installd(  182): new connection
E/installd(  182): invalid size 29811
I/installd(  182): closing connection
I/Installer(  623): connecting...
E/Installer(  623): read exception
I/Installer(  623): disconnecting...
I/PackageManager(  623): /system/app/SoundRecorder.apk changed; collecting certs
I/installd(  182): new connection
E/installd(  182): invalid size 29811
I/installd(  182): closing connection
I/Installer(  623): connecting...
E/Installer(  623): read exception
I/Installer(  623): disconnecting...
I/PackageManager(  623): /system/app/Stk.apk changed; collecting certs
I/installd(  182): new connection
E/installd(  182): invalid size 29811
I/installd(  182): closing connection
I/Installer(  623): connecting...
E/Installer(  623): read exception
I/Installer(  623): disconnecting...
I/PackageManager(  623): /system/app/TelephonyProvider.apk changed; collecting certs
I/installd(  182): new connection
E/installd(  182): invalid size 29811
I/installd(  182): closing connection
I/Installer(  623): connecting...
E/Installer(  623): read exception
I/Installer(  623): disconnecting...
I/PackageManager(  623): /system/app/Term.apk changed; collecting certs
I/installd(  182): new connection
E/installd(  182): invalid size 29811
I/installd(  182): closing connection
I/Installer(  623): connecting...
E/Installer(  623): read exception
I/Installer(  623): disconnecting...
I/PackageManager(  623): /system/app/Torch.apk changed; collecting certs
I/auditd  (  657): Starting up
E/auditd  (  657): Failed on audit_set_pid with error: Protocol not supported
I/auditd  (  657): Exiting
I/installd(  182): new connection
E/installd(  182): invalid size 29811
I/installd(  182): closing connection
I/Installer(  623): connecting...
E/Installer(  623): read exception
I/Installer(  623): disconnecting...
I/PackageManager(  623): /system/app/UserDictionaryProvider.apk changed; collecting certs
I/installd(  182): new connection
E/installd(  182): invalid size 29811
I/installd(  182): closing connection
I/Installer(  623): connecting...
E/Installer(  623): read exception
I/Installer(  623): disconnecting...
I/PackageManager(  623): /system/app/VideoEditor.apk changed; collecting certs
I/installd(  182): new connection
E/installd(  182): invalid size 29811
I/installd(  182): closing connection
I/Installer(  623): connecting...
E/Installer(  623): read exception
I/Installer(  623): disconnecting...
I/PackageManager(  623): /system/app/VisualizationWallpapers.apk changed; collecting certs
I/Installer(  623): connecting...
I/installd(  182): new connection
E/installd(  182): invalid size 29811
I/installd(  182): closing connection
E/Installer(  623): read exception
I/Installer(  623): disconnecting...
I/PackageManager(  623): /system/app/VoicePlus.apk changed; collecting certs
I/installd(  182): new connection
E/installd(  182): invalid size 29811
I/installd(  182): closing connection
I/Installer(  623): connecting...
E/Installer(  623): read exception
I/Installer(  623): disconnecting...
I/PackageManager(  623): /system/app/WAPPushManager.apk changed; collecting certs
I/installd(  182): new connection
E/installd(  182): invalid size 29811
I/installd(  182): closing connection
I/Installer(  623): connecting...
E/Installer(  623): read exception
I/Installer(  623): disconnecting...
I/PackageManager(  623): /system/app/WhisperPush.apk changed; collecting certs
I/installd(  182): new connection
E/installd(  182): invalid size 29811
I/installd(  182): closing connection
I/Installer(  623): connecting...
D/asset   (  623): failed to open Zip archive '/system/app/MediaUploader.apk'
D/asset   (  623): failed to open Zip archive '/system/app/GoogleContactsSyncAdapter.apk'
D/asset   (  623): failed to open Zip archive '/system/app/GoogleEars.apk'
E/Installer(  623): read exception
I/Installer(  623): disconnecting...
W/PackageParser(  623): Unable to read AndroidManifest.xml of /system/app/MediaUploader.apk
W/PackageParser(  623): java.io.FileNotFoundException: AndroidManifest.xml
W/PackageParser(  623): 	at android.content.res.AssetManager.openXmlAssetNative(Native Method)
W/PackageParser(  623): 	at android.content.res.AssetManager.openXmlBlockAsset(AssetManager.java:507)
W/PackageParser(  623): 	at android.content.res.AssetManager.openXmlResourceParser(AssetManager.java:475)
W/PackageParser(  623): 	at android.content.pm.PackageParser.parsePackage(PackageParser.java:576)
W/PackageParser(  623): 	at com.android.server.pm.PackageManagerService.scanPackageLI(PackageManagerService.java:3749)
W/PackageParser(  623): 	at com.android.server.pm.PackageManagerService.scanDirLI(PackageManagerService.java:3672)
W/PackageParser(  623): 	at com.android.server.pm.PackageManagerService.<init>(PackageManagerService.java:1396)
W/PackageParser(  623): 	at com.android.server.pm.PackageManagerService.main(PackageManagerService.java:1126)
W/PackageParser(  623): 	at com.android.server.ServerThread.initAndLoop(SystemServer.java:308)
W/PackageParser(  623): 	at com.android.server.SystemServer.main(SystemServer.java:1406)
W/PackageParser(  623): 	at java.lang.reflect.Method.invokeNative(Native Method)
W/PackageParser(  623): 	at java.lang.reflect.Method.invoke(Method.java:515)
W/PackageParser(  623): 	at com.android.internal.os.ZygoteInit$MethodAndArgsCaller.run(ZygoteInit.java:789)
W/PackageParser(  623): 	at com.android.internal.os.ZygoteInit.main(ZygoteInit.java:605)
W/PackageParser(  623): 	at dalvik.system.NativeStart.main(Native Method)
W/PackageParser(  623): Unable to read AndroidManifest.xml of /system/app/GoogleContactsSyncAdapter.apk
W/PackageParser(  623): java.io.FileNotFoundException: AndroidManifest.xml
W/PackageParser(  623): 	at android.content.res.AssetManager.openXmlAssetNative(Native Method)
W/PackageParser(  623): 	at android.content.res.AssetManager.openXmlBlockAsset(AssetManager.java:507)
W/PackageParser(  623): 	at android.content.res.AssetManager.openXmlResourceParser(AssetManager.java:475)
W/PackageParser(  623): 	at android.content.pm.PackageParser.parsePackage(PackageParser.java:576)
W/PackageParser(  623): 	at com.android.server.pm.PackageManagerService.scanPackageLI(PackageManagerService.java:3749)
W/PackageParser(  623): 	at com.android.server.pm.PackageManagerService.scanDirLI(PackageManagerService.java:3672)
W/PackageParser(  623): 	at com.android.server.pm.PackageManagerService.<init>(PackageManagerService.java:1396)
W/PackageParser(  623): 	at com.android.server.pm.PackageManagerService.main(PackageManagerService.java:1126)
W/PackageParser(  623): 	at com.android.server.ServerThread.initAndLoop(SystemServer.java:308)
W/PackageParser(  623): 	at com.android.server.SystemServer.main(SystemServer.java:1406)
W/PackageParser(  623): 	at java.lang.reflect.Method.invokeNative(Native Method)
W/PackageParser(  623): 	at java.lang.reflect.Method.invoke(Method.java:515)
W/PackageParser(  623): 	at com.android.internal.os.ZygoteInit$MethodAndArgsCaller.run(ZygoteInit.java:789)
W/PackageParser(  623): 	at com.android.internal.os.ZygoteInit.main(ZygoteInit.java:605)
W/PackageParser(  623): 	at dalvik.system.NativeStart.main(Native Method)
D/asset   (  623): failed to open Zip archive '/system/app/GoogleTTS.apk'
D/asset   (  623): failed to open Zip archive '/system/app/Gmail2.apk'
D/asset   (  623): failed to open Zip archive '/system/app/GoogleCalendarSyncAdapter.apk'
W/PackageParser(  623): Unable to read AndroidManifest.xml of /system/app/GoogleEars.apk
W/PackageParser(  623): java.io.FileNotFoundException: AndroidManifest.xml
W/PackageParser(  623): 	at android.content.res.AssetManager.openXmlAssetNative(Native Method)
W/PackageParser(  623): 	at android.content.res.AssetManager.openXmlBlockAsset(AssetManager.java:507)
W/PackageParser(  623): 	at android.content.res.AssetManager.openXmlResourceParser(AssetManager.java:475)
W/PackageParser(  623): 	at android.content.pm.PackageParser.parsePackage(PackageParser.java:576)
W/PackageParser(  623): 	at com.android.server.pm.PackageManagerService.scanPackageLI(PackageManagerService.java:3749)
W/PackageParser(  623): 	at com.android.server.pm.PackageManagerService.scanDirLI(PackageManagerService.java:3672)
W/PackageParser(  623): 	at com.android.server.pm.PackageManagerService.<init>(PackageManagerService.java:1396)
W/PackageParser(  623): 	at com.android.server.pm.PackageManagerService.main(PackageManagerService.java:1126)
W/PackageParser(  623): 	at com.android.server.ServerThread.initAndLoop(SystemServer.java:308)
W/PackageParser(  623): 	at com.android.server.SystemServer.main(SystemServer.java:1406)
W/PackageParser(  623): 	at java.lang.reflect.Method.invokeNative(Native Method)
W/PackageParser(  623): 	at java.lang.reflect.Method.invoke(Method.java:515)
W/PackageParser(  623): 	at com.android.internal.os.ZygoteInit$MethodAndArgsCaller.run(ZygoteInit.java:789)
W/PackageParser(  623): 	at com.android.internal.os.ZygoteInit.main(ZygoteInit.java:605)
W/PackageParser(  623): 	at dalvik.system.NativeStart.main(Native Method)
W/PackageParser(  623): Unable to read AndroidManifest.xml of /system/app/GoogleTTS.apk
W/PackageParser(  623): java.io.FileNotFoundException: AndroidManifest.xml
W/PackageParser(  623): 	at android.content.res.AssetManager.openXmlAssetNative(Native Method)
W/PackageParser(  623): 	at android.content.res.AssetManager.openXmlBlockAsset(AssetManager.java:507)
W/PackageParser(  623): 	at android.content.res.AssetManager.openXmlResourceParser(AssetManager.java:475)
W/PackageParser(  623): 	at android.content.pm.PackageParser.parsePackage(PackageParser.java:576)
W/PackageParser(  623): 	at com.android.server.pm.PackageManagerService.scanPackageLI(PackageManagerService.java:3749)
W/PackageParser(  623): 	at com.android.server.pm.PackageManagerService.scanDirLI(PackageManagerService.java:3672)
W/PackageParser(  623): 	at com.android.server.pm.PackageManagerService.<init>(PackageManagerService.java:1396)
W/PackageParser(  623): 	at com.android.server.pm.PackageManagerService.main(PackageManagerService.java:1126)
W/PackageParser(  623): 	at com.android.server.ServerThread.initAndLoop(SystemServer.java:308)
W/PackageParser(  623): 	at com.android.server.SystemServer.main(SystemServer.java:1406)
W/PackageParser(  623): 	at java.lang.reflect.Method.invokeNative(Native Method)
W/PackageParser(  623): 	at java.lang.reflect.Method.invoke(Method.java:515)
W/PackageParser(  623): 	at com.android.internal.os.ZygoteInit$MethodAndArgsCaller.run(ZygoteInit.java:789)
W/PackageParser(  623): 	at com.android.internal.os.ZygoteInit.main(ZygoteInit.java:605)
W/PackageParser(  623): 	at dalvik.system.NativeStart.main(Native Method)
W/PackageParser(  623): Unable to read AndroidManifest.xml of /system/app/Gmail2.apk
W/PackageParser(  623): java.io.FileNotFoundException: AndroidManifest.xml
W/PackageParser(  623): 	at android.content.res.AssetManager.openXmlAssetNative(Native Method)
W/PackageParser(  623): 	at android.content.res.AssetManager.openXmlBlockAsset(AssetManager.java:507)
W/PackageParser(  623): 	at android.content.res.AssetManager.openXmlResourceParser(AssetManager.java:475)
W/PackageParser(  623): 	at android.content.pm.PackageParser.parsePackage(PackageParser.java:576)
W/PackageParser(  623): 	at com.android.server.pm.PackageManagerService.scanPackageLI(PackageManagerService.java:3749)
W/PackageParser(  623): 	at com.android.server.pm.PackageManagerService.scanDirLI(PackageManagerService.java:3672)
W/PackageParser(  623): 	at com.android.server.pm.PackageManagerService.<init>(PackageManagerService.java:1396)
W/PackageParser(  623): 	at com.android.server.pm.PackageManagerService.main(PackageManagerService.java:1126)
W/PackageParser(  623): 	at com.android.server.ServerThread.initAndLoop(SystemServer.java:308)
W/PackageParser(  623): 	at com.android.server.SystemServer.main(SystemServer.java:1406)
W/PackageParser(  623): 	at java.lang.reflect.Method.invokeNative(Native Method)
W/PackageParser(  623): 	at java.lang.reflect.Method.invoke(Method.java:515)
W/PackageParser(  623): 	at com.android.internal.os.ZygoteInit$MethodAndArgsCaller.run(ZygoteInit.java:789)
W/PackageParser(  623): 	at com.android.internal.os.ZygoteInit.main(ZygoteInit.java:605)
W/PackageParser(  623): 	at dalvik.system.NativeStart.main(Native Method)
W/PackageParser(  623): Unable to read AndroidManifest.xml of /system/app/GoogleCalendarSyncAdapter.apk
W/PackageParser(  623): java.io.FileNotFoundException: AndroidManifest.xml
W/PackageParser(  623): 	at android.content.res.AssetManager.openXmlAssetNative(Native Method)
W/PackageParser(  623): 	at android.content.res.AssetManager.openXmlBlockAsset(AssetManager.java:507)
W/PackageParser(  623): 	at android.content.res.AssetManager.openXmlResourceParser(AssetManager.java:475)
W/PackageParser(  623): 	at android.content.pm.PackageParser.parsePackage(PackageParser.java:576)
W/PackageParser(  623): 	at com.android.server.pm.PackageManagerService.scanPackageLI(PackageManagerService.java:3749)
W/PackageParser(  623): 	at com.android.server.pm.PackageManagerService.scanDirLI(PackageManagerService.java:3672)
W/PackageParser(  623): 	at com.android.server.pm.PackageManagerService.<init>(PackageManagerService.java:1396)
W/PackageParser(  623): 	at com.android.server.pm.PackageManagerService.main(PackageManagerService.java:1126)
W/PackageParser(  623): 	at com.android.server.ServerThread.initAndLoop(SystemServer.java:308)
W/PackageParser(  623): 	at com.android.server.SystemServer.main(SystemServer.java:1406)
W/PackageParser(  623): 	at java.lang.reflect.Method.invokeNative(Native Method)
W/PackageParser(  623): 	at java.lang.reflect.Method.invoke(Method.java:515)
W/PackageParser(  623): 	at com.android.internal.os.ZygoteInit$MethodAndArgsCaller.run(ZygoteInit.java:789)
W/PackageParser(  623): 	at com.android.internal.os.ZygoteInit.main(ZygoteInit.java:605)
W/PackageParser(  623): 	at dalvik.system.NativeStart.main(Native Method)
D/asset   (  623): failed to open Zip archive '/system/app/Hangouts.apk'
D/asset   (  623): failed to open Zip archive '/system/app/GenieWidget.apk'
D/PackageManager(  623): No files in app dir /vendor/app
I/installd(  182): new connection
W/PackageParser(  623): Unable to read AndroidManifest.xml of /system/app/Hangouts.apk
W/PackageParser(  623): java.io.FileNotFoundException: AndroidManifest.xml
W/PackageParser(  623): 	at android.content.res.AssetManager.openXmlAssetNative(Native Method)
W/PackageParser(  623): 	at android.content.res.AssetManager.openXmlBlockAsset(AssetManager.java:507)
W/PackageParser(  623): 	at android.content.res.AssetManager.openXmlResourceParser(AssetManager.java:475)
W/PackageParser(  623): 	at android.content.pm.PackageParser.parsePackage(PackageParser.java:576)
W/PackageParser(  623): 	at com.android.server.pm.PackageManagerService.scanPackageLI(PackageManagerService.java:3749)
W/PackageParser(  623): 	at com.android.server.pm.PackageManagerService.scanDirLI(PackageManagerService.java:3672)
W/PackageParser(  623): 	at com.android.server.pm.PackageManagerService.<init>(PackageManagerService.java:1396)
W/PackageParser(  623): 	at com.android.server.pm.PackageManagerService.main(PackageManagerService.java:1126)
W/PackageParser(  623): 	at com.android.server.ServerThread.initAndLoop(SystemServer.java:308)
W/PackageParser(  623): 	at com.android.server.SystemServer.main(SystemServer.java:1406)
W/PackageParser(  623): 	at java.lang.reflect.Method.invokeNative(Native Method)
W/PackageParser(  623): 	at java.lang.reflect.Method.invoke(Method.java:515)
W/PackageParser(  623): 	at com.android.internal.os.ZygoteInit$MethodAndArgsCaller.run(ZygoteInit.java:789)
W/PackageParser(  623): 	at com.android.internal.os.ZygoteInit.main(ZygoteInit.java:605)
W/PackageParser(  623): 	at dalvik.system.NativeStart.main(Native Method)
W/PackageParser(  623): Unable to read AndroidManifest.xml of /system/app/GenieWidget.apk
W/PackageParser(  623): java.io.FileNotFoundException: AndroidManifest.xml
W/PackageParser(  623): 	at android.content.res.AssetManager.openXmlAssetNative(Native Method)
W/PackageParser(  623): 	at android.content.res.AssetManager.openXmlBlockAsset(AssetManager.java:507)
W/PackageParser(  623): 	at android.content.res.AssetManager.openXmlResourceParser(AssetManager.java:475)
W/PackageParser(  623): 	at android.content.pm.PackageParser.parsePackage(PackageParser.java:576)
W/PackageParser(  623): 	at com.android.server.pm.PackageManagerService.scanPackageLI(PackageManagerService.java:3749)
W/PackageParser(  623): 	at com.android.server.pm.PackageManagerService.scanDirLI(PackageManagerService.java:3672)
W/PackageParser(  623): 	at com.android.server.pm.PackageManagerService.<init>(PackageManagerService.java:1396)
W/PackageParser(  623): 	at com.android.server.pm.PackageManagerService.main(PackageManagerService.java:1126)
W/PackageParser(  623): 	at com.android.server.ServerThread.initAndLoop(SystemServer.java:308)
W/PackageParser(  623): 	at com.android.server.SystemServer.main(SystemServer.java:1406)
W/PackageParser(  623): 	at java.lang.reflect.Method.invokeNative(Native Method)
W/PackageParser(  623): 	at java.lang.reflect.Method.invoke(Method.java:515)
W/PackageParser(  623): 	at com.android.internal.os.ZygoteInit$MethodAndArgsCaller.run(ZygoteInit.java:789)
W/PackageParser(  623): 	at com.android.internal.os.ZygoteInit.main(ZygoteInit.java:605)
W/PackageParser(  623): 	at dalvik.system.NativeStart.main(Native Method)
I/Installer(  623): connecting...
E/installd(  182): invalid size 25974
I/installd(  182): closing connection
E/Installer(  623): read exception
I/Installer(  623): disconnecting...
I/PackageManager(  623): Time to scan packages: 15.036 seconds
W/PackageManager(  623): Removing dangling permission: com.qti.permission.DIAG from package null
W/PackageSettings(  623): Preferred apps file /system/etc/preferred-apps/google.xml does not have start tag
V/PackageManager(  623): Disabling com.google.android.gsf/com.google.android.gsf.update.SystemUpdateActivity
W/PackageManager(  623): Unable to disable com.google.android.gsf/com.google.android.gsf.update.SystemUpdateActivity
V/PackageManager(  623): Disabling com.google.android.gsf/com.google.android.gsf.update.SystemUpdateService
W/PackageManager(  623): Unable to disable com.google.android.gsf/com.google.android.gsf.update.SystemUpdateService
V/PackageManager(  623): Disabling com.google.android.gsf/com.google.android.gsf.update.SystemUpdateService$Receiver
W/PackageManager(  623): Unable to disable com.google.android.gsf/com.google.android.gsf.update.SystemUpdateService$Receiver
I/installd(  182): new connection
E/installd(  182): invalid size 29811
I/installd(  182): closing connection
E/SELinuxMMAC(  623): Error opening /data/system/seapp_hash. Assuming first boot.
E/SELinuxMMAC(  623): java.io.FileNotFoundException: /data/system/seapp_hash: open failed: ENOENT (No such file or directory)
E/SELinuxMMAC(  623): 	at libcore.io.IoBridge.open(IoBridge.java:409)
E/SELinuxMMAC(  623): 	at libcore.io.IoUtils$FileReader.<init>(IoUtils.java:207)
E/SELinuxMMAC(  623): 	at libcore.io.IoUtils.readFileAsByteArray(IoUtils.java:107)
E/SELinuxMMAC(  623): 	at com.android.server.pm.SELinuxMMAC.shouldRestorecon(SELinuxMMAC.java:427)
E/SELinuxMMAC(  623): 	at com.android.server.pm.PackageManagerService.<init>(PackageManagerService.java:1572)
E/SELinuxMMAC(  623): 	at com.android.server.pm.PackageManagerService.main(PackageManagerService.java:1126)
E/SELinuxMMAC(  623): 	at com.android.server.ServerThread.initAndLoop(SystemServer.java:308)
E/SELinuxMMAC(  623): 	at com.android.server.SystemServer.main(SystemServer.java:1406)
E/SELinuxMMAC(  623): 	at java.lang.reflect.Method.invokeNative(Native Method)
E/SELinuxMMAC(  623): 	at java.lang.reflect.Method.invoke(Method.java:515)
E/SELinuxMMAC(  623): 	at com.android.internal.os.ZygoteInit$MethodAndArgsCaller.run(ZygoteInit.java:789)
E/SELinuxMMAC(  623): 	at com.android.internal.os.ZygoteInit.main(ZygoteInit.java:605)
E/SELinuxMMAC(  623): 	at dalvik.system.NativeStart.main(Native Method)
E/SELinuxMMAC(  623): Caused by: libcore.io.ErrnoException: open failed: ENOENT (No such file or directory)
E/SELinuxMMAC(  623): 	at libcore.io.Posix.open(Native Method)
E/SELinuxMMAC(  623): 	at libcore.io.BlockGuardOs.open(BlockGuardOs.java:110)
E/SELinuxMMAC(  623): 	at libcore.io.IoBridge.open(IoBridge.java:393)
E/SELinuxMMAC(  623): 	... 12 more
I/PackageManager(  623): Relabeling of /data/data and /data/user issued.
I/Installer(  623): connecting...
E/Installer(  623): read exception
I/Installer(  623): disconnecting...
I/SystemServer(  623): Entropy Mixer
W/EntropyMixer(  623): No existing entropy file -- first boot?
I/EntropyMixer(  623): Writing entropy...
I/SystemServer(  623): User Service
I/SystemServer(  623): Account Manager
I/SystemServer(  623): Content Manager
I/SystemServer(  623): System Content Providers
E/ActivityThread(  623): Failed to find provider info for settings
E/System  (  623): ******************************************
E/System  (  623): ************ Failure starting core service
E/System  (  623): java.lang.NullPointerException
E/System  (  623): 	at android.provider.Settings$NameValueCache.getStringForUser(Settings.java:950)
E/System  (  623): 	at android.provider.Settings$Secure.getStringForUser(Settings.java:4086)
E/System  (  623): 	at android.provider.Settings$Secure.getIntForUser(Settings.java:4190)
E/System  (  623): 	at android.provider.Settings$Secure.getInt(Settings.java:4179)
E/System  (  623): 	at com.android.server.am.CoreSettingsObserver.populateCoreSettings(CoreSettingsObserver.java:93)
E/System  (  623): 	at com.android.server.am.CoreSettingsObserver.sendCoreSettings(CoreSettingsObserver.java:70)
E/System  (  623): 	at com.android.server.am.CoreSettingsObserver.<init>(CoreSettingsObserver.java:55)
E/System  (  623): 	at com.android.server.am.ActivityManagerService.installSystemProviders(ActivityManagerService.java:8214)
E/System  (  623): 	at com.android.server.ServerThread.initAndLoop(SystemServer.java:342)
E/System  (  623): 	at com.android.server.SystemServer.main(SystemServer.java:1406)
E/System  (  623): 	at java.lang.reflect.Method.invokeNative(Native Method)
E/System  (  623): 	at java.lang.reflect.Method.invoke(Method.java:515)
E/System  (  623): 	at com.android.internal.os.ZygoteInit$MethodAndArgsCaller.run(ZygoteInit.java:789)
E/System  (  623): 	at com.android.internal.os.ZygoteInit.main(ZygoteInit.java:605)
