I/ActivityManager( 1635): START u0 {act=android.intent.action.VIEW dat=content://media/external/video/media/622 typ=video/* cmp=com.android.gallery3d/.app.MovieActivity (has extras)} from pid 5115
I/Timeline( 1635): Timeline: Activity_windows_visible id: ActivityRecord{41cbcc18 u0 com.android.gallery3d/.app.GalleryActivity t20} time:1226962
I/MediaFocusControl( 1635):  AudioFocus  requestAudioFocus() from android.media.AudioManager@4197e650
I/MediaFocusControl( 1635):  AudioFocus  abandonAudioFocus() from android.media.AudioManager@41b600e0
I/MediaFocusControl( 1635): AudioFocus  removeFocusStackEntry(): removing entry for android.media.AudioManager@41b600e0
I/ActivityManager( 1635): Displayed com.android.gallery3d/.app.MovieActivity: +777ms
I/Timeline( 1635): Timeline: Activity_windows_visible id: ActivityRecord{41eabd60 u0 com.android.gallery3d/.app.MovieActivity t20} time:1227912
I/ExtendedUtils(  180): AV Sync late margin : Intended=40ms Using=0ms
D/AwesomePlayer(  180): Before reset_l
D/AwesomePlayer(  180): printFileName fd(35) -> /storage/sdcard1/Super Mario bros theme Tutorial.mp4
D/ExtendedUtils(  180): extended extractor not needed, return default
I/Choreographer( 5115): Skipped 62 frames!  The application may be doing too much work on its main thread.
I/auditd  ( 5781): Starting up
E/auditd  ( 5781): Failed on audit_set_pid with error: Protocol not supported
I/auditd  ( 5781): Exiting
I/OMXCodec(  180): [OMX.qcom.video.decoder.avc] AVC profile = 66 (Baseline), level = 13
I/ExtendedCodec(  180): Decoder will be in frame by frame mode
I/OMXCodec(  180): [OMX.qcom.video.decoder.avc] video dimensions are 320 x 240
E/omx_vdec(  180): m_enable_android_native_buffers 0
I/OMXCodec(  180): [OMX.qcom.video.decoder.avc] allocating 2 buffers of size 327680 on input port
I/OMXCodec(  180): [OMX.qcom.video.decoder.avc] allocated buffer 0x19217c0 on input port
I/OMXCodec(  180): [OMX.qcom.video.decoder.avc] allocated buffer 0x1921810 on input port
I/OMXCodec(  180): [OMX.qcom.video.decoder.avc] allocating 12 buffers of size 122880 on output port
I/OMXCodec(  180): [OMX.qcom.video.decoder.avc] allocated buffer 0x18f0078 on output port
I/OMXCodec(  180): [OMX.qcom.video.decoder.avc] allocated buffer 0x18f00c8 on output port
I/OMXCodec(  180): [OMX.qcom.video.decoder.avc] allocated buffer 0x18f0118 on output port
I/OMXCodec(  180): [OMX.qcom.video.decoder.avc] allocated buffer 0x18f0168 on output port
D/wpa_supplicant( 1987): RX ctrl_iface - hexdump(len=11): 53 49 47 4e 41 4c 5f 50 4f 4c 4c
D/wpa_supplicant( 1987): wlan0: Control interface command 'SIGNAL_POLL'
I/OMXCodec(  180): [OMX.qcom.video.decoder.avc] allocated buffer 0x18f01b8 on output port
I/OMXCodec(  180): [OMX.qcom.video.decoder.avc] allocated buffer 0x18f0208 on output port
D/wpa_supplicant( 1987): nl80211: survey data missing!
I/OMXCodec(  180): [OMX.qcom.video.decoder.avc] allocated buffer 0x18f0258 on output port
I/OMXCodec(  180): [OMX.qcom.video.decoder.avc] allocated buffer 0x18f02a8 on output port
I/OMXCodec(  180): [OMX.qcom.video.decoder.avc] allocated buffer 0x18f02f8 on output port
I/OMXCodec(  180): [OMX.qcom.video.decoder.avc] allocated buffer 0x18f0348 on output port
I/OMXCodec(  180): [OMX.qcom.video.decoder.avc] allocated buffer 0x18f0398 on output port
I/OMXCodec(  180): [OMX.qcom.video.decoder.avc] allocated buffer 0x18f03e8 on output port
I/OMXCodec(  180): Codec outputs a different number of channels than the input stream contains (contains 2 channels, codec outputs 1 channels).
I/AwesomePlayer(  180): Could not offload audio decode, try pcm offload
I/OMXCodec(  180): [OMX.google.aac.decoder] allocating 4 buffers of size 8192 on input port
I/OMXCodec(  180): [OMX.google.aac.decoder] allocated buffer 0x1930020 on input port
I/OMXCodec(  180): [OMX.google.aac.decoder] allocated buffer 0x19301e8 on input port
I/OMXCodec(  180): [OMX.google.aac.decoder] allocated buffer 0x19302b8 on input port
I/OMXCodec(  180): [OMX.google.aac.decoder] allocated buffer 0x1904260 on input port
I/OMXCodec(  180): [OMX.google.aac.decoder] allocating 4 buffers of size 24576 on output port
I/OMXCodec(  180): [OMX.google.aac.decoder] allocated buffer 0x19043a8 on output port
I/OMXCodec(  180): [OMX.google.aac.decoder] allocated buffer 0x19045c8 on output port
I/OMXCodec(  180): [OMX.google.aac.decoder] allocated buffer 0x1904708 on output port
I/OMXCodec(  180): [OMX.google.aac.decoder] allocated buffer 0x192f008 on output port
D/MediaPlayer( 5115): getMetadata
E/omx_vdec(  180): OMXCORE-SM:Recieved command DISABLE (2)
E/omx_vdec(  180): Omx Flush issued when vdec is not initialized yet.
I/OMXNodeInstance(  180): OMX_FreeBuffer for buffer header 0x18f0078 successful
I/OMXNodeInstance(  180): OMX_FreeBuffer for buffer header 0x18f00c8 successful
I/OMXNodeInstance(  180): OMX_FreeBuffer for buffer header 0x18f0118 successful
I/OMXNodeInstance(  180): OMX_FreeBuffer for buffer header 0x18f0168 successful
I/OMXNodeInstance(  180): OMX_FreeBuffer for buffer header 0x18f01b8 successful
I/OMXNodeInstance(  180): OMX_FreeBuffer for buffer header 0x18f0208 successful
I/OMXNodeInstance(  180): OMX_FreeBuffer for buffer header 0x18f0258 successful
I/OMXNodeInstance(  180): OMX_FreeBuffer for buffer header 0x18f02a8 successful
I/OMXNodeInstance(  180): OMX_FreeBuffer for buffer header 0x18f02f8 successful
I/OMXNodeInstance(  180): OMX_FreeBuffer for buffer header 0x18f0348 successful
I/OMXNodeInstance(  180): OMX_FreeBuffer for buffer header 0x18f0398 successful
I/OMXNodeInstance(  180): OMX_FreeBuffer for buffer header 0x18f03e8 successful
I/OMXCodec(  180): [OMX.qcom.video.decoder.avc] video dimensions are 320 x 240
E/omx_vdec(  180): OMXCORE-SM:Recieved command ENABLE (3)
E/vdec    (  180): allocating pmem for input and output - allocate buffer case
E/vdec    (  180): Calling vdec_pmem_alloc
E/vdec_pmem(  180): pmem_alloc1 called for input Buffers
E/vdec_pmem(  180): Failed to open pmemDevices
E/vdec    (  180): vdec: failed to allocate pmem arena (4157440 bytes)
E/omx_vdec(  180): ERROR!!! vdec_open failed
E/omx_vdec(  180): Get Param in Invalid State
E/OMXCodec(  180): [OMX.qcom.video.decoder.avc] allocateBuffersOnPort (output) failed (err = -2147483648)
W/OMXCodec(  180): Dropping OMX EVENT message - we're in ERROR state.
I/SoftAAC2(  180): Reconfiguring decoder: 0->44100 Hz, 0->2 channels
I/OMXNodeInstance(  180): OMX_FreeBuffer for buffer header 0x19043a8 successful
I/OMXNodeInstance(  180): OMX_FreeBuffer for buffer header 0x19045c8 successful
I/OMXNodeInstance(  180): OMX_FreeBuffer for buffer header 0x1904708 successful
I/OMXNodeInstance(  180): OMX_FreeBuffer for buffer header 0x192f008 successful
I/OMXCodec(  180): [OMX.google.aac.decoder] allocating 4 buffers of size 24576 on output port
I/OMXCodec(  180): [OMX.google.aac.decoder] allocated buffer 0x1908748 on output port
I/OMXCodec(  180): [OMX.google.aac.decoder] allocated buffer 0x19042d0 on output port
I/OMXCodec(  180): [OMX.google.aac.decoder] allocated buffer 0x1903a60 on output port
I/OMXCodec(  180): [OMX.google.aac.decoder] allocated buffer 0x1903b68 on output port
D/AudioFlinger(  180): start(4098), calling pid 180 session 115
D/AudioFlinger(  180): ? => ACTIVE (4098) on thread 0x18fe238
D/AudioHardwareMSM76XXA(  180): SampleRate 44.1k
D/AudioHardwareMSM76XXA(  180): Bufsize 4800
E/MediaPlayer( 5115): error (1, -2147483648)
D/AudioHardwareMSM76XXA(  180): Bufsize 4800
D/AudioHardwareMSM76XXA(  180): SampleRate 44.1k
E/MediaPlayer( 5115): Error (1,-2147483648)
D/VideoView( 5115): Error: 1,-2147483648
D/AudioHardwareMSM76XXA(  180): Bufsize 4800
D/AudioHardwareMSM76XXA(  180): SampleRate 44.1k
D/AudioHardwareMSM76XXA(  180): Bufsize 4800
D/AudioHardwareMSM76XXA(  180): SampleRate 44.1k
D/AudioHardwareMSM76XXA(  180): Bufsize 4800
D/AudioHardwareMSM76XXA(  180): SampleRate 44.1k
I/Timeline( 5115): Timeline: Activity_idle id: android.os.BinderProxy@41945198 time:1230628
I/Timeline( 5115): Timeline: Activity_idle id: android.os.BinderProxy@4197bb38 time:1230632
V/StateManager( 5115): saveState
V/StateManager( 5115): saveState class com.android.gallery3d.app.AlbumSetPage
V/StateManager( 5115): saveState class com.android.gallery3d.app.FilmstripPage
W/AudioTrack( 1635): AUDIO_OUTPUT_FLAG_FAST denied by client due to mismatching sample rate (48000 vs 44100)
D/AudioFlinger(  180): start(4100), calling pid 1635 session 116
D/AudioFlinger(  180): ? => ACTIVE (4100) on thread 0x1904678
I/OMXNodeInstance(  180): OMX_FreeBuffer for buffer header 0x1904260 successful
I/OMXNodeInstance(  180): OMX_FreeBuffer for buffer header 0x19302b8 successful
I/OMXNodeInstance(  180): OMX_FreeBuffer for buffer header 0x19301e8 successful
I/OMXNodeInstance(  180): OMX_FreeBuffer for buffer header 0x1930020 successful
I/OMXNodeInstance(  180): OMX_FreeBuffer for buffer header 0x1903b68 successful
I/OMXNodeInstance(  180): OMX_FreeBuffer for buffer header 0x1903a60 successful
I/OMXNodeInstance(  180): OMX_FreeBuffer for buffer header 0x19042d0 successful
I/OMXNodeInstance(  180): OMX_FreeBuffer for buffer header 0x1908748 successful
W/omx_vdec(  180): ======================================================================
W/omx_vdec(  180):                    Open Max Statistics                                
W/omx_vdec(  180): ======================================================================
W/omx_vdec(  180): empty this buffer rate = 28169.013672
W/omx_vdec(  180): empty this buffer total time = 71
W/omx_vdec(  180): empty this buffer count = 2
W/omx_vdec(  180): ======================================================================
E/OMXCodec(  180): [OMX.qcom.video.decoder.avc] assertion failure, needs to be investigated why input  buffers are still pending
W/AudioFlinger(  180): session id 115 not found for pid 5115
D/AudioHardwareMSM76XXA(  180): Bufsize 4800
D/AudioHardwareMSM76XXA(  180): SampleRate 44.1k
D/AudioHardwareMSM76XXA(  180): Bufsize 4800
D/AudioHardwareMSM76XXA(  180): SampleRate 44.1k
D/AudioHardwareMSM76XXA(  180): Bufsize 4800
D/AudioHardwareMSM76XXA(  180): SampleRate 44.1k
D/AudioHardwareMSM76XXA(  180): Bufsize 4800
D/AudioHardwareMSM76XXA(  180): SampleRate 44.1k
D/AudioHardwareMSM76XXA(  180): Bufsize 4800
D/AudioHardwareMSM76XXA(  180): SampleRate 44.1k
I/GLRootView( 5115): GLObject has changed from com.google.android.gles_jni.GLImpl@419b64a8 to com.google.android.gles_jni.GLImpl@41a138b8
I/GLRootView( 5115): onSurfaceChanged: 320x455, gl10: com.google.android.gles_jni.GLImpl@41a138b8
I/GLRootView( 5115): onSurfaceChanged: 320x455, gl10: com.google.android.gles_jni.GLImpl@41a138b8
I/Timeline( 1635): Timeline: Activity_windows_visible id: ActivityRecord{41cbcc18 u0 com.android.gallery3d/.app.GalleryActivity t20} time:1232575
